<?xml version="1.0" encoding="ISO-8859-1" ?>
<link_info>
   <banner>TI ARM Clang Linker PC v4.0.0.LTS</banner>
   <copyright>Copyright (c) 1996-2018 Texas Instruments Incorporated</copyright>
   <command_line>D:\ti\ccs1281\ccs\tools\compiler\ti-cgt-armllvm_4.0.0.LTS\bin\tiarmlnk -ID:\ti\ccs1281\ccs\tools\compiler\ti-cgt-armllvm_4.0.0.LTS\lib -o MYCode_v6_MPUMode.out -mMYCode_v6_MPUMode.map -iD:/ti/CCS_SDK/mspm0_sdk_2_10_00_04/source -iD:/CCS/workspace_v12/MYCode_v6_MPUMode -iD:/CCS/workspace_v12/MYCode_v6_MPUMode/Debug/syscfg -iD:/ti/ccs1281/ccs/tools/compiler/ti-cgt-armllvm_4.0.0.LTS/lib --diag_wrap=off --display_error_number --warn_sections --xml_link_info=MYCode_v6_MPUMode_linkInfo.xml --rom_model ./empty.o ./ti_msp_dl_config.o ./startup_mspm0g350x_ticlang.o ./BSP/src/PID.o ./BSP/src/bsp_tb6612.o ./BSP/src/encoder.o ./BSP/src/gimbal.o ./BSP/src/kalman_filter.o ./BSP/src/key.o ./BSP/src/line.o ./BSP/src/location.o ./BSP/src/mpu6050.o ./BSP/src/oled.o ./BSP/src/param_store.o ./BSP/src/uart.o ./Board/board.o -l./device_linker.cmd -ldevice.cmd.genlibs -llibc.a --start-group -llibc++.a -llibc++abi.a -llibc.a -llibsys.a -llibsysbm.a -llibclang_rt.builtins.a -llibclang_rt.profile.a --end-group --cg_opt_level=0</command_line>
   <link_time>0x6a610dcb</link_time>
   <link_errors>0x0</link_errors>
   <output_file>D:\CCS\workspace_v12\MYCode_v6_MPUMode\Debug\MYCode_v6_MPUMode.out</output_file>
   <entry_point>
      <name>_c_int00_noargs</name>
      <address>0x723d</address>
   </entry_point>
   <input_file_list>
      <input_file id="fl-1">
         <path>D:\CCS\workspace_v12\MYCode_v6_MPUMode\Debug\.\</path>
         <kind>object</kind>
         <file>empty.o</file>
         <name>empty.o</name>
      </input_file>
      <input_file id="fl-2">
         <path>D:\CCS\workspace_v12\MYCode_v6_MPUMode\Debug\.\</path>
         <kind>object</kind>
         <file>ti_msp_dl_config.o</file>
         <name>ti_msp_dl_config.o</name>
      </input_file>
      <input_file id="fl-3">
         <path>D:\CCS\workspace_v12\MYCode_v6_MPUMode\Debug\.\</path>
         <kind>object</kind>
         <file>startup_mspm0g350x_ticlang.o</file>
         <name>startup_mspm0g350x_ticlang.o</name>
      </input_file>
      <input_file id="fl-4">
         <path>D:\CCS\workspace_v12\MYCode_v6_MPUMode\Debug\.\BSP\src\</path>
         <kind>object</kind>
         <file>PID.o</file>
         <name>PID.o</name>
      </input_file>
      <input_file id="fl-5">
         <path>D:\CCS\workspace_v12\MYCode_v6_MPUMode\Debug\.\BSP\src\</path>
         <kind>object</kind>
         <file>bsp_tb6612.o</file>
         <name>bsp_tb6612.o</name>
      </input_file>
      <input_file id="fl-6">
         <path>D:\CCS\workspace_v12\MYCode_v6_MPUMode\Debug\.\BSP\src\</path>
         <kind>object</kind>
         <file>encoder.o</file>
         <name>encoder.o</name>
      </input_file>
      <input_file id="fl-7">
         <path>D:\CCS\workspace_v12\MYCode_v6_MPUMode\Debug\.\BSP\src\</path>
         <kind>object</kind>
         <file>gimbal.o</file>
         <name>gimbal.o</name>
      </input_file>
      <input_file id="fl-8">
         <path>D:\CCS\workspace_v12\MYCode_v6_MPUMode\Debug\.\BSP\src\</path>
         <kind>object</kind>
         <file>kalman_filter.o</file>
         <name>kalman_filter.o</name>
      </input_file>
      <input_file id="fl-9">
         <path>D:\CCS\workspace_v12\MYCode_v6_MPUMode\Debug\.\BSP\src\</path>
         <kind>object</kind>
         <file>key.o</file>
         <name>key.o</name>
      </input_file>
      <input_file id="fl-a">
         <path>D:\CCS\workspace_v12\MYCode_v6_MPUMode\Debug\.\BSP\src\</path>
         <kind>object</kind>
         <file>line.o</file>
         <name>line.o</name>
      </input_file>
      <input_file id="fl-b">
         <path>D:\CCS\workspace_v12\MYCode_v6_MPUMode\Debug\.\BSP\src\</path>
         <kind>object</kind>
         <file>location.o</file>
         <name>location.o</name>
      </input_file>
      <input_file id="fl-c">
         <path>D:\CCS\workspace_v12\MYCode_v6_MPUMode\Debug\.\BSP\src\</path>
         <kind>object</kind>
         <file>mpu6050.o</file>
         <name>mpu6050.o</name>
      </input_file>
      <input_file id="fl-d">
         <path>D:\CCS\workspace_v12\MYCode_v6_MPUMode\Debug\.\BSP\src\</path>
         <kind>object</kind>
         <file>oled.o</file>
         <name>oled.o</name>
      </input_file>
      <input_file id="fl-e">
         <path>D:\CCS\workspace_v12\MYCode_v6_MPUMode\Debug\.\BSP\src\</path>
         <kind>object</kind>
         <file>param_store.o</file>
         <name>param_store.o</name>
      </input_file>
      <input_file id="fl-f">
         <path>D:\CCS\workspace_v12\MYCode_v6_MPUMode\Debug\.\BSP\src\</path>
         <kind>object</kind>
         <file>uart.o</file>
         <name>uart.o</name>
      </input_file>
      <input_file id="fl-10">
         <path>D:\CCS\workspace_v12\MYCode_v6_MPUMode\Debug\.\Board\</path>
         <kind>object</kind>
         <file>board.o</file>
         <name>board.o</name>
      </input_file>
      <input_file id="fl-1d">
         <path>D:\CCS\workspace_v12\MYCode_v6_MPUMode\Debug\</path>
         <kind>object</kind>
         <file>&lt;internal&gt;</file>
         <name>&lt;internal&gt;</name>
      </input_file>
      <input_file id="fl-1e">
         <path>D:\ti\CCS_SDK\mspm0_sdk_2_10_00_04\source\ti\driverlib\lib\ticlang\m0p\mspm0g1x0x_g3x0x\</path>
         <kind>archive</kind>
         <file>driverlib.a</file>
         <name>dl_common.o</name>
      </input_file>
      <input_file id="fl-1f">
         <path>D:\ti\CCS_SDK\mspm0_sdk_2_10_00_04\source\ti\driverlib\lib\ticlang\m0p\mspm0g1x0x_g3x0x\</path>
         <kind>archive</kind>
         <file>driverlib.a</file>
         <name>dl_flashctl.o</name>
      </input_file>
      <input_file id="fl-20">
         <path>D:\ti\CCS_SDK\mspm0_sdk_2_10_00_04\source\ti\driverlib\lib\ticlang\m0p\mspm0g1x0x_g3x0x\</path>
         <kind>archive</kind>
         <file>driverlib.a</file>
         <name>dl_i2c.o</name>
      </input_file>
      <input_file id="fl-21">
         <path>D:\ti\CCS_SDK\mspm0_sdk_2_10_00_04\source\ti\driverlib\lib\ticlang\m0p\mspm0g1x0x_g3x0x\</path>
         <kind>archive</kind>
         <file>driverlib.a</file>
         <name>dl_timer.o</name>
      </input_file>
      <input_file id="fl-22">
         <path>D:\ti\CCS_SDK\mspm0_sdk_2_10_00_04\source\ti\driverlib\lib\ticlang\m0p\mspm0g1x0x_g3x0x\</path>
         <kind>archive</kind>
         <file>driverlib.a</file>
         <name>dl_uart.o</name>
      </input_file>
      <input_file id="fl-23">
         <path>D:\ti\CCS_SDK\mspm0_sdk_2_10_00_04\source\ti\driverlib\lib\ticlang\m0p\mspm0g1x0x_g3x0x\</path>
         <kind>archive</kind>
         <file>driverlib.a</file>
         <name>dl_sysctl_mspm0g1x0x_g3x0x.o</name>
      </input_file>
      <input_file id="fl-38">
         <path>D:\ti\ccs1281\ccs\tools\compiler\ti-cgt-armllvm_4.0.0.LTS\lib\armv6m-ti-none-eabi\c\</path>
         <kind>archive</kind>
         <file>libc.a</file>
         <name>e_asinf.c.obj</name>
      </input_file>
      <input_file id="fl-39">
         <path>D:\ti\ccs1281\ccs\tools\compiler\ti-cgt-armllvm_4.0.0.LTS\lib\armv6m-ti-none-eabi\c\</path>
         <kind>archive</kind>
         <file>libc.a</file>
         <name>e_atan2f.c.obj</name>
      </input_file>
      <input_file id="fl-3a">
         <path>D:\ti\ccs1281\ccs\tools\compiler\ti-cgt-armllvm_4.0.0.LTS\lib\armv6m-ti-none-eabi\c\</path>
         <kind>archive</kind>
         <file>libc.a</file>
         <name>e_sqrtf.c.obj</name>
      </input_file>
      <input_file id="fl-3b">
         <path>D:\ti\ccs1281\ccs\tools\compiler\ti-cgt-armllvm_4.0.0.LTS\lib\armv6m-ti-none-eabi\c\</path>
         <kind>archive</kind>
         <file>libc.a</file>
         <name>s_atanf.c.obj</name>
      </input_file>
      <input_file id="fl-3c">
         <path>D:\ti\ccs1281\ccs\tools\compiler\ti-cgt-armllvm_4.0.0.LTS\lib\armv6m-ti-none-eabi\c\</path>
         <kind>archive</kind>
         <file>libc.a</file>
         <name>s_cosf.c.obj</name>
      </input_file>
      <input_file id="fl-3d">
         <path>D:\ti\ccs1281\ccs\tools\compiler\ti-cgt-armllvm_4.0.0.LTS\lib\armv6m-ti-none-eabi\c\</path>
         <kind>archive</kind>
         <file>libc.a</file>
         <name>s_sinf.c.obj</name>
      </input_file>
      <input_file id="fl-3e">
         <path>D:\ti\ccs1281\ccs\tools\compiler\ti-cgt-armllvm_4.0.0.LTS\lib\armv6m-ti-none-eabi\c\</path>
         <kind>archive</kind>
         <file>libc.a</file>
         <name>s_tanf.c.obj</name>
      </input_file>
      <input_file id="fl-3f">
         <path>D:\ti\ccs1281\ccs\tools\compiler\ti-cgt-armllvm_4.0.0.LTS\lib\armv6m-ti-none-eabi\c\</path>
         <kind>archive</kind>
         <file>libc.a</file>
         <name>sprintf.c.obj</name>
      </input_file>
      <input_file id="fl-40">
         <path>D:\ti\ccs1281\ccs\tools\compiler\ti-cgt-armllvm_4.0.0.LTS\lib\armv6m-ti-none-eabi\c\</path>
         <kind>archive</kind>
         <file>libc.a</file>
         <name>e_sqrt.c.obj</name>
      </input_file>
      <input_file id="fl-41">
         <path>D:\ti\ccs1281\ccs\tools\compiler\ti-cgt-armllvm_4.0.0.LTS\lib\armv6m-ti-none-eabi\c\</path>
         <kind>archive</kind>
         <file>libc.a</file>
         <name>aeabi_portable.c.obj</name>
      </input_file>
      <input_file id="fl-42">
         <path>D:\ti\ccs1281\ccs\tools\compiler\ti-cgt-armllvm_4.0.0.LTS\lib\armv6m-ti-none-eabi\c\</path>
         <kind>archive</kind>
         <file>libc.a</file>
         <name>k_rem_pio2.c.obj</name>
      </input_file>
      <input_file id="fl-43">
         <path>D:\ti\ccs1281\ccs\tools\compiler\ti-cgt-armllvm_4.0.0.LTS\lib\armv6m-ti-none-eabi\c\</path>
         <kind>archive</kind>
         <file>libc.a</file>
         <name>assert.c.obj</name>
      </input_file>
      <input_file id="fl-44">
         <path>D:\ti\ccs1281\ccs\tools\compiler\ti-cgt-armllvm_4.0.0.LTS\lib\armv6m-ti-none-eabi\c\</path>
         <kind>archive</kind>
         <file>libc.a</file>
         <name>defs.c.obj</name>
      </input_file>
      <input_file id="fl-45">
         <path>D:\ti\ccs1281\ccs\tools\compiler\ti-cgt-armllvm_4.0.0.LTS\lib\armv6m-ti-none-eabi\c\</path>
         <kind>archive</kind>
         <file>libc.a</file>
         <name>memory.c.obj</name>
      </input_file>
      <input_file id="fl-46">
         <path>D:\ti\ccs1281\ccs\tools\compiler\ti-cgt-armllvm_4.0.0.LTS\lib\armv6m-ti-none-eabi\c\</path>
         <kind>archive</kind>
         <file>libc.a</file>
         <name>boot_cortex_m.c.obj</name>
      </input_file>
      <input_file id="fl-47">
         <path>D:\ti\ccs1281\ccs\tools\compiler\ti-cgt-armllvm_4.0.0.LTS\lib\armv6m-ti-none-eabi\c\</path>
         <kind>archive</kind>
         <file>libc.a</file>
         <name>mathacl_init.c.obj</name>
      </input_file>
      <input_file id="fl-48">
         <path>D:\ti\ccs1281\ccs\tools\compiler\ti-cgt-armllvm_4.0.0.LTS\lib\armv6m-ti-none-eabi\c\</path>
         <kind>archive</kind>
         <file>libc.a</file>
         <name>autoinit.c.obj</name>
      </input_file>
      <input_file id="fl-49">
         <path>D:\ti\ccs1281\ccs\tools\compiler\ti-cgt-armllvm_4.0.0.LTS\lib\armv6m-ti-none-eabi\c\</path>
         <kind>archive</kind>
         <file>libc.a</file>
         <name>pre_init.c.obj</name>
      </input_file>
      <input_file id="fl-4a">
         <path>D:\ti\ccs1281\ccs\tools\compiler\ti-cgt-armllvm_4.0.0.LTS\lib\armv6m-ti-none-eabi\c\</path>
         <kind>archive</kind>
         <file>libc.a</file>
         <name>cpy_tbl.c.obj</name>
      </input_file>
      <input_file id="fl-4b">
         <path>D:\ti\ccs1281\ccs\tools\compiler\ti-cgt-armllvm_4.0.0.LTS\lib\armv6m-ti-none-eabi\c\</path>
         <kind>archive</kind>
         <file>libc.a</file>
         <name>copy_zero_init.c.obj</name>
      </input_file>
      <input_file id="fl-4c">
         <path>D:\ti\ccs1281\ccs\tools\compiler\ti-cgt-armllvm_4.0.0.LTS\lib\armv6m-ti-none-eabi\c\</path>
         <kind>archive</kind>
         <file>libc.a</file>
         <name>copy_decompress_none.c.obj</name>
      </input_file>
      <input_file id="fl-4d">
         <path>D:\ti\ccs1281\ccs\tools\compiler\ti-cgt-armllvm_4.0.0.LTS\lib\armv6m-ti-none-eabi\c\</path>
         <kind>archive</kind>
         <file>libc.a</file>
         <name>copy_decompress_lzss.c.obj</name>
      </input_file>
      <input_file id="fl-4e">
         <path>D:\ti\ccs1281\ccs\tools\compiler\ti-cgt-armllvm_4.0.0.LTS\lib\armv6m-ti-none-eabi\c\</path>
         <kind>archive</kind>
         <file>libc.a</file>
         <name>_printfi.c.obj</name>
      </input_file>
      <input_file id="fl-4f">
         <path>D:\ti\ccs1281\ccs\tools\compiler\ti-cgt-armllvm_4.0.0.LTS\lib\armv6m-ti-none-eabi\c\</path>
         <kind>archive</kind>
         <file>libc.a</file>
         <name>fflush.c.obj</name>
      </input_file>
      <input_file id="fl-50">
         <path>D:\ti\ccs1281\ccs\tools\compiler\ti-cgt-armllvm_4.0.0.LTS\lib\armv6m-ti-none-eabi\c\</path>
         <kind>archive</kind>
         <file>libc.a</file>
         <name>fputs.c.obj</name>
      </input_file>
      <input_file id="fl-51">
         <path>D:\ti\ccs1281\ccs\tools\compiler\ti-cgt-armllvm_4.0.0.LTS\lib\armv6m-ti-none-eabi\c\</path>
         <kind>archive</kind>
         <file>libc.a</file>
         <name>_io_perm.c.obj</name>
      </input_file>
      <input_file id="fl-52">
         <path>D:\ti\ccs1281\ccs\tools\compiler\ti-cgt-armllvm_4.0.0.LTS\lib\armv6m-ti-none-eabi\c\</path>
         <kind>archive</kind>
         <file>libc.a</file>
         <name>setvbuf.c.obj</name>
      </input_file>
      <input_file id="fl-53">
         <path>D:\ti\ccs1281\ccs\tools\compiler\ti-cgt-armllvm_4.0.0.LTS\lib\armv6m-ti-none-eabi\c\</path>
         <kind>archive</kind>
         <file>libc.a</file>
         <name>wcslen.c.obj</name>
      </input_file>
      <input_file id="fl-54">
         <path>D:\ti\ccs1281\ccs\tools\compiler\ti-cgt-armllvm_4.0.0.LTS\lib\armv6m-ti-none-eabi\c\</path>
         <kind>archive</kind>
         <file>libc.a</file>
         <name>s_floor.c.obj</name>
      </input_file>
      <input_file id="fl-55">
         <path>D:\ti\ccs1281\ccs\tools\compiler\ti-cgt-armllvm_4.0.0.LTS\lib\armv6m-ti-none-eabi\c\</path>
         <kind>archive</kind>
         <file>libc.a</file>
         <name>s_frexp.c.obj</name>
      </input_file>
      <input_file id="fl-56">
         <path>D:\ti\ccs1281\ccs\tools\compiler\ti-cgt-armllvm_4.0.0.LTS\lib\armv6m-ti-none-eabi\c\</path>
         <kind>archive</kind>
         <file>libc.a</file>
         <name>s_scalbn.c.obj</name>
      </input_file>
      <input_file id="fl-57">
         <path>D:\ti\ccs1281\ccs\tools\compiler\ti-cgt-armllvm_4.0.0.LTS\lib\armv6m-ti-none-eabi\c\</path>
         <kind>archive</kind>
         <file>libc.a</file>
         <name>exit.c.obj</name>
      </input_file>
      <input_file id="fl-58">
         <path>D:\ti\ccs1281\ccs\tools\compiler\ti-cgt-armllvm_4.0.0.LTS\lib\armv6m-ti-none-eabi\c\</path>
         <kind>archive</kind>
         <file>libc.a</file>
         <name>_lock.c.obj</name>
      </input_file>
      <input_file id="fl-59">
         <path>D:\ti\ccs1281\ccs\tools\compiler\ti-cgt-armllvm_4.0.0.LTS\lib\armv6m-ti-none-eabi\c\</path>
         <kind>archive</kind>
         <file>libc.a</file>
         <name>_ltoa.c.obj</name>
      </input_file>
      <input_file id="fl-5a">
         <path>D:\ti\ccs1281\ccs\tools\compiler\ti-cgt-armllvm_4.0.0.LTS\lib\armv6m-ti-none-eabi\c\</path>
         <kind>archive</kind>
         <file>libc.a</file>
         <name>args_main.c.obj</name>
      </input_file>
      <input_file id="fl-5b">
         <path>D:\ti\ccs1281\ccs\tools\compiler\ti-cgt-armllvm_4.0.0.LTS\lib\armv6m-ti-none-eabi\c\</path>
         <kind>archive</kind>
         <file>libc.a</file>
         <name>atoi.c.obj</name>
      </input_file>
      <input_file id="fl-5c">
         <path>D:\ti\ccs1281\ccs\tools\compiler\ti-cgt-armllvm_4.0.0.LTS\lib\armv6m-ti-none-eabi\c\</path>
         <kind>archive</kind>
         <file>libc.a</file>
         <name>memccpy.c.obj</name>
      </input_file>
      <input_file id="fl-5d">
         <path>D:\ti\ccs1281\ccs\tools\compiler\ti-cgt-armllvm_4.0.0.LTS\lib\armv6m-ti-none-eabi\c\</path>
         <kind>archive</kind>
         <file>libc.a</file>
         <name>fopen.c.obj</name>
      </input_file>
      <input_file id="fl-5e">
         <path>D:\ti\ccs1281\ccs\tools\compiler\ti-cgt-armllvm_4.0.0.LTS\lib\armv6m-ti-none-eabi\c\</path>
         <kind>archive</kind>
         <file>libc.a</file>
         <name>fseek.c.obj</name>
      </input_file>
      <input_file id="fl-5f">
         <path>D:\ti\ccs1281\ccs\tools\compiler\ti-cgt-armllvm_4.0.0.LTS\lib\armv6m-ti-none-eabi\c\</path>
         <kind>archive</kind>
         <file>libc.a</file>
         <name>aeabi_ctype.S.obj</name>
      </input_file>
      <input_file id="fl-60">
         <path>D:\ti\ccs1281\ccs\tools\compiler\ti-cgt-armllvm_4.0.0.LTS\lib\armv6m-ti-none-eabi\c\</path>
         <kind>archive</kind>
         <file>libc.a</file>
         <name>fclose.c.obj</name>
      </input_file>
      <input_file id="fl-f6">
         <path>D:\ti\ccs1281\ccs\tools\compiler\ti-cgt-armllvm_4.0.0.LTS\lib\armv6m-ti-none-eabi\c\</path>
         <kind>archive</kind>
         <file>libsysbm.a</file>
         <name>write.c.obj</name>
      </input_file>
      <input_file id="fl-f7">
         <path>D:\ti\ccs1281\ccs\tools\compiler\ti-cgt-armllvm_4.0.0.LTS\lib\armv6m-ti-none-eabi\c\</path>
         <kind>archive</kind>
         <file>libsysbm.a</file>
         <name>host_device.c.obj</name>
      </input_file>
      <input_file id="fl-f8">
         <path>D:\ti\ccs1281\ccs\tools\compiler\ti-cgt-armllvm_4.0.0.LTS\lib\armv6m-ti-none-eabi\c\</path>
         <kind>archive</kind>
         <file>libsysbm.a</file>
         <name>remove.c.obj</name>
      </input_file>
      <input_file id="fl-f9">
         <path>D:\ti\ccs1281\ccs\tools\compiler\ti-cgt-armllvm_4.0.0.LTS\lib\armv6m-ti-none-eabi\c\</path>
         <kind>archive</kind>
         <file>libsysbm.a</file>
         <name>open.c.obj</name>
      </input_file>
      <input_file id="fl-fa">
         <path>D:\ti\ccs1281\ccs\tools\compiler\ti-cgt-armllvm_4.0.0.LTS\lib\armv6m-ti-none-eabi\c\</path>
         <kind>archive</kind>
         <file>libsysbm.a</file>
         <name>lseek.c.obj</name>
      </input_file>
      <input_file id="fl-fb">
         <path>D:\ti\ccs1281\ccs\tools\compiler\ti-cgt-armllvm_4.0.0.LTS\lib\armv6m-ti-none-eabi\c\</path>
         <kind>archive</kind>
         <file>libsysbm.a</file>
         <name>close.c.obj</name>
      </input_file>
      <input_file id="fl-fc">
         <path>D:\ti\ccs1281\ccs\tools\compiler\ti-cgt-armllvm_4.0.0.LTS\lib\armv6m-ti-none-eabi\c\</path>
         <kind>archive</kind>
         <file>libsysbm.a</file>
         <name>unlink.c.obj</name>
      </input_file>
      <input_file id="fl-fd">
         <path>D:\ti\ccs1281\ccs\tools\compiler\ti-cgt-armllvm_4.0.0.LTS\lib\armv6m-ti-none-eabi\c\</path>
         <kind>archive</kind>
         <file>libsysbm.a</file>
         <name>hostclose.c.obj</name>
      </input_file>
      <input_file id="fl-fe">
         <path>D:\ti\ccs1281\ccs\tools\compiler\ti-cgt-armllvm_4.0.0.LTS\lib\armv6m-ti-none-eabi\c\</path>
         <kind>archive</kind>
         <file>libsysbm.a</file>
         <name>hostlseek.c.obj</name>
      </input_file>
      <input_file id="fl-ff">
         <path>D:\ti\ccs1281\ccs\tools\compiler\ti-cgt-armllvm_4.0.0.LTS\lib\armv6m-ti-none-eabi\c\</path>
         <kind>archive</kind>
         <file>libsysbm.a</file>
         <name>hostopen.c.obj</name>
      </input_file>
      <input_file id="fl-100">
         <path>D:\ti\ccs1281\ccs\tools\compiler\ti-cgt-armllvm_4.0.0.LTS\lib\armv6m-ti-none-eabi\c\</path>
         <kind>archive</kind>
         <file>libsysbm.a</file>
         <name>hostread.c.obj</name>
      </input_file>
      <input_file id="fl-101">
         <path>D:\ti\ccs1281\ccs\tools\compiler\ti-cgt-armllvm_4.0.0.LTS\lib\armv6m-ti-none-eabi\c\</path>
         <kind>archive</kind>
         <file>libsysbm.a</file>
         <name>hostrename.c.obj</name>
      </input_file>
      <input_file id="fl-102">
         <path>D:\ti\ccs1281\ccs\tools\compiler\ti-cgt-armllvm_4.0.0.LTS\lib\armv6m-ti-none-eabi\c\</path>
         <kind>archive</kind>
         <file>libsysbm.a</file>
         <name>hostunlink.c.obj</name>
      </input_file>
      <input_file id="fl-103">
         <path>D:\ti\ccs1281\ccs\tools\compiler\ti-cgt-armllvm_4.0.0.LTS\lib\armv6m-ti-none-eabi\c\</path>
         <kind>archive</kind>
         <file>libsysbm.a</file>
         <name>hostwrite.c.obj</name>
      </input_file>
      <input_file id="fl-104">
         <path>D:\ti\ccs1281\ccs\tools\compiler\ti-cgt-armllvm_4.0.0.LTS\lib\armv6m-ti-none-eabi\c\</path>
         <kind>archive</kind>
         <file>libsysbm.a</file>
         <name>trgmsg.c.obj</name>
      </input_file>
      <input_file id="fl-105">
         <path>D:\ti\ccs1281\ccs\tools\compiler\ti-cgt-armllvm_4.0.0.LTS\lib\armv6m-ti-none-eabi\</path>
         <kind>archive</kind>
         <file>libclang_rt.builtins.a</file>
         <name>addsf3.S.obj</name>
      </input_file>
      <input_file id="fl-106">
         <path>D:\ti\ccs1281\ccs\tools\compiler\ti-cgt-armllvm_4.0.0.LTS\lib\armv6m-ti-none-eabi\</path>
         <kind>archive</kind>
         <file>libclang_rt.builtins.a</file>
         <name>adddf3.S.obj</name>
      </input_file>
      <input_file id="fl-107">
         <path>D:\ti\ccs1281\ccs\tools\compiler\ti-cgt-armllvm_4.0.0.LTS\lib\armv6m-ti-none-eabi\</path>
         <kind>archive</kind>
         <file>libclang_rt.builtins.a</file>
         <name>muldf3.S.obj</name>
      </input_file>
      <input_file id="fl-108">
         <path>D:\ti\ccs1281\ccs\tools\compiler\ti-cgt-armllvm_4.0.0.LTS\lib\armv6m-ti-none-eabi\</path>
         <kind>archive</kind>
         <file>libclang_rt.builtins.a</file>
         <name>muldsi3.S.obj</name>
      </input_file>
      <input_file id="fl-109">
         <path>D:\ti\ccs1281\ccs\tools\compiler\ti-cgt-armllvm_4.0.0.LTS\lib\armv6m-ti-none-eabi\</path>
         <kind>archive</kind>
         <file>libclang_rt.builtins.a</file>
         <name>mulsf3.S.obj</name>
      </input_file>
      <input_file id="fl-10a">
         <path>D:\ti\ccs1281\ccs\tools\compiler\ti-cgt-armllvm_4.0.0.LTS\lib\armv6m-ti-none-eabi\</path>
         <kind>archive</kind>
         <file>libclang_rt.builtins.a</file>
         <name>divsf3.S.obj</name>
      </input_file>
      <input_file id="fl-10b">
         <path>D:\ti\ccs1281\ccs\tools\compiler\ti-cgt-armllvm_4.0.0.LTS\lib\armv6m-ti-none-eabi\</path>
         <kind>archive</kind>
         <file>libclang_rt.builtins.a</file>
         <name>divdf3.S.obj</name>
      </input_file>
      <input_file id="fl-10c">
         <path>D:\ti\ccs1281\ccs\tools\compiler\ti-cgt-armllvm_4.0.0.LTS\lib\armv6m-ti-none-eabi\</path>
         <kind>archive</kind>
         <file>libclang_rt.builtins.a</file>
         <name>extendsfdf2.S.obj</name>
      </input_file>
      <input_file id="fl-10d">
         <path>D:\ti\ccs1281\ccs\tools\compiler\ti-cgt-armllvm_4.0.0.LTS\lib\armv6m-ti-none-eabi\</path>
         <kind>archive</kind>
         <file>libclang_rt.builtins.a</file>
         <name>fixdfsi.S.obj</name>
      </input_file>
      <input_file id="fl-10e">
         <path>D:\ti\ccs1281\ccs\tools\compiler\ti-cgt-armllvm_4.0.0.LTS\lib\armv6m-ti-none-eabi\</path>
         <kind>archive</kind>
         <file>libclang_rt.builtins.a</file>
         <name>fixsfsi.S.obj</name>
      </input_file>
      <input_file id="fl-10f">
         <path>D:\ti\ccs1281\ccs\tools\compiler\ti-cgt-armllvm_4.0.0.LTS\lib\armv6m-ti-none-eabi\</path>
         <kind>archive</kind>
         <file>libclang_rt.builtins.a</file>
         <name>floatsidf.S.obj</name>
      </input_file>
      <input_file id="fl-110">
         <path>D:\ti\ccs1281\ccs\tools\compiler\ti-cgt-armllvm_4.0.0.LTS\lib\armv6m-ti-none-eabi\</path>
         <kind>archive</kind>
         <file>libclang_rt.builtins.a</file>
         <name>floatsisf.S.obj</name>
      </input_file>
      <input_file id="fl-111">
         <path>D:\ti\ccs1281\ccs\tools\compiler\ti-cgt-armllvm_4.0.0.LTS\lib\armv6m-ti-none-eabi\</path>
         <kind>archive</kind>
         <file>libclang_rt.builtins.a</file>
         <name>floatunsidf.S.obj</name>
      </input_file>
      <input_file id="fl-112">
         <path>D:\ti\ccs1281\ccs\tools\compiler\ti-cgt-armllvm_4.0.0.LTS\lib\armv6m-ti-none-eabi\</path>
         <kind>archive</kind>
         <file>libclang_rt.builtins.a</file>
         <name>floatunsisf.S.obj</name>
      </input_file>
      <input_file id="fl-113">
         <path>D:\ti\ccs1281\ccs\tools\compiler\ti-cgt-armllvm_4.0.0.LTS\lib\armv6m-ti-none-eabi\</path>
         <kind>archive</kind>
         <file>libclang_rt.builtins.a</file>
         <name>muldi3.S.obj</name>
      </input_file>
      <input_file id="fl-114">
         <path>D:\ti\ccs1281\ccs\tools\compiler\ti-cgt-armllvm_4.0.0.LTS\lib\armv6m-ti-none-eabi\</path>
         <kind>archive</kind>
         <file>libclang_rt.builtins.a</file>
         <name>truncdfsf2.S.obj</name>
      </input_file>
      <input_file id="fl-115">
         <path>D:\ti\ccs1281\ccs\tools\compiler\ti-cgt-armllvm_4.0.0.LTS\lib\armv6m-ti-none-eabi\</path>
         <kind>archive</kind>
         <file>libclang_rt.builtins.a</file>
         <name>aeabi_dcmp.S.obj</name>
      </input_file>
      <input_file id="fl-116">
         <path>D:\ti\ccs1281\ccs\tools\compiler\ti-cgt-armllvm_4.0.0.LTS\lib\armv6m-ti-none-eabi\</path>
         <kind>archive</kind>
         <file>libclang_rt.builtins.a</file>
         <name>aeabi_fcmp.S.obj</name>
      </input_file>
      <input_file id="fl-117">
         <path>D:\ti\ccs1281\ccs\tools\compiler\ti-cgt-armllvm_4.0.0.LTS\lib\armv6m-ti-none-eabi\</path>
         <kind>archive</kind>
         <file>libclang_rt.builtins.a</file>
         <name>aeabi_idivmod.S.obj</name>
      </input_file>
      <input_file id="fl-118">
         <path>D:\ti\ccs1281\ccs\tools\compiler\ti-cgt-armllvm_4.0.0.LTS\lib\armv6m-ti-none-eabi\</path>
         <kind>archive</kind>
         <file>libclang_rt.builtins.a</file>
         <name>aeabi_memcpy.S.obj</name>
      </input_file>
      <input_file id="fl-119">
         <path>D:\ti\ccs1281\ccs\tools\compiler\ti-cgt-armllvm_4.0.0.LTS\lib\armv6m-ti-none-eabi\</path>
         <kind>archive</kind>
         <file>libclang_rt.builtins.a</file>
         <name>aeabi_memset.S.obj</name>
      </input_file>
      <input_file id="fl-11a">
         <path>D:\ti\ccs1281\ccs\tools\compiler\ti-cgt-armllvm_4.0.0.LTS\lib\armv6m-ti-none-eabi\</path>
         <kind>archive</kind>
         <file>libclang_rt.builtins.a</file>
         <name>aeabi_uidivmod.S.obj</name>
      </input_file>
      <input_file id="fl-11b">
         <path>D:\ti\ccs1281\ccs\tools\compiler\ti-cgt-armllvm_4.0.0.LTS\lib\armv6m-ti-none-eabi\</path>
         <kind>archive</kind>
         <file>libclang_rt.builtins.a</file>
         <name>aeabi_uldivmod.S.obj</name>
      </input_file>
      <input_file id="fl-11c">
         <path>D:\ti\ccs1281\ccs\tools\compiler\ti-cgt-armllvm_4.0.0.LTS\lib\armv6m-ti-none-eabi\</path>
         <kind>archive</kind>
         <file>libclang_rt.builtins.a</file>
         <name>comparesf2.S.obj</name>
      </input_file>
      <input_file id="fl-11d">
         <path>D:\ti\ccs1281\ccs\tools\compiler\ti-cgt-armllvm_4.0.0.LTS\lib\armv6m-ti-none-eabi\</path>
         <kind>archive</kind>
         <file>libclang_rt.builtins.a</file>
         <name>udivmoddi4.S.obj</name>
      </input_file>
      <input_file id="fl-11e">
         <path>D:\ti\ccs1281\ccs\tools\compiler\ti-cgt-armllvm_4.0.0.LTS\lib\armv6m-ti-none-eabi\</path>
         <kind>archive</kind>
         <file>libclang_rt.builtins.a</file>
         <name>ashldi3.S.obj</name>
      </input_file>
      <input_file id="fl-11f">
         <path>D:\ti\ccs1281\ccs\tools\compiler\ti-cgt-armllvm_4.0.0.LTS\lib\armv6m-ti-none-eabi\</path>
         <kind>archive</kind>
         <file>libclang_rt.builtins.a</file>
         <name>comparedf2.c.obj</name>
      </input_file>
      <input_file id="fl-120">
         <path>D:\ti\ccs1281\ccs\tools\compiler\ti-cgt-armllvm_4.0.0.LTS\lib\armv6m-ti-none-eabi\</path>
         <kind>archive</kind>
         <file>libclang_rt.builtins.a</file>
         <name>aeabi_div0.c.obj</name>
      </input_file>
      <input_file id="fl-121">
         <path>D:\ti\ccs1281\ccs\tools\compiler\ti-cgt-armllvm_4.0.0.LTS\lib\armv6m-ti-none-eabi\c\</path>
         <kind>archive</kind>
         <file>libc.a</file>
         <name>getdevice.c.obj</name>
      </input_file>
      <input_file id="fl-122">
         <path>D:\ti\ccs1281\ccs\tools\compiler\ti-cgt-armllvm_4.0.0.LTS\lib\armv6m-ti-none-eabi\c\</path>
         <kind>archive</kind>
         <file>libc.a</file>
         <name>memcpy16.S.obj</name>
      </input_file>
      <input_file id="fl-123">
         <path>D:\ti\ccs1281\ccs\tools\compiler\ti-cgt-armllvm_4.0.0.LTS\lib\armv6m-ti-none-eabi\c\</path>
         <kind>archive</kind>
         <file>libc.a</file>
         <name>memset16.S.obj</name>
      </input_file>
      <input_file id="fl-124">
         <path>D:\ti\ccs1281\ccs\tools\compiler\ti-cgt-armllvm_4.0.0.LTS\lib\armv6m-ti-none-eabi\c\</path>
         <kind>archive</kind>
         <file>libc.a</file>
         <name>strcmp-armv6m.S.obj</name>
      </input_file>
   </input_file_list>
   <object_component_list>
      <object_component id="oc-18">
         <name>.intvecs</name>
         <load_address>0x0</load_address>
         <readonly>true</readonly>
         <run_address>0x0</run_address>
         <size>0xc0</size>
         <alignment>0x4</alignment>
         <input_file_ref idref="fl-3"/>
      </object_component>
      <object_component id="oc-2ca">
         <name>.text:__TI_printfi_nofloat</name>
         <load_address>0xc0</load_address>
         <readonly>true</readonly>
         <executable>true</executable>
         <run_address>0xc0</run_address>
         <size>0x868</size>
         <alignment>0x4</alignment>
         <input_file_ref idref="fl-4e"/>
      </object_component>
      <object_component id="oc-f6">
         <name>.text.Line_Run</name>
         <load_address>0x928</load_address>
         <readonly>true</readonly>
         <executable>true</executable>
         <run_address>0x928</run_address>
         <size>0x7b4</size>
         <alignment>0x4</alignment>
         <input_file_ref idref="fl-a"/>
      </object_component>
      <object_component id="oc-25f">
         <name>.text.MPU6050_QuaternionUpdateDt</name>
         <load_address>0x10dc</load_address>
         <readonly>true</readonly>
         <executable>true</executable>
         <run_address>0x10dc</run_address>
         <size>0x730</size>
         <alignment>0x4</alignment>
         <input_file_ref idref="fl-c"/>
      </object_component>
      <object_component id="oc-291">
         <name>.text.__kernel_rem_pio2</name>
         <load_address>0x180c</load_address>
         <readonly>true</readonly>
         <executable>true</executable>
         <run_address>0x180c</run_address>
         <size>0x644</size>
         <alignment>0x4</alignment>
         <input_file_ref idref="fl-42"/>
      </object_component>
      <object_component id="oc-95">
         <name>.text.main</name>
         <load_address>0x1e50</load_address>
         <readonly>true</readonly>
         <executable>true</executable>
         <run_address>0x1e50</run_address>
         <size>0x2c4</size>
         <alignment>0x4</alignment>
         <input_file_ref idref="fl-1"/>
      </object_component>
      <object_component id="oc-13c">
         <name>.text.SYSCFG_DL_GPIO_init</name>
         <load_address>0x2114</load_address>
         <readonly>true</readonly>
         <executable>true</executable>
         <run_address>0x2114</run_address>
         <size>0x248</size>
         <alignment>0x4</alignment>
         <input_file_ref idref="fl-2"/>
      </object_component>
      <object_component id="oc-2cc">
         <name>.text.MPU6050_ReadDataCalibrated</name>
         <load_address>0x235c</load_address>
         <readonly>true</readonly>
         <executable>true</executable>
         <run_address>0x235c</run_address>
         <size>0x228</size>
         <alignment>0x4</alignment>
         <input_file_ref idref="fl-c"/>
      </object_component>
      <object_component id="oc-1a4">
         <name>.text.Param_Save</name>
         <load_address>0x2584</load_address>
         <readonly>true</readonly>
         <executable>true</executable>
         <run_address>0x2584</run_address>
         <size>0x1e8</size>
         <alignment>0x4</alignment>
         <input_file_ref idref="fl-e"/>
      </object_component>
      <object_component id="oc-e6">
         <name>.text.Run_MpuTest</name>
         <load_address>0x276c</load_address>
         <readonly>true</readonly>
         <executable>true</executable>
         <run_address>0x276c</run_address>
         <size>0x1dc</size>
         <alignment>0x4</alignment>
         <input_file_ref idref="fl-1"/>
      </object_component>
      <object_component id="oc-328">
         <name>.text.atanf</name>
         <load_address>0x2948</load_address>
         <readonly>true</readonly>
         <executable>true</executable>
         <run_address>0x2948</run_address>
         <size>0x1c8</size>
         <alignment>0x4</alignment>
         <input_file_ref idref="fl-3b"/>
      </object_component>
      <object_component id="oc-1bd">
         <name>.text.sinf</name>
         <load_address>0x2b10</load_address>
         <readonly>true</readonly>
         <executable>true</executable>
         <run_address>0x2b10</run_address>
         <size>0x1c8</size>
         <alignment>0x4</alignment>
         <input_file_ref idref="fl-3d"/>
      </object_component>
      <object_component id="oc-27e">
         <name>.text.adddf3_subdf3</name>
         <load_address>0x2cd8</load_address>
         <readonly>true</readonly>
         <executable>true</executable>
         <run_address>0x2cd8</run_address>
         <size>0x192</size>
         <alignment>0x4</alignment>
         <input_file_ref idref="fl-106"/>
      </object_component>
      <object_component id="oc-d3">
         <name>.text.KEY_Init</name>
         <load_address>0x2e6a</load_address>
         <readonly>true</readonly>
         <executable>true</executable>
         <run_address>0x2e6a</run_address>
         <size>0x2</size>
         <alignment>0x2</alignment>
         <input_file_ref idref="fl-9"/>
      </object_component>
      <object_component id="oc-173">
         <name>.text.Param_Load</name>
         <load_address>0x2e6c</load_address>
         <readonly>true</readonly>
         <executable>true</executable>
         <run_address>0x2e6c</run_address>
         <size>0x184</size>
         <alignment>0x4</alignment>
         <input_file_ref idref="fl-e"/>
      </object_component>
      <object_component id="oc-71">
         <name>.text.proc</name>
         <load_address>0x2ff0</load_address>
         <readonly>true</readonly>
         <executable>true</executable>
         <run_address>0x2ff0</run_address>
         <size>0x184</size>
         <alignment>0x4</alignment>
         <input_file_ref idref="fl-f"/>
      </object_component>
      <object_component id="oc-332">
         <name>.text.sqrt</name>
         <load_address>0x3174</load_address>
         <readonly>true</readonly>
         <executable>true</executable>
         <run_address>0x3174</run_address>
         <size>0x170</size>
         <alignment>0x4</alignment>
         <input_file_ref idref="fl-40"/>
      </object_component>
      <object_component id="oc-2d4">
         <name>.text.asinf</name>
         <load_address>0x32e4</load_address>
         <readonly>true</readonly>
         <executable>true</executable>
         <run_address>0x32e4</run_address>
         <size>0x160</size>
         <alignment>0x4</alignment>
         <input_file_ref idref="fl-38"/>
      </object_component>
      <object_component id="oc-1cf">
         <name>.text.OLED_ShowChar</name>
         <load_address>0x3444</load_address>
         <readonly>true</readonly>
         <executable>true</executable>
         <run_address>0x3444</run_address>
         <size>0x158</size>
         <alignment>0x4</alignment>
         <input_file_ref idref="fl-d"/>
      </object_component>
      <object_component id="oc-193">
         <name>.text.uart_printf</name>
         <load_address>0x359c</load_address>
         <readonly>true</readonly>
         <executable>true</executable>
         <run_address>0x359c</run_address>
         <size>0x158</size>
         <alignment>0x4</alignment>
         <input_file_ref idref="fl-10"/>
      </object_component>
      <object_component id="oc-165">
         <name>.text.MPU6050_Calibrate</name>
         <load_address>0x36f4</load_address>
         <readonly>true</readonly>
         <executable>true</executable>
         <run_address>0x36f4</run_address>
         <size>0x154</size>
         <alignment>0x4</alignment>
         <input_file_ref idref="fl-c"/>
      </object_component>
      <object_component id="oc-e4">
         <name>.text.Show_Menu</name>
         <load_address>0x3848</load_address>
         <readonly>true</readonly>
         <executable>true</executable>
         <run_address>0x3848</run_address>
         <size>0x14c</size>
         <alignment>0x4</alignment>
         <input_file_ref idref="fl-1"/>
      </object_component>
      <object_component id="oc-2ef">
         <name>.text.floor</name>
         <load_address>0x3994</load_address>
         <readonly>true</readonly>
         <executable>true</executable>
         <run_address>0x3994</run_address>
         <size>0x144</size>
         <alignment>0x4</alignment>
         <input_file_ref idref="fl-54"/>
      </object_component>
      <object_component id="oc-e1">
         <name>.text.Menu_Load</name>
         <load_address>0x3ad8</load_address>
         <readonly>true</readonly>
         <executable>true</executable>
         <run_address>0x3ad8</run_address>
         <size>0x138</size>
         <alignment>0x4</alignment>
         <input_file_ref idref="fl-1"/>
      </object_component>
      <object_component id="oc-e0">
         <name>.text.MPU_BootDiagnosticInit</name>
         <load_address>0x3c10</load_address>
         <readonly>true</readonly>
         <executable>true</executable>
         <run_address>0x3c10</run_address>
         <size>0x11c</size>
         <alignment>0x4</alignment>
         <input_file_ref idref="fl-1"/>
      </object_component>
      <object_component id="oc-2d0">
         <name>.text.atan2f</name>
         <load_address>0x3d2c</load_address>
         <readonly>true</readonly>
         <executable>true</executable>
         <run_address>0x3d2c</run_address>
         <size>0x118</size>
         <alignment>0x4</alignment>
         <input_file_ref idref="fl-39"/>
      </object_component>
      <object_component id="oc-194">
         <name>.text.OLED_RefreshPages</name>
         <load_address>0x3e44</load_address>
         <readonly>true</readonly>
         <executable>true</executable>
         <run_address>0x3e44</run_address>
         <size>0x10c</size>
         <alignment>0x4</alignment>
         <input_file_ref idref="fl-d"/>
      </object_component>
      <object_component id="oc-21e">
         <name>.text.DL_Timer_initFourCCPWMMode</name>
         <load_address>0x3f50</load_address>
         <readonly>true</readonly>
         <executable>true</executable>
         <run_address>0x3f50</run_address>
         <size>0x104</size>
         <alignment>0x4</alignment>
         <input_file_ref idref="fl-21"/>
      </object_component>
      <object_component id="oc-b6">
         <name>.text.PID_Calculate</name>
         <load_address>0x4054</load_address>
         <readonly>true</readonly>
         <executable>true</executable>
         <run_address>0x4054</run_address>
         <size>0xfe</size>
         <alignment>0x2</alignment>
         <input_file_ref idref="fl-4"/>
      </object_component>
      <object_component id="oc-19e">
         <name>.text.__aeabi_idiv0</name>
         <load_address>0x4152</load_address>
         <readonly>true</readonly>
         <executable>true</executable>
         <run_address>0x4152</run_address>
         <size>0x2</size>
         <alignment>0x2</alignment>
         <input_file_ref idref="fl-120"/>
      </object_component>
      <object_component id="oc-228">
         <name>.text.DL_Timer_initTimerMode</name>
         <load_address>0x4154</load_address>
         <readonly>true</readonly>
         <executable>true</executable>
         <run_address>0x4154</run_address>
         <size>0xfc</size>
         <alignment>0x4</alignment>
         <input_file_ref idref="fl-21"/>
      </object_component>
      <object_component id="oc-1b3">
         <name>.text.Line_ReadSensors</name>
         <load_address>0x4250</load_address>
         <readonly>true</readonly>
         <executable>true</executable>
         <run_address>0x4250</run_address>
         <size>0xf8</size>
         <alignment>0x4</alignment>
         <input_file_ref idref="fl-a"/>
      </object_component>
      <object_component id="oc-d8">
         <name>.text.OLED_Init</name>
         <load_address>0x4348</load_address>
         <readonly>true</readonly>
         <executable>true</executable>
         <run_address>0x4348</run_address>
         <size>0xf8</size>
         <alignment>0x2</alignment>
         <input_file_ref idref="fl-d"/>
      </object_component>
      <object_component id="oc-6d">
         <name>.text.Encoder_GPIO_IRQHandler</name>
         <load_address>0x4440</load_address>
         <readonly>true</readonly>
         <executable>true</executable>
         <run_address>0x4440</run_address>
         <size>0xec</size>
         <alignment>0x4</alignment>
         <input_file_ref idref="fl-6"/>
      </object_component>
      <object_component id="oc-216">
         <name>.text.SYSCFG_DL_SYSCTL_SYSPLL_init</name>
         <load_address>0x452c</load_address>
         <readonly>true</readonly>
         <executable>true</executable>
         <run_address>0x452c</run_address>
         <size>0xec</size>
         <alignment>0x4</alignment>
         <input_file_ref idref="fl-2"/>
      </object_component>
      <object_component id="oc-2cd">
         <name>.text.MPU6050_UpdateYaw</name>
         <load_address>0x4618</load_address>
         <readonly>true</readonly>
         <executable>true</executable>
         <run_address>0x4618</run_address>
         <size>0xe4</size>
         <alignment>0x4</alignment>
         <input_file_ref idref="fl-c"/>
      </object_component>
      <object_component id="oc-282">
         <name>.text.__muldf3</name>
         <load_address>0x46fc</load_address>
         <readonly>true</readonly>
         <executable>true</executable>
         <run_address>0x46fc</run_address>
         <size>0xe4</size>
         <alignment>0x4</alignment>
         <input_file_ref idref="fl-107"/>
      </object_component>
      <object_component id="oc-a9">
         <name>.text.atoi2</name>
         <load_address>0x47e0</load_address>
         <readonly>true</readonly>
         <executable>true</executable>
         <run_address>0x47e0</run_address>
         <size>0xde</size>
         <alignment>0x2</alignment>
         <input_file_ref idref="fl-f"/>
      </object_component>
      <object_component id="oc-370">
         <name>.text.__aeabi_ldiv0</name>
         <load_address>0x48be</load_address>
         <readonly>true</readonly>
         <executable>true</executable>
         <run_address>0x48be</run_address>
         <size>0x2</size>
         <alignment>0x2</alignment>
         <input_file_ref idref="fl-120"/>
      </object_component>
      <object_component id="oc-215">
         <name>.text.DL_SYSCTL_configSYSPLL</name>
         <load_address>0x48c0</load_address>
         <readonly>true</readonly>
         <executable>true</executable>
         <run_address>0x48c0</run_address>
         <size>0xdc</size>
         <alignment>0x4</alignment>
         <input_file_ref idref="fl-23"/>
      </object_component>
      <object_component id="oc-277">
         <name>.text.DL_FlashCTL_protectSector</name>
         <load_address>0x499c</load_address>
         <readonly>true</readonly>
         <executable>true</executable>
         <run_address>0x499c</run_address>
         <size>0xd8</size>
         <alignment>0x4</alignment>
         <input_file_ref idref="fl-1f"/>
      </object_component>
      <object_component id="oc-270">
         <name>.text.DL_FlashCTL_unprotectSector</name>
         <load_address>0x4a74</load_address>
         <readonly>true</readonly>
         <executable>true</executable>
         <run_address>0x4a74</run_address>
         <size>0xd8</size>
         <alignment>0x4</alignment>
         <input_file_ref idref="fl-1f"/>
      </object_component>
      <object_component id="oc-2eb">
         <name>.text.scalbn</name>
         <load_address>0x4b4c</load_address>
         <readonly>true</readonly>
         <executable>true</executable>
         <run_address>0x4b4c</run_address>
         <size>0xd8</size>
         <alignment>0x4</alignment>
         <input_file_ref idref="fl-56"/>
      </object_component>
      <object_component id="oc-11b">
         <name>.text</name>
         <load_address>0x4c24</load_address>
         <readonly>true</readonly>
         <executable>true</executable>
         <run_address>0x4c24</run_address>
         <size>0xd8</size>
         <alignment>0x4</alignment>
         <input_file_ref idref="fl-105"/>
      </object_component>
      <object_component id="oc-2c3">
         <name>.text.MPU6050_ReadRegs</name>
         <load_address>0x4cfc</load_address>
         <readonly>true</readonly>
         <executable>true</executable>
         <run_address>0x4cfc</run_address>
         <size>0xc8</size>
         <alignment>0x4</alignment>
         <input_file_ref idref="fl-c"/>
      </object_component>
      <object_component id="oc-e8">
         <name>.text.KEY1_ScanShortLong</name>
         <load_address>0x4dc4</load_address>
         <readonly>true</readonly>
         <executable>true</executable>
         <run_address>0x4dc4</run_address>
         <size>0xba</size>
         <alignment>0x2</alignment>
         <input_file_ref idref="fl-9"/>
      </object_component>
      <object_component id="oc-e9">
         <name>.text.KEY2_ScanShortLong</name>
         <load_address>0x4e7e</load_address>
         <readonly>true</readonly>
         <executable>true</executable>
         <run_address>0x4e7e</run_address>
         <size>0xba</size>
         <alignment>0x2</alignment>
         <input_file_ref idref="fl-9"/>
      </object_component>
      <object_component id="oc-e5">
         <name>.text.KEY3_ScanShortLong</name>
         <load_address>0x4f38</load_address>
         <readonly>true</readonly>
         <executable>true</executable>
         <run_address>0x4f38</run_address>
         <size>0xba</size>
         <alignment>0x2</alignment>
         <input_file_ref idref="fl-9"/>
      </object_component>
      <object_component id="oc-e3">
         <name>.text.KEY4_ScanShortLong</name>
         <load_address>0x4ff2</load_address>
         <readonly>true</readonly>
         <executable>true</executable>
         <run_address>0x4ff2</run_address>
         <size>0xba</size>
         <alignment>0x2</alignment>
         <input_file_ref idref="fl-9"/>
      </object_component>
      <object_component id="oc-ee">
         <name>.text.Menu_Save</name>
         <load_address>0x50ac</load_address>
         <readonly>true</readonly>
         <executable>true</executable>
         <run_address>0x50ac</run_address>
         <size>0xb4</size>
         <alignment>0x4</alignment>
         <input_file_ref idref="fl-1"/>
      </object_component>
      <object_component id="oc-268">
         <name>.text.OLED_WR_DataBurst</name>
         <load_address>0x5160</load_address>
         <readonly>true</readonly>
         <executable>true</executable>
         <run_address>0x5160</run_address>
         <size>0xb4</size>
         <alignment>0x4</alignment>
         <input_file_ref idref="fl-d"/>
      </object_component>
      <object_component id="oc-13b">
         <name>.text.SYSCFG_DL_initPower</name>
         <load_address>0x5214</load_address>
         <readonly>true</readonly>
         <executable>true</executable>
         <run_address>0x5214</run_address>
         <size>0xb0</size>
         <alignment>0x4</alignment>
         <input_file_ref idref="fl-2"/>
      </object_component>
      <object_component id="oc-28c">
         <name>.text.__kernel_sindf</name>
         <load_address>0x52c4</load_address>
         <readonly>true</readonly>
         <executable>true</executable>
         <run_address>0x52c4</run_address>
         <size>0xac</size>
         <alignment>0x4</alignment>
         <input_file_ref idref="fl-3d"/>
      </object_component>
      <object_component id="oc-350">
         <name>.text</name>
         <load_address>0x5370</load_address>
         <readonly>true</readonly>
         <executable>true</executable>
         <run_address>0x5370</run_address>
         <size>0xa2</size>
         <alignment>0x4</alignment>
         <input_file_ref idref="fl-11d"/>
      </object_component>
      <object_component id="oc-251">
         <name>.text.MPU6050_ReadReg</name>
         <load_address>0x5414</load_address>
         <readonly>true</readonly>
         <executable>true</executable>
         <run_address>0x5414</run_address>
         <size>0xa0</size>
         <alignment>0x4</alignment>
         <input_file_ref idref="fl-c"/>
      </object_component>
      <object_component id="oc-28b">
         <name>.text.__kernel_cosdf</name>
         <load_address>0x54b4</load_address>
         <readonly>true</readonly>
         <executable>true</executable>
         <run_address>0x54b4</run_address>
         <size>0x9c</size>
         <alignment>0x4</alignment>
         <input_file_ref idref="fl-3d"/>
      </object_component>
      <object_component id="oc-182">
         <name>.text.KEY_IsPressed</name>
         <load_address>0x5550</load_address>
         <readonly>true</readonly>
         <executable>true</executable>
         <run_address>0x5550</run_address>
         <size>0x98</size>
         <alignment>0x4</alignment>
         <input_file_ref idref="fl-9"/>
      </object_component>
      <object_component id="oc-f8">
         <name>.text.OLED_ShowString</name>
         <load_address>0x55e8</load_address>
         <readonly>true</readonly>
         <executable>true</executable>
         <run_address>0x55e8</run_address>
         <size>0x98</size>
         <alignment>0x2</alignment>
         <input_file_ref idref="fl-d"/>
      </object_component>
      <object_component id="oc-d2">
         <name>.text.Line_Tracking_Init</name>
         <load_address>0x5680</load_address>
         <readonly>true</readonly>
         <executable>true</executable>
         <run_address>0x5680</run_address>
         <size>0x94</size>
         <alignment>0x4</alignment>
         <input_file_ref idref="fl-a"/>
      </object_component>
      <object_component id="oc-1c3">
         <name>.text.Line_GetPosition</name>
         <load_address>0x5714</load_address>
         <readonly>true</readonly>
         <executable>true</executable>
         <run_address>0x5714</run_address>
         <size>0x90</size>
         <alignment>0x4</alignment>
         <input_file_ref idref="fl-a"/>
      </object_component>
      <object_component id="oc-13e">
         <name>.text.SYSCFG_DL_PWM_0_init</name>
         <load_address>0x57a4</load_address>
         <readonly>true</readonly>
         <executable>true</executable>
         <run_address>0x57a4</run_address>
         <size>0x90</size>
         <alignment>0x4</alignment>
         <input_file_ref idref="fl-2"/>
      </object_component>
      <object_component id="oc-13f">
         <name>.text.SYSCFG_DL_PWM_Servo_init</name>
         <load_address>0x5834</load_address>
         <readonly>true</readonly>
         <executable>true</executable>
         <run_address>0x5834</run_address>
         <size>0x90</size>
         <alignment>0x4</alignment>
         <input_file_ref idref="fl-2"/>
      </object_component>
      <object_component id="oc-11f">
         <name>.text.__mulsf3</name>
         <load_address>0x58c4</load_address>
         <readonly>true</readonly>
         <executable>true</executable>
         <run_address>0x58c4</run_address>
         <size>0x8c</size>
         <alignment>0x4</alignment>
         <input_file_ref idref="fl-109"/>
      </object_component>
      <object_component id="oc-163">
         <name>.text.MPU6050_Init</name>
         <load_address>0x5950</load_address>
         <readonly>true</readonly>
         <executable>true</executable>
         <run_address>0x5950</run_address>
         <size>0x88</size>
         <alignment>0x4</alignment>
         <input_file_ref idref="fl-c"/>
      </object_component>
      <object_component id="oc-24a">
         <name>.text.__NVIC_SetPriority</name>
         <load_address>0x59d8</load_address>
         <readonly>true</readonly>
         <executable>true</executable>
         <run_address>0x59d8</run_address>
         <size>0x84</size>
         <alignment>0x4</alignment>
         <input_file_ref idref="fl-10"/>
      </object_component>
      <object_component id="oc-21b">
         <name>.text.__NVIC_SetPriority</name>
         <load_address>0x5a5c</load_address>
         <readonly>true</readonly>
         <executable>true</executable>
         <run_address>0x5a5c</run_address>
         <size>0x84</size>
         <alignment>0x4</alignment>
         <input_file_ref idref="fl-2"/>
      </object_component>
      <object_component id="oc-1c4">
         <name>.text.__divsf3</name>
         <load_address>0x5ae0</load_address>
         <readonly>true</readonly>
         <executable>true</executable>
         <run_address>0x5ae0</run_address>
         <size>0x82</size>
         <alignment>0x4</alignment>
         <input_file_ref idref="fl-10a"/>
      </object_component>
      <object_component id="oc-261">
         <name>.text.uart_putnum</name>
         <load_address>0x5b62</load_address>
         <readonly>true</readonly>
         <executable>true</executable>
         <run_address>0x5b62</run_address>
         <size>0x82</size>
         <alignment>0x2</alignment>
         <input_file_ref idref="fl-10"/>
      </object_component>
      <object_component id="oc-ba">
         <name>.text.AO_Control</name>
         <load_address>0x5be4</load_address>
         <readonly>true</readonly>
         <executable>true</executable>
         <run_address>0x5be4</run_address>
         <size>0x80</size>
         <alignment>0x4</alignment>
         <input_file_ref idref="fl-5"/>
      </object_component>
      <object_component id="oc-279">
         <name>.text.DL_FlashCTL_programMemoryBlockingFromRAM64WithECCGenerated</name>
         <load_address>0x5c64</load_address>
         <readonly>true</readonly>
         <executable>true</executable>
         <run_address>0x5c64</run_address>
         <size>0x80</size>
         <alignment>0x4</alignment>
         <input_file_ref idref="fl-1f"/>
      </object_component>
      <object_component id="oc-13d">
         <name>.text.SYSCFG_DL_SYSCTL_init</name>
         <load_address>0x5ce4</load_address>
         <readonly>true</readonly>
         <executable>true</executable>
         <run_address>0x5ce4</run_address>
         <size>0x80</size>
         <alignment>0x4</alignment>
         <input_file_ref idref="fl-2"/>
      </object_component>
      <object_component id="oc-43">
         <name>.text.TIMG0_IRQHandler</name>
         <load_address>0x5d64</load_address>
         <readonly>true</readonly>
         <executable>true</executable>
         <run_address>0x5d64</run_address>
         <size>0x80</size>
         <alignment>0x4</alignment>
         <input_file_ref idref="fl-4"/>
      </object_component>
      <object_component id="oc-1b8">
         <name>.text.yaw_pid_compute</name>
         <load_address>0x5de4</load_address>
         <readonly>true</readonly>
         <executable>true</executable>
         <run_address>0x5de4</run_address>
         <size>0x7c</size>
         <alignment>0x4</alignment>
         <input_file_ref idref="fl-a"/>
      </object_component>
      <object_component id="oc-1c">
         <name>.text:decompress:lzss</name>
         <load_address>0x5e60</load_address>
         <readonly>true</readonly>
         <executable>true</executable>
         <run_address>0x5e60</run_address>
         <size>0x7c</size>
         <alignment>0x4</alignment>
         <input_file_ref idref="fl-4d"/>
      </object_component>
      <object_component id="oc-2ce">
         <name>.text.invSqrt</name>
         <load_address>0x5edc</load_address>
         <readonly>true</readonly>
         <executable>true</executable>
         <run_address>0x5edc</run_address>
         <size>0x78</size>
         <alignment>0x4</alignment>
         <input_file_ref idref="fl-c"/>
      </object_component>
      <object_component id="oc-bf">
         <name>.text.BO_Control</name>
         <load_address>0x5f54</load_address>
         <readonly>true</readonly>
         <executable>true</executable>
         <run_address>0x5f54</run_address>
         <size>0x74</size>
         <alignment>0x4</alignment>
         <input_file_ref idref="fl-5"/>
      </object_component>
      <object_component id="oc-15f">
         <name>.text.OLED_WR_Byte</name>
         <load_address>0x5fc8</load_address>
         <readonly>true</readonly>
         <executable>true</executable>
         <run_address>0x5fc8</run_address>
         <size>0x74</size>
         <alignment>0x4</alignment>
         <input_file_ref idref="fl-d"/>
      </object_component>
      <object_component id="oc-301">
         <name>.text.__gedf2</name>
         <load_address>0x603c</load_address>
         <readonly>true</readonly>
         <executable>true</executable>
         <run_address>0x603c</run_address>
         <size>0x74</size>
         <alignment>0x4</alignment>
         <input_file_ref idref="fl-11f"/>
      </object_component>
      <object_component id="oc-262">
         <name>.text.__truncdfsf2</name>
         <load_address>0x60b0</load_address>
         <readonly>true</readonly>
         <executable>true</executable>
         <run_address>0x60b0</run_address>
         <size>0x74</size>
         <alignment>0x10</alignment>
         <input_file_ref idref="fl-114"/>
      </object_component>
      <object_component id="oc-24e">
         <name>.text.MPU6050_WriteReg</name>
         <load_address>0x6124</load_address>
         <readonly>true</readonly>
         <executable>true</executable>
         <run_address>0x6124</run_address>
         <size>0x70</size>
         <alignment>0x4</alignment>
         <input_file_ref idref="fl-c"/>
      </object_component>
      <object_component id="oc-2fb">
         <name>.text.__ledf2</name>
         <load_address>0x6194</load_address>
         <readonly>true</readonly>
         <executable>true</executable>
         <run_address>0x6194</run_address>
         <size>0x68</size>
         <alignment>0x4</alignment>
         <input_file_ref idref="fl-11f"/>
      </object_component>
      <object_component id="oc-20f">
         <name>.text.DL_SYSCTL_setHFCLKSourceHFXTParams</name>
         <load_address>0x61fc</load_address>
         <readonly>true</readonly>
         <executable>true</executable>
         <run_address>0x61fc</run_address>
         <size>0x64</size>
         <alignment>0x4</alignment>
         <input_file_ref idref="fl-23"/>
      </object_component>
      <object_component id="oc-17e">
         <name>.text.Line_SetMpuMode</name>
         <load_address>0x6260</load_address>
         <readonly>true</readonly>
         <executable>true</executable>
         <run_address>0x6260</run_address>
         <size>0x64</size>
         <alignment>0x4</alignment>
         <input_file_ref idref="fl-a"/>
      </object_component>
      <object_component id="oc-f0">
         <name>.text.MPU6050_QuaternionReset</name>
         <load_address>0x62c4</load_address>
         <readonly>true</readonly>
         <executable>true</executable>
         <run_address>0x62c4</run_address>
         <size>0x64</size>
         <alignment>0x4</alignment>
         <input_file_ref idref="fl-c"/>
      </object_component>
      <object_component id="oc-29c">
         <name>.text.OLED_ClearPoint</name>
         <load_address>0x6328</load_address>
         <readonly>true</readonly>
         <executable>true</executable>
         <run_address>0x6328</run_address>
         <size>0x64</size>
         <alignment>0x4</alignment>
         <input_file_ref idref="fl-d"/>
      </object_component>
      <object_component id="oc-2b7">
         <name>.text.__aeabi_dcmp</name>
         <load_address>0x638c</load_address>
         <readonly>true</readonly>
         <executable>true</executable>
         <run_address>0x638c</run_address>
         <size>0x62</size>
         <alignment>0x4</alignment>
         <input_file_ref idref="fl-115"/>
      </object_component>
      <object_component id="oc-123">
         <name>.text.__aeabi_fcmp</name>
         <load_address>0x63f0</load_address>
         <readonly>true</readonly>
         <executable>true</executable>
         <run_address>0x63f0</run_address>
         <size>0x62</size>
         <alignment>0x4</alignment>
         <input_file_ref idref="fl-116"/>
      </object_component>
      <object_component id="oc-7e">
         <name>.text.Car_SetMotors</name>
         <load_address>0x6452</load_address>
         <readonly>true</readonly>
         <executable>true</executable>
         <run_address>0x6452</run_address>
         <size>0x60</size>
         <alignment>0x2</alignment>
         <input_file_ref idref="fl-a"/>
      </object_component>
      <object_component id="oc-df">
         <name>.text.OLED_Clear</name>
         <load_address>0x64b4</load_address>
         <readonly>true</readonly>
         <executable>true</executable>
         <run_address>0x64b4</run_address>
         <size>0x60</size>
         <alignment>0x4</alignment>
         <input_file_ref idref="fl-d"/>
      </object_component>
      <object_component id="oc-1b7">
         <name>.text.yaw_error_wrap</name>
         <load_address>0x6514</load_address>
         <readonly>true</readonly>
         <executable>true</executable>
         <run_address>0x6514</run_address>
         <size>0x60</size>
         <alignment>0x4</alignment>
         <input_file_ref idref="fl-a"/>
      </object_component>
      <object_component id="oc-24c">
         <name>.text.DL_I2C_fillControllerTXFIFO</name>
         <load_address>0x6574</load_address>
         <readonly>true</readonly>
         <executable>true</executable>
         <run_address>0x6574</run_address>
         <size>0x5e</size>
         <alignment>0x2</alignment>
         <input_file_ref idref="fl-20"/>
      </object_component>
      <object_component id="oc-142">
         <name>.text.SYSCFG_DL_MPU6050_init</name>
         <load_address>0x65d4</load_address>
         <readonly>true</readonly>
         <executable>true</executable>
         <run_address>0x65d4</run_address>
         <size>0x58</size>
         <alignment>0x4</alignment>
         <input_file_ref idref="fl-2"/>
      </object_component>
      <object_component id="oc-141">
         <name>.text.SYSCFG_DL_OLED_init</name>
         <load_address>0x662c</load_address>
         <readonly>true</readonly>
         <executable>true</executable>
         <run_address>0x662c</run_address>
         <size>0x58</size>
         <alignment>0x4</alignment>
         <input_file_ref idref="fl-2"/>
      </object_component>
      <object_component id="oc-18f">
         <name>.text.__aeabi_idivmod</name>
         <load_address>0x6684</load_address>
         <readonly>true</readonly>
         <executable>true</executable>
         <run_address>0x6684</run_address>
         <size>0x56</size>
         <alignment>0x4</alignment>
         <input_file_ref idref="fl-117"/>
      </object_component>
      <object_component id="oc-25e">
         <name>.text.MPU6050_GetAutoDt</name>
         <load_address>0x66dc</load_address>
         <readonly>true</readonly>
         <executable>true</executable>
         <run_address>0x66dc</run_address>
         <size>0x54</size>
         <alignment>0x4</alignment>
         <input_file_ref idref="fl-c"/>
      </object_component>
      <object_component id="oc-200">
         <name>.text.DL_GPIO_initPeripheralInputFunctionFeatures</name>
         <load_address>0x6730</load_address>
         <readonly>true</readonly>
         <executable>true</executable>
         <run_address>0x6730</run_address>
         <size>0x50</size>
         <alignment>0x4</alignment>
         <input_file_ref idref="fl-2"/>
      </object_component>
      <object_component id="oc-2c1">
         <name>.text.DL_I2C_startControllerTransfer</name>
         <load_address>0x6780</load_address>
         <readonly>true</readonly>
         <executable>true</executable>
         <run_address>0x6780</run_address>
         <size>0x50</size>
         <alignment>0x4</alignment>
         <input_file_ref idref="fl-c"/>
      </object_component>
      <object_component id="oc-24d">
         <name>.text.DL_I2C_startControllerTransfer</name>
         <load_address>0x67d0</load_address>
         <readonly>true</readonly>
         <executable>true</executable>
         <run_address>0x67d0</run_address>
         <size>0x50</size>
         <alignment>0x4</alignment>
         <input_file_ref idref="fl-d"/>
      </object_component>
      <object_component id="oc-cc">
         <name>.text.SYSCFG_DL_init</name>
         <load_address>0x6820</load_address>
         <readonly>true</readonly>
         <executable>true</executable>
         <run_address>0x6820</run_address>
         <size>0x50</size>
         <alignment>0x4</alignment>
         <input_file_ref idref="fl-2"/>
      </object_component>
      <object_component id="oc-14b">
         <name>.text.SysTick_Config</name>
         <load_address>0x6870</load_address>
         <readonly>true</readonly>
         <executable>true</executable>
         <run_address>0x6870</run_address>
         <size>0x50</size>
         <alignment>0x4</alignment>
         <input_file_ref idref="fl-10"/>
      </object_component>
      <object_component id="oc-204">
         <name>.text.DL_GPIO_initDigitalInputFeatures</name>
         <load_address>0x68c0</load_address>
         <readonly>true</readonly>
         <executable>true</executable>
         <run_address>0x68c0</run_address>
         <size>0x4c</size>
         <alignment>0x4</alignment>
         <input_file_ref idref="fl-2"/>
      </object_component>
      <object_component id="oc-244">
         <name>.text.DL_UART_setBaudRateDivisor</name>
         <load_address>0x690c</load_address>
         <readonly>true</readonly>
         <executable>true</executable>
         <run_address>0x690c</run_address>
         <size>0x4c</size>
         <alignment>0x4</alignment>
         <input_file_ref idref="fl-2"/>
      </object_component>
      <object_component id="oc-78">
         <name>.text.Speed_PID_Update</name>
         <load_address>0x6958</load_address>
         <readonly>true</readonly>
         <executable>true</executable>
         <run_address>0x6958</run_address>
         <size>0x4c</size>
         <alignment>0x4</alignment>
         <input_file_ref idref="fl-4"/>
      </object_component>
      <object_component id="oc-1e1">
         <name>.text.copy_in</name>
         <load_address>0x69a4</load_address>
         <readonly>true</readonly>
         <executable>true</executable>
         <run_address>0x69a4</run_address>
         <size>0x4c</size>
         <alignment>0x4</alignment>
         <input_file_ref idref="fl-4a"/>
      </object_component>
      <object_component id="oc-10f">
         <name>.text:__TI_auto_init_nopinit</name>
         <load_address>0x69f0</load_address>
         <readonly>true</readonly>
         <executable>true</executable>
         <run_address>0x69f0</run_address>
         <size>0x4c</size>
         <alignment>0x4</alignment>
         <input_file_ref idref="fl-48"/>
      </object_component>
      <object_component id="oc-286">
         <name>.text.__fixdfsi</name>
         <load_address>0x6a3c</load_address>
         <readonly>true</readonly>
         <executable>true</executable>
         <run_address>0x6a3c</run_address>
         <size>0x4a</size>
         <alignment>0x4</alignment>
         <input_file_ref idref="fl-10d"/>
      </object_component>
      <object_component id="oc-242">
         <name>.text.DL_UART_init</name>
         <load_address>0x6a88</load_address>
         <readonly>true</readonly>
         <executable>true</executable>
         <run_address>0x6a88</run_address>
         <size>0x48</size>
         <alignment>0x4</alignment>
         <input_file_ref idref="fl-22"/>
      </object_component>
      <object_component id="oc-de">
         <name>.text.OLED_DisplayTurn</name>
         <load_address>0x6ad0</load_address>
         <readonly>true</readonly>
         <executable>true</executable>
         <run_address>0x6ad0</run_address>
         <size>0x48</size>
         <alignment>0x2</alignment>
         <input_file_ref idref="fl-d"/>
      </object_component>
      <object_component id="oc-29b">
         <name>.text.OLED_DrawPoint</name>
         <load_address>0x6b18</load_address>
         <readonly>true</readonly>
         <executable>true</executable>
         <run_address>0x6b18</run_address>
         <size>0x48</size>
         <alignment>0x4</alignment>
         <input_file_ref idref="fl-d"/>
      </object_component>
      <object_component id="oc-21a">
         <name>.text.DL_SYSCTL_switchMCLKfromSYSOSCtoHSCLK</name>
         <load_address>0x6b60</load_address>
         <readonly>true</readonly>
         <executable>true</executable>
         <run_address>0x6b60</run_address>
         <size>0x44</size>
         <alignment>0x4</alignment>
         <input_file_ref idref="fl-23"/>
      </object_component>
      <object_component id="oc-e2">
         <name>.text.Show_Home</name>
         <load_address>0x6ba4</load_address>
         <readonly>true</readonly>
         <executable>true</executable>
         <run_address>0x6ba4</run_address>
         <size>0x44</size>
         <alignment>0x4</alignment>
         <input_file_ref idref="fl-1"/>
      </object_component>
      <object_component id="oc-252">
         <name>.text.MPU6050_ReadAccelRaw</name>
         <load_address>0x6be8</load_address>
         <readonly>true</readonly>
         <executable>true</executable>
         <run_address>0x6be8</run_address>
         <size>0x40</size>
         <alignment>0x2</alignment>
         <input_file_ref idref="fl-c"/>
      </object_component>
      <object_component id="oc-253">
         <name>.text.MPU6050_ReadGyroRaw</name>
         <load_address>0x6c28</load_address>
         <readonly>true</readonly>
         <executable>true</executable>
         <run_address>0x6c28</run_address>
         <size>0x40</size>
         <alignment>0x2</alignment>
         <input_file_ref idref="fl-c"/>
      </object_component>
      <object_component id="oc-144">
         <name>.text.SYSCFG_DL_UART_0_init</name>
         <load_address>0x6c68</load_address>
         <readonly>true</readonly>
         <executable>true</executable>
         <run_address>0x6c68</run_address>
         <size>0x40</size>
         <alignment>0x4</alignment>
         <input_file_ref idref="fl-2"/>
      </object_component>
      <object_component id="oc-143">
         <name>.text.SYSCFG_DL_UART_Cam_init</name>
         <load_address>0x6ca8</load_address>
         <readonly>true</readonly>
         <executable>true</executable>
         <run_address>0x6ca8</run_address>
         <size>0x40</size>
         <alignment>0x4</alignment>
         <input_file_ref idref="fl-2"/>
      </object_component>
      <object_component id="oc-79">
         <name>.text.Speed_PID_Calculate</name>
         <load_address>0x6ce8</load_address>
         <readonly>true</readonly>
         <executable>true</executable>
         <run_address>0x6ce8</run_address>
         <size>0x40</size>
         <alignment>0x4</alignment>
         <input_file_ref idref="fl-4"/>
      </object_component>
      <object_component id="oc-ea">
         <name>.text.__aeabi_uidivmod</name>
         <load_address>0x6d28</load_address>
         <readonly>true</readonly>
         <executable>true</executable>
         <run_address>0x6d28</run_address>
         <size>0x40</size>
         <alignment>0x4</alignment>
         <input_file_ref idref="fl-11a"/>
      </object_component>
      <object_component id="oc-28d">
         <name>.text.__extendsfdf2</name>
         <load_address>0x6d68</load_address>
         <readonly>true</readonly>
         <executable>true</executable>
         <run_address>0x6d68</run_address>
         <size>0x40</size>
         <alignment>0x4</alignment>
         <input_file_ref idref="fl-10c"/>
      </object_component>
      <object_component id="oc-30d">
         <name>.text.atoi</name>
         <load_address>0x6da8</load_address>
         <readonly>true</readonly>
         <executable>true</executable>
         <run_address>0x6da8</run_address>
         <size>0x40</size>
         <alignment>0x4</alignment>
         <input_file_ref idref="fl-5b"/>
      </object_component>
      <object_component id="oc-21f">
         <name>.text.DL_Timer_setCounterControl</name>
         <load_address>0x6de8</load_address>
         <readonly>true</readonly>
         <executable>true</executable>
         <run_address>0x6de8</run_address>
         <size>0x3c</size>
         <alignment>0x4</alignment>
         <input_file_ref idref="fl-2"/>
      </object_component>
      <object_component id="oc-17d">
         <name>.text.Line_SetTurnSpeed</name>
         <load_address>0x6e24</load_address>
         <readonly>true</readonly>
         <executable>true</executable>
         <run_address>0x6e24</run_address>
         <size>0x3c</size>
         <alignment>0x4</alignment>
         <input_file_ref idref="fl-a"/>
      </object_component>
      <object_component id="oc-1ce">
         <name>.text.TB6612_Motor_Stop</name>
         <load_address>0x6e60</load_address>
         <readonly>true</readonly>
         <executable>true</executable>
         <run_address>0x6e60</run_address>
         <size>0x3c</size>
         <alignment>0x4</alignment>
         <input_file_ref idref="fl-5"/>
      </object_component>
      <object_component id="oc-ae">
         <name>.text.__floatsisf</name>
         <load_address>0x6e9c</load_address>
         <readonly>true</readonly>
         <executable>true</executable>
         <run_address>0x6e9c</run_address>
         <size>0x3c</size>
         <alignment>0x4</alignment>
         <input_file_ref idref="fl-110"/>
      </object_component>
      <object_component id="oc-1f0">
         <name>.text.__gtsf2</name>
         <load_address>0x6ed8</load_address>
         <readonly>true</readonly>
         <executable>true</executable>
         <run_address>0x6ed8</run_address>
         <size>0x3c</size>
         <alignment>0x4</alignment>
         <input_file_ref idref="fl-11c"/>
      </object_component>
      <object_component id="oc-1eb">
         <name>.text.__eqsf2</name>
         <load_address>0x6f14</load_address>
         <readonly>true</readonly>
         <executable>true</executable>
         <run_address>0x6f14</run_address>
         <size>0x3a</size>
         <alignment>0x4</alignment>
         <input_file_ref idref="fl-11c"/>
      </object_component>
      <object_component id="oc-1e6">
         <name>.text.__muldsi3</name>
         <load_address>0x6f50</load_address>
         <readonly>true</readonly>
         <executable>true</executable>
         <run_address>0x6f50</run_address>
         <size>0x3a</size>
         <alignment>0x4</alignment>
         <input_file_ref idref="fl-108"/>
      </object_component>
      <object_component id="oc-7a">
         <name>.text.__fixsfsi</name>
         <load_address>0x6f8c</load_address>
         <readonly>true</readonly>
         <executable>true</executable>
         <run_address>0x6f8c</run_address>
         <size>0x38</size>
         <alignment>0x4</alignment>
         <input_file_ref idref="fl-10e"/>
      </object_component>
      <object_component id="oc-166">
         <name>.text.sprintf</name>
         <load_address>0x6fc4</load_address>
         <readonly>true</readonly>
         <executable>true</executable>
         <run_address>0x6fc4</run_address>
         <size>0x38</size>
         <alignment>0x4</alignment>
         <input_file_ref idref="fl-3f"/>
      </object_component>
      <object_component id="oc-26f">
         <name>.text.DL_FlashCTL_executeClearStatus</name>
         <load_address>0x6ffc</load_address>
         <readonly>true</readonly>
         <executable>true</executable>
         <run_address>0x6ffc</run_address>
         <size>0x34</size>
         <alignment>0x4</alignment>
         <input_file_ref idref="fl-e"/>
      </object_component>
      <object_component id="oc-dd">
         <name>.text.OLED_ColorTurn</name>
         <load_address>0x7030</load_address>
         <readonly>true</readonly>
         <executable>true</executable>
         <run_address>0x7030</run_address>
         <size>0x34</size>
         <alignment>0x2</alignment>
         <input_file_ref idref="fl-d"/>
      </object_component>
      <object_component id="oc-140">
         <name>.text.SYSCFG_DL_PID_TIMER_init</name>
         <load_address>0x7064</load_address>
         <readonly>true</readonly>
         <executable>true</executable>
         <run_address>0x7064</run_address>
         <size>0x34</size>
         <alignment>0x4</alignment>
         <input_file_ref idref="fl-2"/>
      </object_component>
      <object_component id="oc-2dc">
         <name>.text.DL_UART_transmitDataBlocking</name>
         <load_address>0x7098</load_address>
         <readonly>true</readonly>
         <executable>true</executable>
         <run_address>0x7098</run_address>
         <size>0x30</size>
         <alignment>0x4</alignment>
         <input_file_ref idref="fl-22"/>
      </object_component>
      <object_component id="oc-278">
         <name>.text.DL_FlashCTL_waitForCmdDone</name>
         <load_address>0x70c8</load_address>
         <readonly>true</readonly>
         <executable>true</executable>
         <run_address>0x70c8</run_address>
         <size>0x2c</size>
         <alignment>0x4</alignment>
         <input_file_ref idref="fl-e"/>
      </object_component>
      <object_component id="oc-18e">
         <name>.text.MPU6050_GetEuler</name>
         <load_address>0x70f4</load_address>
         <readonly>true</readonly>
         <executable>true</executable>
         <run_address>0x70f4</run_address>
         <size>0x2c</size>
         <alignment>0x4</alignment>
         <input_file_ref idref="fl-c"/>
      </object_component>
      <object_component id="oc-2e6">
         <name>.text.__floatsidf</name>
         <load_address>0x7120</load_address>
         <readonly>true</readonly>
         <executable>true</executable>
         <run_address>0x7120</run_address>
         <size>0x2c</size>
         <alignment>0x4</alignment>
         <input_file_ref idref="fl-10f"/>
[...]
      </symbol>
      <symbol id="sm-42d">
         <name>DL_I2C_fillControllerTXFIFO</name>
         <value>0x6575</value>
         <object_component_ref idref="oc-24c"/>
      </symbol>
      <symbol id="sm-449">
         <name>DL_Timer_setClockConfig</name>
         <value>0x7555</value>
         <object_component_ref idref="oc-21d"/>
      </symbol>
      <symbol id="sm-44a">
         <name>DL_Timer_initTimerMode</name>
         <value>0x4155</value>
         <object_component_ref idref="oc-228"/>
      </symbol>
      <symbol id="sm-44b">
         <name>DL_Timer_setCaptureCompareValue</name>
         <value>0x7a69</value>
         <object_component_ref idref="oc-12a"/>
      </symbol>
      <symbol id="sm-44c">
         <name>DL_Timer_setCaptCompUpdateMethod</name>
         <value>0x7539</value>
         <object_component_ref idref="oc-221"/>
      </symbol>
      <symbol id="sm-44d">
         <name>DL_Timer_setCaptureCompareOutCtl</name>
         <value>0x77a1</value>
         <object_component_ref idref="oc-220"/>
      </symbol>
      <symbol id="sm-44e">
         <name>DL_Timer_initFourCCPWMMode</name>
         <value>0x3f51</value>
         <object_component_ref idref="oc-21e"/>
      </symbol>
      <symbol id="sm-45e">
         <name>DL_UART_init</name>
         <value>0x6a89</value>
         <object_component_ref idref="oc-242"/>
      </symbol>
      <symbol id="sm-45f">
         <name>DL_UART_setClockConfig</name>
         <value>0x7a01</value>
         <object_component_ref idref="oc-23c"/>
      </symbol>
      <symbol id="sm-460">
         <name>DL_UART_transmitDataBlocking</name>
         <value>0x7099</value>
         <object_component_ref idref="oc-2dc"/>
      </symbol>
      <symbol id="sm-474">
         <name>DL_SYSCTL_configSYSPLL</name>
         <value>0x48c1</value>
         <object_component_ref idref="oc-215"/>
      </symbol>
      <symbol id="sm-475">
         <name>DL_SYSCTL_switchMCLKfromSYSOSCtoHSCLK</name>
         <value>0x6b61</value>
         <object_component_ref idref="oc-21a"/>
      </symbol>
      <symbol id="sm-476">
         <name>DL_SYSCTL_setHFCLKSourceHFXTParams</name>
         <value>0x61fd</value>
         <object_component_ref idref="oc-20f"/>
      </symbol>
      <symbol id="sm-477">
         <name>DL_SYSCTL_configFCC</name>
         <value>0x74ad</value>
         <object_component_ref idref="oc-2af"/>
      </symbol>
      <symbol id="sm-485">
         <name>asinf</name>
         <value>0x32e5</value>
         <object_component_ref idref="oc-2d4"/>
      </symbol>
      <symbol id="sm-493">
         <name>atan2f</name>
         <value>0x3d2d</value>
         <object_component_ref idref="oc-2d0"/>
      </symbol>
      <symbol id="sm-4a8">
         <name>atanf</name>
         <value>0x2949</value>
         <object_component_ref idref="oc-328"/>
      </symbol>
      <symbol id="sm-4c8">
         <name>sinf</name>
         <value>0x2b11</value>
         <object_component_ref idref="oc-1bd"/>
      </symbol>
      <symbol id="sm-4da">
         <name>sprintf</name>
         <value>0x6fc5</value>
         <object_component_ref idref="oc-166"/>
      </symbol>
      <symbol id="sm-4e4">
         <name>sqrt</name>
         <value>0x3175</value>
         <object_component_ref idref="oc-332"/>
      </symbol>
      <symbol id="sm-4e5">
         <name>sqrtl</name>
         <value>0x3175</value>
         <object_component_ref idref="oc-332"/>
      </symbol>
      <symbol id="sm-4f0">
         <name>__aeabi_errno_addr</name>
         <value>0x7bad</value>
         <object_component_ref idref="oc-315"/>
      </symbol>
      <symbol id="sm-4f1">
         <name>__aeabi_errno</name>
         <value>0x20200734</value>
         <object_component_ref idref="oc-34b"/>
      </symbol>
      <symbol id="sm-50d">
         <name>__kernel_rem_pio2</name>
         <value>0x180d</value>
         <object_component_ref idref="oc-291"/>
      </symbol>
      <symbol id="sm-51b">
         <name>_c_int00_noargs</name>
         <value>0x723d</value>
         <object_component_ref idref="oc-63"/>
      </symbol>
      <symbol id="sm-51c">
         <name>__stack</name>
         <value>0x20207e00</value>
         <object_component_ref idref="oc-1a"/>
      </symbol>
      <symbol id="sm-52b">
         <name>__TI_auto_init_nopinit</name>
         <value>0x69f1</value>
         <object_component_ref idref="oc-10f"/>
      </symbol>
      <symbol id="sm-533">
         <name>_system_pre_init</name>
         <value>0x7c4d</value>
         <object_component_ref idref="oc-91"/>
      </symbol>
      <symbol id="sm-53d">
         <name>copy_in</name>
         <value>0x69a5</value>
         <object_component_ref idref="oc-1e1"/>
      </symbol>
      <symbol id="sm-547">
         <name>__TI_zero_init</name>
         <value>0x7ab9</value>
         <object_component_ref idref="oc-60"/>
      </symbol>
      <symbol id="sm-550">
         <name>__TI_decompress_none</name>
         <value>0x7a25</value>
         <object_component_ref idref="oc-20"/>
      </symbol>
      <symbol id="sm-55b">
         <name>__TI_decompress_lzss</name>
         <value>0x5e61</value>
         <object_component_ref idref="oc-1c"/>
      </symbol>
      <symbol id="sm-57d">
         <name>__TI_printfi_nofloat</name>
         <value>0xc1</value>
         <object_component_ref idref="oc-2ca"/>
      </symbol>
      <symbol id="sm-58a">
         <name>wcslen</name>
         <value>0x7aa9</value>
         <object_component_ref idref="oc-311"/>
      </symbol>
      <symbol id="sm-594">
         <name>floor</name>
         <value>0x3995</value>
         <object_component_ref idref="oc-2ef"/>
      </symbol>
      <symbol id="sm-595">
         <name>floorl</name>
         <value>0x3995</value>
         <object_component_ref idref="oc-2ef"/>
      </symbol>
      <symbol id="sm-5a0">
         <name>scalbn</name>
         <value>0x4b4d</value>
         <object_component_ref idref="oc-2eb"/>
      </symbol>
      <symbol id="sm-5a1">
         <name>ldexp</name>
         <value>0x4b4d</value>
         <object_component_ref idref="oc-2eb"/>
      </symbol>
      <symbol id="sm-5a2">
         <name>scalbnl</name>
         <value>0x4b4d</value>
         <object_component_ref idref="oc-2eb"/>
      </symbol>
      <symbol id="sm-5a3">
         <name>ldexpl</name>
         <value>0x4b4d</value>
         <object_component_ref idref="oc-2eb"/>
      </symbol>
      <symbol id="sm-5ad">
         <name>abort</name>
         <value>0x7c51</value>
         <object_component_ref idref="oc-101"/>
      </symbol>
      <symbol id="sm-5ae">
         <name>C$$EXIT</name>
         <value>0x7c50</value>
         <object_component_ref idref="oc-101"/>
      </symbol>
      <symbol id="sm-5bb">
         <name>atoi</name>
         <value>0x6da9</value>
         <object_component_ref idref="oc-30d"/>
      </symbol>
      <symbol id="sm-5c4">
         <name>memccpy</name>
         <value>0x7341</value>
         <object_component_ref idref="oc-306"/>
      </symbol>
      <symbol id="sm-5c7">
         <name>__aeabi_ctype_table_</name>
         <value>0x9540</value>
         <object_component_ref idref="oc-344"/>
      </symbol>
      <symbol id="sm-5c8">
         <name>__aeabi_ctype_table_C</name>
         <value>0x9540</value>
         <object_component_ref idref="oc-344"/>
      </symbol>
      <symbol id="sm-5de">
         <name>__aeabi_fadd</name>
         <value>0x4c2f</value>
         <object_component_ref idref="oc-11b"/>
      </symbol>
      <symbol id="sm-5df">
         <name>__addsf3</name>
         <value>0x4c2f</value>
         <object_component_ref idref="oc-11b"/>
      </symbol>
      <symbol id="sm-5e0">
         <name>__aeabi_fsub</name>
         <value>0x4c25</value>
         <object_component_ref idref="oc-11b"/>
      </symbol>
      <symbol id="sm-5e1">
         <name>__subsf3</name>
         <value>0x4c25</value>
         <object_component_ref idref="oc-11b"/>
      </symbol>
      <symbol id="sm-5ea">
         <name>__aeabi_dadd</name>
         <value>0x2ce3</value>
         <object_component_ref idref="oc-27e"/>
      </symbol>
      <symbol id="sm-5eb">
         <name>__adddf3</name>
         <value>0x2ce3</value>
         <object_component_ref idref="oc-27e"/>
      </symbol>
      <symbol id="sm-5ec">
         <name>__aeabi_dsub</name>
         <value>0x2cd9</value>
         <object_component_ref idref="oc-27e"/>
      </symbol>
      <symbol id="sm-5ed">
         <name>__subdf3</name>
         <value>0x2cd9</value>
         <object_component_ref idref="oc-27e"/>
      </symbol>
      <symbol id="sm-5f6">
         <name>__aeabi_dmul</name>
         <value>0x46fd</value>
         <object_component_ref idref="oc-282"/>
      </symbol>
      <symbol id="sm-5f7">
         <name>__muldf3</name>
         <value>0x46fd</value>
         <object_component_ref idref="oc-282"/>
      </symbol>
      <symbol id="sm-600">
         <name>__muldsi3</name>
         <value>0x6f51</value>
         <object_component_ref idref="oc-1e6"/>
      </symbol>
      <symbol id="sm-606">
         <name>__aeabi_fmul</name>
         <value>0x58c5</value>
         <object_component_ref idref="oc-11f"/>
      </symbol>
      <symbol id="sm-607">
         <name>__mulsf3</name>
         <value>0x58c5</value>
         <object_component_ref idref="oc-11f"/>
      </symbol>
      <symbol id="sm-610">
         <name>__aeabi_fdiv</name>
         <value>0x5ae1</value>
         <object_component_ref idref="oc-1c4"/>
      </symbol>
      <symbol id="sm-611">
         <name>__divsf3</name>
         <value>0x5ae1</value>
         <object_component_ref idref="oc-1c4"/>
      </symbol>
      <symbol id="sm-61a">
         <name>__aeabi_f2d</name>
         <value>0x6d69</value>
         <object_component_ref idref="oc-28d"/>
      </symbol>
      <symbol id="sm-61b">
         <name>__extendsfdf2</name>
         <value>0x6d69</value>
         <object_component_ref idref="oc-28d"/>
      </symbol>
      <symbol id="sm-624">
         <name>__aeabi_d2iz</name>
         <value>0x6a3d</value>
         <object_component_ref idref="oc-286"/>
      </symbol>
      <symbol id="sm-625">
         <name>__fixdfsi</name>
         <value>0x6a3d</value>
         <object_component_ref idref="oc-286"/>
      </symbol>
      <symbol id="sm-62b">
         <name>__aeabi_f2iz</name>
         <value>0x6f8d</value>
         <object_component_ref idref="oc-7a"/>
      </symbol>
      <symbol id="sm-62c">
         <name>__fixsfsi</name>
         <value>0x6f8d</value>
         <object_component_ref idref="oc-7a"/>
      </symbol>
      <symbol id="sm-632">
         <name>__aeabi_i2d</name>
         <value>0x7121</value>
         <object_component_ref idref="oc-2e6"/>
      </symbol>
      <symbol id="sm-633">
         <name>__floatsidf</name>
         <value>0x7121</value>
         <object_component_ref idref="oc-2e6"/>
      </symbol>
      <symbol id="sm-639">
         <name>__aeabi_i2f</name>
         <value>0x6e9d</value>
         <object_component_ref idref="oc-ae"/>
      </symbol>
      <symbol id="sm-63a">
         <name>__floatsisf</name>
         <value>0x6e9d</value>
         <object_component_ref idref="oc-ae"/>
      </symbol>
      <symbol id="sm-640">
         <name>__aeabi_ui2d</name>
         <value>0x72d5</value>
         <object_component_ref idref="oc-2b3"/>
      </symbol>
      <symbol id="sm-641">
         <name>__floatunsidf</name>
         <value>0x72d5</value>
         <object_component_ref idref="oc-2b3"/>
      </symbol>
      <symbol id="sm-647">
         <name>__aeabi_ui2f</name>
         <value>0x7215</value>
         <object_component_ref idref="oc-1b9"/>
      </symbol>
      <symbol id="sm-648">
         <name>__floatunsisf</name>
         <value>0x7215</value>
         <object_component_ref idref="oc-1b9"/>
      </symbol>
      <symbol id="sm-64e">
         <name>__aeabi_lmul</name>
         <value>0x72f9</value>
         <object_component_ref idref="oc-31a"/>
      </symbol>
      <symbol id="sm-64f">
         <name>__muldi3</name>
         <value>0x72f9</value>
         <object_component_ref idref="oc-31a"/>
      </symbol>
      <symbol id="sm-656">
         <name>__aeabi_d2f</name>
         <value>0x60b1</value>
         <object_component_ref idref="oc-262"/>
      </symbol>
      <symbol id="sm-657">
         <name>__truncdfsf2</name>
         <value>0x60b1</value>
         <object_component_ref idref="oc-262"/>
      </symbol>
      <symbol id="sm-65d">
         <name>__aeabi_dcmpeq</name>
         <value>0x638d</value>
         <object_component_ref idref="oc-2b7"/>
      </symbol>
      <symbol id="sm-65e">
         <name>__aeabi_dcmplt</name>
         <value>0x63a1</value>
         <object_component_ref idref="oc-2b7"/>
      </symbol>
      <symbol id="sm-65f">
         <name>__aeabi_dcmple</name>
         <value>0x63b5</value>
         <object_component_ref idref="oc-2b7"/>
      </symbol>
      <symbol id="sm-660">
         <name>__aeabi_dcmpge</name>
         <value>0x63c9</value>
         <object_component_ref idref="oc-2b7"/>
      </symbol>
      <symbol id="sm-661">
         <name>__aeabi_dcmpgt</name>
         <value>0x63dd</value>
         <object_component_ref idref="oc-2b7"/>
      </symbol>
      <symbol id="sm-667">
         <name>__aeabi_fcmpeq</name>
         <value>0x63f1</value>
         <object_component_ref idref="oc-123"/>
      </symbol>
      <symbol id="sm-668">
         <name>__aeabi_fcmplt</name>
         <value>0x6405</value>
         <object_component_ref idref="oc-123"/>
      </symbol>
      <symbol id="sm-669">
         <name>__aeabi_fcmple</name>
         <value>0x6419</value>
         <object_component_ref idref="oc-123"/>
      </symbol>
      <symbol id="sm-66a">
         <name>__aeabi_fcmpge</name>
         <value>0x642d</value>
         <object_component_ref idref="oc-123"/>
      </symbol>
      <symbol id="sm-66b">
         <name>__aeabi_fcmpgt</name>
         <value>0x6441</value>
         <object_component_ref idref="oc-123"/>
      </symbol>
      <symbol id="sm-671">
         <name>__aeabi_idiv</name>
         <value>0x6685</value>
         <object_component_ref idref="oc-18f"/>
      </symbol>
      <symbol id="sm-672">
         <name>__aeabi_idivmod</name>
         <value>0x6685</value>
         <object_component_ref idref="oc-18f"/>
      </symbol>
      <symbol id="sm-678">
         <name>__aeabi_memcpy</name>
         <value>0x7bb5</value>
         <object_component_ref idref="oc-53"/>
      </symbol>
      <symbol id="sm-679">
         <name>__aeabi_memcpy4</name>
         <value>0x7bb5</value>
         <object_component_ref idref="oc-53"/>
      </symbol>
      <symbol id="sm-67a">
         <name>__aeabi_memcpy8</name>
         <value>0x7bb5</value>
         <object_component_ref idref="oc-53"/>
      </symbol>
      <symbol id="sm-683">
         <name>__aeabi_memset</name>
         <value>0x7ac9</value>
         <object_component_ref idref="oc-305"/>
      </symbol>
      <symbol id="sm-684">
         <name>__aeabi_memset4</name>
         <value>0x7ac9</value>
         <object_component_ref idref="oc-305"/>
      </symbol>
      <symbol id="sm-685">
         <name>__aeabi_memset8</name>
         <value>0x7ac9</value>
         <object_component_ref idref="oc-305"/>
      </symbol>
      <symbol id="sm-686">
         <name>__aeabi_memclr</name>
         <value>0x7b55</value>
         <object_component_ref idref="oc-8c"/>
      </symbol>
      <symbol id="sm-687">
         <name>__aeabi_memclr4</name>
         <value>0x7b55</value>
         <object_component_ref idref="oc-8c"/>
      </symbol>
      <symbol id="sm-688">
         <name>__aeabi_memclr8</name>
         <value>0x7b55</value>
         <object_component_ref idref="oc-8c"/>
      </symbol>
      <symbol id="sm-68e">
         <name>__aeabi_uidiv</name>
         <value>0x6d29</value>
         <object_component_ref idref="oc-ea"/>
      </symbol>
      <symbol id="sm-68f">
         <name>__aeabi_uidivmod</name>
         <value>0x6d29</value>
         <object_component_ref idref="oc-ea"/>
      </symbol>
      <symbol id="sm-695">
         <name>__aeabi_uldivmod</name>
         <value>0x79ed</value>
         <object_component_ref idref="oc-31f"/>
      </symbol>
      <symbol id="sm-69e">
         <name>__eqsf2</name>
         <value>0x6f15</value>
         <object_component_ref idref="oc-1eb"/>
      </symbol>
      <symbol id="sm-69f">
         <name>__lesf2</name>
         <value>0x6f15</value>
         <object_component_ref idref="oc-1eb"/>
      </symbol>
      <symbol id="sm-6a0">
         <name>__ltsf2</name>
         <value>0x6f15</value>
         <object_component_ref idref="oc-1eb"/>
      </symbol>
      <symbol id="sm-6a1">
         <name>__nesf2</name>
         <value>0x6f15</value>
         <object_component_ref idref="oc-1eb"/>
      </symbol>
      <symbol id="sm-6a2">
         <name>__cmpsf2</name>
         <value>0x6f15</value>
         <object_component_ref idref="oc-1eb"/>
      </symbol>
      <symbol id="sm-6a3">
         <name>__gtsf2</name>
         <value>0x6ed9</value>
         <object_component_ref idref="oc-1f0"/>
      </symbol>
      <symbol id="sm-6a4">
         <name>__gesf2</name>
         <value>0x6ed9</value>
         <object_component_ref idref="oc-1f0"/>
      </symbol>
      <symbol id="sm-6aa">
         <name>__udivmoddi4</name>
         <value>0x5371</value>
         <object_component_ref idref="oc-350"/>
      </symbol>
      <symbol id="sm-6b0">
         <name>__aeabi_llsl</name>
         <value>0x73e5</value>
         <object_component_ref idref="oc-371"/>
      </symbol>
      <symbol id="sm-6b1">
         <name>__ashldi3</name>
         <value>0x73e5</value>
         <object_component_ref idref="oc-371"/>
      </symbol>
      <symbol id="sm-6bf">
         <name>__ledf2</name>
         <value>0x6195</value>
         <object_component_ref idref="oc-2fb"/>
      </symbol>
      <symbol id="sm-6c0">
         <name>__gedf2</name>
         <value>0x603d</value>
         <object_component_ref idref="oc-301"/>
      </symbol>
      <symbol id="sm-6c1">
         <name>__cmpdf2</name>
         <value>0x6195</value>
         <object_component_ref idref="oc-2fb"/>
      </symbol>
      <symbol id="sm-6c2">
         <name>__eqdf2</name>
         <value>0x6195</value>
         <object_component_ref idref="oc-2fb"/>
      </symbol>
      <symbol id="sm-6c3">
         <name>__ltdf2</name>
         <value>0x6195</value>
         <object_component_ref idref="oc-2fb"/>
      </symbol>
      <symbol id="sm-6c4">
         <name>__nedf2</name>
         <value>0x6195</value>
         <object_component_ref idref="oc-2fb"/>
      </symbol>
      <symbol id="sm-6c5">
         <name>__gtdf2</name>
         <value>0x603d</value>
         <object_component_ref idref="oc-301"/>
      </symbol>
      <symbol id="sm-6d1">
         <name>__aeabi_idiv0</name>
         <value>0x4153</value>
         <object_component_ref idref="oc-19e"/>
      </symbol>
      <symbol id="sm-6d2">
         <name>__aeabi_ldiv0</name>
         <value>0x48bf</value>
         <object_component_ref idref="oc-370"/>
      </symbol>
      <symbol id="sm-6dc">
         <name>TI_memcpy_small</name>
         <value>0x7a13</value>
         <object_component_ref idref="oc-c2"/>
      </symbol>
      <symbol id="sm-6e5">
         <name>TI_memset_small</name>
         <value>0x7ae5</value>
         <object_component_ref idref="oc-135"/>
      </symbol>
      <symbol id="sm-6e6">
         <name>__TI_static_base__</name>
         <value>0x0</value>
      </symbol>
      <symbol id="sm-6ea">
         <name>__mpu_init</name>
         <value>0x0</value>
      </symbol>
      <symbol id="sm-6eb">
         <name>_system_post_cinit</name>
         <value>0x0</value>
      </symbol>
   </symbol_table>
   <title>Link successful</title>
</link_info>
