******************************************************************************
            TI ARM Clang Linker PC v4.0.0                      
******************************************************************************
>> Linked Wed Jul 22 15:58:19 2026

OUTPUT FILE NAME:   <MYCode_v2.out>
ENTRY POINT SYMBOL: "_c_int00_noargs"  address: 000039dd


MEMORY CONFIGURATION

         name            origin    length      used     unused   attr    fill
----------------------  --------  ---------  --------  --------  ----  --------
  FLASH                 00000000   00020000  00005ca0  0001a360  R  X
  SRAM                  20200000   00008000  000009b7  00007649  RW X
  BCR_CONFIG            41c00000   000000ff  00000000  000000ff  R   
  BSL_CONFIG            41c00100   00000080  00000000  00000080  R   


SEGMENT ALLOCATION MAP

run origin  load origin   length   init length attrs members
----------  ----------- ---------- ----------- ----- -------
00000000    00000000    00005ba8   00005ba8    r-x
  00000000    00000000    000000c0   000000c0    r-- .intvecs
  000000c0    000000c0    000041a0   000041a0    r-x .text
  00004260    00004260    00001948   00001948    r-- .rodata
00005c08    00005c08    00000098   00000098    r--
  00005c08    00005c08    00000088   00000088    r-- .cinit
  00005c90    00005c90    00000010   00000010    r-- .binit
20200000    20200000    00000757   00000000    rw-
  20200000    20200000    000006ac   00000000    rw- .bss
  202006ac    202006ac    000000ab   00000000    rw- .data
20200758    00005ba8    00000060   00000060    r-x
  20200758    00005ba8    00000060   00000060    r-x .TI.ramfunc
20207e00    20207e00    00000200   00000000    rw-
  20207e00    20207e00    00000200   00000000    rw- .stack


SECTION ALLOCATION MAP

 output                                  attributes/
section   page    origin      length       input sections
--------  ----  ----------  ----------   ----------------
.intvecs   0    00000000    000000c0     
                  00000000    000000c0     startup_mspm0g350x_ticlang.o (.intvecs)

.text      0    000000c0    000041a0     
                  000000c0    000002d8     empty.o (.text.main)
                  00000398    00000284     libc.a : _printfi.c.obj (.text:__TI_printfi_minimal)
                  0000061c    00000258     line.o (.text.Line_Run)
                  00000874    00000238     ti_msp_dl_config.o (.text.SYSCFG_DL_GPIO_init)
                  00000aac    000001e8     param_store.o (.text.Param_Save)
                  00000c94    00000184     param_store.o (.text.Param_Load)
                  00000e18    00000184     uart.o (.text.proc)
                  00000f9c    00000158     oled.o (.text.OLED_ShowChar)
                  000010f4    00000128     line.o (.text.Track_PD)
                  0000121c    00000104     driverlib.a : dl_timer.o (.text.DL_Timer_initFourCCPWMMode)
                  00001320    00000100     empty.o (.text.Menu_LoadValues)
                  00001420    000000fe     PID.o (.text.PID_Calculate)
                  0000151e    00000002     key.o (.text.KEY_Init)
                  00001520    000000fc     driverlib.a : dl_timer.o (.text.DL_Timer_initTimerMode)
                  0000161c    000000f8     line.o (.text.Line_ReadAll)
                  00001714    000000f8     oled.o (.text.OLED_Init)
                  0000180c    000000ec     encoder.o (.text.Encoder_GPIO_IRQHandler)
                  000018f8    000000ec     ti_msp_dl_config.o (.text.SYSCFG_DL_SYSCTL_SYSPLL_init)
                  000019e4    000000de     uart.o (.text.atoi2)
                  00001ac2    00000002     libclang_rt.builtins.a : aeabi_div0.c.obj (.text.__aeabi_idiv0)
                  00001ac4    000000dc     driverlib.a : dl_sysctl_mspm0g1x0x_g3x0x.o (.text.DL_SYSCTL_configSYSPLL)
                  00001ba0    000000d8                 : dl_flashctl.o (.text.DL_FlashCTL_protectSector)
                  00001c78    000000d8                 : dl_flashctl.o (.text.DL_FlashCTL_unprotectSector)
                  00001d50    000000d8     libclang_rt.builtins.a : addsf3.S.obj (.text)
                  00001e28    000000cc     empty.o (.text.LineRun_OLED)
                  00001ef4    000000cc     empty.o (.text.Menu_Display)
                  00001fc0    000000ba     key.o (.text.KEY1_ScanShortLong)
                  0000207a    000000ba     key.o (.text.KEY2_ScanShortLong)
                  00002134    000000ba     key.o (.text.KEY4_ScanShortLong)
                  000021ee    00000002     --HOLE-- [fill = 0]
                  000021f0    000000a0     ti_msp_dl_config.o (.text.SYSCFG_DL_initPower)
                  00002290    00000098     key.o (.text.KEY_IsPressed)
                  00002328    00000098     oled.o (.text.OLED_ShowString)
                  000023c0    00000094     line.o (.text.Line_GetDevMid)
                  00002454    00000090     ti_msp_dl_config.o (.text.SYSCFG_DL_PWM_0_init)
                  000024e4    00000090     ti_msp_dl_config.o (.text.SYSCFG_DL_PWM_Servo_init)
                  00002574    0000008c     libclang_rt.builtins.a : mulsf3.S.obj (.text.__mulsf3)
                  00002600    00000084     empty.o (.text.__NVIC_SetPriority)
                  00002684    00000084     ti_msp_dl_config.o (.text.__NVIC_SetPriority)
                  00002708    00000082     libclang_rt.builtins.a : divsf3.S.obj (.text.__divsf3)
                  0000278a    00000002     --HOLE-- [fill = 0]
                  0000278c    00000080     bsp_tb6612.o (.text.AO_Control)
                  0000280c    00000080     driverlib.a : dl_flashctl.o (.text.DL_FlashCTL_programMemoryBlockingFromRAM64WithECCGenerated)
                  0000288c    00000080     ti_msp_dl_config.o (.text.SYSCFG_DL_SYSCTL_init)
                  0000290c    00000080     PID.o (.text.TIMG0_IRQHandler)
                  0000298c    0000007c     oled.o (.text.OLED_Refresh)
                  00002a08    0000007c     libc.a : copy_decompress_lzss.c.obj (.text:decompress:lzss)
                  00002a84    00000074     bsp_tb6612.o (.text.BO_Control)
                  00002af8    00000074     oled.o (.text.OLED_WR_Byte)
                  00002b6c    00000074     line.o (.text.Ramp_Update)
                  00002be0    00000074     libclang_rt.builtins.a : comparedf2.c.obj (.text.__gedf2)
                  00002c54    0000006c     empty.o (.text.Menu_SaveValues)
                  00002cc0    00000068     libclang_rt.builtins.a : comparedf2.c.obj (.text.__ledf2)
                  00002d28    00000064     driverlib.a : dl_sysctl_mspm0g1x0x_g3x0x.o (.text.DL_SYSCTL_setHFCLKSourceHFXTParams)
                  00002d8c    00000064     oled.o (.text.OLED_ClearPoint)
                  00002df0    00000062     libclang_rt.builtins.a : aeabi_dcmp.S.obj (.text.__aeabi_dcmp)
                  00002e52    00000002     --HOLE-- [fill = 0]
                  00002e54    00000062                            : aeabi_fcmp.S.obj (.text.__aeabi_fcmp)
                  00002eb6    00000060     line.o (.text.Car_SetMotors)
                  00002f16    00000002     --HOLE-- [fill = 0]
                  00002f18    00000060     oled.o (.text.OLED_Clear)
                  00002f78    0000005e     driverlib.a : dl_i2c.o (.text.DL_I2C_fillControllerTXFIFO)
                  00002fd6    00000002     --HOLE-- [fill = 0]
                  00002fd8    00000058     encoder.o (.text.Encoder_Init)
                  00003030    00000058     ti_msp_dl_config.o (.text.SYSCFG_DL_MPU6050_init)
                  00003088    00000058     ti_msp_dl_config.o (.text.SYSCFG_DL_OLED_init)
                  000030e0    00000056     libclang_rt.builtins.a : aeabi_idivmod.S.obj (.text.__aeabi_idivmod)
                  00003136    00000002     --HOLE-- [fill = 0]
                  00003138    00000050     ti_msp_dl_config.o (.text.DL_GPIO_initPeripheralInputFunctionFeatures)
                  00003188    00000050     oled.o (.text.DL_I2C_startControllerTransfer)
                  000031d8    00000050     empty.o (.text.SysTick_Config)
                  00003228    0000004c     ti_msp_dl_config.o (.text.DL_GPIO_initDigitalInputFeatures)
                  00003274    0000004c     ti_msp_dl_config.o (.text.DL_UART_setBaudRateDivisor)
                  000032c0    0000004c     ti_msp_dl_config.o (.text.SYSCFG_DL_init)
                  0000330c    0000004c     PID.o (.text.Speed_PID_Update)
                  00003358    0000004c     libc.a : cpy_tbl.c.obj (.text.copy_in)
                  000033a4    0000004c            : autoinit.c.obj (.text:__TI_auto_init_nopinit)
                  000033f0    00000048     driverlib.a : dl_uart.o (.text.DL_UART_init)
                  00003438    00000048     oled.o (.text.OLED_DisplayTurn)
                  00003480    00000048     oled.o (.text.OLED_DrawPoint)
                  000034c8    00000044     driverlib.a : dl_sysctl_mspm0g1x0x_g3x0x.o (.text.DL_SYSCTL_switchMCLKfromSYSOSCtoHSCLK)
                  0000350c    00000040     ti_msp_dl_config.o (.text.SYSCFG_DL_UART_Cam_init)
                  0000354c    00000040     PID.o (.text.Speed_PID_Calculate)
                  0000358c    00000040     libclang_rt.builtins.a : aeabi_uidivmod.S.obj (.text.__aeabi_uidivmod)
                  000035cc    0000003c     ti_msp_dl_config.o (.text.DL_Timer_setCounterControl)
                  00003608    0000003c     bsp_tb6612.o (.text.TB6612_Motor_Stop)
                  00003644    0000003c     libclang_rt.builtins.a : floatsisf.S.obj (.text.__floatsisf)
                  00003680    0000003c                            : comparesf2.S.obj (.text.__gtsf2)
                  000036bc    0000003a                            : comparesf2.S.obj (.text.__eqsf2)
                  000036f6    00000002     --HOLE-- [fill = 0]
                  000036f8    0000003a                            : muldsi3.S.obj (.text.__muldsi3)
                  00003732    00000002     --HOLE-- [fill = 0]
                  00003734    00000038     line.o (.text.Line_Tracking_Init)
                  0000376c    00000038     line.o (.text.Ramp_Start)
                  000037a4    00000038     libclang_rt.builtins.a : fixsfsi.S.obj (.text.__fixsfsi)
                  000037dc    00000038     libc.a : sprintf.c.obj (.text.sprintf)
                  00003814    00000034     param_store.o (.text.DL_FlashCTL_executeClearStatus)
                  00003848    00000034     empty.o (.text.ModeSelect_Display)
                  0000387c    00000034     oled.o (.text.OLED_ColorTurn)
                  000038b0    00000034     ti_msp_dl_config.o (.text.SYSCFG_DL_PID_TIMER_init)
                  000038e4    0000002c     param_store.o (.text.DL_FlashCTL_waitForCmdDone)
                  00003910    0000002c     encoder.o (.text.__NVIC_EnableIRQ)
                  0000393c    00000028     oled.o (.text.DL_Common_updateReg)
                  00003964    00000028     ti_msp_dl_config.o (.text.DL_Common_updateReg)
                  0000398c    00000028     ti_msp_dl_config.o (.text.DL_I2C_setControllerRXFIFOThreshold)
                  000039b4    00000028     ti_msp_dl_config.o (.text.DL_I2C_setControllerTXFIFOThreshold)
                  000039dc    00000028     libc.a : boot_cortex_m.c.obj (.text:_c_int00_noargs)
                  00003a04    00000026     ti_msp_dl_config.o (.text.DL_I2C_setAnalogGlitchFilterPulseWidth)
                  00003a2a    00000026     driverlib.a : dl_i2c.o (.text.DL_I2C_setClockConfig)
                  00003a50    00000024     libclang_rt.builtins.a : floatunsidf.S.obj (.text.__floatunsidf)
                  00003a74    00000022     libc.a : memccpy.c.obj (.text.memccpy)
                  00003a96    00000002     --HOLE-- [fill = 0]
                  00003a98    00000020     ti_msp_dl_config.o (.text.DL_GPIO_initPeripheralInputFunction)
                  00003ab8    00000020     ti_msp_dl_config.o (.text.DL_SYSCTL_setFlashWaitState)
                  00003ad8    0000001e     ti_msp_dl_config.o (.text.DL_UART_setOversampling)
                  00003af6    00000002     --HOLE-- [fill = 0]
                  00003af8    0000001c     encoder.o (.text.DL_GPIO_clearInterruptStatus)
                  00003b14    0000001c     ti_msp_dl_config.o (.text.DL_GPIO_clearInterruptStatus)
                  00003b30    0000001c     ti_msp_dl_config.o (.text.DL_GPIO_enableHiZ)
                  00003b4c    0000001c     encoder.o (.text.DL_GPIO_enableInterrupt)
                  00003b68    0000001c     ti_msp_dl_config.o (.text.DL_GPIO_enableInterrupt)
                  00003b84    0000001c     ti_msp_dl_config.o (.text.DL_GPIO_initPeripheralOutputFunction)
                  00003ba0    0000001c     encoder.o (.text.DL_GPIO_setLowerPinsPolarity)
                  00003bbc    0000001c     ti_msp_dl_config.o (.text.DL_GPIO_setLowerPinsPolarity)
                  00003bd8    0000001c     driverlib.a : dl_sysctl_mspm0g1x0x_g3x0x.o (.text.DL_SYSCTL_configFCC)
                  00003bf4    0000001c     ti_msp_dl_config.o (.text.DL_SYSCTL_setFCCPeriods)
                  00003c10    0000001c     ti_msp_dl_config.o (.text.DL_SYSCTL_setSYSOSCFreq)
                  00003c2c    0000001c     ti_msp_dl_config.o (.text.DL_SYSCTL_setULPCLKDivider)
                  00003c48    0000001c     ti_msp_dl_config.o (.text.DL_Timer_enableInterrupt)
                  00003c64    0000001c     driverlib.a : dl_timer.o (.text.DL_Timer_setCaptCompUpdateMethod)
                  00003c80    0000001c                 : dl_timer.o (.text.DL_Timer_setClockConfig)
                  00003c9c    0000001c     ti_msp_dl_config.o (.text.SYSCFG_DL_SYSCTL_CLK_init)
                  00003cb8    00000018     driverlib.a : dl_flashctl.o (.text.DL_FlashCTL_eraseMemoryFromRAM)
                  00003cd0    00000018     ti_msp_dl_config.o (.text.DL_GPIO_enableOutput)
                  00003ce8    00000018     ti_msp_dl_config.o (.text.DL_GPIO_enablePower)
                  00003d00    00000018     encoder.o (.text.DL_GPIO_getEnabledInterruptStatus)
                  00003d18    00000018     ti_msp_dl_config.o (.text.DL_GPIO_initDigitalOutput)
                  00003d30    00000018     ti_msp_dl_config.o (.text.DL_GPIO_initPeripheralAnalogFunction)
                  00003d48    00000018     ti_msp_dl_config.o (.text.DL_GPIO_reset)
                  00003d60    00000018     bsp_tb6612.o (.text.DL_GPIO_setPins)
                  00003d78    00000018     encoder.o (.text.DL_GPIO_setUpperPinsPolarity)
                  00003d90    00000018     ti_msp_dl_config.o (.text.DL_GPIO_setUpperPinsPolarity)
                  00003da8    00000018     ti_msp_dl_config.o (.text.DL_I2C_enableAnalogGlitchFilter)
                  00003dc0    00000018     ti_msp_dl_config.o (.text.DL_I2C_enableController)
                  00003dd8    00000018     ti_msp_dl_config.o (.text.DL_I2C_enableControllerClockStretching)
                  00003df0    00000018     ti_msp_dl_config.o (.text.DL_I2C_enablePower)
                  00003e08    00000018     ti_msp_dl_config.o (.text.DL_I2C_reset)
                  00003e20    00000018     ti_msp_dl_config.o (.text.DL_I2C_setTimerPeriod)
                  00003e38    00000018     ti_msp_dl_config.o (.text.DL_SYSCTL_setBORThreshold)
                  00003e50    00000018     PID.o (.text.DL_Timer_clearInterruptStatus)
                  00003e68    00000018     ti_msp_dl_config.o (.text.DL_Timer_enablePower)
                  00003e80    00000018     PID.o (.text.DL_Timer_getRawInterruptStatus)
                  00003e98    00000018     ti_msp_dl_config.o (.text.DL_Timer_reset)
                  00003eb0    00000018     driverlib.a : dl_timer.o (.text.DL_Timer_setCaptureCompareOutCtl)
                  00003ec8    00000018     ti_msp_dl_config.o (.text.DL_UART_enablePower)
                  00003ee0    00000018     ti_msp_dl_config.o (.text.DL_UART_reset)
                  00003ef8    00000018     libc.a : sprintf.c.obj (.text._outs)
                  00003f10    00000018     board.o (.text.delay_ms)
                  00003f28    00000016     encoder.o (.text.DL_GPIO_readPins)
                  00003f3e    00000016     key.o (.text.DL_GPIO_readPins)
                  00003f54    00000016     line.o (.text.DL_GPIO_readPins)
                  00003f6a    00000016     ti_msp_dl_config.o (.text.DL_UART_enable)
                  00003f80    00000014     bsp_tb6612.o (.text.DL_GPIO_clearPins)
                  00003f94    00000014     ti_msp_dl_config.o (.text.DL_GPIO_clearPins)
                  00003fa8    00000014     oled.o (.text.DL_I2C_getControllerStatus)
                  00003fbc    00000014     ti_msp_dl_config.o (.text.DL_I2C_resetControllerTransfer)
                  00003fd0    00000014     ti_msp_dl_config.o (.text.DL_SYSCTL_disableSYSPLL)
                  00003fe4    00000014     ti_msp_dl_config.o (.text.DL_SYSCTL_enableSYSPLL)
                  00003ff8    00000014     ti_msp_dl_config.o (.text.DL_Timer_enableClock)
                  0000400c    00000014     ti_msp_dl_config.o (.text.DL_Timer_setCCPDirection)
                  00004020    00000014     uart.o (.text.DL_UART_receiveData)
                  00004034    00000014     encoder.o (.text.Encoder_Reset)
                  00004048    00000014     line.o (.text.Line_SetBaseSpeed)
                  0000405c    00000014     line.o (.text.Line_SetDecelSpeed)
                  00004070    00000014     line.o (.text.Line_SetKD)
                  00004084    00000014     line.o (.text.Line_SetKP)
                  00004098    00000014     line.o (.text.Line_SetLostGain)
                  000040ac    00000014     line.o (.text.Line_SetTurnPower)
                  000040c0    00000014     uart.o (.text.UART3_IRQHandler)
                  000040d4    00000012     driverlib.a : dl_uart.o (.text.DL_UART_setClockConfig)
                  000040e6    00000012     libc.a : memcpy16.S.obj (.text:TI_memcpy_small)
                  000040f8    00000012            : copy_decompress_none.c.obj (.text:decompress:none)
                  0000410a    00000002     --HOLE-- [fill = 0]
                  0000410c    00000010     ti_msp_dl_config.o (.text.DL_SYSCTL_disableHFXT)
                  0000411c    00000010     ti_msp_dl_config.o (.text.DL_SYSCTL_isFCCDone)
                  0000412c    00000010     ti_msp_dl_config.o (.text.DL_SYSCTL_startFCC)
                  0000413c    00000010     driverlib.a : dl_timer.o (.text.DL_Timer_setCaptureCompareValue)
                  0000414c    00000010     line.o (.text.Line_SysTick_Inc)
                  0000415c    00000010     libc.a : copy_zero_init.c.obj (.text:decompress:ZI)
                  0000416c    0000000e     line.o (.text.Ramp_Stop)
                  0000417a    00000002     --HOLE-- [fill = 0]
                  0000417c    0000000e     libclang_rt.builtins.a : aeabi_memset.S.obj (.text.__aeabi_memset)
                  0000418a    0000000e     libc.a : _printfi.c.obj (.text.strlen)
                  00004198    0000000e            : memset16.S.obj (.text:TI_memset_small)
                  000041a6    00000002     --HOLE-- [fill = 0]
                  000041a8    0000000c     ti_msp_dl_config.o (.text.DL_SYSCTL_getClockStatus)
                  000041b4    0000000c     ti_msp_dl_config.o (.text.DL_SYSCTL_readFCC)
                  000041c0    0000000c     encoder.o (.text.Encoder_GetLeft)
                  000041cc    0000000c     encoder.o (.text.Encoder_GetRight)
                  000041d8    0000000c     line.o (.text.Ramp_IsActive)
                  000041e4    0000000c     libclang_rt.builtins.a : aeabi_memset.S.obj (.text.__aeabi_memclr)
                  000041f0    0000000a     driverlib.a : dl_common.o (.text.DL_Common_delayCycles)
                  000041fa    0000000a     libc.a : sprintf.c.obj (.text._outc)
                  00004204    0000000a     board.o (.text.lc_printf)
                  0000420e    00000008     line.o (.text.Car_Stop)
                  00004216    00000008     encoder.o (.text.GROUP1_IRQHandler)
                  0000421e    00000008     empty.o (.text.SysTick_Handler)
                  00004226    00000002     --HOLE-- [fill = 0]
                  00004228    00000008     libclang_rt.builtins.a : aeabi_memcpy.S.obj (.text.__aeabi_memcpy)
                  00004230    00000004     startup_mspm0g350x_ticlang.o (.text.Default_Handler)
                  00004234    00000004     startup_mspm0g350x_ticlang.o (.text.Reset_Handler)
                  00004238    00000010     libc.a : boot_cortex_m.c.obj (.tramp._c_int00_noargs.1)
                  00004248    00000004            : pre_init.c.obj (.text._system_pre_init)
                  0000424c    00000004            : exit.c.obj (.text:abort)
                  00004250    00000010     driverlib.a : dl_flashctl.o (.tramp.DL_FlashCTL_executeCommandFromRAM.1)

.TI.ramfunc 
*          0    00005ba8    00000060     RUN ADDR = 20200758
                  00005ba8    00000060     driverlib.a : dl_flashctl.o (.TI.ramfunc)

.cinit     0    00005c08    00000088     
                  00005c08    00000061     (.cinit..data.load) [load image, compression = lzss]
                  00005c69    00000003     --HOLE-- [fill = 0]
                  00005c6c    0000000c     (__TI_handler_table)
                  00005c78    00000008     (.cinit..bss.load) [load image, compression = zero_init]
                  00005c80    00000010     (__TI_cinit_table)

.rodata    0    00004260    00001948     
                  00004260    00000d5c     oled.o (.rodata.asc2_2412)
                  00004fbc    000005f0     oled.o (.rodata.asc2_1608)
                  000055ac    00000474     oled.o (.rodata.asc2_1206)
                  00005a20    00000028     ti_msp_dl_config.o (.rodata.gSYSPLLConfig)
                  00005a48    00000021     bsp_tb6612.o (.rodata.str1.25206509042912780941)
                  00005a69    00000021     bsp_tb6612.o (.rodata.str1.47174019820924287251)
                  00005a8a    00000002     ti_msp_dl_config.o (.rodata.gMPU6050ClockConfig)
                  00005a8c    00000014     ti_msp_dl_config.o (.rodata.gPID_TIMERTimerConfig)
                  00005aa0    00000011     libc.a : _printfi.c.obj (.rodata.str1.153638888446227384661)
                  00005ab1    00000011     empty.o (.rodata.str1.172590679877072080401)
                  00005ac2    0000000d     empty.o (.rodata.str1.100506750686581518081)
                  00005acf    0000000c     empty.o (.rodata.str1.8167968867256355221)
                  00005adb    0000000b     empty.o (.rodata.str1.142855731982211788051)
                  00005ae6    0000000b     empty.o (.rodata.str1.147958455504881313061)
                  00005af1    0000000b     empty.o (.rodata.str1.181099149860726468451)
                  00005afc    0000000a     ti_msp_dl_config.o (.rodata.gUART_CamConfig)
                  00005b06    0000000a     empty.o (.rodata.str1.153654739224135971181)
                  00005b10    0000000a     empty.o (.rodata.str1.49473557476592623701)
                  00005b1a    0000000a     empty.o (.rodata.str1.50884420347285092081)
                  00005b24    00000009     empty.o (.rodata.str1.83095914786087747971)
                  00005b2d    00000009     empty.o (.rodata.str1.83517970924161040711)
                  00005b36    00000009     empty.o (.rodata.str1.90710503391206826811)
                  00005b3f    00000001     --HOLE-- [fill = 0]
                  00005b40    00000008     ti_msp_dl_config.o (.rodata.gPWM_0Config)
                  00005b48    00000008     ti_msp_dl_config.o (.rodata.gPWM_ServoConfig)
                  00005b50    00000008     empty.o (.rodata.str1.103941685948440004921)
                  00005b58    00000008     empty.o (.rodata.str1.176633223477948356601)
                  00005b60    00000008     empty.o (.rodata.str1.39440352113021692311)
                  00005b68    00000008     line.o (.rodata.weights)
                  00005b70    00000006     empty.o (.rodata.str1.125112656780474407461)
                  00005b76    00000006     empty.o (.rodata.str1.125283908264104141431)
                  00005b7c    00000006     empty.o (.rodata.str1.125933269983091595701)
                  00005b82    00000006     empty.o (.rodata.str1.62820283825621705761)
                  00005b88    00000005     empty.o (.rodata.str1.180626513791128047271)
                  00005b8d    00000005     empty.o (.rodata.str1.49063181006733768771)
                  00005b92    00000003     ti_msp_dl_config.o (.rodata.gPID_TIMERClockConfig)
                  00005b95    00000003     ti_msp_dl_config.o (.rodata.gPWM_0ClockConfig)
                  00005b98    00000003     ti_msp_dl_config.o (.rodata.gPWM_ServoClockConfig)
                  00005b9b    00000003     empty.o (.rodata.str1.105702349773989624431)
                  00005b9e    00000003     empty.o (.rodata.str1.158377844875001402571)
                  00005ba1    00000003     empty.o (.rodata.str1.93211106246379990581)
                  00005ba4    00000002     ti_msp_dl_config.o (.rodata.gOLEDClockConfig)
                  00005ba6    00000002     ti_msp_dl_config.o (.rodata.gUART_CamClockConfig)

.init_array 
*          0    00000000    00000000     UNINITIALIZED

.binit     0    00005c90    00000010     
                  00005c90    00000010     (.binit)

.bss       0    20200000    000006ac     UNINITIALIZED
                  20200000    00000480     (.common:OLED_GRAM)
                  20200480    000000bc     (.common:gPWM_ServoBackup)
                  2020053c    000000a0     (.common:gPWM_0Backup)
                  202005dc    00000030     (.common:gUART_CamBackup)
                  2020060c    00000028     PID.o (.bss.speed_pid_left)
                  20200634    00000028     PID.o (.bss.speed_pid_right)
                  2020065c    00000018     uart.o (.bss.buf)
                  20200674    00000016     empty.o (.bss.display_buf)
                  2020068a    00000002     --HOLE--
                  2020068c    00000010     line.o (.bss.decel_ramp)
                  2020069c    00000010     line.o (.bss.soft_ramp)

.data      0    202006ac    000000ab     UNINITIALIZED
                  202006ac    00000060     empty.o (.data.menu)
                  2020070c    00000008     uart.o (.data.g_rx)
                  20200714    00000004     encoder.o (.data.encoder_left_count)
                  20200718    00000004     encoder.o (.data.encoder_right_count)
                  2020071c    00000004     line.o (.data.g_sys_tick)
                  20200720    00000004     PID.o (.data.s_speed_target_left)
                  20200724    00000004     PID.o (.data.s_speed_target_right)
                  20200728    00000004     PID.o (.data.speed_current_left)
                  2020072c    00000004     PID.o (.data.speed_current_right)
                  20200730    00000004     PID.o (.data.speed_last_left_count)
                  20200734    00000004     PID.o (.data.speed_last_right_count)
                  20200738    00000002     line.o (.data.g_base_speed)
                  2020073a    00000002     line.o (.data.g_decel_spd)
                  2020073c    00000002     line.o (.data.g_kd)
                  2020073e    00000002     line.o (.data.g_kp)
                  20200740    00000002     line.o (.data.g_lost_gain)
                  20200742    00000002     line.o (.data.g_pwm_l)
                  20200744    00000002     line.o (.data.g_pwm_r)
                  20200746    00000002     line.o (.data.g_soft_start)
                  20200748    00000002     line.o (.data.g_turn_power)
                  2020074a    00000002     empty.o (.data.main.oled_cnt)
                  2020074c    00000002     line.o (.data.pid_last_error)
                  2020074e    00000001     uart.o (.data.esc)
                  2020074f    00000001     empty.o (.data.g_mode)
                  20200750    00000001     line.o (.data.g_run_flag)
                  20200751    00000001     line.o (.data.g_turn_direction)
                  20200752    00000001     line.o (.data.g_turn_state)
                  20200753    00000001     uart.o (.data.idx)
                  20200754    00000001     empty.o (.data.main.tick_10ms)
                  20200755    00000001     PID.o (.data.s_speed_pid_enabled)
                  20200756    00000001     line.o (.data.was_running)

.stack     0    20207e00    00000200     UNINITIALIZED
                  20207e00    00000004     libc.a : boot_cortex_m.c.obj (.stack)
                  20207e04    000001fc     --HOLE--

__llvm_prf_cnts 
*          0    20200000    00000000     UNINITIALIZED

__llvm_prf_bits 
*          0    20200000    00000000     UNINITIALIZED

MODULE SUMMARY

       Module                         code    ro data   rw data
       ------                         ----    -------   -------
    .\
       ti_msp_dl_config.o             3326    101       396    
       empty.o                        1772    199       122    
       startup_mspm0g350x_ticlang.o   8       192       0      
    +--+------------------------------+-------+---------+---------+
       Total:                         5106    492       518    
                                                               
    .\BSP\src\
       oled.o                         1516    6080      1152   
       line.o                         1808    8         60     
       param_store.o                  972     0         0      
       key.o                          734     0         0      
       uart.o                         650     0         34     
       PID.o                          570     0         105    
       encoder.o                      574     0         8      
       bsp_tb6612.o                   348     66        0      
    +--+------------------------------+-------+---------+---------+
       Total:                         7172    6154      1359   
                                                               
    .\Board\
       board.o                        34      0         0      
    +--+------------------------------+-------+---------+---------+
       Total:                         34      0         0      
                                                               
    D:/ti/CCS_SDK/mspm0_sdk_2_10_00_04/source/ti/driverlib/lib/ticlang/m0p/mspm0g1x0x_g3x0x/driverlib.a
       dl_flashctl.o                  792     0         0      
       dl_timer.o                     608     0         0      
       dl_sysctl_mspm0g1x0x_g3x0x.o   416     0         0      
       dl_i2c.o                       132     0         0      
       dl_uart.o                      90      0         0      
       dl_common.o                    10      0         0      
    +--+------------------------------+-------+---------+---------+
       Total:                         2048    0         0      
                                                               
    D:\ti\ccs1281\ccs\tools\compiler\ti-cgt-armllvm_4.0.0.LTS\lib\armv6m-ti-none-eabi/c/libc.a
       _printfi.c.obj                 658     17        0      
       copy_decompress_lzss.c.obj     124     0         0      
       sprintf.c.obj                  90      0         0      
       autoinit.c.obj                 76      0         0      
       cpy_tbl.c.obj                  76      0         0      
       boot_cortex_m.c.obj            56      0         0      
       memccpy.c.obj                  34      0         0      
       copy_decompress_none.c.obj     18      0         0      
       memcpy16.S.obj                 18      0         0      
       copy_zero_init.c.obj           16      0         0      
       memset16.S.obj                 14      0         0      
       exit.c.obj                     4       0         0      
       pre_init.c.obj                 4       0         0      
    +--+------------------------------+-------+---------+---------+
       Total:                         1188    17        0      
                                                               
    D:\ti\ccs1281\ccs\tools\compiler\ti-cgt-armllvm_4.0.0.LTS\lib\armv6m-ti-none-eabi/libclang_rt.builtins.a
       comparedf2.c.obj               220     0         0      
       addsf3.S.obj                   216     0         0      
       mulsf3.S.obj                   140     0         0      
       divsf3.S.obj                   130     0         0      
       comparesf2.S.obj               118     0         0      
       aeabi_dcmp.S.obj               98      0         0      
       aeabi_fcmp.S.obj               98      0         0      
       aeabi_idivmod.S.obj            86      0         0      
       aeabi_uidivmod.S.obj           64      0         0      
       floatsisf.S.obj                60      0         0      
       muldsi3.S.obj                  58      0         0      
       fixsfsi.S.obj                  56      0         0      
       floatunsidf.S.obj              36      0         0      
       aeabi_memset.S.obj             26      0         0      
       aeabi_memcpy.S.obj             8       0         0      
       aeabi_div0.c.obj               2       0         0      
    +--+------------------------------+-------+---------+---------+
       Total:                         1416    0         0      
                                                               
       Stack:                         0       0         512    
       Linker Generated:              0       149       0      
    +--+------------------------------+-------+---------+---------+
       Grand Total:                   16964   6812      2389   


LINKER GENERATED COPY TABLES

__TI_cinit_table @ 00005c80 records: 2, size/record: 8, table size: 16
	.data: load addr=00005c08, load size=00000061 bytes, run addr=202006ac, run size=000000ab bytes, compression=lzss
	.bss: load addr=00005c78, load size=00000008 bytes, run addr=20200000, run size=000006ac bytes, compression=zero_init
binit @ 00005c90 records: 1, size/record: 12, table size: 16
	.TI.ramfunc: load addr=00005ba8, load size=00000060, run addr=20200758, run size=00000060, compression=none


LINKER GENERATED HANDLER TABLE

__TI_handler_table @ 00005c6c records: 3, size/record: 4, table size: 12
	index: 0, handler: __TI_decompress_lzss
	index: 1, handler: __TI_decompress_none
	index: 2, handler: __TI_zero_init


FAR CALL TRAMPOLINES

callee name               trampoline name
   callee addr  tramp addr   call addr  call info
--------------  -----------  ---------  ----------------
_c_int00_noargs           $Tramp$TT$L$PI$$_c_int00_noargs
   000039dd     00004238     00004234   startup_mspm0g350x_ticlang.o (.text.Reset_Handler)
DL_FlashCTL_executeCommandFromRAM  $Tramp$TT$L$PI$$DL_FlashCTL_executeCommandFromRAM
   20200759     00004250     0000286c   driverlib.a : dl_flashctl.o (.text.DL_FlashCTL_programMemoryBlockingFromRAM64WithECCGenerated)
                             00003cc6               : dl_flashctl.o (.text.DL_FlashCTL_eraseMemoryFromRAM)

[2 trampolines]
[3 trampoline calls]


GLOBAL SYMBOLS: SORTED ALPHABETICALLY BY Name 

address   name                                                      
-------   ----                                                      
00004231  ADC0_IRQHandler                                           
00004231  ADC1_IRQHandler                                           
00004231  AES_IRQHandler                                            
0000278d  AO_Control                                                
00002a85  BO_Control                                                
0000424c  C$$EXIT                                                   
00004231  CANFD0_IRQHandler                                         
00002eb7  Car_SetMotors                                             
0000420f  Car_Stop                                                  
00004231  DAC0_IRQHandler                                           
000041f1  DL_Common_delayCycles                                     
00003cb9  DL_FlashCTL_eraseMemoryFromRAM                            
0000280d  DL_FlashCTL_programMemoryBlockingFromRAM64WithECCGenerated
00001ba1  DL_FlashCTL_protectSector                                 
00001c79  DL_FlashCTL_unprotectSector                               
00002f79  DL_I2C_fillControllerTXFIFO                               
00003a2b  DL_I2C_setClockConfig                                     
00003bd9  DL_SYSCTL_configFCC                                       
00001ac5  DL_SYSCTL_configSYSPLL                                    
00002d29  DL_SYSCTL_setHFCLKSourceHFXTParams                        
000034c9  DL_SYSCTL_switchMCLKfromSYSOSCtoHSCLK                     
0000121d  DL_Timer_initFourCCPWMMode                                
00001521  DL_Timer_initTimerMode                                    
00003c65  DL_Timer_setCaptCompUpdateMethod                          
00003eb1  DL_Timer_setCaptureCompareOutCtl                          
0000413d  DL_Timer_setCaptureCompareValue                           
00003c81  DL_Timer_setClockConfig                                   
000033f1  DL_UART_init                                              
000040d5  DL_UART_setClockConfig                                    
00004231  DMA_IRQHandler                                            
00004231  Default_Handler                                           
0000180d  Encoder_GPIO_IRQHandler                                   
000041c1  Encoder_GetLeft                                           
000041cd  Encoder_GetRight                                          
00002fd9  Encoder_Init                                              
00004035  Encoder_Reset                                             
00004231  GROUP0_IRQHandler                                         
00004217  GROUP1_IRQHandler                                         
00004231  HardFault_Handler                                         
00004231  I2C0_IRQHandler                                           
00004231  I2C1_IRQHandler                                           
00001fc1  KEY1_ScanShortLong                                        
0000207b  KEY2_ScanShortLong                                        
00002135  KEY4_ScanShortLong                                        
0000151f  KEY_Init                                                  
00002291  KEY_IsPressed                                             
0000061d  Line_Run                                                  
00004049  Line_SetBaseSpeed                                         
0000405d  Line_SetDecelSpeed                                        
00004071  Line_SetKD                                                
00004085  Line_SetKP                                                
00004099  Line_SetLostGain                                          
000040ad  Line_SetTurnPower                                         
0000414d  Line_SysTick_Inc                                          
00003735  Line_Tracking_Init                                        
00004231  NMI_Handler                                               
00002f19  OLED_Clear                                                
00002d8d  OLED_ClearPoint                                           
0000387d  OLED_ColorTurn                                            
00003439  OLED_DisplayTurn                                          
00003481  OLED_DrawPoint                                            
20200000  OLED_GRAM                                                 
00001715  OLED_Init                                                 
0000298d  OLED_Refresh                                              
00000f9d  OLED_ShowChar                                             
00002329  OLED_ShowString                                           
00002af9  OLED_WR_Byte                                              
00001421  PID_Calculate                                             
00000c95  Param_Load                                                
00000aad  Param_Save                                                
00004231  PendSV_Handler                                            
00004231  RTC_IRQHandler                                            
00004235  Reset_Handler                                             
00004231  SPI0_IRQHandler                                           
00004231  SPI1_IRQHandler                                           
00004231  SVC_Handler                                               
00000875  SYSCFG_DL_GPIO_init                                       
00003031  SYSCFG_DL_MPU6050_init                                    
00003089  SYSCFG_DL_OLED_init                                       
000038b1  SYSCFG_DL_PID_TIMER_init                                  
00002455  SYSCFG_DL_PWM_0_init                                      
000024e5  SYSCFG_DL_PWM_Servo_init                                  
00003c9d  SYSCFG_DL_SYSCTL_CLK_init                                 
000018f9  SYSCFG_DL_SYSCTL_SYSPLL_init                              
0000288d  SYSCFG_DL_SYSCTL_init                                     
0000350d  SYSCFG_DL_UART_Cam_init                                   
000032c1  SYSCFG_DL_init                                            
000021f1  SYSCFG_DL_initPower                                       
0000354d  Speed_PID_Calculate                                       
0000330d  Speed_PID_Update                                          
0000421f  SysTick_Handler                                           
00003609  TB6612_Motor_Stop                                         
00004231  TIMA0_IRQHandler                                          
00004231  TIMA1_IRQHandler                                          
0000290d  TIMG0_IRQHandler                                          
00004231  TIMG12_IRQHandler                                         
00004231  TIMG6_IRQHandler                                          
00004231  TIMG7_IRQHandler                                          
00004231  TIMG8_IRQHandler                                          
000040e7  TI_memcpy_small                                           
00004199  TI_memset_small                                           
00004231  UART0_IRQHandler                                          
00004231  UART1_IRQHandler                                          
00004231  UART2_IRQHandler                                          
000040c1  UART3_IRQHandler                                          
20208000  __STACK_END                                               
00000200  __STACK_SIZE                                              
00000000  __TI_ATRegion0_region_sz                                  
00000000  __TI_ATRegion0_src_addr                                   
00000000  __TI_ATRegion0_trg_addr                                   
00000000  __TI_ATRegion1_region_sz                                  
00000000  __TI_ATRegion1_src_addr                                   
00000000  __TI_ATRegion1_trg_addr                                   
00000000  __TI_ATRegion2_region_sz                                  
00000000  __TI_ATRegion2_src_addr                                   
00000000  __TI_ATRegion2_trg_addr                                   
00005c80  __TI_CINIT_Base                                           
00005c90  __TI_CINIT_Limit                                          
00005c90  __TI_CINIT_Warm                                           
00005c6c  __TI_Handler_Table_Base                                   
00005c78  __TI_Handler_Table_Limit                                  
000033a5  __TI_auto_init_nopinit                                    
00002a09  __TI_decompress_lzss                                      
000040f9  __TI_decompress_none                                      
ffffffff  __TI_pprof_out_hndl                                       
00000399  __TI_printfi_minimal                                      
ffffffff  __TI_prof_data_size                                       
ffffffff  __TI_prof_data_start                                      
00000000  __TI_static_base__                                        
00005c90  __TI_table_binit                                          
0000415d  __TI_zero_init                                            
00001d5b  __addsf3                                                  
00002df1  __aeabi_dcmpeq                                            
00002e2d  __aeabi_dcmpge                                            
00002e41  __aeabi_dcmpgt                                            
00002e19  __aeabi_dcmple                                            
00002e05  __aeabi_dcmplt                                            
000037a5  __aeabi_f2iz                                              
00001d5b  __aeabi_fadd                                              
00002e55  __aeabi_fcmpeq                                            
00002e91  __aeabi_fcmpge                                            
00002ea5  __aeabi_fcmpgt                                            
00002e7d  __aeabi_fcmple                                            
00002e69  __aeabi_fcmplt                                            
00002709  __aeabi_fdiv                                              
00002575  __aeabi_fmul                                              
00001d51  __aeabi_fsub                                              
00003645  __aeabi_i2f                                               
000030e1  __aeabi_idiv                                              
00001ac3  __aeabi_idiv0                                             
000030e1  __aeabi_idivmod                                           
000041e5  __aeabi_memclr                                            
000041e5  __aeabi_memclr4                                           
000041e5  __aeabi_memclr8                                           
00004229  __aeabi_memcpy                                            
00004229  __aeabi_memcpy4                                           
00004229  __aeabi_memcpy8                                           
0000417d  __aeabi_memset                                            
0000417d  __aeabi_memset4                                           
0000417d  __aeabi_memset8                                           
00003a51  __aeabi_ui2d                                              
0000358d  __aeabi_uidiv                                             
0000358d  __aeabi_uidivmod                                          
00005c90  __binit__                                                 
00002cc1  __cmpdf2                                                  
000036bd  __cmpsf2                                                  
00002709  __divsf3                                                  
00002cc1  __eqdf2                                                   
000036bd  __eqsf2                                                   
000037a5  __fixsfsi                                                 
00003645  __floatsisf                                               
00003a51  __floatunsidf                                             
00002be1  __gedf2                                                   
00003681  __gesf2                                                   
00002be1  __gtdf2                                                   
00003681  __gtsf2                                                   
00002cc1  __ledf2                                                   
000036bd  __lesf2                                                   
00002cc1  __ltdf2                                                   
000036bd  __ltsf2                                                   
UNDEFED   __mpu_init                                                
000036f9  __muldsi3                                                 
00002575  __mulsf3                                                  
00002cc1  __nedf2                                                   
000036bd  __nesf2                                                   
20207e00  __stack                                                   
20200000  __start___llvm_prf_bits                                   
20200000  __start___llvm_prf_cnts                                   
20200000  __stop___llvm_prf_bits                                    
20200000  __stop___llvm_prf_cnts                                    
00001d51  __subsf3                                                  
000039dd  _c_int00_noargs                                           
UNDEFED   _system_post_cinit                                        
00004249  _system_pre_init                                          
0000424d  abort                                                     
000055ac  asc2_1206                                                 
00004fbc  asc2_1608                                                 
00004260  asc2_2412                                                 
00005c90  binit                                                     
00003359  copy_in                                                   
00003f11  delay_ms                                                  
2020053c  gPWM_0Backup                                              
20200480  gPWM_ServoBackup                                          
202005dc  gUART_CamBackup                                           
20200742  g_pwm_l                                                   
20200744  g_pwm_r                                                   
20200750  g_run_flag                                                
2020070c  g_rx                                                      
2020071c  g_sys_tick                                                
20200751  g_turn_direction                                          
20200752  g_turn_state                                              
00000000  interruptVectors                                          
00004205  lc_printf                                                 
000000c1  main                                                      
00003a75  memccpy                                                   
000037dd  sprintf                                                   


GLOBAL SYMBOLS: SORTED BY Symbol Address 

address   name                                                      
-------   ----                                                      
00000000  __TI_ATRegion0_region_sz                                  
00000000  __TI_ATRegion0_src_addr                                   
00000000  __TI_ATRegion0_trg_addr                                   
00000000  __TI_ATRegion1_region_sz                                  
00000000  __TI_ATRegion1_src_addr                                   
00000000  __TI_ATRegion1_trg_addr                                   
00000000  __TI_ATRegion2_region_sz                                  
00000000  __TI_ATRegion2_src_addr                                   
00000000  __TI_ATRegion2_trg_addr                                   
00000000  __TI_static_base__                                        
00000000  interruptVectors                                          
000000c1  main                                                      
00000200  __STACK_SIZE                                              
00000399  __TI_printfi_minimal                                      
0000061d  Line_Run                                                  
00000875  SYSCFG_DL_GPIO_init                                       
00000aad  Param_Save                                                
00000c95  Param_Load                                                
00000f9d  OLED_ShowChar                                             
0000121d  DL_Timer_initFourCCPWMMode                                
00001421  PID_Calculate                                             
0000151f  KEY_Init                                                  
00001521  DL_Timer_initTimerMode                                    
00001715  OLED_Init                                                 
0000180d  Encoder_GPIO_IRQHandler                                   
000018f9  SYSCFG_DL_SYSCTL_SYSPLL_init                              
00001ac3  __aeabi_idiv0                                             
00001ac5  DL_SYSCTL_configSYSPLL                                    
00001ba1  DL_FlashCTL_protectSector                                 
00001c79  DL_FlashCTL_unprotectSector                               
00001d51  __aeabi_fsub                                              
00001d51  __subsf3                                                  
00001d5b  __addsf3                                                  
00001d5b  __aeabi_fadd                                              
00001fc1  KEY1_ScanShortLong                                        
0000207b  KEY2_ScanShortLong                                        
00002135  KEY4_ScanShortLong                                        
000021f1  SYSCFG_DL_initPower                                       
00002291  KEY_IsPressed                                             
00002329  OLED_ShowString                                           
00002455  SYSCFG_DL_PWM_0_init                                      
000024e5  SYSCFG_DL_PWM_Servo_init                                  
00002575  __aeabi_fmul                                              
00002575  __mulsf3                                                  
00002709  __aeabi_fdiv                                              
00002709  __divsf3                                                  
0000278d  AO_Control                                                
0000280d  DL_FlashCTL_programMemoryBlockingFromRAM64WithECCGenerated
0000288d  SYSCFG_DL_SYSCTL_init                                     
0000290d  TIMG0_IRQHandler                                          
0000298d  OLED_Refresh                                              
00002a09  __TI_decompress_lzss                                      
00002a85  BO_Control                                                
00002af9  OLED_WR_Byte                                              
00002be1  __gedf2                                                   
00002be1  __gtdf2                                                   
00002cc1  __cmpdf2                                                  
00002cc1  __eqdf2                                                   
00002cc1  __ledf2                                                   
00002cc1  __ltdf2                                                   
00002cc1  __nedf2                                                   
00002d29  DL_SYSCTL_setHFCLKSourceHFXTParams                        
00002d8d  OLED_ClearPoint                                           
00002df1  __aeabi_dcmpeq                                            
00002e05  __aeabi_dcmplt                                            
00002e19  __aeabi_dcmple                                            
00002e2d  __aeabi_dcmpge                                            
00002e41  __aeabi_dcmpgt                                            
00002e55  __aeabi_fcmpeq                                            
00002e69  __aeabi_fcmplt                                            
00002e7d  __aeabi_fcmple                                            
00002e91  __aeabi_fcmpge                                            
00002ea5  __aeabi_fcmpgt                                            
00002eb7  Car_SetMotors                                             
00002f19  OLED_Clear                                                
00002f79  DL_I2C_fillControllerTXFIFO                               
00002fd9  Encoder_Init                                              
00003031  SYSCFG_DL_MPU6050_init                                    
00003089  SYSCFG_DL_OLED_init                                       
000030e1  __aeabi_idiv                                              
000030e1  __aeabi_idivmod                                           
000032c1  SYSCFG_DL_init                                            
0000330d  Speed_PID_Update                                          
00003359  copy_in                                                   
000033a5  __TI_auto_init_nopinit                                    
000033f1  DL_UART_init                                              
00003439  OLED_DisplayTurn                                          
00003481  OLED_DrawPoint                                            
000034c9  DL_SYSCTL_switchMCLKfromSYSOSCtoHSCLK                     
0000350d  SYSCFG_DL_UART_Cam_init                                   
0000354d  Speed_PID_Calculate                                       
0000358d  __aeabi_uidiv                                             
0000358d  __aeabi_uidivmod                                          
00003609  TB6612_Motor_Stop                                         
00003645  __aeabi_i2f                                               
00003645  __floatsisf                                               
00003681  __gesf2                                                   
00003681  __gtsf2                                                   
000036bd  __cmpsf2                                                  
000036bd  __eqsf2                                                   
000036bd  __lesf2                                                   
000036bd  __ltsf2                                                   
000036bd  __nesf2                                                   
000036f9  __muldsi3                                                 
00003735  Line_Tracking_Init                                        
000037a5  __aeabi_f2iz                                              
000037a5  __fixsfsi                                                 
000037dd  sprintf                                                   
0000387d  OLED_ColorTurn                                            
000038b1  SYSCFG_DL_PID_TIMER_init                                  
000039dd  _c_int00_noargs                                           
00003a2b  DL_I2C_setClockConfig                                     
00003a51  __aeabi_ui2d                                              
00003a51  __floatunsidf                                             
00003a75  memccpy                                                   
00003bd9  DL_SYSCTL_configFCC                                       
00003c65  DL_Timer_setCaptCompUpdateMethod                          
00003c81  DL_Timer_setClockConfig                                   
00003c9d  SYSCFG_DL_SYSCTL_CLK_init                                 
00003cb9  DL_FlashCTL_eraseMemoryFromRAM                            
00003eb1  DL_Timer_setCaptureCompareOutCtl                          
00003f11  delay_ms                                                  
00004035  Encoder_Reset                                             
00004049  Line_SetBaseSpeed                                         
0000405d  Line_SetDecelSpeed                                        
00004071  Line_SetKD                                                
00004085  Line_SetKP                                                
00004099  Line_SetLostGain                                          
000040ad  Line_SetTurnPower                                         
000040c1  UART3_IRQHandler                                          
000040d5  DL_UART_setClockConfig                                    
000040e7  TI_memcpy_small                                           
000040f9  __TI_decompress_none                                      
0000413d  DL_Timer_setCaptureCompareValue                           
0000414d  Line_SysTick_Inc                                          
0000415d  __TI_zero_init                                            
0000417d  __aeabi_memset                                            
0000417d  __aeabi_memset4                                           
0000417d  __aeabi_memset8                                           
00004199  TI_memset_small                                           
000041c1  Encoder_GetLeft                                           
000041cd  Encoder_GetRight                                          
000041e5  __aeabi_memclr                                            
000041e5  __aeabi_memclr4                                           
000041e5  __aeabi_memclr8                                           
000041f1  DL_Common_delayCycles                                     
00004205  lc_printf                                                 
0000420f  Car_Stop                                                  
00004217  GROUP1_IRQHandler                                         
0000421f  SysTick_Handler                                           
00004229  __aeabi_memcpy                                            
00004229  __aeabi_memcpy4                                           
00004229  __aeabi_memcpy8                                           
00004231  ADC0_IRQHandler                                           
00004231  ADC1_IRQHandler                                           
00004231  AES_IRQHandler                                            
00004231  CANFD0_IRQHandler                                         
00004231  DAC0_IRQHandler                                           
00004231  DMA_IRQHandler                                            
00004231  Default_Handler                                           
00004231  GROUP0_IRQHandler                                         
00004231  HardFault_Handler                                         
00004231  I2C0_IRQHandler                                           
00004231  I2C1_IRQHandler                                           
00004231  NMI_Handler                                               
00004231  PendSV_Handler                                            
00004231  RTC_IRQHandler                                            
00004231  SPI0_IRQHandler                                           
00004231  SPI1_IRQHandler                                           
00004231  SVC_Handler                                               
00004231  TIMA0_IRQHandler                                          
00004231  TIMA1_IRQHandler                                          
00004231  TIMG12_IRQHandler                                         
00004231  TIMG6_IRQHandler                                          
00004231  TIMG7_IRQHandler                                          
00004231  TIMG8_IRQHandler                                          
00004231  UART0_IRQHandler                                          
00004231  UART1_IRQHandler                                          
00004231  UART2_IRQHandler                                          
00004235  Reset_Handler                                             
00004249  _system_pre_init                                          
0000424c  C$$EXIT                                                   
0000424d  abort                                                     
00004260  asc2_2412                                                 
00004fbc  asc2_1608                                                 
000055ac  asc2_1206                                                 
00005c6c  __TI_Handler_Table_Base                                   
00005c78  __TI_Handler_Table_Limit                                  
00005c80  __TI_CINIT_Base                                           
00005c90  __TI_CINIT_Limit                                          
00005c90  __TI_CINIT_Warm                                           
00005c90  __TI_table_binit                                          
00005c90  __binit__                                                 
00005c90  binit                                                     
20200000  OLED_GRAM                                                 
20200000  __start___llvm_prf_bits                                   
20200000  __start___llvm_prf_cnts                                   
20200000  __stop___llvm_prf_bits                                    
20200000  __stop___llvm_prf_cnts                                    
20200480  gPWM_ServoBackup                                          
2020053c  gPWM_0Backup                                              
202005dc  gUART_CamBackup                                           
2020070c  g_rx                                                      
2020071c  g_sys_tick                                                
20200742  g_pwm_l                                                   
20200744  g_pwm_r                                                   
20200750  g_run_flag                                                
20200751  g_turn_direction                                          
20200752  g_turn_state                                              
20207e00  __stack                                                   
20208000  __STACK_END                                               
ffffffff  __TI_pprof_out_hndl                                       
ffffffff  __TI_prof_data_size                                       
ffffffff  __TI_prof_data_start                                      
UNDEFED   __mpu_init                                                
UNDEFED   _system_post_cinit                                        

[216 symbols]
