******************************************************************************
            TI ARM Clang Linker PC v4.0.0                      
******************************************************************************
>> Linked Wed Jul 22 15:08:07 2026

OUTPUT FILE NAME:   <MYCode_v1.out>
ENTRY POINT SYMBOL: "_c_int00_noargs"  address: 000036f9


MEMORY CONFIGURATION

         name            origin    length      used     unused   attr    fill
----------------------  --------  ---------  --------  --------  ----  --------
  FLASH                 00000000   00020000  00005990  0001a670  R  X
  SRAM                  20200000   00008000  00000999  00007667  RW X
  BCR_CONFIG            41c00000   000000ff  00000000  000000ff  R   
  BSL_CONFIG            41c00100   00000080  00000000  00000080  R   


SEGMENT ALLOCATION MAP

run origin  load origin   length   init length attrs members
----------  ----------- ---------- ----------- ----- -------
00000000    00000000    00005898   00005898    r-x
  00000000    00000000    000000c0   000000c0    r-- .intvecs
  000000c0    000000c0    00003eb8   00003eb8    r-x .text
  00003f78    00003f78    00001920   00001920    r-- .rodata
000058f8    000058f8    00000098   00000098    r--
  000058f8    000058f8    00000088   00000088    r-- .cinit
  00005980    00005980    00000010   00000010    r-- .binit
20200000    20200000    00000739   00000000    rw-
  20200000    20200000    00000688   00000000    rw- .bss
  20200688    20200688    000000b1   00000000    rw- .data
20200740    00005898    00000060   00000060    r-x
  20200740    00005898    00000060   00000060    r-x .TI.ramfunc
20207e00    20207e00    00000200   00000000    rw-
  20207e00    20207e00    00000200   00000000    rw- .stack


SECTION ALLOCATION MAP

 output                                  attributes/
section   page    origin      length       input sections
--------  ----  ----------  ----------   ----------------
.intvecs   0    00000000    000000c0     
                  00000000    000000c0     startup_mspm0g350x_ticlang.o (.intvecs)

.text      0    000000c0    00003eb8     
                  000000c0    000003e8     line.o (.text.Line_Run)
                  000004a8    000003a0     empty.o (.text.main)
                  00000848    00000284     libc.a : _printfi.c.obj (.text:__TI_printfi_minimal)
                  00000acc    00000238     ti_msp_dl_config.o (.text.SYSCFG_DL_GPIO_init)
                  00000d04    000001e8     param_store.o (.text.Param_Save)
                  00000eec    00000184     param_store.o (.text.Param_Load)
                  00001070    00000184     uart.o (.text.proc)
                  000011f4    00000158     oled.o (.text.OLED_ShowChar)
                  0000134c    00000104     driverlib.a : dl_timer.o (.text.DL_Timer_initFourCCPWMMode)
                  00001450    000000fe     PID.o (.text.PID_Calculate)
                  0000154e    00000002     key.o (.text.KEY_Init)
                  00001550    000000fc     driverlib.a : dl_timer.o (.text.DL_Timer_initTimerMode)
                  0000164c    000000f8     line.o (.text.Line_ReadSensors)
                  00001744    000000f8     oled.o (.text.OLED_Init)
                  0000183c    000000ec     encoder.o (.text.Encoder_GPIO_IRQHandler)
                  00001928    000000ec     ti_msp_dl_config.o (.text.SYSCFG_DL_SYSCTL_SYSPLL_init)
                  00001a14    000000de     uart.o (.text.atoi2)
                  00001af2    00000002     libclang_rt.builtins.a : aeabi_div0.c.obj (.text.__aeabi_idiv0)
                  00001af4    000000dc     driverlib.a : dl_sysctl_mspm0g1x0x_g3x0x.o (.text.DL_SYSCTL_configSYSPLL)
                  00001bd0    000000d8                 : dl_flashctl.o (.text.DL_FlashCTL_protectSector)
                  00001ca8    000000d8                 : dl_flashctl.o (.text.DL_FlashCTL_unprotectSector)
                  00001d80    000000d8     libclang_rt.builtins.a : addsf3.S.obj (.text)
                  00001e58    000000cc     empty.o (.text.Menu_Display)
                  00001f24    000000ba     key.o (.text.KEY1_ScanShortLong)
                  00001fde    000000ba     key.o (.text.KEY2_ScanShortLong)
                  00002098    000000ba     key.o (.text.KEY4_ScanShortLong)
                  00002152    00000002     --HOLE-- [fill = 0]
                  00002154    000000a0     ti_msp_dl_config.o (.text.SYSCFG_DL_initPower)
                  000021f4    00000098     key.o (.text.KEY_IsPressed)
                  0000228c    00000098     oled.o (.text.OLED_ShowString)
                  00002324    00000090     ti_msp_dl_config.o (.text.SYSCFG_DL_PWM_0_init)
                  000023b4    00000090     ti_msp_dl_config.o (.text.SYSCFG_DL_PWM_Servo_init)
                  00002444    0000008c     libclang_rt.builtins.a : mulsf3.S.obj (.text.__mulsf3)
                  000024d0    00000088     line.o (.text.Line_GetPosition)
                  00002558    00000084     ti_msp_dl_config.o (.text.__NVIC_SetPriority)
                  000025dc    00000080     bsp_tb6612.o (.text.AO_Control)
                  0000265c    00000080     driverlib.a : dl_flashctl.o (.text.DL_FlashCTL_programMemoryBlockingFromRAM64WithECCGenerated)
                  000026dc    00000080     ti_msp_dl_config.o (.text.SYSCFG_DL_SYSCTL_init)
                  0000275c    00000080     PID.o (.text.TIMG0_IRQHandler)
                  000027dc    0000007c     oled.o (.text.OLED_Refresh)
                  00002858    0000007c     libc.a : copy_decompress_lzss.c.obj (.text:decompress:lzss)
                  000028d4    00000074     bsp_tb6612.o (.text.BO_Control)
                  00002948    00000074     oled.o (.text.OLED_WR_Byte)
                  000029bc    00000074     libclang_rt.builtins.a : comparedf2.c.obj (.text.__gedf2)
                  00002a30    0000006c     empty.o (.text.Menu_SaveValues)
                  00002a9c    00000068     libclang_rt.builtins.a : comparedf2.c.obj (.text.__ledf2)
                  00002b04    00000064     driverlib.a : dl_sysctl_mspm0g1x0x_g3x0x.o (.text.DL_SYSCTL_setHFCLKSourceHFXTParams)
                  00002b68    00000064     oled.o (.text.OLED_ClearPoint)
                  00002bcc    00000062     libclang_rt.builtins.a : aeabi_dcmp.S.obj (.text.__aeabi_dcmp)
                  00002c2e    00000002     --HOLE-- [fill = 0]
                  00002c30    00000062                            : aeabi_fcmp.S.obj (.text.__aeabi_fcmp)
                  00002c92    00000060     line.o (.text.Car_SetMotors)
                  00002cf2    00000002     --HOLE-- [fill = 0]
                  00002cf4    00000060     oled.o (.text.OLED_Clear)
                  00002d54    0000005e     driverlib.a : dl_i2c.o (.text.DL_I2C_fillControllerTXFIFO)
                  00002db2    00000002     --HOLE-- [fill = 0]
                  00002db4    00000058     encoder.o (.text.Encoder_Init)
                  00002e0c    00000058     ti_msp_dl_config.o (.text.SYSCFG_DL_MPU6050_init)
                  00002e64    00000058     ti_msp_dl_config.o (.text.SYSCFG_DL_OLED_init)
                  00002ebc    00000056     libclang_rt.builtins.a : aeabi_idivmod.S.obj (.text.__aeabi_idivmod)
                  00002f12    00000002     --HOLE-- [fill = 0]
                  00002f14    00000050     ti_msp_dl_config.o (.text.DL_GPIO_initPeripheralInputFunctionFeatures)
                  00002f64    00000050     oled.o (.text.DL_I2C_startControllerTransfer)
                  00002fb4    0000004c     ti_msp_dl_config.o (.text.DL_GPIO_initDigitalInputFeatures)
                  00003000    0000004c     ti_msp_dl_config.o (.text.DL_UART_setBaudRateDivisor)
                  0000304c    0000004c     ti_msp_dl_config.o (.text.SYSCFG_DL_init)
                  00003098    0000004c     PID.o (.text.Speed_PID_Update)
                  000030e4    0000004c     libc.a : cpy_tbl.c.obj (.text.copy_in)
                  00003130    0000004c            : autoinit.c.obj (.text:__TI_auto_init_nopinit)
                  0000317c    00000048     driverlib.a : dl_uart.o (.text.DL_UART_init)
                  000031c4    00000048     oled.o (.text.OLED_DisplayTurn)
                  0000320c    00000048     oled.o (.text.OLED_DrawPoint)
                  00003254    00000044     driverlib.a : dl_sysctl_mspm0g1x0x_g3x0x.o (.text.DL_SYSCTL_switchMCLKfromSYSOSCtoHSCLK)
                  00003298    00000040     ti_msp_dl_config.o (.text.SYSCFG_DL_UART_Cam_init)
                  000032d8    00000040     PID.o (.text.Speed_PID_Calculate)
                  00003318    00000040     libclang_rt.builtins.a : aeabi_uidivmod.S.obj (.text.__aeabi_uidivmod)
                  00003358    0000003c     ti_msp_dl_config.o (.text.DL_Timer_setCounterControl)
                  00003394    0000003c     bsp_tb6612.o (.text.TB6612_Motor_Stop)
                  000033d0    0000003c     libclang_rt.builtins.a : floatsisf.S.obj (.text.__floatsisf)
                  0000340c    0000003c                            : comparesf2.S.obj (.text.__gtsf2)
                  00003448    0000003a                            : comparesf2.S.obj (.text.__eqsf2)
                  00003482    00000002     --HOLE-- [fill = 0]
                  00003484    0000003a                            : muldsi3.S.obj (.text.__muldsi3)
                  000034be    00000002     --HOLE-- [fill = 0]
                  000034c0    00000038                            : fixsfsi.S.obj (.text.__fixsfsi)
                  000034f8    00000038     libc.a : sprintf.c.obj (.text.sprintf)
                  00003530    00000034     param_store.o (.text.DL_FlashCTL_executeClearStatus)
                  00003564    00000034     empty.o (.text.ModeSelect_Display)
                  00003598    00000034     oled.o (.text.OLED_ColorTurn)
                  000035cc    00000034     ti_msp_dl_config.o (.text.SYSCFG_DL_PID_TIMER_init)
                  00003600    0000002c     param_store.o (.text.DL_FlashCTL_waitForCmdDone)
                  0000362c    0000002c     encoder.o (.text.__NVIC_EnableIRQ)
                  00003658    00000028     oled.o (.text.DL_Common_updateReg)
                  00003680    00000028     ti_msp_dl_config.o (.text.DL_Common_updateReg)
                  000036a8    00000028     ti_msp_dl_config.o (.text.DL_I2C_setControllerRXFIFOThreshold)
                  000036d0    00000028     ti_msp_dl_config.o (.text.DL_I2C_setControllerTXFIFOThreshold)
                  000036f8    00000028     libc.a : boot_cortex_m.c.obj (.text:_c_int00_noargs)
                  00003720    00000026     ti_msp_dl_config.o (.text.DL_I2C_setAnalogGlitchFilterPulseWidth)
                  00003746    00000026     driverlib.a : dl_i2c.o (.text.DL_I2C_setClockConfig)
                  0000376c    00000024     line.o (.text.Line_Tracking_Init)
                  00003790    00000024     libclang_rt.builtins.a : floatunsidf.S.obj (.text.__floatunsidf)
                  000037b4    00000022     libc.a : memccpy.c.obj (.text.memccpy)
                  000037d6    00000002     --HOLE-- [fill = 0]
                  000037d8    00000020     ti_msp_dl_config.o (.text.DL_GPIO_initPeripheralInputFunction)
                  000037f8    00000020     ti_msp_dl_config.o (.text.DL_SYSCTL_setFlashWaitState)
                  00003818    0000001e     ti_msp_dl_config.o (.text.DL_UART_setOversampling)
                  00003836    00000002     --HOLE-- [fill = 0]
                  00003838    0000001c     encoder.o (.text.DL_GPIO_clearInterruptStatus)
                  00003854    0000001c     ti_msp_dl_config.o (.text.DL_GPIO_clearInterruptStatus)
                  00003870    0000001c     ti_msp_dl_config.o (.text.DL_GPIO_enableHiZ)
                  0000388c    0000001c     encoder.o (.text.DL_GPIO_enableInterrupt)
                  000038a8    0000001c     ti_msp_dl_config.o (.text.DL_GPIO_enableInterrupt)
                  000038c4    0000001c     ti_msp_dl_config.o (.text.DL_GPIO_initPeripheralOutputFunction)
                  000038e0    0000001c     encoder.o (.text.DL_GPIO_setLowerPinsPolarity)
                  000038fc    0000001c     ti_msp_dl_config.o (.text.DL_GPIO_setLowerPinsPolarity)
                  00003918    0000001c     driverlib.a : dl_sysctl_mspm0g1x0x_g3x0x.o (.text.DL_SYSCTL_configFCC)
                  00003934    0000001c     ti_msp_dl_config.o (.text.DL_SYSCTL_setFCCPeriods)
                  00003950    0000001c     ti_msp_dl_config.o (.text.DL_SYSCTL_setSYSOSCFreq)
                  0000396c    0000001c     ti_msp_dl_config.o (.text.DL_SYSCTL_setULPCLKDivider)
                  00003988    0000001c     ti_msp_dl_config.o (.text.DL_Timer_enableInterrupt)
                  000039a4    0000001c     driverlib.a : dl_timer.o (.text.DL_Timer_setCaptCompUpdateMethod)
                  000039c0    0000001c                 : dl_timer.o (.text.DL_Timer_setClockConfig)
                  000039dc    0000001c     ti_msp_dl_config.o (.text.SYSCFG_DL_SYSCTL_CLK_init)
                  000039f8    00000018     driverlib.a : dl_flashctl.o (.text.DL_FlashCTL_eraseMemoryFromRAM)
                  00003a10    00000018     ti_msp_dl_config.o (.text.DL_GPIO_enableOutput)
                  00003a28    00000018     ti_msp_dl_config.o (.text.DL_GPIO_enablePower)
                  00003a40    00000018     encoder.o (.text.DL_GPIO_getEnabledInterruptStatus)
                  00003a58    00000018     ti_msp_dl_config.o (.text.DL_GPIO_initDigitalOutput)
                  00003a70    00000018     ti_msp_dl_config.o (.text.DL_GPIO_initPeripheralAnalogFunction)
                  00003a88    00000018     ti_msp_dl_config.o (.text.DL_GPIO_reset)
                  00003aa0    00000018     bsp_tb6612.o (.text.DL_GPIO_setPins)
                  00003ab8    00000018     encoder.o (.text.DL_GPIO_setUpperPinsPolarity)
                  00003ad0    00000018     ti_msp_dl_config.o (.text.DL_GPIO_setUpperPinsPolarity)
                  00003ae8    00000018     ti_msp_dl_config.o (.text.DL_I2C_enableAnalogGlitchFilter)
                  00003b00    00000018     ti_msp_dl_config.o (.text.DL_I2C_enableController)
                  00003b18    00000018     ti_msp_dl_config.o (.text.DL_I2C_enableControllerClockStretching)
                  00003b30    00000018     ti_msp_dl_config.o (.text.DL_I2C_enablePower)
                  00003b48    00000018     ti_msp_dl_config.o (.text.DL_I2C_reset)
                  00003b60    00000018     ti_msp_dl_config.o (.text.DL_I2C_setTimerPeriod)
                  00003b78    00000018     ti_msp_dl_config.o (.text.DL_SYSCTL_setBORThreshold)
                  00003b90    00000018     PID.o (.text.DL_Timer_clearInterruptStatus)
                  00003ba8    00000018     ti_msp_dl_config.o (.text.DL_Timer_enablePower)
                  00003bc0    00000018     PID.o (.text.DL_Timer_getRawInterruptStatus)
                  00003bd8    00000018     ti_msp_dl_config.o (.text.DL_Timer_reset)
                  00003bf0    00000018     driverlib.a : dl_timer.o (.text.DL_Timer_setCaptureCompareOutCtl)
                  00003c08    00000018     ti_msp_dl_config.o (.text.DL_UART_enablePower)
                  00003c20    00000018     ti_msp_dl_config.o (.text.DL_UART_reset)
                  00003c38    00000018     libc.a : sprintf.c.obj (.text._outs)
                  00003c50    00000018     board.o (.text.delay_ms)
                  00003c68    00000016     encoder.o (.text.DL_GPIO_readPins)
                  00003c7e    00000016     key.o (.text.DL_GPIO_readPins)
                  00003c94    00000016     line.o (.text.DL_GPIO_readPins)
                  00003caa    00000016     ti_msp_dl_config.o (.text.DL_UART_enable)
                  00003cc0    00000014     bsp_tb6612.o (.text.DL_GPIO_clearPins)
                  00003cd4    00000014     ti_msp_dl_config.o (.text.DL_GPIO_clearPins)
                  00003ce8    00000014     oled.o (.text.DL_I2C_getControllerStatus)
                  00003cfc    00000014     ti_msp_dl_config.o (.text.DL_I2C_resetControllerTransfer)
                  00003d10    00000014     ti_msp_dl_config.o (.text.DL_SYSCTL_disableSYSPLL)
                  00003d24    00000014     ti_msp_dl_config.o (.text.DL_SYSCTL_enableSYSPLL)
                  00003d38    00000014     ti_msp_dl_config.o (.text.DL_Timer_enableClock)
                  00003d4c    00000014     ti_msp_dl_config.o (.text.DL_Timer_setCCPDirection)
                  00003d60    00000014     uart.o (.text.DL_UART_receiveData)
                  00003d74    00000014     encoder.o (.text.Encoder_Reset)
                  00003d88    00000014     line.o (.text.Line_SetBaseSpeed)
                  00003d9c    00000014     line.o (.text.Line_SetKD)
                  00003db0    00000014     line.o (.text.Line_SetKP)
                  00003dc4    00000014     line.o (.text.Line_SetLostGain)
                  00003dd8    00000014     line.o (.text.Line_SetPivotSpeed)
                  00003dec    00000014     line.o (.text.Line_SetPivotTime)
                  00003e00    00000014     uart.o (.text.UART3_IRQHandler)
                  00003e14    00000012     driverlib.a : dl_uart.o (.text.DL_UART_setClockConfig)
                  00003e26    00000012     libc.a : memcpy16.S.obj (.text:TI_memcpy_small)
                  00003e38    00000012            : copy_decompress_none.c.obj (.text:decompress:none)
                  00003e4a    00000002     --HOLE-- [fill = 0]
                  00003e4c    00000010     ti_msp_dl_config.o (.text.DL_SYSCTL_disableHFXT)
                  00003e5c    00000010     ti_msp_dl_config.o (.text.DL_SYSCTL_isFCCDone)
                  00003e6c    00000010     ti_msp_dl_config.o (.text.DL_SYSCTL_startFCC)
                  00003e7c    00000010     driverlib.a : dl_timer.o (.text.DL_Timer_setCaptureCompareValue)
                  00003e8c    00000010     libc.a : copy_zero_init.c.obj (.text:decompress:ZI)
                  00003e9c    0000000e     libclang_rt.builtins.a : aeabi_memset.S.obj (.text.__aeabi_memset)
                  00003eaa    0000000e     libc.a : _printfi.c.obj (.text.strlen)
                  00003eb8    0000000e            : memset16.S.obj (.text:TI_memset_small)
                  00003ec6    00000002     --HOLE-- [fill = 0]
                  00003ec8    0000000c     ti_msp_dl_config.o (.text.DL_SYSCTL_getClockStatus)
                  00003ed4    0000000c     ti_msp_dl_config.o (.text.DL_SYSCTL_readFCC)
                  00003ee0    0000000c     encoder.o (.text.Encoder_GetLeft)
                  00003eec    0000000c     encoder.o (.text.Encoder_GetRight)
                  00003ef8    0000000c     libclang_rt.builtins.a : aeabi_memset.S.obj (.text.__aeabi_memclr)
                  00003f04    0000000a     driverlib.a : dl_common.o (.text.DL_Common_delayCycles)
                  00003f0e    0000000a     line.o (.text.Line_SetMpuMode)
                  00003f18    0000000a     libc.a : sprintf.c.obj (.text._outc)
                  00003f22    0000000a     board.o (.text.lc_printf)
                  00003f2c    00000008     line.o (.text.Car_Stop)
                  00003f34    00000008     encoder.o (.text.GROUP1_IRQHandler)
                  00003f3c    00000008     libclang_rt.builtins.a : aeabi_memcpy.S.obj (.text.__aeabi_memcpy)
                  00003f44    00000004     startup_mspm0g350x_ticlang.o (.text.Default_Handler)
                  00003f48    00000004     startup_mspm0g350x_ticlang.o (.text.Reset_Handler)
                  00003f4c    00000010     libc.a : boot_cortex_m.c.obj (.tramp._c_int00_noargs.1)
                  00003f5c    00000004            : pre_init.c.obj (.text._system_pre_init)
                  00003f60    00000004            : exit.c.obj (.text:abort)
                  00003f64    00000010     driverlib.a : dl_flashctl.o (.tramp.DL_FlashCTL_executeCommandFromRAM.1)
                  00003f74    00000004     --HOLE-- [fill = 0]

.TI.ramfunc 
*          0    00005898    00000060     RUN ADDR = 20200740
                  00005898    00000060     driverlib.a : dl_flashctl.o (.TI.ramfunc)

.cinit     0    000058f8    00000088     
                  000058f8    0000005e     (.cinit..data.load) [load image, compression = lzss]
                  00005956    00000002     --HOLE-- [fill = 0]
                  00005958    0000000c     (__TI_handler_table)
                  00005964    00000008     (.cinit..bss.load) [load image, compression = zero_init]
                  0000596c    00000010     (__TI_cinit_table)
                  0000597c    00000004     --HOLE-- [fill = 0]

.rodata    0    00003f78    00001920     
                  00003f78    00000d5c     oled.o (.rodata.asc2_2412)
                  00004cd4    000005f0     oled.o (.rodata.asc2_1608)
                  000052c4    00000474     oled.o (.rodata.asc2_1206)
                  00005738    00000028     ti_msp_dl_config.o (.rodata.gSYSPLLConfig)
                  00005760    00000021     bsp_tb6612.o (.rodata.str1.25206509042912780941)
                  00005781    00000021     bsp_tb6612.o (.rodata.str1.47174019820924287251)
                  000057a2    00000002     ti_msp_dl_config.o (.rodata.gMPU6050ClockConfig)
                  000057a4    00000014     ti_msp_dl_config.o (.rodata.gPID_TIMERTimerConfig)
                  000057b8    00000012     empty.o (.rodata.str1.100506750686581518081)
                  000057ca    00000011     libc.a : _printfi.c.obj (.rodata.str1.153638888446227384661)
                  000057db    0000000d     empty.o (.rodata.str1.142855731982211788051)
                  000057e8    0000000c     empty.o (.rodata.str1.93211106246379990581)
                  000057f4    0000000b     empty.o (.rodata.str1.39440352113021692311)
                  000057ff    0000000b     empty.o (.rodata.str1.83095914786087747971)
                  0000580a    0000000b     empty.o (.rodata.str1.83517970924161040711)
                  00005815    00000001     --HOLE-- [fill = 0]
                  00005816    0000000a     ti_msp_dl_config.o (.rodata.gUART_CamConfig)
                  00005820    00000009     empty.o (.rodata.str1.125112656780474407461)
                  00005829    00000009     empty.o (.rodata.str1.176633223477948356601)
                  00005832    00000002     ti_msp_dl_config.o (.rodata.gOLEDClockConfig)
                  00005834    00000008     ti_msp_dl_config.o (.rodata.gPWM_0Config)
                  0000583c    00000008     ti_msp_dl_config.o (.rodata.gPWM_ServoConfig)
                  00005844    00000008     line.o (.rodata.sensor_weights)
                  0000584c    00000008     empty.o (.rodata.str1.125283908264104141431)
                  00005854    00000008     empty.o (.rodata.str1.153654739224135971181)
                  0000585c    00000008     empty.o (.rodata.str1.8167968867256355221)
                  00005864    00000007     empty.o (.rodata.str1.105702349773989624431)
                  0000586b    00000006     empty.o (.rodata.str1.147958455504881313061)
                  00005871    00000006     empty.o (.rodata.str1.180626513791128047271)
                  00005877    00000005     empty.o (.rodata.str1.103941685948440004921)
                  0000587c    00000005     empty.o (.rodata.str1.90710503391206826811)
                  00005881    00000003     ti_msp_dl_config.o (.rodata.gPID_TIMERClockConfig)
                  00005884    00000003     ti_msp_dl_config.o (.rodata.gPWM_0ClockConfig)
                  00005887    00000003     ti_msp_dl_config.o (.rodata.gPWM_ServoClockConfig)
                  0000588a    00000003     empty.o (.rodata.str1.158377844875001402571)
                  0000588d    00000003     empty.o (.rodata.str1.181099149860726468451)
                  00005890    00000003     empty.o (.rodata.str1.50884420347285092081)
                  00005893    00000002     ti_msp_dl_config.o (.rodata.gUART_CamClockConfig)
                  00005895    00000003     --HOLE-- [fill = 0]

.init_array 
*          0    00000000    00000000     UNINITIALIZED

.binit     0    00005980    00000010     
                  00005980    00000010     (.binit)

.bss       0    20200000    00000688     UNINITIALIZED
                  20200000    00000480     (.common:OLED_GRAM)
                  20200480    000000bc     (.common:gPWM_ServoBackup)
                  2020053c    000000a0     (.common:gPWM_0Backup)
                  202005dc    00000030     (.common:gUART_CamBackup)
                  2020060c    00000028     PID.o (.bss.speed_pid_left)
                  20200634    00000028     PID.o (.bss.speed_pid_right)
                  2020065c    00000018     uart.o (.bss.buf)
                  20200674    00000014     empty.o (.bss.display_buf)

.data      0    20200688    000000b1     UNINITIALIZED
                  20200688    00000060     empty.o (.data.menu)
                  202006e8    00000008     uart.o (.data.g_rx)
                  202006f0    00000004     line.o (.data.balance_i)
                  202006f4    00000004     line.o (.data.enc_last_l)
                  202006f8    00000004     line.o (.data.enc_last_r)
                  202006fc    00000004     encoder.o (.data.encoder_left_count)
                  20200700    00000004     encoder.o (.data.encoder_right_count)
                  20200704    00000004     PID.o (.data.s_speed_target_left)
                  20200708    00000004     PID.o (.data.s_speed_target_right)
                  2020070c    00000004     PID.o (.data.speed_current_left)
                  20200710    00000004     PID.o (.data.speed_current_right)
                  20200714    00000004     PID.o (.data.speed_last_left_count)
                  20200718    00000004     PID.o (.data.speed_last_right_count)
                  2020071c    00000002     line.o (.data.filtered_error)
                  2020071e    00000002     line.o (.data.g_line_base_speed)
                  20200720    00000002     line.o (.data.g_line_kd)
                  20200722    00000002     line.o (.data.g_line_kp)
                  20200724    00000002     line.o (.data.g_line_lost_gain)
                  20200726    00000002     line.o (.data.g_line_pivot_speed)
                  20200728    00000002     line.o (.data.g_line_pivot_time)
                  2020072a    00000002     line.o (.data.pid_last_error)
                  2020072c    00000002     line.o (.data.pid_last_valid_error)
                  2020072e    00000002     line.o (.data.pivot_dir)
                  20200730    00000001     line.o (.data.balance_tick)
                  20200731    00000001     line.o (.data.block_opposite)
                  20200732    00000001     uart.o (.data.esc)
                  20200733    00000001     empty.o (.data.g_mode)
                  20200734    00000001     uart.o (.data.idx)
                  20200735    00000001     empty.o (.data.main.oled_tick)
                  20200736    00000001     line.o (.data.pivot_active)
                  20200737    00000001     line.o (.data.pivot_timer)
                  20200738    00000001     PID.o (.data.s_speed_pid_enabled)

.stack     0    20207e00    00000200     UNINITIALIZED
                  20207e00    00000004     libc.a : boot_cortex_m.c.obj (.stack)
                  20207e04    000001fc     --HOLE--

__llvm_prf_cnts 
*          0    20200000    00000000     UNINITIALIZED

__llvm_prf_bits 
*          0    20200000    00000000     UNINITIALIZED

MODULE SUMMARY

       Module                         code    ro data   rw data
       ------                         ----    -------   -------
    .\
       ti_msp_dl_config.o             3326    101       396    
       empty.o                        1292    156       118    
       startup_mspm0g350x_ticlang.o   8       192       0      
    +--+------------------------------+-------+---------+---------+
       Total:                         4626    449       514    
                                                               
    .\BSP\src\
       oled.o                         1516    6080      1152   
       line.o                         1676    8         36     
       param_store.o                  972     0         0      
       key.o                          734     0         0      
       uart.o                         650     0         34     
       PID.o                          570     0         105    
       encoder.o                      574     0         8      
       bsp_tb6612.o                   348     66        0      
    +--+------------------------------+-------+---------+---------+
       Total:                         7040    6154      1335   
                                                               
    .\Board\
       board.o                        34      0         0      
    +--+------------------------------+-------+---------+---------+
       Total:                         34      0         0      
                                                               
    D:/ti/CCS_SDK/mspm0_sdk_2_10_00_04/source/ti/driverlib/lib/ticlang/m0p/mspm0g1x0x_g3x0x/driverlib.a
       dl_flashctl.o                  792     0         0      
       dl_timer.o                     608     0         0      
       dl_sysctl_mspm0g1x0x_g3x0x.o   416     0         0      
       dl_i2c.o                       132     0         0      
       dl_uart.o                      90      0         0      
       dl_common.o                    10      0         0      
    +--+------------------------------+-------+---------+---------+
       Total:                         2048    0         0      
                                                               
    D:\ti\ccs1281\ccs\tools\compiler\ti-cgt-armllvm_4.0.0.LTS\lib\armv6m-ti-none-eabi/c/libc.a
       _printfi.c.obj                 658     17        0      
       copy_decompress_lzss.c.obj     124     0         0      
       sprintf.c.obj                  90      0         0      
       autoinit.c.obj                 76      0         0      
       cpy_tbl.c.obj                  76      0         0      
       boot_cortex_m.c.obj            56      0         0      
       memccpy.c.obj                  34      0         0      
       copy_decompress_none.c.obj     18      0         0      
       memcpy16.S.obj                 18      0         0      
       copy_zero_init.c.obj           16      0         0      
       memset16.S.obj                 14      0         0      
       exit.c.obj                     4       0         0      
       pre_init.c.obj                 4       0         0      
    +--+------------------------------+-------+---------+---------+
       Total:                         1188    17        0      
                                                               
    D:\ti\ccs1281\ccs\tools\compiler\ti-cgt-armllvm_4.0.0.LTS\lib\armv6m-ti-none-eabi/libclang_rt.builtins.a
       comparedf2.c.obj               220     0         0      
       addsf3.S.obj                   216     0         0      
       mulsf3.S.obj                   140     0         0      
       comparesf2.S.obj               118     0         0      
       aeabi_dcmp.S.obj               98      0         0      
       aeabi_fcmp.S.obj               98      0         0      
       aeabi_idivmod.S.obj            86      0         0      
       aeabi_uidivmod.S.obj           64      0         0      
       floatsisf.S.obj                60      0         0      
       muldsi3.S.obj                  58      0         0      
       fixsfsi.S.obj                  56      0         0      
       floatunsidf.S.obj              36      0         0      
       aeabi_memset.S.obj             26      0         0      
       aeabi_memcpy.S.obj             8       0         0      
       aeabi_div0.c.obj               2       0         0      
    +--+------------------------------+-------+---------+---------+
       Total:                         1286    0         0      
                                                               
       Stack:                         0       0         512    
       Linker Generated:              0       146       0      
    +--+------------------------------+-------+---------+---------+
       Grand Total:                   16222   6766      2361   


LINKER GENERATED COPY TABLES

__TI_cinit_table @ 0000596c records: 2, size/record: 8, table size: 16
	.data: load addr=000058f8, load size=0000005e bytes, run addr=20200688, run size=000000b1 bytes, compression=lzss
	.bss: load addr=00005964, load size=00000008 bytes, run addr=20200000, run size=00000688 bytes, compression=zero_init
binit @ 00005980 records: 1, size/record: 12, table size: 16
	.TI.ramfunc: load addr=00005898, load size=00000060, run addr=20200740, run size=00000060, compression=none


LINKER GENERATED HANDLER TABLE

__TI_handler_table @ 00005958 records: 3, size/record: 4, table size: 12
	index: 0, handler: __TI_decompress_lzss
	index: 1, handler: __TI_decompress_none
	index: 2, handler: __TI_zero_init


FAR CALL TRAMPOLINES

callee name               trampoline name
   callee addr  tramp addr   call addr  call info
--------------  -----------  ---------  ----------------
_c_int00_noargs           $Tramp$TT$L$PI$$_c_int00_noargs
   000036f9     00003f4c     00003f48   startup_mspm0g350x_ticlang.o (.text.Reset_Handler)
DL_FlashCTL_executeCommandFromRAM  $Tramp$TT$L$PI$$DL_FlashCTL_executeCommandFromRAM
   20200741     00003f64     000026bc   driverlib.a : dl_flashctl.o (.text.DL_FlashCTL_programMemoryBlockingFromRAM64WithECCGenerated)
                             00003a06               : dl_flashctl.o (.text.DL_FlashCTL_eraseMemoryFromRAM)

[2 trampolines]
[3 trampoline calls]


GLOBAL SYMBOLS: SORTED ALPHABETICALLY BY Name 

address   name                                                      
-------   ----                                                      
00003f45  ADC0_IRQHandler                                           
00003f45  ADC1_IRQHandler                                           
00003f45  AES_IRQHandler                                            
000025dd  AO_Control                                                
000028d5  BO_Control                                                
00003f60  C$$EXIT                                                   
00003f45  CANFD0_IRQHandler                                         
00002c93  Car_SetMotors                                             
00003f2d  Car_Stop                                                  
00003f45  DAC0_IRQHandler                                           
00003f05  DL_Common_delayCycles                                     
000039f9  DL_FlashCTL_eraseMemoryFromRAM                            
0000265d  DL_FlashCTL_programMemoryBlockingFromRAM64WithECCGenerated
00001bd1  DL_FlashCTL_protectSector                                 
00001ca9  DL_FlashCTL_unprotectSector                               
00002d55  DL_I2C_fillControllerTXFIFO                               
00003747  DL_I2C_setClockConfig                                     
00003919  DL_SYSCTL_configFCC                                       
00001af5  DL_SYSCTL_configSYSPLL                                    
00002b05  DL_SYSCTL_setHFCLKSourceHFXTParams                        
00003255  DL_SYSCTL_switchMCLKfromSYSOSCtoHSCLK                     
0000134d  DL_Timer_initFourCCPWMMode                                
00001551  DL_Timer_initTimerMode                                    
000039a5  DL_Timer_setCaptCompUpdateMethod                          
00003bf1  DL_Timer_setCaptureCompareOutCtl                          
00003e7d  DL_Timer_setCaptureCompareValue                           
000039c1  DL_Timer_setClockConfig                                   
0000317d  DL_UART_init                                              
00003e15  DL_UART_setClockConfig                                    
00003f45  DMA_IRQHandler                                            
00003f45  Default_Handler                                           
0000183d  Encoder_GPIO_IRQHandler                                   
00003ee1  Encoder_GetLeft                                           
00003eed  Encoder_GetRight                                          
00002db5  Encoder_Init                                              
00003d75  Encoder_Reset                                             
00003f45  GROUP0_IRQHandler                                         
00003f35  GROUP1_IRQHandler                                         
00003f45  HardFault_Handler                                         
00003f45  I2C0_IRQHandler                                           
00003f45  I2C1_IRQHandler                                           
00001f25  KEY1_ScanShortLong                                        
00001fdf  KEY2_ScanShortLong                                        
00002099  KEY4_ScanShortLong                                        
0000154f  KEY_Init                                                  
000021f5  KEY_IsPressed                                             
000024d1  Line_GetPosition                                          
0000164d  Line_ReadSensors                                          
000000c1  Line_Run                                                  
00003d89  Line_SetBaseSpeed                                         
00003d9d  Line_SetKD                                                
00003db1  Line_SetKP                                                
00003dc5  Line_SetLostGain                                          
00003f0f  Line_SetMpuMode                                           
00003dd9  Line_SetPivotSpeed                                        
00003ded  Line_SetPivotTime                                         
0000376d  Line_Tracking_Init                                        
00003f45  NMI_Handler                                               
00002cf5  OLED_Clear                                                
00002b69  OLED_ClearPoint                                           
00003599  OLED_ColorTurn                                            
000031c5  OLED_DisplayTurn                                          
0000320d  OLED_DrawPoint                                            
20200000  OLED_GRAM                                                 
00001745  OLED_Init                                                 
000027dd  OLED_Refresh                                              
000011f5  OLED_ShowChar                                             
0000228d  OLED_ShowString                                           
00002949  OLED_WR_Byte                                              
00001451  PID_Calculate                                             
00000eed  Param_Load                                                
00000d05  Param_Save                                                
00003f45  PendSV_Handler                                            
00003f45  RTC_IRQHandler                                            
00003f49  Reset_Handler                                             
00003f45  SPI0_IRQHandler                                           
00003f45  SPI1_IRQHandler                                           
00003f45  SVC_Handler                                               
00000acd  SYSCFG_DL_GPIO_init                                       
00002e0d  SYSCFG_DL_MPU6050_init                                    
00002e65  SYSCFG_DL_OLED_init                                       
000035cd  SYSCFG_DL_PID_TIMER_init                                  
00002325  SYSCFG_DL_PWM_0_init                                      
000023b5  SYSCFG_DL_PWM_Servo_init                                  
000039dd  SYSCFG_DL_SYSCTL_CLK_init                                 
00001929  SYSCFG_DL_SYSCTL_SYSPLL_init                              
000026dd  SYSCFG_DL_SYSCTL_init                                     
00003299  SYSCFG_DL_UART_Cam_init                                   
0000304d  SYSCFG_DL_init                                            
00002155  SYSCFG_DL_initPower                                       
000032d9  Speed_PID_Calculate                                       
00003099  Speed_PID_Update                                          
00003f45  SysTick_Handler                                           
00003395  TB6612_Motor_Stop                                         
00003f45  TIMA0_IRQHandler                                          
00003f45  TIMA1_IRQHandler                                          
0000275d  TIMG0_IRQHandler                                          
00003f45  TIMG12_IRQHandler                                         
00003f45  TIMG6_IRQHandler                                          
00003f45  TIMG7_IRQHandler                                          
00003f45  TIMG8_IRQHandler                                          
00003e27  TI_memcpy_small                                           
00003eb9  TI_memset_small                                           
00003f45  UART0_IRQHandler                                          
00003f45  UART1_IRQHandler                                          
00003f45  UART2_IRQHandler                                          
00003e01  UART3_IRQHandler                                          
20208000  __STACK_END                                               
00000200  __STACK_SIZE                                              
00000000  __TI_ATRegion0_region_sz                                  
00000000  __TI_ATRegion0_src_addr                                   
00000000  __TI_ATRegion0_trg_addr                                   
00000000  __TI_ATRegion1_region_sz                                  
00000000  __TI_ATRegion1_src_addr                                   
00000000  __TI_ATRegion1_trg_addr                                   
00000000  __TI_ATRegion2_region_sz                                  
00000000  __TI_ATRegion2_src_addr                                   
00000000  __TI_ATRegion2_trg_addr                                   
0000596c  __TI_CINIT_Base                                           
0000597c  __TI_CINIT_Limit                                          
0000597c  __TI_CINIT_Warm                                           
00005958  __TI_Handler_Table_Base                                   
00005964  __TI_Handler_Table_Limit                                  
00003131  __TI_auto_init_nopinit                                    
00002859  __TI_decompress_lzss                                      
00003e39  __TI_decompress_none                                      
ffffffff  __TI_pprof_out_hndl                                       
00000849  __TI_printfi_minimal                                      
ffffffff  __TI_prof_data_size                                       
ffffffff  __TI_prof_data_start                                      
00000000  __TI_static_base__                                        
00005980  __TI_table_binit                                          
00003e8d  __TI_zero_init                                            
00001d8b  __addsf3                                                  
00002bcd  __aeabi_dcmpeq                                            
00002c09  __aeabi_dcmpge                                            
00002c1d  __aeabi_dcmpgt                                            
00002bf5  __aeabi_dcmple                                            
00002be1  __aeabi_dcmplt                                            
000034c1  __aeabi_f2iz                                              
00001d8b  __aeabi_fadd                                              
00002c31  __aeabi_fcmpeq                                            
00002c6d  __aeabi_fcmpge                                            
00002c81  __aeabi_fcmpgt                                            
00002c59  __aeabi_fcmple                                            
00002c45  __aeabi_fcmplt                                            
00002445  __aeabi_fmul                                              
00001d81  __aeabi_fsub                                              
000033d1  __aeabi_i2f                                               
00002ebd  __aeabi_idiv                                              
00001af3  __aeabi_idiv0                                             
00002ebd  __aeabi_idivmod                                           
00003ef9  __aeabi_memclr                                            
00003ef9  __aeabi_memclr4                                           
00003ef9  __aeabi_memclr8                                           
00003f3d  __aeabi_memcpy                                            
00003f3d  __aeabi_memcpy4                                           
00003f3d  __aeabi_memcpy8                                           
00003e9d  __aeabi_memset                                            
00003e9d  __aeabi_memset4                                           
00003e9d  __aeabi_memset8                                           
00003791  __aeabi_ui2d                                              
00003319  __aeabi_uidiv                                             
00003319  __aeabi_uidivmod                                          
00005980  __binit__                                                 
00002a9d  __cmpdf2                                                  
00003449  __cmpsf2                                                  
00002a9d  __eqdf2                                                   
00003449  __eqsf2                                                   
000034c1  __fixsfsi                                                 
000033d1  __floatsisf                                               
00003791  __floatunsidf                                             
000029bd  __gedf2                                                   
0000340d  __gesf2                                                   
000029bd  __gtdf2                                                   
0000340d  __gtsf2                                                   
00002a9d  __ledf2                                                   
00003449  __lesf2                                                   
00002a9d  __ltdf2                                                   
00003449  __ltsf2                                                   
UNDEFED   __mpu_init                                                
00003485  __muldsi3                                                 
00002445  __mulsf3                                                  
00002a9d  __nedf2                                                   
00003449  __nesf2                                                   
20207e00  __stack                                                   
20200000  __start___llvm_prf_bits                                   
20200000  __start___llvm_prf_cnts                                   
20200000  __stop___llvm_prf_bits                                    
20200000  __stop___llvm_prf_cnts                                    
00001d81  __subsf3                                                  
000036f9  _c_int00_noargs                                           
UNDEFED   _system_post_cinit                                        
00003f5d  _system_pre_init                                          
00003f61  abort                                                     
000052c4  asc2_1206                                                 
00004cd4  asc2_1608                                                 
00003f78  asc2_2412                                                 
00005980  binit                                                     
000030e5  copy_in                                                   
00003c51  delay_ms                                                  
2020053c  gPWM_0Backup                                              
20200480  gPWM_ServoBackup                                          
202005dc  gUART_CamBackup                                           
202006e8  g_rx                                                      
00000000  interruptVectors                                          
00003f23  lc_printf                                                 
000004a9  main                                                      
000037b5  memccpy                                                   
000034f9  sprintf                                                   


GLOBAL SYMBOLS: SORTED BY Symbol Address 

address   name                                                      
-------   ----                                                      
00000000  __TI_ATRegion0_region_sz                                  
00000000  __TI_ATRegion0_src_addr                                   
00000000  __TI_ATRegion0_trg_addr                                   
00000000  __TI_ATRegion1_region_sz                                  
00000000  __TI_ATRegion1_src_addr                                   
00000000  __TI_ATRegion1_trg_addr                                   
00000000  __TI_ATRegion2_region_sz                                  
00000000  __TI_ATRegion2_src_addr                                   
00000000  __TI_ATRegion2_trg_addr                                   
00000000  __TI_static_base__                                        
00000000  interruptVectors                                          
000000c1  Line_Run                                                  
00000200  __STACK_SIZE                                              
000004a9  main                                                      
00000849  __TI_printfi_minimal                                      
00000acd  SYSCFG_DL_GPIO_init                                       
00000d05  Param_Save                                                
00000eed  Param_Load                                                
000011f5  OLED_ShowChar                                             
0000134d  DL_Timer_initFourCCPWMMode                                
00001451  PID_Calculate                                             
0000154f  KEY_Init                                                  
00001551  DL_Timer_initTimerMode                                    
0000164d  Line_ReadSensors                                          
00001745  OLED_Init                                                 
0000183d  Encoder_GPIO_IRQHandler                                   
00001929  SYSCFG_DL_SYSCTL_SYSPLL_init                              
00001af3  __aeabi_idiv0                                             
00001af5  DL_SYSCTL_configSYSPLL                                    
00001bd1  DL_FlashCTL_protectSector                                 
00001ca9  DL_FlashCTL_unprotectSector                               
00001d81  __aeabi_fsub                                              
00001d81  __subsf3                                                  
00001d8b  __addsf3                                                  
00001d8b  __aeabi_fadd                                              
00001f25  KEY1_ScanShortLong                                        
00001fdf  KEY2_ScanShortLong                                        
00002099  KEY4_ScanShortLong                                        
00002155  SYSCFG_DL_initPower                                       
000021f5  KEY_IsPressed                                             
0000228d  OLED_ShowString                                           
00002325  SYSCFG_DL_PWM_0_init                                      
000023b5  SYSCFG_DL_PWM_Servo_init                                  
00002445  __aeabi_fmul                                              
00002445  __mulsf3                                                  
000024d1  Line_GetPosition                                          
000025dd  AO_Control                                                
0000265d  DL_FlashCTL_programMemoryBlockingFromRAM64WithECCGenerated
000026dd  SYSCFG_DL_SYSCTL_init                                     
0000275d  TIMG0_IRQHandler                                          
000027dd  OLED_Refresh                                              
00002859  __TI_decompress_lzss                                      
000028d5  BO_Control                                                
00002949  OLED_WR_Byte                                              
000029bd  __gedf2                                                   
000029bd  __gtdf2                                                   
00002a9d  __cmpdf2                                                  
00002a9d  __eqdf2                                                   
00002a9d  __ledf2                                                   
00002a9d  __ltdf2                                                   
00002a9d  __nedf2                                                   
00002b05  DL_SYSCTL_setHFCLKSourceHFXTParams                        
00002b69  OLED_ClearPoint                                           
00002bcd  __aeabi_dcmpeq                                            
00002be1  __aeabi_dcmplt                                            
00002bf5  __aeabi_dcmple                                            
00002c09  __aeabi_dcmpge                                            
00002c1d  __aeabi_dcmpgt                                            
00002c31  __aeabi_fcmpeq                                            
00002c45  __aeabi_fcmplt                                            
00002c59  __aeabi_fcmple                                            
00002c6d  __aeabi_fcmpge                                            
00002c81  __aeabi_fcmpgt                                            
00002c93  Car_SetMotors                                             
00002cf5  OLED_Clear                                                
00002d55  DL_I2C_fillControllerTXFIFO                               
00002db5  Encoder_Init                                              
00002e0d  SYSCFG_DL_MPU6050_init                                    
00002e65  SYSCFG_DL_OLED_init                                       
00002ebd  __aeabi_idiv                                              
00002ebd  __aeabi_idivmod                                           
0000304d  SYSCFG_DL_init                                            
00003099  Speed_PID_Update                                          
000030e5  copy_in                                                   
00003131  __TI_auto_init_nopinit                                    
0000317d  DL_UART_init                                              
000031c5  OLED_DisplayTurn                                          
0000320d  OLED_DrawPoint                                            
00003255  DL_SYSCTL_switchMCLKfromSYSOSCtoHSCLK                     
00003299  SYSCFG_DL_UART_Cam_init                                   
000032d9  Speed_PID_Calculate                                       
00003319  __aeabi_uidiv                                             
00003319  __aeabi_uidivmod                                          
00003395  TB6612_Motor_Stop                                         
000033d1  __aeabi_i2f                                               
000033d1  __floatsisf                                               
0000340d  __gesf2                                                   
0000340d  __gtsf2                                                   
00003449  __cmpsf2                                                  
00003449  __eqsf2                                                   
00003449  __lesf2                                                   
00003449  __ltsf2                                                   
00003449  __nesf2                                                   
00003485  __muldsi3                                                 
000034c1  __aeabi_f2iz                                              
000034c1  __fixsfsi                                                 
000034f9  sprintf                                                   
00003599  OLED_ColorTurn                                            
000035cd  SYSCFG_DL_PID_TIMER_init                                  
000036f9  _c_int00_noargs                                           
00003747  DL_I2C_setClockConfig                                     
0000376d  Line_Tracking_Init                                        
00003791  __aeabi_ui2d                                              
00003791  __floatunsidf                                             
000037b5  memccpy                                                   
00003919  DL_SYSCTL_configFCC                                       
000039a5  DL_Timer_setCaptCompUpdateMethod                          
000039c1  DL_Timer_setClockConfig                                   
000039dd  SYSCFG_DL_SYSCTL_CLK_init                                 
000039f9  DL_FlashCTL_eraseMemoryFromRAM                            
00003bf1  DL_Timer_setCaptureCompareOutCtl                          
00003c51  delay_ms                                                  
00003d75  Encoder_Reset                                             
00003d89  Line_SetBaseSpeed                                         
00003d9d  Line_SetKD                                                
00003db1  Line_SetKP                                                
00003dc5  Line_SetLostGain                                          
00003dd9  Line_SetPivotSpeed                                        
00003ded  Line_SetPivotTime                                         
00003e01  UART3_IRQHandler                                          
00003e15  DL_UART_setClockConfig                                    
00003e27  TI_memcpy_small                                           
00003e39  __TI_decompress_none                                      
00003e7d  DL_Timer_setCaptureCompareValue                           
00003e8d  __TI_zero_init                                            
00003e9d  __aeabi_memset                                            
00003e9d  __aeabi_memset4                                           
00003e9d  __aeabi_memset8                                           
00003eb9  TI_memset_small                                           
00003ee1  Encoder_GetLeft                                           
00003eed  Encoder_GetRight                                          
00003ef9  __aeabi_memclr                                            
00003ef9  __aeabi_memclr4                                           
00003ef9  __aeabi_memclr8                                           
00003f05  DL_Common_delayCycles                                     
00003f0f  Line_SetMpuMode                                           
00003f23  lc_printf                                                 
00003f2d  Car_Stop                                                  
00003f35  GROUP1_IRQHandler                                         
00003f3d  __aeabi_memcpy                                            
00003f3d  __aeabi_memcpy4                                           
00003f3d  __aeabi_memcpy8                                           
00003f45  ADC0_IRQHandler                                           
00003f45  ADC1_IRQHandler                                           
00003f45  AES_IRQHandler                                            
00003f45  CANFD0_IRQHandler                                         
00003f45  DAC0_IRQHandler                                           
00003f45  DMA_IRQHandler                                            
00003f45  Default_Handler                                           
00003f45  GROUP0_IRQHandler                                         
00003f45  HardFault_Handler                                         
00003f45  I2C0_IRQHandler                                           
00003f45  I2C1_IRQHandler                                           
00003f45  NMI_Handler                                               
00003f45  PendSV_Handler                                            
00003f45  RTC_IRQHandler                                            
00003f45  SPI0_IRQHandler                                           
00003f45  SPI1_IRQHandler                                           
00003f45  SVC_Handler                                               
00003f45  SysTick_Handler                                           
00003f45  TIMA0_IRQHandler                                          
00003f45  TIMA1_IRQHandler                                          
00003f45  TIMG12_IRQHandler                                         
00003f45  TIMG6_IRQHandler                                          
00003f45  TIMG7_IRQHandler                                          
00003f45  TIMG8_IRQHandler                                          
00003f45  UART0_IRQHandler                                          
00003f45  UART1_IRQHandler                                          
00003f45  UART2_IRQHandler                                          
00003f49  Reset_Handler                                             
00003f5d  _system_pre_init                                          
00003f60  C$$EXIT                                                   
00003f61  abort                                                     
00003f78  asc2_2412                                                 
00004cd4  asc2_1608                                                 
000052c4  asc2_1206                                                 
00005958  __TI_Handler_Table_Base                                   
00005964  __TI_Handler_Table_Limit                                  
0000596c  __TI_CINIT_Base                                           
0000597c  __TI_CINIT_Limit                                          
0000597c  __TI_CINIT_Warm                                           
00005980  __TI_table_binit                                          
00005980  __binit__                                                 
00005980  binit                                                     
20200000  OLED_GRAM                                                 
20200000  __start___llvm_prf_bits                                   
20200000  __start___llvm_prf_cnts                                   
20200000  __stop___llvm_prf_bits                                    
20200000  __stop___llvm_prf_cnts                                    
20200480  gPWM_ServoBackup                                          
2020053c  gPWM_0Backup                                              
202005dc  gUART_CamBackup                                           
202006e8  g_rx                                                      
20207e00  __stack                                                   
20208000  __STACK_END                                               
ffffffff  __TI_pprof_out_hndl                                       
ffffffff  __TI_prof_data_size                                       
ffffffff  __TI_prof_data_start                                      
UNDEFED   __mpu_init                                                
UNDEFED   _system_post_cinit                                        

[210 symbols]
