<?xml version="1.0" encoding="ISO-8859-1" ?>
<link_info>
   <banner>TI ARM Clang Linker PC v4.0.0.LTS</banner>
   <copyright>Copyright (c) 1996-2018 Texas Instruments Incorporated</copyright>
   <command_line>D:\ti\ccs1281\ccs\tools\compiler\ti-cgt-armllvm_4.0.0.LTS\bin\tiarmlnk -ID:\ti\ccs1281\ccs\tools\compiler\ti-cgt-armllvm_4.0.0.LTS\lib -o MYCode_v7.out -mMYCode_v7.map -iD:/ti/CCS_SDK/mspm0_sdk_2_10_00_04/source -iD:/CCS/workspace_v12/MYCode_v7 -iD:/CCS/workspace_v12/MYCode_v7/Debug/syscfg -iD:/ti/ccs1281/ccs/tools/compiler/ti-cgt-armllvm_4.0.0.LTS/lib --diag_wrap=off --display_error_number --warn_sections --xml_link_info=MYCode_v7_linkInfo.xml --rom_model ./empty.o ./ti_msp_dl_config.o ./startup_mspm0g350x_ticlang.o ./BSP/src/PID.o ./BSP/src/bsp_tb6612.o ./BSP/src/encoder.o ./BSP/src/gimbal.o ./BSP/src/kalman_filter.o ./BSP/src/key.o ./BSP/src/line.o ./BSP/src/location.o ./BSP/src/mpu6050.o ./BSP/src/oled.o ./BSP/src/param_store.o ./BSP/src/uart.o ./Board/board.o -l./device_linker.cmd -ldevice.cmd.genlibs -llibc.a --start-group -llibc++.a -llibc++abi.a -llibc.a -llibsys.a -llibsysbm.a -llibclang_rt.builtins.a -llibclang_rt.profile.a --end-group --cg_opt_level=0</command_line>
   <link_time>0x6a6131e4</link_time>
   <link_errors>0x0</link_errors>
   <output_file>D:\CCS\workspace_v12\MYCode_v7\Debug\MYCode_v7.out</output_file>
   <entry_point>
      <name>_c_int00_noargs</name>
      <address>0x7ded</address>
   </entry_point>
   <input_file_list>
      <input_file id="fl-1">
         <path>D:\CCS\workspace_v12\MYCode_v7\Debug\.\</path>
         <kind>object</kind>
         <file>empty.o</file>
         <name>empty.o</name>
      </input_file>
      <input_file id="fl-2">
         <path>D:\CCS\workspace_v12\MYCode_v7\Debug\.\</path>
         <kind>object</kind>
         <file>ti_msp_dl_config.o</file>
         <name>ti_msp_dl_config.o</name>
      </input_file>
      <input_file id="fl-3">
         <path>D:\CCS\workspace_v12\MYCode_v7\Debug\.\</path>
         <kind>object</kind>
         <file>startup_mspm0g350x_ticlang.o</file>
         <name>startup_mspm0g350x_ticlang.o</name>
      </input_file>
      <input_file id="fl-4">
         <path>D:\CCS\workspace_v12\MYCode_v7\Debug\.\BSP\src\</path>
         <kind>object</kind>
         <file>PID.o</file>
         <name>PID.o</name>
      </input_file>
      <input_file id="fl-5">
         <path>D:\CCS\workspace_v12\MYCode_v7\Debug\.\BSP\src\</path>
         <kind>object</kind>
         <file>bsp_tb6612.o</file>
         <name>bsp_tb6612.o</name>
      </input_file>
      <input_file id="fl-6">
         <path>D:\CCS\workspace_v12\MYCode_v7\Debug\.\BSP\src\</path>
         <kind>object</kind>
         <file>encoder.o</file>
         <name>encoder.o</name>
      </input_file>
      <input_file id="fl-7">
         <path>D:\CCS\workspace_v12\MYCode_v7\Debug\.\BSP\src\</path>
         <kind>object</kind>
         <file>gimbal.o</file>
         <name>gimbal.o</name>
      </input_file>
      <input_file id="fl-8">
         <path>D:\CCS\workspace_v12\MYCode_v7\Debug\.\BSP\src\</path>
         <kind>object</kind>
         <file>kalman_filter.o</file>
         <name>kalman_filter.o</name>
      </input_file>
      <input_file id="fl-9">
         <path>D:\CCS\workspace_v12\MYCode_v7\Debug\.\BSP\src\</path>
         <kind>object</kind>
         <file>key.o</file>
         <name>key.o</name>
      </input_file>
      <input_file id="fl-a">
         <path>D:\CCS\workspace_v12\MYCode_v7\Debug\.\BSP\src\</path>
         <kind>object</kind>
         <file>line.o</file>
         <name>line.o</name>
      </input_file>
      <input_file id="fl-b">
         <path>D:\CCS\workspace_v12\MYCode_v7\Debug\.\BSP\src\</path>
         <kind>object</kind>
         <file>location.o</file>
         <name>location.o</name>
      </input_file>
      <input_file id="fl-c">
         <path>D:\CCS\workspace_v12\MYCode_v7\Debug\.\BSP\src\</path>
         <kind>object</kind>
         <file>mpu6050.o</file>
         <name>mpu6050.o</name>
      </input_file>
      <input_file id="fl-d">
         <path>D:\CCS\workspace_v12\MYCode_v7\Debug\.\BSP\src\</path>
         <kind>object</kind>
         <file>oled.o</file>
         <name>oled.o</name>
      </input_file>
      <input_file id="fl-e">
         <path>D:\CCS\workspace_v12\MYCode_v7\Debug\.\BSP\src\</path>
         <kind>object</kind>
         <file>param_store.o</file>
         <name>param_store.o</name>
      </input_file>
      <input_file id="fl-f">
         <path>D:\CCS\workspace_v12\MYCode_v7\Debug\.\BSP\src\</path>
         <kind>object</kind>
         <file>uart.o</file>
         <name>uart.o</name>
      </input_file>
      <input_file id="fl-10">
         <path>D:\CCS\workspace_v12\MYCode_v7\Debug\.\Board\</path>
         <kind>object</kind>
         <file>board.o</file>
         <name>board.o</name>
      </input_file>
      <input_file id="fl-1d">
         <path>D:\CCS\workspace_v12\MYCode_v7\Debug\</path>
         <kind>object</kind>
         <file>&lt;internal&gt;</file>
         <name>&lt;internal&gt;</name>
      </input_file>
      <input_file id="fl-1e">
         <path>D:\ti\CCS_SDK\mspm0_sdk_2_10_00_04\source\ti\driverlib\lib\ticlang\m0p\mspm0g1x0x_g3x0x\</path>
         <kind>archive</kind>
         <file>driverlib.a</file>
         <name>dl_common.o</name>
      </input_file>
      <input_file id="fl-1f">
         <path>D:\ti\CCS_SDK\mspm0_sdk_2_10_00_04\source\ti\driverlib\lib\ticlang\m0p\mspm0g1x0x_g3x0x\</path>
         <kind>archive</kind>
         <file>driverlib.a</file>
         <name>dl_flashctl.o</name>
      </input_file>
      <input_file id="fl-20">
         <path>D:\ti\CCS_SDK\mspm0_sdk_2_10_00_04\source\ti\driverlib\lib\ticlang\m0p\mspm0g1x0x_g3x0x\</path>
         <kind>archive</kind>
         <file>driverlib.a</file>
         <name>dl_i2c.o</name>
      </input_file>
      <input_file id="fl-21">
         <path>D:\ti\CCS_SDK\mspm0_sdk_2_10_00_04\source\ti\driverlib\lib\ticlang\m0p\mspm0g1x0x_g3x0x\</path>
         <kind>archive</kind>
         <file>driverlib.a</file>
         <name>dl_timer.o</name>
      </input_file>
      <input_file id="fl-22">
         <path>D:\ti\CCS_SDK\mspm0_sdk_2_10_00_04\source\ti\driverlib\lib\ticlang\m0p\mspm0g1x0x_g3x0x\</path>
         <kind>archive</kind>
         <file>driverlib.a</file>
         <name>dl_uart.o</name>
      </input_file>
      <input_file id="fl-23">
         <path>D:\ti\CCS_SDK\mspm0_sdk_2_10_00_04\source\ti\driverlib\lib\ticlang\m0p\mspm0g1x0x_g3x0x\</path>
         <kind>archive</kind>
         <file>driverlib.a</file>
         <name>dl_sysctl_mspm0g1x0x_g3x0x.o</name>
      </input_file>
      <input_file id="fl-38">
         <path>D:\ti\ccs1281\ccs\tools\compiler\ti-cgt-armllvm_4.0.0.LTS\lib\armv6m-ti-none-eabi\c\</path>
         <kind>archive</kind>
         <file>libc.a</file>
         <name>e_asinf.c.obj</name>
      </input_file>
      <input_file id="fl-39">
         <path>D:\ti\ccs1281\ccs\tools\compiler\ti-cgt-armllvm_4.0.0.LTS\lib\armv6m-ti-none-eabi\c\</path>
         <kind>archive</kind>
         <file>libc.a</file>
         <name>e_atan2f.c.obj</name>
      </input_file>
      <input_file id="fl-3a">
         <path>D:\ti\ccs1281\ccs\tools\compiler\ti-cgt-armllvm_4.0.0.LTS\lib\armv6m-ti-none-eabi\c\</path>
         <kind>archive</kind>
         <file>libc.a</file>
         <name>e_sqrtf.c.obj</name>
      </input_file>
      <input_file id="fl-3b">
         <path>D:\ti\ccs1281\ccs\tools\compiler\ti-cgt-armllvm_4.0.0.LTS\lib\armv6m-ti-none-eabi\c\</path>
         <kind>archive</kind>
         <file>libc.a</file>
         <name>s_atanf.c.obj</name>
      </input_file>
      <input_file id="fl-3c">
         <path>D:\ti\ccs1281\ccs\tools\compiler\ti-cgt-armllvm_4.0.0.LTS\lib\armv6m-ti-none-eabi\c\</path>
         <kind>archive</kind>
         <file>libc.a</file>
         <name>s_cosf.c.obj</name>
      </input_file>
      <input_file id="fl-3d">
         <path>D:\ti\ccs1281\ccs\tools\compiler\ti-cgt-armllvm_4.0.0.LTS\lib\armv6m-ti-none-eabi\c\</path>
         <kind>archive</kind>
         <file>libc.a</file>
         <name>s_sinf.c.obj</name>
      </input_file>
      <input_file id="fl-3e">
         <path>D:\ti\ccs1281\ccs\tools\compiler\ti-cgt-armllvm_4.0.0.LTS\lib\armv6m-ti-none-eabi\c\</path>
         <kind>archive</kind>
         <file>libc.a</file>
         <name>s_tanf.c.obj</name>
      </input_file>
      <input_file id="fl-3f">
         <path>D:\ti\ccs1281\ccs\tools\compiler\ti-cgt-armllvm_4.0.0.LTS\lib\armv6m-ti-none-eabi\c\</path>
         <kind>archive</kind>
         <file>libc.a</file>
         <name>sprintf.c.obj</name>
      </input_file>
      <input_file id="fl-40">
         <path>D:\ti\ccs1281\ccs\tools\compiler\ti-cgt-armllvm_4.0.0.LTS\lib\armv6m-ti-none-eabi\c\</path>
         <kind>archive</kind>
         <file>libc.a</file>
         <name>e_sqrt.c.obj</name>
      </input_file>
      <input_file id="fl-41">
         <path>D:\ti\ccs1281\ccs\tools\compiler\ti-cgt-armllvm_4.0.0.LTS\lib\armv6m-ti-none-eabi\c\</path>
         <kind>archive</kind>
         <file>libc.a</file>
         <name>aeabi_portable.c.obj</name>
      </input_file>
      <input_file id="fl-42">
         <path>D:\ti\ccs1281\ccs\tools\compiler\ti-cgt-armllvm_4.0.0.LTS\lib\armv6m-ti-none-eabi\c\</path>
         <kind>archive</kind>
         <file>libc.a</file>
         <name>k_rem_pio2.c.obj</name>
      </input_file>
      <input_file id="fl-43">
         <path>D:\ti\ccs1281\ccs\tools\compiler\ti-cgt-armllvm_4.0.0.LTS\lib\armv6m-ti-none-eabi\c\</path>
         <kind>archive</kind>
         <file>libc.a</file>
         <name>assert.c.obj</name>
      </input_file>
      <input_file id="fl-44">
         <path>D:\ti\ccs1281\ccs\tools\compiler\ti-cgt-armllvm_4.0.0.LTS\lib\armv6m-ti-none-eabi\c\</path>
         <kind>archive</kind>
         <file>libc.a</file>
         <name>defs.c.obj</name>
      </input_file>
      <input_file id="fl-45">
         <path>D:\ti\ccs1281\ccs\tools\compiler\ti-cgt-armllvm_4.0.0.LTS\lib\armv6m-ti-none-eabi\c\</path>
         <kind>archive</kind>
         <file>libc.a</file>
         <name>memory.c.obj</name>
      </input_file>
      <input_file id="fl-46">
         <path>D:\ti\ccs1281\ccs\tools\compiler\ti-cgt-armllvm_4.0.0.LTS\lib\armv6m-ti-none-eabi\c\</path>
         <kind>archive</kind>
         <file>libc.a</file>
         <name>boot_cortex_m.c.obj</name>
      </input_file>
      <input_file id="fl-47">
         <path>D:\ti\ccs1281\ccs\tools\compiler\ti-cgt-armllvm_4.0.0.LTS\lib\armv6m-ti-none-eabi\c\</path>
         <kind>archive</kind>
         <file>libc.a</file>
         <name>mathacl_init.c.obj</name>
      </input_file>
      <input_file id="fl-48">
         <path>D:\ti\ccs1281\ccs\tools\compiler\ti-cgt-armllvm_4.0.0.LTS\lib\armv6m-ti-none-eabi\c\</path>
         <kind>archive</kind>
         <file>libc.a</file>
         <name>autoinit.c.obj</name>
      </input_file>
      <input_file id="fl-49">
         <path>D:\ti\ccs1281\ccs\tools\compiler\ti-cgt-armllvm_4.0.0.LTS\lib\armv6m-ti-none-eabi\c\</path>
         <kind>archive</kind>
         <file>libc.a</file>
         <name>pre_init.c.obj</name>
      </input_file>
      <input_file id="fl-4a">
         <path>D:\ti\ccs1281\ccs\tools\compiler\ti-cgt-armllvm_4.0.0.LTS\lib\armv6m-ti-none-eabi\c\</path>
         <kind>archive</kind>
         <file>libc.a</file>
         <name>cpy_tbl.c.obj</name>
      </input_file>
      <input_file id="fl-4b">
         <path>D:\ti\ccs1281\ccs\tools\compiler\ti-cgt-armllvm_4.0.0.LTS\lib\armv6m-ti-none-eabi\c\</path>
         <kind>archive</kind>
         <file>libc.a</file>
         <name>copy_zero_init.c.obj</name>
      </input_file>
      <input_file id="fl-4c">
         <path>D:\ti\ccs1281\ccs\tools\compiler\ti-cgt-armllvm_4.0.0.LTS\lib\armv6m-ti-none-eabi\c\</path>
         <kind>archive</kind>
         <file>libc.a</file>
         <name>copy_decompress_none.c.obj</name>
      </input_file>
      <input_file id="fl-4d">
         <path>D:\ti\ccs1281\ccs\tools\compiler\ti-cgt-armllvm_4.0.0.LTS\lib\armv6m-ti-none-eabi\c\</path>
         <kind>archive</kind>
         <file>libc.a</file>
         <name>copy_decompress_lzss.c.obj</name>
      </input_file>
      <input_file id="fl-4e">
         <path>D:\ti\ccs1281\ccs\tools\compiler\ti-cgt-armllvm_4.0.0.LTS\lib\armv6m-ti-none-eabi\c\</path>
         <kind>archive</kind>
         <file>libc.a</file>
         <name>_printfi.c.obj</name>
      </input_file>
      <input_file id="fl-4f">
         <path>D:\ti\ccs1281\ccs\tools\compiler\ti-cgt-armllvm_4.0.0.LTS\lib\armv6m-ti-none-eabi\c\</path>
         <kind>archive</kind>
         <file>libc.a</file>
         <name>fflush.c.obj</name>
      </input_file>
      <input_file id="fl-50">
         <path>D:\ti\ccs1281\ccs\tools\compiler\ti-cgt-armllvm_4.0.0.LTS\lib\armv6m-ti-none-eabi\c\</path>
         <kind>archive</kind>
         <file>libc.a</file>
         <name>fputs.c.obj</name>
      </input_file>
      <input_file id="fl-51">
         <path>D:\ti\ccs1281\ccs\tools\compiler\ti-cgt-armllvm_4.0.0.LTS\lib\armv6m-ti-none-eabi\c\</path>
         <kind>archive</kind>
         <file>libc.a</file>
         <name>_io_perm.c.obj</name>
      </input_file>
      <input_file id="fl-52">
         <path>D:\ti\ccs1281\ccs\tools\compiler\ti-cgt-armllvm_4.0.0.LTS\lib\armv6m-ti-none-eabi\c\</path>
         <kind>archive</kind>
         <file>libc.a</file>
         <name>setvbuf.c.obj</name>
      </input_file>
      <input_file id="fl-53">
         <path>D:\ti\ccs1281\ccs\tools\compiler\ti-cgt-armllvm_4.0.0.LTS\lib\armv6m-ti-none-eabi\c\</path>
         <kind>archive</kind>
         <file>libc.a</file>
         <name>wcslen.c.obj</name>
      </input_file>
      <input_file id="fl-54">
         <path>D:\ti\ccs1281\ccs\tools\compiler\ti-cgt-armllvm_4.0.0.LTS\lib\armv6m-ti-none-eabi\c\</path>
         <kind>archive</kind>
         <file>libc.a</file>
         <name>s_floor.c.obj</name>
      </input_file>
      <input_file id="fl-55">
         <path>D:\ti\ccs1281\ccs\tools\compiler\ti-cgt-armllvm_4.0.0.LTS\lib\armv6m-ti-none-eabi\c\</path>
         <kind>archive</kind>
         <file>libc.a</file>
         <name>s_frexp.c.obj</name>
      </input_file>
      <input_file id="fl-56">
         <path>D:\ti\ccs1281\ccs\tools\compiler\ti-cgt-armllvm_4.0.0.LTS\lib\armv6m-ti-none-eabi\c\</path>
         <kind>archive</kind>
         <file>libc.a</file>
         <name>s_scalbn.c.obj</name>
      </input_file>
      <input_file id="fl-57">
         <path>D:\ti\ccs1281\ccs\tools\compiler\ti-cgt-armllvm_4.0.0.LTS\lib\armv6m-ti-none-eabi\c\</path>
         <kind>archive</kind>
         <file>libc.a</file>
         <name>exit.c.obj</name>
      </input_file>
      <input_file id="fl-58">
         <path>D:\ti\ccs1281\ccs\tools\compiler\ti-cgt-armllvm_4.0.0.LTS\lib\armv6m-ti-none-eabi\c\</path>
         <kind>archive</kind>
         <file>libc.a</file>
         <name>_lock.c.obj</name>
      </input_file>
      <input_file id="fl-59">
         <path>D:\ti\ccs1281\ccs\tools\compiler\ti-cgt-armllvm_4.0.0.LTS\lib\armv6m-ti-none-eabi\c\</path>
         <kind>archive</kind>
         <file>libc.a</file>
         <name>_ltoa.c.obj</name>
      </input_file>
      <input_file id="fl-5a">
         <path>D:\ti\ccs1281\ccs\tools\compiler\ti-cgt-armllvm_4.0.0.LTS\lib\armv6m-ti-none-eabi\c\</path>
         <kind>archive</kind>
         <file>libc.a</file>
         <name>args_main.c.obj</name>
      </input_file>
      <input_file id="fl-5b">
         <path>D:\ti\ccs1281\ccs\tools\compiler\ti-cgt-armllvm_4.0.0.LTS\lib\armv6m-ti-none-eabi\c\</path>
         <kind>archive</kind>
         <file>libc.a</file>
         <name>atoi.c.obj</name>
      </input_file>
      <input_file id="fl-5c">
         <path>D:\ti\ccs1281\ccs\tools\compiler\ti-cgt-armllvm_4.0.0.LTS\lib\armv6m-ti-none-eabi\c\</path>
         <kind>archive</kind>
         <file>libc.a</file>
         <name>memccpy.c.obj</name>
      </input_file>
      <input_file id="fl-5d">
         <path>D:\ti\ccs1281\ccs\tools\compiler\ti-cgt-armllvm_4.0.0.LTS\lib\armv6m-ti-none-eabi\c\</path>
         <kind>archive</kind>
         <file>libc.a</file>
         <name>fopen.c.obj</name>
      </input_file>
      <input_file id="fl-5e">
         <path>D:\ti\ccs1281\ccs\tools\compiler\ti-cgt-armllvm_4.0.0.LTS\lib\armv6m-ti-none-eabi\c\</path>
         <kind>archive</kind>
         <file>libc.a</file>
         <name>fseek.c.obj</name>
      </input_file>
      <input_file id="fl-5f">
         <path>D:\ti\ccs1281\ccs\tools\compiler\ti-cgt-armllvm_4.0.0.LTS\lib\armv6m-ti-none-eabi\c\</path>
         <kind>archive</kind>
         <file>libc.a</file>
         <name>aeabi_ctype.S.obj</name>
      </input_file>
      <input_file id="fl-60">
         <path>D:\ti\ccs1281\ccs\tools\compiler\ti-cgt-armllvm_4.0.0.LTS\lib\armv6m-ti-none-eabi\c\</path>
         <kind>archive</kind>
         <file>libc.a</file>
         <name>fclose.c.obj</name>
      </input_file>
      <input_file id="fl-f6">
         <path>D:\ti\ccs1281\ccs\tools\compiler\ti-cgt-armllvm_4.0.0.LTS\lib\armv6m-ti-none-eabi\c\</path>
         <kind>archive</kind>
         <file>libsysbm.a</file>
         <name>write.c.obj</name>
      </input_file>
      <input_file id="fl-f7">
         <path>D:\ti\ccs1281\ccs\tools\compiler\ti-cgt-armllvm_4.0.0.LTS\lib\armv6m-ti-none-eabi\c\</path>
         <kind>archive</kind>
         <file>libsysbm.a</file>
         <name>host_device.c.obj</name>
      </input_file>
      <input_file id="fl-f8">
         <path>D:\ti\ccs1281\ccs\tools\compiler\ti-cgt-armllvm_4.0.0.LTS\lib\armv6m-ti-none-eabi\c\</path>
         <kind>archive</kind>
         <file>libsysbm.a</file>
         <name>remove.c.obj</name>
      </input_file>
      <input_file id="fl-f9">
         <path>D:\ti\ccs1281\ccs\tools\compiler\ti-cgt-armllvm_4.0.0.LTS\lib\armv6m-ti-none-eabi\c\</path>
         <kind>archive</kind>
         <file>libsysbm.a</file>
         <name>open.c.obj</name>
      </input_file>
      <input_file id="fl-fa">
         <path>D:\ti\ccs1281\ccs\tools\compiler\ti-cgt-armllvm_4.0.0.LTS\lib\armv6m-ti-none-eabi\c\</path>
         <kind>archive</kind>
         <file>libsysbm.a</file>
         <name>lseek.c.obj</name>
      </input_file>
      <input_file id="fl-fb">
         <path>D:\ti\ccs1281\ccs\tools\compiler\ti-cgt-armllvm_4.0.0.LTS\lib\armv6m-ti-none-eabi\c\</path>
         <kind>archive</kind>
         <file>libsysbm.a</file>
         <name>close.c.obj</name>
      </input_file>
      <input_file id="fl-fc">
         <path>D:\ti\ccs1281\ccs\tools\compiler\ti-cgt-armllvm_4.0.0.LTS\lib\armv6m-ti-none-eabi\c\</path>
         <kind>archive</kind>
         <file>libsysbm.a</file>
         <name>unlink.c.obj</name>
      </input_file>
      <input_file id="fl-fd">
         <path>D:\ti\ccs1281\ccs\tools\compiler\ti-cgt-armllvm_4.0.0.LTS\lib\armv6m-ti-none-eabi\c\</path>
         <kind>archive</kind>
         <file>libsysbm.a</file>
         <name>hostclose.c.obj</name>
      </input_file>
      <input_file id="fl-fe">
         <path>D:\ti\ccs1281\ccs\tools\compiler\ti-cgt-armllvm_4.0.0.LTS\lib\armv6m-ti-none-eabi\c\</path>
         <kind>archive</kind>
         <file>libsysbm.a</file>
         <name>hostlseek.c.obj</name>
      </input_file>
      <input_file id="fl-ff">
         <path>D:\ti\ccs1281\ccs\tools\compiler\ti-cgt-armllvm_4.0.0.LTS\lib\armv6m-ti-none-eabi\c\</path>
         <kind>archive</kind>
         <file>libsysbm.a</file>
         <name>hostopen.c.obj</name>
      </input_file>
      <input_file id="fl-100">
         <path>D:\ti\ccs1281\ccs\tools\compiler\ti-cgt-armllvm_4.0.0.LTS\lib\armv6m-ti-none-eabi\c\</path>
         <kind>archive</kind>
         <file>libsysbm.a</file>
         <name>hostread.c.obj</name>
      </input_file>
      <input_file id="fl-101">
         <path>D:\ti\ccs1281\ccs\tools\compiler\ti-cgt-armllvm_4.0.0.LTS\lib\armv6m-ti-none-eabi\c\</path>
         <kind>archive</kind>
         <file>libsysbm.a</file>
         <name>hostrename.c.obj</name>
      </input_file>
      <input_file id="fl-102">
         <path>D:\ti\ccs1281\ccs\tools\compiler\ti-cgt-armllvm_4.0.0.LTS\lib\armv6m-ti-none-eabi\c\</path>
         <kind>archive</kind>
         <file>libsysbm.a</file>
         <name>hostunlink.c.obj</name>
      </input_file>
      <input_file id="fl-103">
         <path>D:\ti\ccs1281\ccs\tools\compiler\ti-cgt-armllvm_4.0.0.LTS\lib\armv6m-ti-none-eabi\c\</path>
         <kind>archive</kind>
         <file>libsysbm.a</file>
         <name>hostwrite.c.obj</name>
      </input_file>
      <input_file id="fl-104">
         <path>D:\ti\ccs1281\ccs\tools\compiler\ti-cgt-armllvm_4.0.0.LTS\lib\armv6m-ti-none-eabi\c\</path>
         <kind>archive</kind>
         <file>libsysbm.a</file>
         <name>trgmsg.c.obj</name>
      </input_file>
      <input_file id="fl-105">
         <path>D:\ti\ccs1281\ccs\tools\compiler\ti-cgt-armllvm_4.0.0.LTS\lib\armv6m-ti-none-eabi\</path>
         <kind>archive</kind>
         <file>libclang_rt.builtins.a</file>
         <name>addsf3.S.obj</name>
      </input_file>
      <input_file id="fl-106">
         <path>D:\ti\ccs1281\ccs\tools\compiler\ti-cgt-armllvm_4.0.0.LTS\lib\armv6m-ti-none-eabi\</path>
         <kind>archive</kind>
         <file>libclang_rt.builtins.a</file>
         <name>adddf3.S.obj</name>
      </input_file>
      <input_file id="fl-107">
         <path>D:\ti\ccs1281\ccs\tools\compiler\ti-cgt-armllvm_4.0.0.LTS\lib\armv6m-ti-none-eabi\</path>
         <kind>archive</kind>
         <file>libclang_rt.builtins.a</file>
         <name>muldf3.S.obj</name>
      </input_file>
      <input_file id="fl-108">
         <path>D:\ti\ccs1281\ccs\tools\compiler\ti-cgt-armllvm_4.0.0.LTS\lib\armv6m-ti-none-eabi\</path>
         <kind>archive</kind>
         <file>libclang_rt.builtins.a</file>
         <name>muldsi3.S.obj</name>
      </input_file>
      <input_file id="fl-109">
         <path>D:\ti\ccs1281\ccs\tools\compiler\ti-cgt-armllvm_4.0.0.LTS\lib\armv6m-ti-none-eabi\</path>
         <kind>archive</kind>
         <file>libclang_rt.builtins.a</file>
         <name>mulsf3.S.obj</name>
      </input_file>
      <input_file id="fl-10a">
         <path>D:\ti\ccs1281\ccs\tools\compiler\ti-cgt-armllvm_4.0.0.LTS\lib\armv6m-ti-none-eabi\</path>
         <kind>archive</kind>
         <file>libclang_rt.builtins.a</file>
         <name>divsf3.S.obj</name>
      </input_file>
      <input_file id="fl-10b">
         <path>D:\ti\ccs1281\ccs\tools\compiler\ti-cgt-armllvm_4.0.0.LTS\lib\armv6m-ti-none-eabi\</path>
         <kind>archive</kind>
         <file>libclang_rt.builtins.a</file>
         <name>divdf3.S.obj</name>
      </input_file>
      <input_file id="fl-10c">
         <path>D:\ti\ccs1281\ccs\tools\compiler\ti-cgt-armllvm_4.0.0.LTS\lib\armv6m-ti-none-eabi\</path>
         <kind>archive</kind>
         <file>libclang_rt.builtins.a</file>
         <name>extendsfdf2.S.obj</name>
      </input_file>
      <input_file id="fl-10d">
         <path>D:\ti\ccs1281\ccs\tools\compiler\ti-cgt-armllvm_4.0.0.LTS\lib\armv6m-ti-none-eabi\</path>
         <kind>archive</kind>
         <file>libclang_rt.builtins.a</file>
         <name>fixdfsi.S.obj</name>
      </input_file>
      <input_file id="fl-10e">
         <path>D:\ti\ccs1281\ccs\tools\compiler\ti-cgt-armllvm_4.0.0.LTS\lib\armv6m-ti-none-eabi\</path>
         <kind>archive</kind>
         <file>libclang_rt.builtins.a</file>
         <name>fixsfsi.S.obj</name>
      </input_file>
      <input_file id="fl-10f">
         <path>D:\ti\ccs1281\ccs\tools\compiler\ti-cgt-armllvm_4.0.0.LTS\lib\armv6m-ti-none-eabi\</path>
         <kind>archive</kind>
         <file>libclang_rt.builtins.a</file>
         <name>floatsidf.S.obj</name>
      </input_file>
      <input_file id="fl-110">
         <path>D:\ti\ccs1281\ccs\tools\compiler\ti-cgt-armllvm_4.0.0.LTS\lib\armv6m-ti-none-eabi\</path>
         <kind>archive</kind>
         <file>libclang_rt.builtins.a</file>
         <name>floatsisf.S.obj</name>
      </input_file>
      <input_file id="fl-111">
         <path>D:\ti\ccs1281\ccs\tools\compiler\ti-cgt-armllvm_4.0.0.LTS\lib\armv6m-ti-none-eabi\</path>
         <kind>archive</kind>
         <file>libclang_rt.builtins.a</file>
         <name>floatunsidf.S.obj</name>
      </input_file>
      <input_file id="fl-112">
         <path>D:\ti\ccs1281\ccs\tools\compiler\ti-cgt-armllvm_4.0.0.LTS\lib\armv6m-ti-none-eabi\</path>
         <kind>archive</kind>
         <file>libclang_rt.builtins.a</file>
         <name>floatunsisf.S.obj</name>
      </input_file>
      <input_file id="fl-113">
         <path>D:\ti\ccs1281\ccs\tools\compiler\ti-cgt-armllvm_4.0.0.LTS\lib\armv6m-ti-none-eabi\</path>
         <kind>archive</kind>
         <file>libclang_rt.builtins.a</file>
         <name>muldi3.S.obj</name>
      </input_file>
      <input_file id="fl-114">
         <path>D:\ti\ccs1281\ccs\tools\compiler\ti-cgt-armllvm_4.0.0.LTS\lib\armv6m-ti-none-eabi\</path>
         <kind>archive</kind>
         <file>libclang_rt.builtins.a</file>
         <name>truncdfsf2.S.obj</name>
      </input_file>
      <input_file id="fl-115">
         <path>D:\ti\ccs1281\ccs\tools\compiler\ti-cgt-armllvm_4.0.0.LTS\lib\armv6m-ti-none-eabi\</path>
         <kind>archive</kind>
         <file>libclang_rt.builtins.a</file>
         <name>aeabi_dcmp.S.obj</name>
      </input_file>
      <input_file id="fl-116">
         <path>D:\ti\ccs1281\ccs\tools\compiler\ti-cgt-armllvm_4.0.0.LTS\lib\armv6m-ti-none-eabi\</path>
         <kind>archive</kind>
         <file>libclang_rt.builtins.a</file>
         <name>aeabi_fcmp.S.obj</name>
      </input_file>
      <input_file id="fl-117">
         <path>D:\ti\ccs1281\ccs\tools\compiler\ti-cgt-armllvm_4.0.0.LTS\lib\armv6m-ti-none-eabi\</path>
         <kind>archive</kind>
         <file>libclang_rt.builtins.a</file>
         <name>aeabi_idivmod.S.obj</name>
      </input_file>
      <input_file id="fl-118">
         <path>D:\ti\ccs1281\ccs\tools\compiler\ti-cgt-armllvm_4.0.0.LTS\lib\armv6m-ti-none-eabi\</path>
         <kind>archive</kind>
         <file>libclang_rt.builtins.a</file>
         <name>aeabi_memcpy.S.obj</name>
      </input_file>
      <input_file id="fl-119">
         <path>D:\ti\ccs1281\ccs\tools\compiler\ti-cgt-armllvm_4.0.0.LTS\lib\armv6m-ti-none-eabi\</path>
         <kind>archive</kind>
         <file>libclang_rt.builtins.a</file>
         <name>aeabi_memset.S.obj</name>
      </input_file>
      <input_file id="fl-11a">
         <path>D:\ti\ccs1281\ccs\tools\compiler\ti-cgt-armllvm_4.0.0.LTS\lib\armv6m-ti-none-eabi\</path>
         <kind>archive</kind>
         <file>libclang_rt.builtins.a</file>
         <name>aeabi_uidivmod.S.obj</name>
      </input_file>
      <input_file id="fl-11b">
         <path>D:\ti\ccs1281\ccs\tools\compiler\ti-cgt-armllvm_4.0.0.LTS\lib\armv6m-ti-none-eabi\</path>
         <kind>archive</kind>
         <file>libclang_rt.builtins.a</file>
         <name>aeabi_uldivmod.S.obj</name>
      </input_file>
      <input_file id="fl-11c">
         <path>D:\ti\ccs1281\ccs\tools\compiler\ti-cgt-armllvm_4.0.0.LTS\lib\armv6m-ti-none-eabi\</path>
         <kind>archive</kind>
         <file>libclang_rt.builtins.a</file>
         <name>comparesf2.S.obj</name>
      </input_file>
      <input_file id="fl-11d">
         <path>D:\ti\ccs1281\ccs\tools\compiler\ti-cgt-armllvm_4.0.0.LTS\lib\armv6m-ti-none-eabi\</path>
         <kind>archive</kind>
         <file>libclang_rt.builtins.a</file>
         <name>udivmoddi4.S.obj</name>
      </input_file>
      <input_file id="fl-11e">
         <path>D:\ti\ccs1281\ccs\tools\compiler\ti-cgt-armllvm_4.0.0.LTS\lib\armv6m-ti-none-eabi\</path>
         <kind>archive</kind>
         <file>libclang_rt.builtins.a</file>
         <name>ashldi3.S.obj</name>
      </input_file>
      <input_file id="fl-11f">
         <path>D:\ti\ccs1281\ccs\tools\compiler\ti-cgt-armllvm_4.0.0.LTS\lib\armv6m-ti-none-eabi\</path>
         <kind>archive</kind>
         <file>libclang_rt.builtins.a</file>
         <name>comparedf2.c.obj</name>
      </input_file>
      <input_file id="fl-120">
         <path>D:\ti\ccs1281\ccs\tools\compiler\ti-cgt-armllvm_4.0.0.LTS\lib\armv6m-ti-none-eabi\</path>
         <kind>archive</kind>
         <file>libclang_rt.builtins.a</file>
         <name>aeabi_div0.c.obj</name>
      </input_file>
      <input_file id="fl-121">
         <path>D:\ti\ccs1281\ccs\tools\compiler\ti-cgt-armllvm_4.0.0.LTS\lib\armv6m-ti-none-eabi\c\</path>
         <kind>archive</kind>
         <file>libc.a</file>
         <name>getdevice.c.obj</name>
      </input_file>
      <input_file id="fl-122">
         <path>D:\ti\ccs1281\ccs\tools\compiler\ti-cgt-armllvm_4.0.0.LTS\lib\armv6m-ti-none-eabi\c\</path>
         <kind>archive</kind>
         <file>libc.a</file>
         <name>memcpy16.S.obj</name>
      </input_file>
      <input_file id="fl-123">
         <path>D:\ti\ccs1281\ccs\tools\compiler\ti-cgt-armllvm_4.0.0.LTS\lib\armv6m-ti-none-eabi\c\</path>
         <kind>archive</kind>
         <file>libc.a</file>
         <name>memset16.S.obj</name>
      </input_file>
      <input_file id="fl-124">
         <path>D:\ti\ccs1281\ccs\tools\compiler\ti-cgt-armllvm_4.0.0.LTS\lib\armv6m-ti-none-eabi\c\</path>
         <kind>archive</kind>
         <file>libc.a</file>
         <name>strcmp-armv6m.S.obj</name>
      </input_file>
   </input_file_list>
   <object_component_list>
      <object_component id="oc-18">
         <name>.intvecs</name>
         <load_address>0x0</load_address>
         <readonly>true</readonly>
         <run_address>0x0</run_address>
         <size>0xc0</size>
         <alignment>0x4</alignment>
         <input_file_ref idref="fl-3"/>
      </object_component>
      <object_component id="oc-2dc">
         <name>.text:__TI_printfi_nofloat</name>
         <load_address>0xc0</load_address>
         <readonly>true</readonly>
         <executable>true</executable>
         <run_address>0xc0</run_address>
         <size>0x868</size>
         <alignment>0x4</alignment>
         <input_file_ref idref="fl-4e"/>
      </object_component>
      <object_component id="oc-fa">
         <name>.text.Line_Run</name>
         <load_address>0x928</load_address>
         <readonly>true</readonly>
         <executable>true</executable>
         <run_address>0x928</run_address>
         <size>0x818</size>
         <alignment>0x4</alignment>
         <input_file_ref idref="fl-a"/>
      </object_component>
      <object_component id="oc-271">
         <name>.text.MPU6050_QuaternionUpdateDt</name>
         <load_address>0x1140</load_address>
         <readonly>true</readonly>
         <executable>true</executable>
         <run_address>0x1140</run_address>
         <size>0x730</size>
         <alignment>0x4</alignment>
         <input_file_ref idref="fl-c"/>
      </object_component>
      <object_component id="oc-2aa">
         <name>.text.__kernel_rem_pio2</name>
         <load_address>0x1870</load_address>
         <readonly>true</readonly>
         <executable>true</executable>
         <run_address>0x1870</run_address>
         <size>0x644</size>
         <alignment>0x4</alignment>
         <input_file_ref idref="fl-42"/>
      </object_component>
      <object_component id="oc-293">
         <name>.text.MPU6050_QuaternionUpdateFastDt</name>
         <load_address>0x1eb4</load_address>
         <readonly>true</readonly>
         <executable>true</executable>
         <run_address>0x1eb4</run_address>
         <size>0x474</size>
         <alignment>0x4</alignment>
         <input_file_ref idref="fl-c"/>
      </object_component>
      <object_component id="oc-1ab">
         <name>.text.Param_Save</name>
         <load_address>0x2328</load_address>
         <readonly>true</readonly>
         <executable>true</executable>
         <run_address>0x2328</run_address>
         <size>0x380</size>
         <alignment>0x4</alignment>
         <input_file_ref idref="fl-e"/>
      </object_component>
      <object_component id="oc-95">
         <name>.text.main</name>
         <load_address>0x26a8</load_address>
         <readonly>true</readonly>
         <executable>true</executable>
         <run_address>0x26a8</run_address>
         <size>0x374</size>
         <alignment>0x4</alignment>
         <input_file_ref idref="fl-1"/>
      </object_component>
      <object_component id="oc-174">
         <name>.text.Param_Load</name>
         <load_address>0x2a1c</load_address>
         <readonly>true</readonly>
         <executable>true</executable>
         <run_address>0x2a1c</run_address>
         <size>0x294</size>
         <alignment>0x4</alignment>
         <input_file_ref idref="fl-e"/>
      </object_component>
      <object_component id="oc-141">
         <name>.text.SYSCFG_DL_GPIO_init</name>
         <load_address>0x2cb0</load_address>
         <readonly>true</readonly>
         <executable>true</executable>
         <run_address>0x2cb0</run_address>
         <size>0x248</size>
         <alignment>0x4</alignment>
         <input_file_ref idref="fl-2"/>
      </object_component>
      <object_component id="oc-2de">
         <name>.text.MPU6050_ReadDataCalibrated</name>
         <load_address>0x2ef8</load_address>
         <readonly>true</readonly>
         <executable>true</executable>
         <run_address>0x2ef8</run_address>
         <size>0x228</size>
         <alignment>0x4</alignment>
         <input_file_ref idref="fl-c"/>
      </object_component>
      <object_component id="oc-e1">
         <name>.text.Menu_Load</name>
         <load_address>0x3120</load_address>
         <readonly>true</readonly>
         <executable>true</executable>
         <run_address>0x3120</run_address>
         <size>0x200</size>
         <alignment>0x4</alignment>
         <input_file_ref idref="fl-1"/>
      </object_component>
      <object_component id="oc-e6">
         <name>.text.Run_MpuTest</name>
         <load_address>0x3320</load_address>
         <readonly>true</readonly>
         <executable>true</executable>
         <run_address>0x3320</run_address>
         <size>0x1dc</size>
         <alignment>0x4</alignment>
         <input_file_ref idref="fl-1"/>
      </object_component>
      <object_component id="oc-33e">
         <name>.text.atanf</name>
         <load_address>0x34fc</load_address>
         <readonly>true</readonly>
         <executable>true</executable>
         <run_address>0x34fc</run_address>
         <size>0x1c8</size>
         <alignment>0x4</alignment>
         <input_file_ref idref="fl-3b"/>
      </object_component>
      <object_component id="oc-1cc">
         <name>.text.sinf</name>
         <load_address>0x36c4</load_address>
         <readonly>true</readonly>
         <executable>true</executable>
         <run_address>0x36c4</run_address>
         <size>0x1c8</size>
         <alignment>0x4</alignment>
         <input_file_ref idref="fl-3d"/>
      </object_component>
      <object_component id="oc-297">
         <name>.text.adddf3_subdf3</name>
         <load_address>0x388c</load_address>
         <readonly>true</readonly>
         <executable>true</executable>
         <run_address>0x388c</run_address>
         <size>0x192</size>
         <alignment>0x4</alignment>
         <input_file_ref idref="fl-106"/>
      </object_component>
      <object_component id="oc-d3">
         <name>.text.KEY_Init</name>
         <load_address>0x3a1e</load_address>
         <readonly>true</readonly>
         <executable>true</executable>
         <run_address>0x3a1e</run_address>
         <size>0x2</size>
         <alignment>0x2</alignment>
         <input_file_ref idref="fl-9"/>
      </object_component>
      <object_component id="oc-71">
         <name>.text.proc</name>
         <load_address>0x3a20</load_address>
         <readonly>true</readonly>
         <executable>true</executable>
         <run_address>0x3a20</run_address>
         <size>0x184</size>
         <alignment>0x4</alignment>
         <input_file_ref idref="fl-f"/>
      </object_component>
      <object_component id="oc-348">
         <name>.text.sqrt</name>
         <load_address>0x3ba4</load_address>
         <readonly>true</readonly>
         <executable>true</executable>
         <run_address>0x3ba4</run_address>
         <size>0x170</size>
         <alignment>0x4</alignment>
         <input_file_ref idref="fl-40"/>
      </object_component>
      <object_component id="oc-2e6">
         <name>.text.asinf</name>
         <load_address>0x3d14</load_address>
         <readonly>true</readonly>
         <executable>true</executable>
         <run_address>0x3d14</run_address>
         <size>0x160</size>
         <alignment>0x4</alignment>
         <input_file_ref idref="fl-38"/>
      </object_component>
      <object_component id="oc-1c7">
         <name>.text.yaw_pid_compute</name>
         <load_address>0x3e74</load_address>
         <readonly>true</readonly>
         <executable>true</executable>
         <run_address>0x3e74</run_address>
         <size>0x160</size>
         <alignment>0x4</alignment>
         <input_file_ref idref="fl-a"/>
      </object_component>
      <object_component id="oc-1ad">
         <name>.text.OLED_ShowChar</name>
         <load_address>0x3fd4</load_address>
         <readonly>true</readonly>
         <executable>true</executable>
         <run_address>0x3fd4</run_address>
         <size>0x158</size>
         <alignment>0x4</alignment>
         <input_file_ref idref="fl-d"/>
      </object_component>
      <object_component id="oc-19a">
         <name>.text.uart_printf</name>
         <load_address>0x412c</load_address>
         <readonly>true</readonly>
         <executable>true</executable>
         <run_address>0x412c</run_address>
         <size>0x158</size>
         <alignment>0x4</alignment>
         <input_file_ref idref="fl-10"/>
      </object_component>
      <object_component id="oc-f2">
         <name>.text.MPU6050_Calibrate</name>
         <load_address>0x4284</load_address>
         <readonly>true</readonly>
         <executable>true</executable>
         <run_address>0x4284</run_address>
         <size>0x154</size>
         <alignment>0x4</alignment>
         <input_file_ref idref="fl-c"/>
      </object_component>
      <object_component id="oc-e4">
         <name>.text.Show_Menu</name>
         <load_address>0x43d8</load_address>
         <readonly>true</readonly>
         <executable>true</executable>
         <run_address>0x43d8</run_address>
         <size>0x14c</size>
         <alignment>0x4</alignment>
         <input_file_ref idref="fl-1"/>
      </object_component>
      <object_component id="oc-305">
         <name>.text.floor</name>
         <load_address>0x4524</load_address>
         <readonly>true</readonly>
         <executable>true</executable>
         <run_address>0x4524</run_address>
         <size>0x144</size>
         <alignment>0x4</alignment>
         <input_file_ref idref="fl-54"/>
      </object_component>
      <object_component id="oc-ee">
         <name>.text.Menu_Save</name>
         <load_address>0x4668</load_address>
         <readonly>true</readonly>
         <executable>true</executable>
         <run_address>0x4668</run_address>
         <size>0x12c</size>
         <alignment>0x4</alignment>
         <input_file_ref idref="fl-1"/>
      </object_component>
      <object_component id="oc-e0">
         <name>.text.MPU_BootDiagnosticInit</name>
         <load_address>0x4794</load_address>
         <readonly>true</readonly>
         <executable>true</executable>
         <run_address>0x4794</run_address>
         <size>0x11c</size>
         <alignment>0x4</alignment>
         <input_file_ref idref="fl-1"/>
      </object_component>
      <object_component id="oc-2e2">
         <name>.text.atan2f</name>
         <load_address>0x48b0</load_address>
         <readonly>true</readonly>
         <executable>true</executable>
         <run_address>0x48b0</run_address>
         <size>0x118</size>
         <alignment>0x4</alignment>
         <input_file_ref idref="fl-39"/>
      </object_component>
      <object_component id="oc-19b">
         <name>.text.OLED_RefreshPages</name>
         <load_address>0x49c8</load_address>
         <readonly>true</readonly>
         <executable>true</executable>
         <run_address>0x49c8</run_address>
         <size>0x10c</size>
         <alignment>0x4</alignment>
         <input_file_ref idref="fl-d"/>
      </object_component>
      <object_component id="oc-232">
         <name>.text.DL_Timer_initFourCCPWMMode</name>
         <load_address>0x4ad4</load_address>
         <readonly>true</readonly>
         <executable>true</executable>
         <run_address>0x4ad4</run_address>
         <size>0x104</size>
         <alignment>0x4</alignment>
         <input_file_ref idref="fl-21"/>
      </object_component>
      <object_component id="oc-b6">
         <name>.text.PID_Calculate</name>
         <load_address>0x4bd8</load_address>
         <readonly>true</readonly>
         <executable>true</executable>
         <run_address>0x4bd8</run_address>
         <size>0xfe</size>
         <alignment>0x2</alignment>
         <input_file_ref idref="fl-4"/>
      </object_component>
      <object_component id="oc-1a5">
         <name>.text.__aeabi_idiv0</name>
         <load_address>0x4cd6</load_address>
         <readonly>true</readonly>
         <executable>true</executable>
         <run_address>0x4cd6</run_address>
         <size>0x2</size>
         <alignment>0x2</alignment>
         <input_file_ref idref="fl-120"/>
      </object_component>
      <object_component id="oc-23c">
         <name>.text.DL_Timer_initTimerMode</name>
         <load_address>0x4cd8</load_address>
         <readonly>true</readonly>
         <executable>true</executable>
         <run_address>0x4cd8</run_address>
         <size>0xfc</size>
         <alignment>0x4</alignment>
         <input_file_ref idref="fl-21"/>
      </object_component>
      <object_component id="oc-1c1">
         <name>.text.Line_ReadSensors</name>
         <load_address>0x4dd4</load_address>
         <readonly>true</readonly>
         <executable>true</executable>
         <run_address>0x4dd4</run_address>
         <size>0xf8</size>
         <alignment>0x4</alignment>
         <input_file_ref idref="fl-a"/>
      </object_component>
      <object_component id="oc-d8">
         <name>.text.OLED_Init</name>
         <load_address>0x4ecc</load_address>
         <readonly>true</readonly>
         <executable>true</executable>
         <run_address>0x4ecc</run_address>
         <size>0xf8</size>
         <alignment>0x2</alignment>
         <input_file_ref idref="fl-d"/>
      </object_component>
      <object_component id="oc-6d">
         <name>.text.Encoder_GPIO_IRQHandler</name>
         <load_address>0x4fc4</load_address>
         <readonly>true</readonly>
         <executable>true</executable>
         <run_address>0x4fc4</run_address>
         <size>0xec</size>
         <alignment>0x4</alignment>
         <input_file_ref idref="fl-6"/>
      </object_component>
      <object_component id="oc-22a">
         <name>.text.SYSCFG_DL_SYSCTL_SYSPLL_init</name>
         <load_address>0x50b0</load_address>
         <readonly>true</readonly>
         <executable>true</executable>
         <run_address>0x50b0</run_address>
         <size>0xec</size>
         <alignment>0x4</alignment>
         <input_file_ref idref="fl-2"/>
      </object_component>
      <object_component id="oc-2df">
         <name>.text.MPU6050_UpdateYaw</name>
         <load_address>0x519c</load_address>
         <readonly>true</readonly>
         <executable>true</executable>
         <run_address>0x519c</run_address>
         <size>0xe4</size>
         <alignment>0x4</alignment>
         <input_file_ref idref="fl-c"/>
      </object_component>
      <object_component id="oc-29b">
         <name>.text.__muldf3</name>
         <load_address>0x5280</load_address>
         <readonly>true</readonly>
         <executable>true</executable>
         <run_address>0x5280</run_address>
         <size>0xe4</size>
         <alignment>0x4</alignment>
         <input_file_ref idref="fl-107"/>
      </object_component>
      <object_component id="oc-a9">
         <name>.text.atoi2</name>
         <load_address>0x5364</load_address>
         <readonly>true</readonly>
         <executable>true</executable>
         <run_address>0x5364</run_address>
         <size>0xde</size>
         <alignment>0x2</alignment>
         <input_file_ref idref="fl-f"/>
      </object_component>
      <object_component id="oc-387">
         <name>.text.__aeabi_ldiv0</name>
         <load_address>0x5442</load_address>
         <readonly>true</readonly>
         <executable>true</executable>
         <run_address>0x5442</run_address>
         <size>0x2</size>
         <alignment>0x2</alignment>
         <input_file_ref idref="fl-120"/>
      </object_component>
      <object_component id="oc-229">
         <name>.text.DL_SYSCTL_configSYSPLL</name>
         <load_address>0x5444</load_address>
         <readonly>true</readonly>
         <executable>true</executable>
         <run_address>0x5444</run_address>
         <size>0xdc</size>
         <alignment>0x4</alignment>
         <input_file_ref idref="fl-23"/>
      </object_component>
      <object_component id="oc-289">
         <name>.text.DL_FlashCTL_protectSector</name>
         <load_address>0x5520</load_address>
         <readonly>true</readonly>
         <executable>true</executable>
         <run_address>0x5520</run_address>
         <size>0xd8</size>
         <alignment>0x4</alignment>
         <input_file_ref idref="fl-1f"/>
      </object_component>
      <object_component id="oc-282">
         <name>.text.DL_FlashCTL_unprotectSector</name>
         <load_address>0x55f8</load_address>
         <readonly>true</readonly>
         <executable>true</executable>
         <run_address>0x55f8</run_address>
         <size>0xd8</size>
         <alignment>0x4</alignment>
         <input_file_ref idref="fl-1f"/>
      </object_component>
      <object_component id="oc-301">
         <name>.text.scalbn</name>
         <load_address>0x56d0</load_address>
         <readonly>true</readonly>
         <executable>true</executable>
         <run_address>0x56d0</run_address>
         <size>0xd8</size>
         <alignment>0x4</alignment>
         <input_file_ref idref="fl-56"/>
      </object_component>
      <object_component id="oc-120">
         <name>.text</name>
         <load_address>0x57a8</load_address>
         <readonly>true</readonly>
         <executable>true</executable>
         <run_address>0x57a8</run_address>
         <size>0xd8</size>
         <alignment>0x4</alignment>
         <input_file_ref idref="fl-105"/>
      </object_component>
      <object_component id="oc-291">
         <name>.text.MPU6050_ReadRegs</name>
         <load_address>0x5880</load_address>
         <readonly>true</readonly>
         <executable>true</executable>
         <run_address>0x5880</run_address>
         <size>0xc8</size>
         <alignment>0x4</alignment>
         <input_file_ref idref="fl-c"/>
      </object_component>
      <object_component id="oc-e8">
         <name>.text.KEY1_ScanShortLong</name>
         <load_address>0x5948</load_address>
         <readonly>true</readonly>
         <executable>true</executable>
         <run_address>0x5948</run_address>
         <size>0xba</size>
         <alignment>0x2</alignment>
         <input_file_ref idref="fl-9"/>
      </object_component>
      <object_component id="oc-e9">
         <name>.text.KEY2_ScanShortLong</name>
         <load_address>0x5a02</load_address>
         <readonly>true</readonly>
         <executable>true</executable>
         <run_address>0x5a02</run_address>
         <size>0xba</size>
         <alignment>0x2</alignment>
         <input_file_ref idref="fl-9"/>
      </object_component>
      <object_component id="oc-e5">
         <name>.text.KEY3_ScanShortLong</name>
         <load_address>0x5abc</load_address>
         <readonly>true</readonly>
         <executable>true</executable>
         <run_address>0x5abc</run_address>
         <size>0xba</size>
         <alignment>0x2</alignment>
         <input_file_ref idref="fl-9"/>
      </object_component>
      <object_component id="oc-e3">
         <name>.text.KEY4_ScanShortLong</name>
         <load_address>0x5b76</load_address>
         <readonly>true</readonly>
         <executable>true</executable>
         <run_address>0x5b76</run_address>
         <size>0xba</size>
         <alignment>0x2</alignment>
         <input_file_ref idref="fl-9"/>
      </object_component>
      <object_component id="oc-27a">
         <name>.text.OLED_WR_DataBurst</name>
         <load_address>0x5c30</load_address>
         <readonly>true</readonly>
         <executable>true</executable>
         <run_address>0x5c30</run_address>
         <size>0xb4</size>
         <alignment>0x4</alignment>
         <input_file_ref idref="fl-d"/>
      </object_component>
      <object_component id="oc-140">
         <name>.text.SYSCFG_DL_initPower</name>
         <load_address>0x5ce4</load_address>
         <readonly>true</readonly>
         <executable>true</executable>
         <run_address>0x5ce4</run_address>
         <size>0xb0</size>
         <alignment>0x4</alignment>
         <input_file_ref idref="fl-2"/>
      </object_component>
      <object_component id="oc-2a5">
         <name>.text.__kernel_sindf</name>
         <load_address>0x5d94</load_address>
         <readonly>true</readonly>
         <executable>true</executable>
         <run_address>0x5d94</run_address>
         <size>0xac</size>
         <alignment>0x4</alignment>
         <input_file_ref idref="fl-3d"/>
      </object_component>
      <object_component id="oc-367">
         <name>.text</name>
         <load_address>0x5e40</load_address>
         <readonly>true</readonly>
         <executable>true</executable>
         <run_address>0x5e40</run_address>
         <size>0xa2</size>
         <alignment>0x4</alignment>
         <input_file_ref idref="fl-11d"/>
      </object_component>
      <object_component id="oc-265">
         <name>.text.MPU6050_ReadReg</name>
         <load_address>0x5ee4</load_address>
         <readonly>true</readonly>
         <executable>true</executable>
         <run_address>0x5ee4</run_address>
         <size>0xa0</size>
         <alignment>0x4</alignment>
         <input_file_ref idref="fl-c"/>
      </object_component>
      <object_component id="oc-2a4">
         <name>.text.__kernel_cosdf</name>
         <load_address>0x5f84</load_address>
         <readonly>true</readonly>
         <executable>true</executable>
         <run_address>0x5f84</run_address>
         <size>0x9c</size>
         <alignment>0x4</alignment>
         <input_file_ref idref="fl-3d"/>
      </object_component>
      <object_component id="oc-189">
         <name>.text.KEY_IsPressed</name>
         <load_address>0x6020</load_address>
         <readonly>true</readonly>
         <executable>true</executable>
         <run_address>0x6020</run_address>
         <size>0x98</size>
         <alignment>0x4</alignment>
         <input_file_ref idref="fl-9"/>
      </object_component>
      <object_component id="oc-f0">
         <name>.text.OLED_ShowString</name>
         <load_address>0x60b8</load_address>
         <readonly>true</readonly>
         <executable>true</executable>
         <run_address>0x60b8</run_address>
         <size>0x98</size>
         <alignment>0x2</alignment>
         <input_file_ref idref="fl-d"/>
      </object_component>
      <object_component id="oc-1d2">
         <name>.text.Line_GetPosition</name>
         <load_address>0x6150</load_address>
         <readonly>true</readonly>
         <executable>true</executable>
         <run_address>0x6150</run_address>
         <size>0x90</size>
         <alignment>0x4</alignment>
         <input_file_ref idref="fl-a"/>
      </object_component>
      <object_component id="oc-143">
         <name>.text.SYSCFG_DL_PWM_0_init</name>
         <load_address>0x61e0</load_address>
         <readonly>true</readonly>
         <executable>true</executable>
         <run_address>0x61e0</run_address>
         <size>0x90</size>
         <alignment>0x4</alignment>
         <input_file_ref idref="fl-2"/>
      </object_component>
      <object_component id="oc-144">
         <name>.text.SYSCFG_DL_PWM_Servo_init</name>
         <load_address>0x6270</load_address>
         <readonly>true</readonly>
         <executable>true</executable>
         <run_address>0x6270</run_address>
         <size>0x90</size>
         <alignment>0x4</alignment>
         <input_file_ref idref="fl-2"/>
      </object_component>
      <object_component id="oc-124">
         <name>.text.__mulsf3</name>
         <load_address>0x6300</load_address>
         <readonly>true</readonly>
         <executable>true</executable>
         <run_address>0x6300</run_address>
         <size>0x8c</size>
         <alignment>0x4</alignment>
         <input_file_ref idref="fl-109"/>
      </object_component>
      <object_component id="oc-d2">
         <name>.text.Line_Tracking_Init</name>
         <load_address>0x638c</load_address>
         <readonly>true</readonly>
         <executable>true</executable>
         <run_address>0x638c</run_address>
         <size>0x88</size>
         <alignment>0x4</alignment>
         <input_file_ref idref="fl-a"/>
      </object_component>
      <object_component id="oc-167">
         <name>.text.MPU6050_Init</name>
         <load_address>0x6414</load_address>
         <readonly>true</readonly>
         <executable>true</executable>
         <run_address>0x6414</run_address>
         <size>0x88</size>
         <alignment>0x4</alignment>
         <input_file_ref idref="fl-c"/>
      </object_component>
      <object_component id="oc-25e">
         <name>.text.__NVIC_SetPriority</name>
         <load_address>0x649c</load_address>
         <readonly>true</readonly>
         <executable>true</executable>
         <run_address>0x649c</run_address>
         <size>0x84</size>
         <alignment>0x4</alignment>
         <input_file_ref idref="fl-10"/>
      </object_component>
      <object_component id="oc-22f">
         <name>.text.__NVIC_SetPriority</name>
         <load_address>0x6520</load_address>
         <readonly>true</readonly>
         <executable>true</executable>
         <run_address>0x6520</run_address>
         <size>0x84</size>
         <alignment>0x4</alignment>
         <input_file_ref idref="fl-2"/>
      </object_component>
      <object_component id="oc-2f2">
         <name>.text.__divsf3</name>
         <load_address>0x65a4</load_address>
         <readonly>true</readonly>
         <executable>true</executable>
         <run_address>0x65a4</run_address>
         <size>0x82</size>
         <alignment>0x4</alignment>
         <input_file_ref idref="fl-10a"/>
      </object_component>
      <object_component id="oc-273">
         <name>.text.uart_putnum</name>
         <load_address>0x6626</load_address>
         <readonly>true</readonly>
         <executable>true</executable>
         <run_address>0x6626</run_address>
         <size>0x82</size>
         <alignment>0x2</alignment>
         <input_file_ref idref="fl-10"/>
      </object_component>
      <object_component id="oc-ba">
         <name>.text.AO_Control</name>
         <load_address>0x66a8</load_address>
         <readonly>true</readonly>
         <executable>true</executable>
         <run_address>0x66a8</run_address>
         <size>0x80</size>
         <alignment>0x4</alignment>
         <input_file_ref idref="fl-5"/>
      </object_component>
      <object_component id="oc-28b">
         <name>.text.DL_FlashCTL_programMemoryBlockingFromRAM64WithECCGenerated</name>
         <load_address>0x6728</load_address>
         <readonly>true</readonly>
         <executable>true</executable>
         <run_address>0x6728</run_address>
         <size>0x80</size>
         <alignment>0x4</alignment>
         <input_file_ref idref="fl-1f"/>
      </object_component>
      <object_component id="oc-142">
         <name>.text.SYSCFG_DL_SYSCTL_init</name>
         <load_address>0x67a8</load_address>
         <readonly>true</readonly>
         <executable>true</executable>
         <run_address>0x67a8</run_address>
         <size>0x80</size>
         <alignment>0x4</alignment>
         <input_file_ref idref="fl-2"/>
      </object_component>
      <object_component id="oc-43">
         <name>.text.TIMG0_IRQHandler</name>
         <load_address>0x6828</load_address>
         <readonly>true</readonly>
         <executable>true</executable>
         <run_address>0x6828</run_address>
         <size>0x80</size>
         <alignment>0x4</alignment>
         <input_file_ref idref="fl-4"/>
      </object_component>
      <object_component id="oc-1c">
         <name>.text:decompress:lzss</name>
         <load_address>0x68a8</load_address>
         <readonly>true</readonly>
         <executable>true</executable>
         <run_address>0x68a8</run_address>
         <size>0x7c</size>
         <alignment>0x4</alignment>
         <input_file_ref idref="fl-4d"/>
      </object_component>
      <object_component id="oc-2e0">
         <name>.text.invSqrt</name>
         <load_address>0x6924</load_address>
         <readonly>true</readonly>
         <executable>true</executable>
         <run_address>0x6924</run_address>
         <size>0x78</size>
         <alignment>0x4</alignment>
         <input_file_ref idref="fl-c"/>
      </object_component>
      <object_component id="oc-bf">
         <name>.text.BO_Control</name>
         <load_address>0x699c</load_address>
         <readonly>true</readonly>
         <executable>true</executable>
         <run_address>0x699c</run_address>
         <size>0x74</size>
         <alignment>0x4</alignment>
         <input_file_ref idref="fl-5"/>
      </object_component>
      <object_component id="oc-163">
         <name>.text.OLED_WR_Byte</name>
         <load_address>0x6a10</load_address>
         <readonly>true</readonly>
         <executable>true</executable>
         <run_address>0x6a10</run_address>
         <size>0x74</size>
         <alignment>0x4</alignment>
         <input_file_ref idref="fl-d"/>
      </object_component>
      <object_component id="oc-317">
         <name>.text.__gedf2</name>
         <load_address>0x6a84</load_address>
         <readonly>true</readonly>
         <executable>true</executable>
         <run_address>0x6a84</run_address>
         <size>0x74</size>
         <alignment>0x4</alignment>
         <input_file_ref idref="fl-11f"/>
      </object_component>
      <object_component id="oc-ef">
         <name>.text.Car_Stop</name>
         <load_address>0x6af8</load_address>
         <readonly>true</readonly>
         <executable>true</executable>
         <run_address>0x6af8</run_address>
         <size>0x8</size>
         <alignment>0x2</alignment>
         <input_file_ref idref="fl-a"/>
      </object_component>
      <object_component id="oc-274">
         <name>.text.__truncdfsf2</name>
         <load_address>0x6b00</load_address>
         <readonly>true</readonly>
         <executable>true</executable>
         <run_address>0x6b00</run_address>
         <size>0x74</size>
         <alignment>0x10</alignment>
         <input_file_ref idref="fl-114"/>
      </object_component>
      <object_component id="oc-263">
         <name>.text.MPU6050_WriteReg</name>
         <load_address>0x6b74</load_address>
         <readonly>true</readonly>
         <executable>true</executable>
         <run_address>0x6b74</run_address>
         <size>0x70</size>
         <alignment>0x4</alignment>
         <input_file_ref idref="fl-c"/>
      </object_component>
      <object_component id="oc-311">
         <name>.text.__ledf2</name>
         <load_address>0x6be4</load_address>
         <readonly>true</readonly>
         <executable>true</executable>
         <run_address>0x6be4</run_address>
         <size>0x68</size>
         <alignment>0x4</alignment>
         <input_file_ref idref="fl-11f"/>
      </object_component>
      <object_component id="oc-223">
         <name>.text.DL_SYSCTL_setHFCLKSourceHFXTParams</name>
         <load_address>0x6c4c</load_address>
         <readonly>true</readonly>
         <executable>true</executable>
         <run_address>0x6c4c</run_address>
         <size>0x64</size>
         <alignment>0x4</alignment>
         <input_file_ref idref="fl-23"/>
      </object_component>
      <object_component id="oc-f7">
         <name>.text.MPU6050_QuaternionReset</name>
         <load_address>0x6cb0</load_address>
         <readonly>true</readonly>
         <executable>true</executable>
         <run_address>0x6cb0</run_address>
         <size>0x64</size>
         <alignment>0x4</alignment>
         <input_file_ref idref="fl-c"/>
      </object_component>
      <object_component id="oc-28d">
         <name>.text.OLED_ClearPoint</name>
         <load_address>0x6d14</load_address>
         <readonly>true</readonly>
         <executable>true</executable>
         <run_address>0x6d14</run_address>
         <size>0x64</size>
         <alignment>0x4</alignment>
         <input_file_ref idref="fl-d"/>
      </object_component>
      <object_component id="oc-2ca">
         <name>.text.__aeabi_dcmp</name>
         <load_address>0x6d78</load_address>
         <readonly>true</readonly>
         <executable>true</executable>
         <run_address>0x6d78</run_address>
         <size>0x62</size>
         <alignment>0x4</alignment>
         <input_file_ref idref="fl-115"/>
      </object_component>
      <object_component id="oc-128">
         <name>.text.__aeabi_fcmp</name>
         <load_address>0x6ddc</load_address>
         <readonly>true</readonly>
         <executable>true</executable>
         <run_address>0x6ddc</run_address>
         <size>0x62</size>
         <alignment>0x4</alignment>
         <input_file_ref idref="fl-116"/>
      </object_component>
      <object_component id="oc-7e">
         <name>.text.Car_SetMotors</name>
         <load_address>0x6e3e</load_address>
         <readonly>true</readonly>
         <executable>true</executable>
         <run_address>0x6e3e</run_address>
         <size>0x60</size>
         <alignment>0x2</alignment>
         <input_file_ref idref="fl-a"/>
      </object_component>
      <object_component id="oc-df">
         <name>.text.OLED_Clear</name>
         <load_address>0x6ea0</load_address>
         <readonly>true</readonly>
         <executable>true</executable>
         <run_address>0x6ea0</run_address>
         <size>0x60</size>
         <alignment>0x4</alignment>
         <input_file_ref idref="fl-d"/>
      </object_component>
      <object_component id="oc-1c6">
         <name>.text.yaw_error_wrap</name>
         <load_address>0x6f00</load_address>
         <readonly>true</readonly>
         <executable>true</executable>
         <run_address>0x6f00</run_address>
         <size>0x60</size>
         <alignment>0x4</alignment>
         <input_file_ref idref="fl-a"/>
      </object_component>
      <object_component id="oc-261">
         <name>.text.DL_I2C_fillControllerTXFIFO</name>
         <load_address>0x6f60</load_address>
         <readonly>true</readonly>
         <executable>true</executable>
         <run_address>0x6f60</run_address>
         <size>0x5e</size>
         <alignment>0x2</alignment>
         <input_file_ref idref="fl-20"/>
      </object_component>
      <object_component id="oc-185">
         <name>.text.Line_SetMpuMode</name>
         <load_address>0x6fc0</load_address>
         <readonly>true</readonly>
         <executable>true</executable>
         <run_address>0x6fc0</run_address>
         <size>0x5c</size>
         <alignment>0x4</alignment>
         <input_file_ref idref="fl-a"/>
      </object_component>
      <object_component id="oc-147">
         <name>.text.SYSCFG_DL_MPU6050_init</name>
         <load_address>0x701c</load_address>
         <readonly>true</readonly>
         <executable>true</executable>
         <run_address>0x701c</run_address>
         <size>0x58</size>
         <alignment>0x4</alignment>
         <input_file_ref idref="fl-2"/>
      </object_component>
      <object_component id="oc-146">
         <name>.text.SYSCFG_DL_OLED_init</name>
         <load_address>0x7074</load_address>
         <readonly>true</readonly>
         <executable>true</executable>
         <run_address>0x7074</run_address>
         <size>0x58</size>
         <alignment>0x4</alignment>
         <input_file_ref idref="fl-2"/>
      </object_component>
      <object_component id="oc-196">
         <name>.text.__aeabi_idivmod</name>
         <load_address>0x70cc</load_address>
         <readonly>true</readonly>
         <executable>true</executable>
         <run_address>0x70cc</run_address>
         <size>0x56</size>
         <alignment>0x4</alignment>
         <input_file_ref idref="fl-117"/>
      </object_component>
      <object_component id="oc-270">
         <name>.text.MPU6050_GetAutoDt</name>
         <load_address>0x7124</load_address>
         <readonly>true</readonly>
         <executable>true</executable>
         <run_address>0x7124</run_address>
         <size>0x54</size>
         <alignment>0x4</alignment>
         <input_file_ref idref="fl-c"/>
      </object_component>
      <object_component id="oc-214">
         <name>.text.DL_GPIO_initPeripheralInputFunctionFeatures</name>
         <load_address>0x7178</load_address>
         <readonly>true</readonly>
         <executable>true</executable>
         <run_address>0x7178</run_address>
         <size>0x50</size>
         <alignment>0x4</alignment>
         <input_file_ref idref="fl-2"/>
      </object_component>
      <object_component id="oc-2d4">
         <name>.text.DL_I2C_startControllerTransfer</name>
         <load_address>0x71c8</load_address>
         <readonly>true</readonly>
         <executable>true</executable>
         <run_address>0x71c8</run_address>
         <size>0x50</size>
         <alignment>0x4</alignment>
         <input_file_ref idref="fl-c"/>
      </object_component>
      <object_component id="oc-262">
         <name>.text.DL_I2C_startControllerTransfer</name>
         <load_address>0x7218</load_address>
         <readonly>true</readonly>
         <executable>true</executable>
         <run_address>0x7218</run_address>
         <size>0x50</size>
         <alignment>0x4</alignment>
         <input_file_ref idref="fl-d"/>
      </object_component>
      <object_component id="oc-cc">
         <name>.text.SYSCFG_DL_init</name>
         <load_address>0x7268</load_address>
         <readonly>true</readonly>
         <executable>true</executable>
         <run_address>0x7268</run_address>
         <size>0x50</size>
         <alignment>0x4</alignment>
         <input_file_ref idref="fl-2"/>
      </object_component>
      <object_component id="oc-150">
         <name>.text.SysTick_Config</name>
         <load_address>0x72b8</load_address>
         <readonly>true</readonly>
         <executable>true</executable>
         <run_address>0x72b8</run_address>
         <size>0x50</size>
         <alignment>0x4</alignment>
         <input_file_ref idref="fl-10"/>
      </object_component>
      <object_component id="oc-218">
         <name>.text.DL_GPIO_initDigitalInputFeatures</name>
         <load_address>0x7308</load_address>
         <readonly>true</readonly>
         <executable>true</executable>
         <run_address>0x7308</run_address>
         <size>0x4c</size>
         <alignment>0x4</alignment>
         <input_file_ref idref="fl-2"/>
      </object_component>
      <object_component id="oc-258">
         <name>.text.DL_UART_setBaudRateDivisor</name>
         <load_address>0x7354</load_address>
         <readonly>true</readonly>
         <executable>true</executable>
         <run_address>0x7354</run_address>
         <size>0x4c</size>
         <alignment>0x4</alignment>
         <input_file_ref idref="fl-2"/>
      </object_component>
      <object_component id="oc-78">
         <name>.text.Speed_PID_Update</name>
         <load_address>0x73a0</load_address>
         <readonly>true</readonly>
         <executable>true</executable>
         <run_address>0x73a0</run_address>
         <size>0x4c</size>
         <alignment>0x4</alignment>
         <input_file_ref idref="fl-4"/>
      </object_component>
      <object_component id="oc-1f5">
         <name>.text.copy_in</name>
         <load_address>0x73ec</load_address>
         <readonly>true</readonly>
         <executable>true</executable>
         <run_address>0x73ec</run_address>
         <size>0x4c</size>
         <alignment>0x4</alignment>
         <input_file_ref idref="fl-4a"/>
      </object_component>
      <object_component id="oc-114">
         <name>.text:__TI_auto_init_nopinit</name>
         <load_address>0x7438</load_address>
         <readonly>true</readonly>
         <executable>true</executable>
         <run_address>0x7438</run_address>
         <size>0x4c</size>
         <alignment>0x4</alignment>
         <input_file_ref idref="fl-48"/>
      </object_component>
      <object_component id="oc-29f">
         <name>.text.__fixdfsi</name>
         <load_address>0x7484</load_address>
         <readonly>true</readonly>
         <executable>true</executable>
         <run_address>0x7484</run_address>
         <size>0x4a</size>
         <alignment>0x4</alignment>
         <input_file_ref idref="fl-10d"/>
      </object_component>
      <object_component id="oc-256">
         <name>.text.DL_UART_init</name>
         <load_address>0x74d0</load_address>
         <readonly>true</readonly>
         <executable>true</executable>
         <run_address>0x74d0</run_address>
         <size>0x48</size>
         <alignment>0x4</alignment>
         <input_file_ref idref="fl-22"/>
      </object_component>
      <object_component id="oc-de">
         <name>.text.OLED_DisplayTurn</name>
         <load_address>0x7518</load_address>
         <readonly>true</readonly>
         <executable>true</executable>
         <run_address>0x7518</run_address>
         <size>0x48</size>
         <alignment>0x2</alignment>
         <input_file_ref idref="fl-d"/>
      </object_component>
      <object_component id="oc-28c">
         <name>.text.OLED_DrawPoint</name>
         <load_address>0x7560</load_address>
         <readonly>true</readonly>
         <executable>true</executable>
         <run_address>0x7560</run_address>
         <size>0x48</size>
         <alignment>0x4</alignment>
         <input_file_ref idref="fl-d"/>
      </object_component>
      <object_component id="oc-22e">
         <name>.text.DL_SYSCTL_switchMCLKfromSYSOSCtoHSCLK</name>
         <load_address>0x75a8</load_address>
         <readonly>true</readonly>
         <executable>true</executable>
         <run_address>0x75a8</run_address>
         <size>0x44</size>
         <alignment>0x4</alignment>
         <input_file_ref idref="fl-23"/>
      </object_component>
      <object_component id="oc-e2">
         <name>.text.Show_Home</name>
         <load_address>0x75ec</load_address>
         <readonly>true</readonly>
         <executable>true</executable>
         <run_address>0x75ec</run_address>
         <size>0x44</size>
         <alignment>0x4</alignment>
         <input_file_ref idref="fl-1"/>
      </object_component>
      <object_component id="oc-1ae">
         <name>.text.MPU6050_ReadAccelRaw</name>
         <load_address>0x7630</load_address>
         <readonly>true</readonly>
         <executable>true</executable>
         <run_address>0x7630</run_address>
         <size>0x40</size>
         <alignment>0x2</alignment>
         <input_file_ref idref="fl-c"/>
      </object_component>
      <object_component id="oc-1af">
         <name>.text.MPU6050_ReadGyroRaw</name>
         <load_address>0x7670</load_address>
         <readonly>true</readonly>
         <executable>true</executable>
         <run_address>0x7670</run_address>
         <size>0x40</size>
         <alignment>0x2</alignment>
         <input_file_ref idref="fl-c"/>
      </object_component>
      <object_component id="oc-149">
         <name>.text.SYSCFG_DL_UART_0_init</name>
         <load_address>0x76b0</load_address>
         <readonly>true</readonly>
         <executable>true</executable>
         <run_address>0x76b0</run_address>
         <size>0x40</size>
         <alignment>0x4</alignment>
         <input_file_ref idref="fl-2"/>
      </object_component>
      <object_component id="oc-148">
         <name>.text.SYSCFG_DL_UART_Cam_init</name>
         <load_address>0x76f0</load_address>
         <readonly>true</readonly>
         <executable>true</executable>
         <run_address>0x76f0</run_address>
         <size>0x40</size>
         <alignment>0x4</alignment>
         <input_file_ref idref="fl-2"/>
      </object_component>
      <object_component id="oc-79">
         <name>.text.Speed_PID_Calculate</name>
         <load_address>0x7730</load_address>
         <readonly>true</readonly>
         <executable>true</executable>
         <run_address>0x7730</run_address>
         <size>0x40</size>
         <alignment>0x4</alignment>
         <input_file_ref idref="fl-4"/>
      </object_component>
      <object_component id="oc-ea">
         <name>.text.__aeabi_uidivmod</name>
         <load_address>0x7770</load_address>
         <readonly>true</readonly>
         <executable>true</executable>
         <run_address>0x7770</run_address>
         <size>0x40</size>
         <alignment>0x4</alignment>
         <input_file_ref idref="fl-11a"/>
      </object_component>
      <object_component id="oc-2a6">
         <name>.text.__extendsfdf2</name>
         <load_address>0x77b0</load_address>
         <readonly>true</readonly>
         <executable>true</executable>
         <run_address>0x77b0</run_address>
         <size>0x40</size>
         <alignment>0x4</alignment>
         <input_file_ref idref="fl-10c"/>
      </object_component>
      <object_component id="oc-323">
         <name>.text.atoi</name>
         <load_address>0x77f0</load_address>
         <readonly>true</readonly>
         <executable>true</executable>
         <run_address>0x77f0</run_address>
         <size>0x40</size>
         <alignment>0x4</alignment>
         <input_file_ref idref="fl-5b"/>
      </object_component>
      <object_component id="oc-233">
         <name>.text.DL_Timer_setCounterControl</name>
         <load_address>0x7830</load_address>
         <readonly>true</readonly>
         <executable>true</executable>
         <run_address>0x7830</run_address>
         <size>0x3c</size>
         <alignment>0x4</alignment>
         <input_file_ref idref="fl-2"/>
      </object_component>
      <object_component id="oc-184">
         <name>.text.Line_SetCurveRate100</name>
         <load_address>0x786c</load_address>
         <readonly>true</readonly>
         <executable>true</executable>
         <run_address>0x786c</run_address>
         <size>0x3c</size>
         <alignment>0x4</alignment>
         <input_file_ref idref="fl-a"/>
      </object_component>
      <object_component id="oc-181">
         <name>.text.Line_SetMpuMix</name>
         <load_address>0x78a8</load_address>
         <readonly>true</readonly>
         <executable>true</executable>
         <run_address>0x78a8</run_address>
         <size>0x3c</size>
         <alignment>0x4</alignment>
         <input_file_ref idref="fl-a"/>
      </object_component>
      <object_component id="oc-17e">
         <name>.text.Line_SetTurnSpeed</name>
         <load_address>0x78e4</load_address>
         <readonly>true</readonly>
         <executable>true</executable>
         <run_address>0x78e4</run_address>
         <size>0x3c</size>
         <alignment>0x4</alignment>
         <input_file_ref idref="fl-a"/>
      </object_component>
      <object_component id="oc-17f">
         <name>.text.Line_SetYawKp10</name>
         <load_address>0x7920</load_address>
         <readonly>true</readonly>
         <executable>true</executable>
         <run_address>0x7920</run_address>
         <size>0x3c</size>
         <alignment>0x4</alignment>
         <input_file_ref idref="fl-a"/>
      </object_component>
      <object_component id="oc-182">
         <name>.text.Line_SetYawLimit</name>
         <load_address>0x795c</load_address>
         <readonly>true</readonly>
         <executable>true</executable>
         <run_address>0x795c</run_address>
         <size>0x3c</size>
         <alignment>0x4</alignment>
         <input_file_ref idref="fl-a"/>
      </object_component>
      <object_component id="oc-183">
         <name>.text.Line_SetYawLockCount</name>
         <load_address>0x7998</load_address>
         <readonly>true</readonly>
         <executable>true</executable>
         <run_address>0x7998</run_address>
         <size>0x3c</size>
         <alignment>0x4</alignment>
         <input_file_ref idref="fl-a"/>
      </object_component>
      <object_component id="oc-180">
         <name>.text.Line_SetYawRate100</name>
         <load_address>0x79d4</load_address>
         <readonly>true</readonly>
         <executable>true</executable>
         <run_address>0x79d4</run_address>
         <size>0x3c</size>
         <alignment>0x4</alignment>
         <input_file_ref idref="fl-a"/>
      </object_component>
      <object_component id="oc-1ac">
         <name>.text.TB6612_Motor_Stop</name>
         <load_address>0x7a10</load_address>
         <readonly>true</readonly>
         <executable>true</executable>
         <run_address>0x7a10</run_address>
         <size>0x3c</size>
         <alignment>0x4</alignment>
         <input_file_ref idref="fl-5"/>
      </object_component>
      <object_component id="oc-ae">
         <name>.text.__floatsisf</name>
         <load_address>0x7a4c</load_address>
         <readonly>true</readonly>
         <executable>true</executable>
         <run_address>0x7a4c</run_address>
         <size>0x3c</size>
         <alignment>0x4</alignment>
         <input_file_ref idref="fl-110"/>
      </object_component>
      <object_component id="oc-204">
         <name>.text.__gtsf2</name>
         <load_address>0x7a88</load_address>
         <readonly>true</readonly>
         <executable>true</executable>
         <run_address>0x7a88</run_address>
         <size>0x3c</size>
         <alignment>0x4</alignment>
         <input_file_ref idref="fl-11c"/>
      </object_component>
      <object_component id="oc-1ff">
         <name>.text.__eqsf2</name>
         <load_address>0x7ac4</load_address>
         <readonly>true</readonly>
         <executable>true</executable>
         <run_address>0x7ac4</run_address>
         <size>0x3a</size>
         <alignment>0x4</alignment>
         <input_file_ref idref="fl-11c"/>
      </object_component>
      <object_component id="oc-1fa">
         <name>.text.__muldsi3</name>
         <load_address>0x7b00</load_address>
         <readonly>true</readonly>
         <executable>true</executable>
         <run_address>0x7b00</run_address>
         <size>0x3a</size>
         <alignment>0x4</alignment>
         <input_file_ref idref="fl-108"/>
      </object_component>
      <object_component id="oc-7a">
         <name>.text.__fixsfsi</name>
         <load_address>0x7b3c</load_address>
         <readonly>true</readonly>
         <executable>true</executable>
         <run_address>0x7b3c</run_address>
         <size>0x38</size>
         <alignment>0x4</alignment>
         <input_file_ref idref="fl-10e"/>
      </object_component>
      <object_component id="oc-169">
         <name>.text.sprintf</name>
         <load_address>0x7b74</load_address>
         <readonly>true</readonly>
         <executable>true</executable>
[...]
      </symbol>
      <symbol id="sm-466">
         <name>DL_I2C_fillControllerTXFIFO</name>
         <value>0x6f61</value>
         <object_component_ref idref="oc-261"/>
      </symbol>
      <symbol id="sm-482">
         <name>DL_Timer_setClockConfig</name>
         <value>0x8105</value>
         <object_component_ref idref="oc-231"/>
      </symbol>
      <symbol id="sm-483">
         <name>DL_Timer_initTimerMode</name>
         <value>0x4cd9</value>
         <object_component_ref idref="oc-23c"/>
      </symbol>
      <symbol id="sm-484">
         <name>DL_Timer_setCaptureCompareValue</name>
         <value>0x862d</value>
         <object_component_ref idref="oc-12f"/>
      </symbol>
      <symbol id="sm-485">
         <name>DL_Timer_setCaptCompUpdateMethod</name>
         <value>0x80e9</value>
         <object_component_ref idref="oc-235"/>
      </symbol>
      <symbol id="sm-486">
         <name>DL_Timer_setCaptureCompareOutCtl</name>
         <value>0x8351</value>
         <object_component_ref idref="oc-234"/>
      </symbol>
      <symbol id="sm-487">
         <name>DL_Timer_initFourCCPWMMode</name>
         <value>0x4ad5</value>
         <object_component_ref idref="oc-232"/>
      </symbol>
      <symbol id="sm-497">
         <name>DL_UART_init</name>
         <value>0x74d1</value>
         <object_component_ref idref="oc-256"/>
      </symbol>
      <symbol id="sm-498">
         <name>DL_UART_setClockConfig</name>
         <value>0x85c5</value>
         <object_component_ref idref="oc-250"/>
      </symbol>
      <symbol id="sm-499">
         <name>DL_UART_transmitDataBlocking</name>
         <value>0x7c49</value>
         <object_component_ref idref="oc-2ee"/>
      </symbol>
      <symbol id="sm-4ad">
         <name>DL_SYSCTL_configSYSPLL</name>
         <value>0x5445</value>
         <object_component_ref idref="oc-229"/>
      </symbol>
      <symbol id="sm-4ae">
         <name>DL_SYSCTL_switchMCLKfromSYSOSCtoHSCLK</name>
         <value>0x75a9</value>
         <object_component_ref idref="oc-22e"/>
      </symbol>
      <symbol id="sm-4af">
         <name>DL_SYSCTL_setHFCLKSourceHFXTParams</name>
         <value>0x6c4d</value>
         <object_component_ref idref="oc-223"/>
      </symbol>
      <symbol id="sm-4b0">
         <name>DL_SYSCTL_configFCC</name>
         <value>0x805d</value>
         <object_component_ref idref="oc-2c2"/>
      </symbol>
      <symbol id="sm-4be">
         <name>asinf</name>
         <value>0x3d15</value>
         <object_component_ref idref="oc-2e6"/>
      </symbol>
      <symbol id="sm-4cc">
         <name>atan2f</name>
         <value>0x48b1</value>
         <object_component_ref idref="oc-2e2"/>
      </symbol>
      <symbol id="sm-4e1">
         <name>atanf</name>
         <value>0x34fd</value>
         <object_component_ref idref="oc-33e"/>
      </symbol>
      <symbol id="sm-501">
         <name>sinf</name>
         <value>0x36c5</value>
         <object_component_ref idref="oc-1cc"/>
      </symbol>
      <symbol id="sm-513">
         <name>sprintf</name>
         <value>0x7b75</value>
         <object_component_ref idref="oc-169"/>
      </symbol>
      <symbol id="sm-51d">
         <name>sqrt</name>
         <value>0x3ba5</value>
         <object_component_ref idref="oc-348"/>
      </symbol>
      <symbol id="sm-51e">
         <name>sqrtl</name>
         <value>0x3ba5</value>
         <object_component_ref idref="oc-348"/>
      </symbol>
      <symbol id="sm-529">
         <name>__aeabi_errno_addr</name>
         <value>0x8775</value>
         <object_component_ref idref="oc-32b"/>
      </symbol>
      <symbol id="sm-52a">
         <name>__aeabi_errno</name>
         <value>0x2020077c</value>
         <object_component_ref idref="oc-362"/>
      </symbol>
      <symbol id="sm-546">
         <name>__kernel_rem_pio2</name>
         <value>0x1871</value>
         <object_component_ref idref="oc-2aa"/>
      </symbol>
      <symbol id="sm-554">
         <name>_c_int00_noargs</name>
         <value>0x7ded</value>
         <object_component_ref idref="oc-63"/>
      </symbol>
      <symbol id="sm-555">
         <name>__stack</name>
         <value>0x20207e00</value>
         <object_component_ref idref="oc-1a"/>
      </symbol>
      <symbol id="sm-564">
         <name>__TI_auto_init_nopinit</name>
         <value>0x7439</value>
         <object_component_ref idref="oc-114"/>
      </symbol>
      <symbol id="sm-56c">
         <name>_system_pre_init</name>
         <value>0x8815</value>
         <object_component_ref idref="oc-91"/>
      </symbol>
      <symbol id="sm-576">
         <name>copy_in</name>
         <value>0x73ed</value>
         <object_component_ref idref="oc-1f5"/>
      </symbol>
      <symbol id="sm-580">
         <name>__TI_zero_init</name>
         <value>0x867d</value>
         <object_component_ref idref="oc-60"/>
      </symbol>
      <symbol id="sm-589">
         <name>__TI_decompress_none</name>
         <value>0x85e9</value>
         <object_component_ref idref="oc-20"/>
      </symbol>
      <symbol id="sm-594">
         <name>__TI_decompress_lzss</name>
         <value>0x68a9</value>
         <object_component_ref idref="oc-1c"/>
      </symbol>
      <symbol id="sm-5b6">
         <name>__TI_printfi_nofloat</name>
         <value>0xc1</value>
         <object_component_ref idref="oc-2dc"/>
      </symbol>
      <symbol id="sm-5c3">
         <name>wcslen</name>
         <value>0x866d</value>
         <object_component_ref idref="oc-327"/>
      </symbol>
      <symbol id="sm-5cd">
         <name>floor</name>
         <value>0x4525</value>
         <object_component_ref idref="oc-305"/>
      </symbol>
      <symbol id="sm-5ce">
         <name>floorl</name>
         <value>0x4525</value>
         <object_component_ref idref="oc-305"/>
      </symbol>
      <symbol id="sm-5d9">
         <name>scalbn</name>
         <value>0x56d1</value>
         <object_component_ref idref="oc-301"/>
      </symbol>
      <symbol id="sm-5da">
         <name>ldexp</name>
         <value>0x56d1</value>
         <object_component_ref idref="oc-301"/>
      </symbol>
      <symbol id="sm-5db">
         <name>scalbnl</name>
         <value>0x56d1</value>
         <object_component_ref idref="oc-301"/>
      </symbol>
      <symbol id="sm-5dc">
         <name>ldexpl</name>
         <value>0x56d1</value>
         <object_component_ref idref="oc-301"/>
      </symbol>
      <symbol id="sm-5e6">
         <name>abort</name>
         <value>0x8819</value>
         <object_component_ref idref="oc-106"/>
      </symbol>
      <symbol id="sm-5e7">
         <name>C$$EXIT</name>
         <value>0x8818</value>
         <object_component_ref idref="oc-106"/>
      </symbol>
      <symbol id="sm-5f4">
         <name>atoi</name>
         <value>0x77f1</value>
         <object_component_ref idref="oc-323"/>
      </symbol>
      <symbol id="sm-5fd">
         <name>memccpy</name>
         <value>0x7ef1</value>
         <object_component_ref idref="oc-31c"/>
      </symbol>
      <symbol id="sm-600">
         <name>__aeabi_ctype_table_</name>
         <value>0xa100</value>
         <object_component_ref idref="oc-35b"/>
      </symbol>
      <symbol id="sm-601">
         <name>__aeabi_ctype_table_C</name>
         <value>0xa100</value>
         <object_component_ref idref="oc-35b"/>
      </symbol>
      <symbol id="sm-617">
         <name>__aeabi_fadd</name>
         <value>0x57b3</value>
         <object_component_ref idref="oc-120"/>
      </symbol>
      <symbol id="sm-618">
         <name>__addsf3</name>
         <value>0x57b3</value>
         <object_component_ref idref="oc-120"/>
      </symbol>
      <symbol id="sm-619">
         <name>__aeabi_fsub</name>
         <value>0x57a9</value>
         <object_component_ref idref="oc-120"/>
      </symbol>
      <symbol id="sm-61a">
         <name>__subsf3</name>
         <value>0x57a9</value>
         <object_component_ref idref="oc-120"/>
      </symbol>
      <symbol id="sm-623">
         <name>__aeabi_dadd</name>
         <value>0x3897</value>
         <object_component_ref idref="oc-297"/>
      </symbol>
      <symbol id="sm-624">
         <name>__adddf3</name>
         <value>0x3897</value>
         <object_component_ref idref="oc-297"/>
      </symbol>
      <symbol id="sm-625">
         <name>__aeabi_dsub</name>
         <value>0x388d</value>
         <object_component_ref idref="oc-297"/>
      </symbol>
      <symbol id="sm-626">
         <name>__subdf3</name>
         <value>0x388d</value>
         <object_component_ref idref="oc-297"/>
      </symbol>
      <symbol id="sm-62f">
         <name>__aeabi_dmul</name>
         <value>0x5281</value>
         <object_component_ref idref="oc-29b"/>
      </symbol>
      <symbol id="sm-630">
         <name>__muldf3</name>
         <value>0x5281</value>
         <object_component_ref idref="oc-29b"/>
      </symbol>
      <symbol id="sm-639">
         <name>__muldsi3</name>
         <value>0x7b01</value>
         <object_component_ref idref="oc-1fa"/>
      </symbol>
      <symbol id="sm-63f">
         <name>__aeabi_fmul</name>
         <value>0x6301</value>
         <object_component_ref idref="oc-124"/>
      </symbol>
      <symbol id="sm-640">
         <name>__mulsf3</name>
         <value>0x6301</value>
         <object_component_ref idref="oc-124"/>
      </symbol>
      <symbol id="sm-649">
         <name>__aeabi_fdiv</name>
         <value>0x65a5</value>
         <object_component_ref idref="oc-2f2"/>
      </symbol>
      <symbol id="sm-64a">
         <name>__divsf3</name>
         <value>0x65a5</value>
         <object_component_ref idref="oc-2f2"/>
      </symbol>
      <symbol id="sm-653">
         <name>__aeabi_f2d</name>
         <value>0x77b1</value>
         <object_component_ref idref="oc-2a6"/>
      </symbol>
      <symbol id="sm-654">
         <name>__extendsfdf2</name>
         <value>0x77b1</value>
         <object_component_ref idref="oc-2a6"/>
      </symbol>
      <symbol id="sm-65d">
         <name>__aeabi_d2iz</name>
         <value>0x7485</value>
         <object_component_ref idref="oc-29f"/>
      </symbol>
      <symbol id="sm-65e">
         <name>__fixdfsi</name>
         <value>0x7485</value>
         <object_component_ref idref="oc-29f"/>
      </symbol>
      <symbol id="sm-664">
         <name>__aeabi_f2iz</name>
         <value>0x7b3d</value>
         <object_component_ref idref="oc-7a"/>
      </symbol>
      <symbol id="sm-665">
         <name>__fixsfsi</name>
         <value>0x7b3d</value>
         <object_component_ref idref="oc-7a"/>
      </symbol>
      <symbol id="sm-66b">
         <name>__aeabi_i2d</name>
         <value>0x7cd1</value>
         <object_component_ref idref="oc-2fc"/>
      </symbol>
      <symbol id="sm-66c">
         <name>__floatsidf</name>
         <value>0x7cd1</value>
         <object_component_ref idref="oc-2fc"/>
      </symbol>
      <symbol id="sm-672">
         <name>__aeabi_i2f</name>
         <value>0x7a4d</value>
         <object_component_ref idref="oc-ae"/>
      </symbol>
      <symbol id="sm-673">
         <name>__floatsisf</name>
         <value>0x7a4d</value>
         <object_component_ref idref="oc-ae"/>
      </symbol>
      <symbol id="sm-679">
         <name>__aeabi_ui2d</name>
         <value>0x7e85</value>
         <object_component_ref idref="oc-2c6"/>
      </symbol>
      <symbol id="sm-67a">
         <name>__floatunsidf</name>
         <value>0x7e85</value>
         <object_component_ref idref="oc-2c6"/>
      </symbol>
      <symbol id="sm-680">
         <name>__aeabi_ui2f</name>
         <value>0x7dc5</value>
         <object_component_ref idref="oc-1c8"/>
      </symbol>
      <symbol id="sm-681">
         <name>__floatunsisf</name>
         <value>0x7dc5</value>
         <object_component_ref idref="oc-1c8"/>
      </symbol>
      <symbol id="sm-687">
         <name>__aeabi_lmul</name>
         <value>0x7ea9</value>
         <object_component_ref idref="oc-330"/>
      </symbol>
      <symbol id="sm-688">
         <name>__muldi3</name>
         <value>0x7ea9</value>
         <object_component_ref idref="oc-330"/>
      </symbol>
      <symbol id="sm-68f">
         <name>__aeabi_d2f</name>
         <value>0x6b01</value>
         <object_component_ref idref="oc-274"/>
      </symbol>
      <symbol id="sm-690">
         <name>__truncdfsf2</name>
         <value>0x6b01</value>
         <object_component_ref idref="oc-274"/>
      </symbol>
      <symbol id="sm-696">
         <name>__aeabi_dcmpeq</name>
         <value>0x6d79</value>
         <object_component_ref idref="oc-2ca"/>
      </symbol>
      <symbol id="sm-697">
         <name>__aeabi_dcmplt</name>
         <value>0x6d8d</value>
         <object_component_ref idref="oc-2ca"/>
      </symbol>
      <symbol id="sm-698">
         <name>__aeabi_dcmple</name>
         <value>0x6da1</value>
         <object_component_ref idref="oc-2ca"/>
      </symbol>
      <symbol id="sm-699">
         <name>__aeabi_dcmpge</name>
         <value>0x6db5</value>
         <object_component_ref idref="oc-2ca"/>
      </symbol>
      <symbol id="sm-69a">
         <name>__aeabi_dcmpgt</name>
         <value>0x6dc9</value>
         <object_component_ref idref="oc-2ca"/>
      </symbol>
      <symbol id="sm-6a0">
         <name>__aeabi_fcmpeq</name>
         <value>0x6ddd</value>
         <object_component_ref idref="oc-128"/>
      </symbol>
      <symbol id="sm-6a1">
         <name>__aeabi_fcmplt</name>
         <value>0x6df1</value>
         <object_component_ref idref="oc-128"/>
      </symbol>
      <symbol id="sm-6a2">
         <name>__aeabi_fcmple</name>
         <value>0x6e05</value>
         <object_component_ref idref="oc-128"/>
      </symbol>
      <symbol id="sm-6a3">
         <name>__aeabi_fcmpge</name>
         <value>0x6e19</value>
         <object_component_ref idref="oc-128"/>
      </symbol>
      <symbol id="sm-6a4">
         <name>__aeabi_fcmpgt</name>
         <value>0x6e2d</value>
         <object_component_ref idref="oc-128"/>
      </symbol>
      <symbol id="sm-6aa">
         <name>__aeabi_idiv</name>
         <value>0x70cd</value>
         <object_component_ref idref="oc-196"/>
      </symbol>
      <symbol id="sm-6ab">
         <name>__aeabi_idivmod</name>
         <value>0x70cd</value>
         <object_component_ref idref="oc-196"/>
      </symbol>
      <symbol id="sm-6b1">
         <name>__aeabi_memcpy</name>
         <value>0x877d</value>
         <object_component_ref idref="oc-53"/>
      </symbol>
      <symbol id="sm-6b2">
         <name>__aeabi_memcpy4</name>
         <value>0x877d</value>
         <object_component_ref idref="oc-53"/>
      </symbol>
      <symbol id="sm-6b3">
         <name>__aeabi_memcpy8</name>
         <value>0x877d</value>
         <object_component_ref idref="oc-53"/>
      </symbol>
      <symbol id="sm-6bc">
         <name>__aeabi_memset</name>
         <value>0x868d</value>
         <object_component_ref idref="oc-31b"/>
      </symbol>
      <symbol id="sm-6bd">
         <name>__aeabi_memset4</name>
         <value>0x868d</value>
         <object_component_ref idref="oc-31b"/>
      </symbol>
      <symbol id="sm-6be">
         <name>__aeabi_memset8</name>
         <value>0x868d</value>
         <object_component_ref idref="oc-31b"/>
      </symbol>
      <symbol id="sm-6bf">
         <name>__aeabi_memclr</name>
         <value>0x8725</value>
         <object_component_ref idref="oc-8c"/>
      </symbol>
      <symbol id="sm-6c0">
         <name>__aeabi_memclr4</name>
         <value>0x8725</value>
         <object_component_ref idref="oc-8c"/>
      </symbol>
      <symbol id="sm-6c1">
         <name>__aeabi_memclr8</name>
         <value>0x8725</value>
         <object_component_ref idref="oc-8c"/>
      </symbol>
      <symbol id="sm-6c7">
         <name>__aeabi_uidiv</name>
         <value>0x7771</value>
         <object_component_ref idref="oc-ea"/>
      </symbol>
      <symbol id="sm-6c8">
         <name>__aeabi_uidivmod</name>
         <value>0x7771</value>
         <object_component_ref idref="oc-ea"/>
      </symbol>
      <symbol id="sm-6ce">
         <name>__aeabi_uldivmod</name>
         <value>0x859d</value>
         <object_component_ref idref="oc-335"/>
      </symbol>
      <symbol id="sm-6d7">
         <name>__eqsf2</name>
         <value>0x7ac5</value>
         <object_component_ref idref="oc-1ff"/>
      </symbol>
      <symbol id="sm-6d8">
         <name>__lesf2</name>
         <value>0x7ac5</value>
         <object_component_ref idref="oc-1ff"/>
      </symbol>
      <symbol id="sm-6d9">
         <name>__ltsf2</name>
         <value>0x7ac5</value>
         <object_component_ref idref="oc-1ff"/>
      </symbol>
      <symbol id="sm-6da">
         <name>__nesf2</name>
         <value>0x7ac5</value>
         <object_component_ref idref="oc-1ff"/>
      </symbol>
      <symbol id="sm-6db">
         <name>__cmpsf2</name>
         <value>0x7ac5</value>
         <object_component_ref idref="oc-1ff"/>
      </symbol>
      <symbol id="sm-6dc">
         <name>__gtsf2</name>
         <value>0x7a89</value>
         <object_component_ref idref="oc-204"/>
      </symbol>
      <symbol id="sm-6dd">
         <name>__gesf2</name>
         <value>0x7a89</value>
         <object_component_ref idref="oc-204"/>
      </symbol>
      <symbol id="sm-6e3">
         <name>__udivmoddi4</name>
         <value>0x5e41</value>
         <object_component_ref idref="oc-367"/>
      </symbol>
      <symbol id="sm-6e9">
         <name>__aeabi_llsl</name>
         <value>0x7f95</value>
         <object_component_ref idref="oc-388"/>
      </symbol>
      <symbol id="sm-6ea">
         <name>__ashldi3</name>
         <value>0x7f95</value>
         <object_component_ref idref="oc-388"/>
      </symbol>
      <symbol id="sm-6f8">
         <name>__ledf2</name>
         <value>0x6be5</value>
         <object_component_ref idref="oc-311"/>
      </symbol>
      <symbol id="sm-6f9">
         <name>__gedf2</name>
         <value>0x6a85</value>
         <object_component_ref idref="oc-317"/>
      </symbol>
      <symbol id="sm-6fa">
         <name>__cmpdf2</name>
         <value>0x6be5</value>
         <object_component_ref idref="oc-311"/>
      </symbol>
      <symbol id="sm-6fb">
         <name>__eqdf2</name>
         <value>0x6be5</value>
         <object_component_ref idref="oc-311"/>
      </symbol>
      <symbol id="sm-6fc">
         <name>__ltdf2</name>
         <value>0x6be5</value>
         <object_component_ref idref="oc-311"/>
      </symbol>
      <symbol id="sm-6fd">
         <name>__nedf2</name>
         <value>0x6be5</value>
         <object_component_ref idref="oc-311"/>
      </symbol>
      <symbol id="sm-6fe">
         <name>__gtdf2</name>
         <value>0x6a85</value>
         <object_component_ref idref="oc-317"/>
      </symbol>
      <symbol id="sm-70a">
         <name>__aeabi_idiv0</name>
         <value>0x4cd7</value>
         <object_component_ref idref="oc-1a5"/>
      </symbol>
      <symbol id="sm-70b">
         <name>__aeabi_ldiv0</name>
         <value>0x5443</value>
         <object_component_ref idref="oc-387"/>
      </symbol>
      <symbol id="sm-715">
         <name>TI_memcpy_small</name>
         <value>0x85d7</value>
         <object_component_ref idref="oc-c2"/>
      </symbol>
      <symbol id="sm-71e">
         <name>TI_memset_small</name>
         <value>0x86a9</value>
         <object_component_ref idref="oc-13a"/>
      </symbol>
      <symbol id="sm-71f">
         <name>__TI_static_base__</name>
         <value>0x0</value>
      </symbol>
      <symbol id="sm-723">
         <name>__mpu_init</name>
         <value>0x0</value>
      </symbol>
      <symbol id="sm-724">
         <name>_system_post_cinit</name>
         <value>0x0</value>
      </symbol>
   </symbol_table>
   <title>Link successful</title>
</link_info>
