******************************************************************************
            TI ARM Clang Linker PC v4.0.0                      
******************************************************************************
>> Linked Mon Jul 20 10:36:33 2026

OUTPUT FILE NAME:   <3TMX_MSPM0G3507_ProjectTemplate3.out>
ENTRY POINT SYMBOL: "_c_int00_noargs"  address: 00007189


MEMORY CONFIGURATION

         name            origin    length      used     unused   attr    fill
----------------------  --------  ---------  --------  --------  ----  --------
  FLASH                 00000000   00020000  000098a8  00016758  R  X
  SRAM                  20200000   00008000  00000a0e  000075f2  RW X
  BCR_CONFIG            41c00000   000000ff  00000000  000000ff  R   
  BSL_CONFIG            41c00100   00000080  00000000  00000080  R   


SEGMENT ALLOCATION MAP

run origin  load origin   length   init length attrs members
----------  ----------- ---------- ----------- ----- -------
00000000    00000000    00009790   00009790    r-x
  00000000    00000000    000000c0   000000c0    r-- .intvecs
  000000c0    000000c0    00007b90   00007b90    r-x .text
  00007c50    00007c50    00001b40   00001b40    r-- .rodata
000097f0    000097f0    000000b8   000000b8    r--
  000097f0    000097f0    000000a8   000000a8    r-- .cinit
  00009898    00009898    00000010   00000010    r-- .binit
20200000    20200000    000007ae   00000000    rw-
  20200000    20200000    00000688   00000000    rw- .bss
  20200688    20200688    00000126   00000000    rw- .data
202007b0    00009790    00000060   00000060    r-x
  202007b0    00009790    00000060   00000060    r-x .TI.ramfunc
20207e00    20207e00    00000200   00000000    rw-
  20207e00    20207e00    00000200   00000000    rw- .stack


SECTION ALLOCATION MAP

 output                                  attributes/
section   page    origin      length       input sections
--------  ----  ----------  ----------   ----------------
.intvecs   0    00000000    000000c0     
                  00000000    000000c0     startup_mspm0g350x_ticlang.o (.intvecs)

.text      0    000000c0    00007b90     
                  000000c0    000009d0     libc.a : _printfi.c.obj (.text:__TI_printfi)
                  00000a90    000007d0     empty.o (.text.main)
                  00001260    00000734     mpu6050.o (.text.MPU6050_QuaternionUpdate)
                  00001994    0000049c     mpu6050.o (.text.MPU6050_QuaternionUpdateFast)
                  00001e30    000003e8     line.o (.text.Line_Run)
                  00002218    00000238     ti_msp_dl_config.o (.text.SYSCFG_DL_GPIO_init)
                  00002450    00000220     libc.a : _printfi.c.obj (.text._pconv_a)
                  00002670    000001e8     param_store.o (.text.Param_Save)
                  00002858    000001dc     libc.a : _printfi.c.obj (.text._pconv_g)
                  00002a34    000001c8            : s_atanf.c.obj (.text.atanf)
                  00002bfc    00000192     libclang_rt.builtins.a : adddf3.S.obj (.text.adddf3_subdf3)
                  00002d8e    00000002     gimbal.o (.text.Gimbal_NextPage)
                  00002d90    00000184     param_store.o (.text.Param_Load)
                  00002f14    00000184     uart.o (.text.proc)
                  00003098    00000170     empty.o (.text.Menu_Display)
                  00003208    00000170     libc.a : e_sqrt.c.obj (.text.sqrt)
                  00003378    00000160            : e_asinf.c.obj (.text.asinf)
                  000034d8    00000158     oled.o (.text.OLED_ShowChar)
                  00003630    00000140     mpu6050.o (.text.MPU6050_Calibrate)
                  00003770    0000013c     libc.a : _printfi.c.obj (.text.fcvt)
                  000038ac    00000138     mpu6050.o (.text.MPU6050_ReadDataCalibrated)
                  000039e4    00000120     libc.a : _printfi.c.obj (.text._pconv_e)
                  00003b04    00000118            : e_atan2f.c.obj (.text.atan2f)
                  00003c1c    0000010c     gimbal.o (.text.Gimbal_Process)
                  00003d28    0000010c     libclang_rt.builtins.a : divdf3.S.obj (.text.__divdf3)
                  00003e34    00000104     driverlib.a : dl_timer.o (.text.DL_Timer_initFourCCPWMMode)
                  00003f38    000000fe     PID.o (.text.PID_Calculate)
                  00004036    00000002     key.o (.text.KEY_Init)
                  00004038    000000fc     driverlib.a : dl_timer.o (.text.DL_Timer_initTimerMode)
                  00004134    000000f8     line.o (.text.Line_ReadSensors)
                  0000422c    000000f8     oled.o (.text.OLED_Init)
                  00004324    000000ec     encoder.o (.text.Encoder_GPIO_IRQHandler)
                  00004410    000000ec     ti_msp_dl_config.o (.text.SYSCFG_DL_SYSCTL_SYSPLL_init)
                  000044fc    000000e4     libclang_rt.builtins.a : muldf3.S.obj (.text.__muldf3)
                  000045e0    000000de     uart.o (.text.atoi2)
                  000046be    00000002     libclang_rt.builtins.a : aeabi_div0.c.obj (.text.__aeabi_idiv0)
                  000046c0    000000dc     driverlib.a : dl_sysctl_mspm0g1x0x_g3x0x.o (.text.DL_SYSCTL_configSYSPLL)
                  0000479c    000000d8                 : dl_flashctl.o (.text.DL_FlashCTL_protectSector)
                  00004874    000000d8                 : dl_flashctl.o (.text.DL_FlashCTL_unprotectSector)
                  0000494c    000000d8     libc.a : s_scalbn.c.obj (.text.scalbn)
                  00004a24    000000d8     libclang_rt.builtins.a : addsf3.S.obj (.text)
                  00004afc    000000cc     empty.o (.text.AutoTrack_Display)
                  00004bc8    000000c8     mpu6050.o (.text.MPU6050_ReadRegs)
                  00004c90    000000ba     key.o (.text.KEY1_ScanShortLong)
                  00004d4a    000000ba     key.o (.text.KEY2_ScanShortLong)
                  00004e04    000000ba     key.o (.text.KEY3_ScanShortLong)
                  00004ebe    000000ba     key.o (.text.KEY4_ScanShortLong)
                  00004f78    000000a8     empty.o (.text.UartTest_Display)
                  00005020    000000a2     libclang_rt.builtins.a : udivmoddi4.S.obj (.text)
                  000050c2    00000002                            : aeabi_div0.c.obj (.text.__aeabi_ldiv0)
                  000050c4    000000a0     mpu6050.o (.text.MPU6050_ReadReg)
                  00005164    000000a0     ti_msp_dl_config.o (.text.SYSCFG_DL_initPower)
                  00005204    00000098     key.o (.text.KEY_IsPressed)
                  0000529c    00000098     oled.o (.text.OLED_ShowString)
                  00005334    00000090     ti_msp_dl_config.o (.text.SYSCFG_DL_PWM_0_init)
                  000053c4    00000090     ti_msp_dl_config.o (.text.SYSCFG_DL_PWM_Servo_init)
                  00005454    0000008c     gimbal.o (.text.Gimbal_MoveV)
                  000054e0    0000008c     libclang_rt.builtins.a : mulsf3.S.obj (.text.__mulsf3)
                  0000556c    00000088     line.o (.text.Line_GetPosition)
                  000055f4    00000088     mpu6050.o (.text.MPU6050_Init)
                  0000567c    00000084     gimbal.o (.text.Gimbal_MoveH)
                  00005700    00000084     ti_msp_dl_config.o (.text.__NVIC_SetPriority)
                  00005784    00000082     libclang_rt.builtins.a : divsf3.S.obj (.text.__divsf3)
                  00005806    00000002     --HOLE-- [fill = 0]
                  00005808    00000080     bsp_tb6612.o (.text.AO_Control)
                  00005888    00000080     driverlib.a : dl_flashctl.o (.text.DL_FlashCTL_programMemoryBlockingFromRAM64WithECCGenerated)
                  00005908    00000080     ti_msp_dl_config.o (.text.SYSCFG_DL_SYSCTL_init)
                  00005988    00000080     PID.o (.text.TIMG0_IRQHandler)
                  00005a08    0000007c     oled.o (.text.OLED_Refresh)
                  00005a84    0000007c     libc.a : copy_decompress_lzss.c.obj (.text:decompress:lzss)
                  00005b00    00000078     empty.o (.text.Menu_SaveValues)
                  00005b78    00000078     mpu6050.o (.text.invSqrt)
                  00005bf0    00000074     bsp_tb6612.o (.text.BO_Control)
                  00005c64    00000074     oled.o (.text.OLED_WR_Byte)
                  00005cd8    00000074     empty.o (.text.ServoTest_Display)
                  00005d4c    00000074     libclang_rt.builtins.a : comparedf2.c.obj (.text.__gedf2)
                  00005dc0    00000074                            : truncdfsf2.S.obj (.text.__truncdfsf2)
                  00005e34    00000070     mpu6050.o (.text.MPU6050_WriteReg)
                  00005ea4    00000068     libclang_rt.builtins.a : comparedf2.c.obj (.text.__ledf2)
                  00005f0c    00000066     libc.a : _printfi.c.obj (.text._mcpy)
                  00005f72    00000002     --HOLE-- [fill = 0]
                  00005f74    00000064     driverlib.a : dl_sysctl_mspm0g1x0x_g3x0x.o (.text.DL_SYSCTL_setHFCLKSourceHFXTParams)
                  00005fd8    00000064     oled.o (.text.OLED_ClearPoint)
                  0000603c    00000062     libclang_rt.builtins.a : aeabi_dcmp.S.obj (.text.__aeabi_dcmp)
                  0000609e    00000002     --HOLE-- [fill = 0]
                  000060a0    00000062                            : aeabi_fcmp.S.obj (.text.__aeabi_fcmp)
                  00006102    00000060     line.o (.text.Car_SetMotors)
                  00006162    00000002     --HOLE-- [fill = 0]
                  00006164    00000060     gimbal.o (.text.Gimbal_Init)
                  000061c4    00000060     oled.o (.text.OLED_Clear)
                  00006224    0000005e     driverlib.a : dl_i2c.o (.text.DL_I2C_fillControllerTXFIFO)
                  00006282    00000002     --HOLE-- [fill = 0]
                  00006284    0000005c     libc.a : s_frexp.c.obj (.text.frexp)
                  000062e0    00000058     encoder.o (.text.Encoder_Init)
                  00006338    00000058     ti_msp_dl_config.o (.text.SYSCFG_DL_MPU6050_init)
                  00006390    00000058     ti_msp_dl_config.o (.text.SYSCFG_DL_OLED_init)
                  000063e8    00000058     libc.a : _ltoa.c.obj (.text.__TI_ltoa)
                  00006440    00000058            : _printfi.c.obj (.text._pconv_f)
                  00006498    00000056     libclang_rt.builtins.a : aeabi_idivmod.S.obj (.text.__aeabi_idivmod)
                  000064ee    00000002     --HOLE-- [fill = 0]
                  000064f0    00000054     empty.o (.text.ModeSelect_Display)
                  00006544    00000052     libc.a : _printfi.c.obj (.text._ecpy)
                  00006596    00000002     --HOLE-- [fill = 0]
                  00006598    00000050     ti_msp_dl_config.o (.text.DL_GPIO_initPeripheralInputFunctionFeatures)
                  000065e8    00000050     mpu6050.o (.text.DL_I2C_startControllerTransfer)
                  00006638    00000050     oled.o (.text.DL_I2C_startControllerTransfer)
                  00006688    0000004c     ti_msp_dl_config.o (.text.DL_GPIO_initDigitalInputFeatures)
                  000066d4    0000004c     ti_msp_dl_config.o (.text.DL_UART_setBaudRateDivisor)
                  00006720    0000004c     ti_msp_dl_config.o (.text.SYSCFG_DL_init)
                  0000676c    0000004c     PID.o (.text.Speed_PID_Update)
                  000067b8    0000004c     gimbal.o (.text.a2p)
                  00006804    0000004c     libc.a : cpy_tbl.c.obj (.text.copy_in)
                  00006850    0000004c            : autoinit.c.obj (.text:__TI_auto_init_nopinit)
                  0000689c    0000004a     libclang_rt.builtins.a : fixdfsi.S.obj (.text.__fixdfsi)
                  000068e6    0000004a     gimbal.o (.text.clamp16)
                  00006930    00000048     driverlib.a : dl_uart.o (.text.DL_UART_init)
                  00006978    00000048     oled.o (.text.OLED_DisplayTurn)
                  000069c0    00000048     oled.o (.text.OLED_DrawPoint)
                  00006a08    00000044     driverlib.a : dl_sysctl_mspm0g1x0x_g3x0x.o (.text.DL_SYSCTL_switchMCLKfromSYSOSCtoHSCLK)
                  00006a4c    00000044     mpu6050.o (.text.MPU6050_QuaternionReset)
                  00006a90    00000040     mpu6050.o (.text.MPU6050_ReadAccelRaw)
                  00006ad0    00000040     mpu6050.o (.text.MPU6050_ReadGyroRaw)
                  00006b10    00000040     ti_msp_dl_config.o (.text.SYSCFG_DL_UART_Cam_init)
                  00006b50    00000040     PID.o (.text.Speed_PID_Calculate)
                  00006b90    00000040     libclang_rt.builtins.a : aeabi_uidivmod.S.obj (.text.__aeabi_uidivmod)
                  00006bd0    00000040                            : extendsfdf2.S.obj (.text.__extendsfdf2)
                  00006c10    00000040     libc.a : atoi.c.obj (.text.atoi)
                  00006c50    0000003c     ti_msp_dl_config.o (.text.DL_Timer_setCounterControl)
                  00006c8c    0000003c     mpu6050.o (.text.MPU6050_GetEuler)
                  00006cc8    0000003c     bsp_tb6612.o (.text.TB6612_Motor_Stop)
                  00006d04    0000003c     libclang_rt.builtins.a : floatsisf.S.obj (.text.__floatsisf)
                  00006d40    0000003c                            : comparesf2.S.obj (.text.__gtsf2)
                  00006d7c    0000003a                            : comparesf2.S.obj (.text.__eqsf2)
                  00006db6    00000002     --HOLE-- [fill = 0]
                  00006db8    0000003a                            : muldsi3.S.obj (.text.__muldsi3)
                  00006df2    00000002     --HOLE-- [fill = 0]
                  00006df4    00000038                            : fixsfsi.S.obj (.text.__fixsfsi)
                  00006e2c    00000038     libc.a : sprintf.c.obj (.text.sprintf)
                  00006e64    00000034     param_store.o (.text.DL_FlashCTL_executeClearStatus)
                  00006e98    00000034     oled.o (.text.OLED_ColorTurn)
                  00006ecc    00000034     ti_msp_dl_config.o (.text.SYSCFG_DL_PID_TIMER_init)
                  00006f00    00000034     uart.o (.text.UART_Init)
                  00006f34    00000030     libc.a : _printfi.c.obj (.text._fcpy)
                  00006f64    00000030     gimbal.o (.text.s_set)
                  00006f94    0000002c     param_store.o (.text.DL_FlashCTL_waitForCmdDone)
                  00006fc0    0000002c     uart.o (.text.__NVIC_ClearPendingIRQ)
                  00006fec    0000002c     encoder.o (.text.__NVIC_EnableIRQ)
                  00007018    0000002c     uart.o (.text.__NVIC_EnableIRQ)
                  00007044    0000002c     libclang_rt.builtins.a : floatsidf.S.obj (.text.__floatsidf)
                  00007070    00000028     mpu6050.o (.text.DL_Common_updateReg)
                  00007098    00000028     oled.o (.text.DL_Common_updateReg)
                  000070c0    00000028     ti_msp_dl_config.o (.text.DL_Common_updateReg)
                  000070e8    00000028     uart.o (.text.DL_Common_updateReg)
                  00007110    00000028     ti_msp_dl_config.o (.text.DL_I2C_setControllerRXFIFOThreshold)
                  00007138    00000028     ti_msp_dl_config.o (.text.DL_I2C_setControllerTXFIFOThreshold)
                  00007160    00000028     uart.o (.text.DL_UART_setRXFIFOThreshold)
                  00007188    00000028     libc.a : boot_cortex_m.c.obj (.text:_c_int00_noargs)
                  000071b0    00000026     ti_msp_dl_config.o (.text.DL_I2C_setAnalogGlitchFilterPulseWidth)
                  000071d6    00000026     driverlib.a : dl_i2c.o (.text.DL_I2C_setClockConfig)
                  000071fc    00000024     line.o (.text.Line_Tracking_Init)
                  00007220    00000024     uart.o (.text.UART_Poll)
                  00007244    00000024     libclang_rt.builtins.a : floatunsidf.S.obj (.text.__floatunsidf)
                  00007268    00000024                            : muldi3.S.obj (.text.__muldi3)
                  0000728c    00000022     libc.a : memccpy.c.obj (.text.memccpy)
                  000072ae    00000002     --HOLE-- [fill = 0]
                  000072b0    00000020     ti_msp_dl_config.o (.text.DL_GPIO_initPeripheralInputFunction)
                  000072d0    00000020     ti_msp_dl_config.o (.text.DL_SYSCTL_setFlashWaitState)
                  000072f0    00000020     gimbal.o (.text.Gimbal_GetRelV)
                  00007310    00000020     mpu6050.o (.text.MPU6050_ReadTempRaw)
                  00007330    0000001e     ti_msp_dl_config.o (.text.DL_UART_setOversampling)
                  0000734e    00000002     --HOLE-- [fill = 0]
                  00007350    0000001e     libclang_rt.builtins.a : ashldi3.S.obj (.text.__ashldi3)
                  0000736e    00000002     --HOLE-- [fill = 0]
                  00007370    0000001c     encoder.o (.text.DL_GPIO_clearInterruptStatus)
                  0000738c    0000001c     ti_msp_dl_config.o (.text.DL_GPIO_clearInterruptStatus)
                  000073a8    0000001c     ti_msp_dl_config.o (.text.DL_GPIO_enableHiZ)
                  000073c4    0000001c     encoder.o (.text.DL_GPIO_enableInterrupt)
                  000073e0    0000001c     ti_msp_dl_config.o (.text.DL_GPIO_enableInterrupt)
                  000073fc    0000001c     ti_msp_dl_config.o (.text.DL_GPIO_initPeripheralOutputFunction)
                  00007418    0000001c     encoder.o (.text.DL_GPIO_setLowerPinsPolarity)
                  00007434    0000001c     ti_msp_dl_config.o (.text.DL_GPIO_setLowerPinsPolarity)
                  00007450    0000001c     driverlib.a : dl_sysctl_mspm0g1x0x_g3x0x.o (.text.DL_SYSCTL_configFCC)
                  0000746c    0000001c     ti_msp_dl_config.o (.text.DL_SYSCTL_setFCCPeriods)
                  00007488    0000001c     ti_msp_dl_config.o (.text.DL_SYSCTL_setSYSOSCFreq)
                  000074a4    0000001c     ti_msp_dl_config.o (.text.DL_SYSCTL_setULPCLKDivider)
                  000074c0    0000001c     ti_msp_dl_config.o (.text.DL_Timer_enableInterrupt)
                  000074dc    0000001c     driverlib.a : dl_timer.o (.text.DL_Timer_setCaptCompUpdateMethod)
                  000074f8    0000001c                 : dl_timer.o (.text.DL_Timer_setClockConfig)
                  00007514    0000001c     uart.o (.text.DL_UART_enableInterrupt)
                  00007530    0000001c     gimbal.o (.text.Gimbal_GetRelH)
                  0000754c    0000001c     ti_msp_dl_config.o (.text.SYSCFG_DL_SYSCTL_CLK_init)
                  00007568    00000018     driverlib.a : dl_flashctl.o (.text.DL_FlashCTL_eraseMemoryFromRAM)
                  00007580    00000018     ti_msp_dl_config.o (.text.DL_GPIO_enableOutput)
                  00007598    00000018     ti_msp_dl_config.o (.text.DL_GPIO_enablePower)
                  000075b0    00000018     encoder.o (.text.DL_GPIO_getEnabledInterruptStatus)
                  000075c8    00000018     ti_msp_dl_config.o (.text.DL_GPIO_initDigitalOutput)
                  000075e0    00000018     ti_msp_dl_config.o (.text.DL_GPIO_initPeripheralAnalogFunction)
                  000075f8    00000018     ti_msp_dl_config.o (.text.DL_GPIO_reset)
                  00007610    00000018     bsp_tb6612.o (.text.DL_GPIO_setPins)
                  00007628    00000018     encoder.o (.text.DL_GPIO_setUpperPinsPolarity)
                  00007640    00000018     ti_msp_dl_config.o (.text.DL_GPIO_setUpperPinsPolarity)
                  00007658    00000018     ti_msp_dl_config.o (.text.DL_I2C_enableAnalogGlitchFilter)
                  00007670    00000018     ti_msp_dl_config.o (.text.DL_I2C_enableController)
                  00007688    00000018     ti_msp_dl_config.o (.text.DL_I2C_enableControllerClockStretching)
                  000076a0    00000018     ti_msp_dl_config.o (.text.DL_I2C_enablePower)
                  000076b8    00000018     ti_msp_dl_config.o (.text.DL_I2C_reset)
                  000076d0    00000018     ti_msp_dl_config.o (.text.DL_I2C_setTimerPeriod)
                  000076e8    00000018     ti_msp_dl_config.o (.text.DL_SYSCTL_setBORThreshold)
                  00007700    00000018     PID.o (.text.DL_Timer_clearInterruptStatus)
                  00007718    00000018     ti_msp_dl_config.o (.text.DL_Timer_enablePower)
                  00007730    00000018     PID.o (.text.DL_Timer_getRawInterruptStatus)
                  00007748    00000018     ti_msp_dl_config.o (.text.DL_Timer_reset)
                  00007760    00000018     driverlib.a : dl_timer.o (.text.DL_Timer_setCaptureCompareOutCtl)
                  00007778    00000018     gimbal.o (.text.DL_Timer_startCounter)
                  00007790    00000018     uart.o (.text.DL_UART_enableFIFOs)
                  000077a8    00000018     ti_msp_dl_config.o (.text.DL_UART_enablePower)
                  000077c0    00000018     uart.o (.text.DL_UART_isRXFIFOEmpty)
                  000077d8    00000018     ti_msp_dl_config.o (.text.DL_UART_reset)
                  000077f0    00000018     libc.a : sprintf.c.obj (.text._outs)
                  00007808    00000018     board.o (.text.delay_ms)
                  00007820    00000016     encoder.o (.text.DL_GPIO_readPins)
                  00007836    00000016     key.o (.text.DL_GPIO_readPins)
                  0000784c    00000016     line.o (.text.DL_GPIO_readPins)
                  00007862    00000016     ti_msp_dl_config.o (.text.DL_UART_enable)
                  00007878    00000014     bsp_tb6612.o (.text.DL_GPIO_clearPins)
                  0000788c    00000014     ti_msp_dl_config.o (.text.DL_GPIO_clearPins)
                  000078a0    00000014     mpu6050.o (.text.DL_I2C_getControllerStatus)
                  000078b4    00000014     oled.o (.text.DL_I2C_getControllerStatus)
                  000078c8    00000014     mpu6050.o (.text.DL_I2C_receiveControllerData)
                  000078dc    00000014     ti_msp_dl_config.o (.text.DL_I2C_resetControllerTransfer)
                  000078f0    00000014     ti_msp_dl_config.o (.text.DL_SYSCTL_disableSYSPLL)
                  00007904    00000014     ti_msp_dl_config.o (.text.DL_SYSCTL_enableSYSPLL)
                  00007918    00000014     ti_msp_dl_config.o (.text.DL_Timer_enableClock)
                  0000792c    00000014     ti_msp_dl_config.o (.text.DL_Timer_setCCPDirection)
                  00007940    00000014     uart.o (.text.DL_UART_receiveData)
                  00007954    00000014     encoder.o (.text.Encoder_Reset)
                  00007968    00000014     line.o (.text.Line_SetBaseSpeed)
                  0000797c    00000014     line.o (.text.Line_SetKD)
                  00007990    00000014     line.o (.text.Line_SetKP)
                  000079a4    00000014     line.o (.text.Line_SetLostGain)
                  000079b8    00000014     line.o (.text.Line_SetPivotSpeed)
                  000079cc    00000014     line.o (.text.Line_SetPivotTime)
                  000079e0    00000014     uart.o (.text.UART3_IRQHandler)
                  000079f4    00000014     libclang_rt.builtins.a : aeabi_uldivmod.S.obj (.text.__aeabi_uldivmod)
                  00007a08    00000014     libc.a : _printfi.c.obj (.text.strchr)
                  00007a1c    00000012     driverlib.a : dl_uart.o (.text.DL_UART_setClockConfig)
                  00007a2e    00000012     libc.a : memcpy16.S.obj (.text:TI_memcpy_small)
                  00007a40    00000012            : copy_decompress_none.c.obj (.text:decompress:none)
                  00007a52    00000002     --HOLE-- [fill = 0]
                  00007a54    00000010     ti_msp_dl_config.o (.text.DL_SYSCTL_disableHFXT)
                  00007a64    00000010     ti_msp_dl_config.o (.text.DL_SYSCTL_isFCCDone)
                  00007a74    00000010     ti_msp_dl_config.o (.text.DL_SYSCTL_startFCC)
                  00007a84    00000010     driverlib.a : dl_timer.o (.text.DL_Timer_setCaptureCompareValue)
                  00007a94    00000010     libc.a : wcslen.c.obj (.text.wcslen)
                  00007aa4    00000010            : copy_zero_init.c.obj (.text:decompress:ZI)
                  00007ab4    0000000e     libclang_rt.builtins.a : aeabi_memset.S.obj (.text.__aeabi_memset)
                  00007ac2    0000000e     libc.a : _printfi.c.obj (.text.strlen)
                  00007ad0    0000000e            : memset16.S.obj (.text:TI_memset_small)
                  00007ade    00000002     --HOLE-- [fill = 0]
                  00007ae0    0000000c     ti_msp_dl_config.o (.text.DL_SYSCTL_getClockStatus)
                  00007aec    0000000c     ti_msp_dl_config.o (.text.DL_SYSCTL_readFCC)
                  00007af8    0000000c     encoder.o (.text.Encoder_GetLeft)
                  00007b04    0000000c     encoder.o (.text.Encoder_GetRight)
                  00007b10    0000000c     gimbal.o (.text.Gimbal_GetFPS)
                  00007b1c    0000000c     gimbal.o (.text.Gimbal_GetFrameCnt)
                  00007b28    0000000c     gimbal.o (.text.Gimbal_GetTargetH)
                  00007b34    0000000c     gimbal.o (.text.Gimbal_GetTargetV)
                  00007b40    0000000c     gimbal.o (.text.Gimbal_IsLost)
                  00007b4c    0000000c     libclang_rt.builtins.a : aeabi_memset.S.obj (.text.__aeabi_memclr)
                  00007b58    0000000a     driverlib.a : dl_common.o (.text.DL_Common_delayCycles)
                  00007b62    0000000a     line.o (.text.Line_SetMpuMode)
                  00007b6c    0000000a     mpu6050.o (.text.MPU6050_ReadWhoAmI)
                  00007b76    0000000a     libc.a : _printfi.c.obj (.text.OUTLINED_FUNCTION_0)
                  00007b80    00000010     libclang_rt.builtins.a : adddf3.S.obj (.tramp.__aeabi_dsub.1)
                  00007b90    0000000a     libc.a : _printfi.c.obj (.text.OUTLINED_FUNCTION_1)
                  00007b9a    0000000a            : sprintf.c.obj (.text._outc)
                  00007ba4    0000000a     board.o (.text.lc_printf)
                  00007bae    00000008     line.o (.text.Car_Stop)
                  00007bb6    00000008     encoder.o (.text.GROUP1_IRQHandler)
                  00007bbe    00000002     --HOLE-- [fill = 0]
                  00007bc0    00000008     libc.a : aeabi_portable.c.obj (.text.__aeabi_errno_addr)
                  00007bc8    00000008     libclang_rt.builtins.a : aeabi_memcpy.S.obj (.text.__aeabi_memcpy)
                  00007bd0    00000006     libc.a : e_asinf.c.obj (.text.OUTLINED_FUNCTION_0)
                  00007bd6    00000002     --HOLE-- [fill = 0]
                  00007bd8    00000010     libclang_rt.builtins.a : mulsf3.S.obj (.tramp.__aeabi_fmul.1)
                  00007be8    00000006     libc.a : s_atanf.c.obj (.text.OUTLINED_FUNCTION_0)
                  00007bee    00000002     --HOLE-- [fill = 0]
                  00007bf0    00000010     libclang_rt.builtins.a : divsf3.S.obj (.tramp.__aeabi_fdiv.1)
                  00007c00    00000004     startup_mspm0g350x_ticlang.o (.text.Default_Handler)
                  00007c04    00000004     libc.a : s_atanf.c.obj (.text.OUTLINED_FUNCTION_1)
                  00007c08    00000010     libclang_rt.builtins.a : addsf3.S.obj (.tramp.__aeabi_fadd.1)
                  00007c18    00000004     startup_mspm0g350x_ticlang.o (.text.Reset_Handler)
                  00007c1c    00000010     libc.a : boot_cortex_m.c.obj (.tramp._c_int00_noargs.1)
                  00007c2c    00000004            : pre_init.c.obj (.text._system_pre_init)
                  00007c30    00000004            : exit.c.obj (.text:abort)
                  00007c34    00000010     driverlib.a : dl_flashctl.o (.tramp.DL_FlashCTL_executeCommandFromRAM.1)
                  00007c44    0000000c     --HOLE-- [fill = 0]

.TI.ramfunc 
*          0    00009790    00000060     RUN ADDR = 202007b0
                  00009790    00000060     driverlib.a : dl_flashctl.o (.TI.ramfunc)

.cinit     0    000097f0    000000a8     
                  000097f0    00000081     (.cinit..data.load) [load image, compression = lzss]
                  00009871    00000003     --HOLE-- [fill = 0]
                  00009874    0000000c     (__TI_handler_table)
                  00009880    00000008     (.cinit..bss.load) [load image, compression = zero_init]
                  00009888    00000010     (__TI_cinit_table)

.rodata    0    00007c50    00001b40     
                  00007c50    00000d5c     oled.o (.rodata.asc2_2412)
                  000089ac    000005f0     oled.o (.rodata.asc2_1608)
                  00008f9c    00000474     oled.o (.rodata.asc2_1206)
                  00009410    00000101     libc.a : aeabi_ctype.S.obj (.rodata:__aeabi_ctype_table_)
                  00009511    00000003     ti_msp_dl_config.o (.rodata.gPID_TIMERClockConfig)
                  00009514    00000028     ti_msp_dl_config.o (.rodata.gSYSPLLConfig)
                  0000953c    00000021     bsp_tb6612.o (.rodata.str1.25206509042912780941)
                  0000955d    00000021     bsp_tb6612.o (.rodata.str1.47174019820924287251)
                  0000957e    00000002     ti_msp_dl_config.o (.rodata.gMPU6050ClockConfig)
                  00009580    00000020     libc.a : s_atanf.c.obj (.rodata.cst16)
                  000095a0    00000014     ti_msp_dl_config.o (.rodata.gPID_TIMERTimerConfig)
                  000095b4    00000013     empty.o (.rodata.str1.49473557476592623701)
                  000095c7    00000012     empty.o (.rodata.str1.142855731982211788051)
                  000095d9    00000012     empty.o (.rodata.str1.8167968867256355221)
                  000095eb    00000011     libc.a : _printfi.c.obj (.rodata.str1.103488685894817597201)
                  000095fc    00000011            : _printfi.c.obj (.rodata.str1.153638888446227384661)
                  0000960d    00000010     empty.o (.rodata.str1.56226406949482935851)
                  0000961d    0000000f     empty.o (.rodata.str1.48233018425625237061)
                  0000962c    0000000f     empty.o (.rodata.str1.50884420347285092081)
                  0000963b    0000000e     empty.o (.rodata.str1.49063181006733768771)
                  00009649    0000000e     empty.o (.rodata.str1.83517970924161040711)
                  00009657    0000000d     empty.o (.rodata.str1.108956306765861451671)
                  00009664    0000000d     empty.o (.rodata.str1.147958455504881313061)
                  00009671    0000000d     empty.o (.rodata.str1.172590679877072080401)
                  0000967e    0000000c     empty.o (.rodata.str1.39210374354867065031)
                  0000968a    0000000c     empty.o (.rodata.str1.60812597603844723391)
                  00009696    0000000c     empty.o (.rodata.str1.62820283825621705761)
                  000096a2    0000000c     empty.o (.rodata.str1.80363438803373045681)
                  000096ae    0000000c     empty.o (.rodata.str1.83095914786087747971)
                  000096ba    0000000b     empty.o (.rodata.str1.125933269983091595701)
                  000096c5    0000000b     empty.o (.rodata.str1.176633223477948356601)
                  000096d0    0000000b     empty.o (.rodata.str1.92143409628738080741)
                  000096db    00000001     --HOLE-- [fill = 0]
                  000096dc    0000000a     ti_msp_dl_config.o (.rodata.gUART_CamConfig)
                  000096e6    00000009     empty.o (.rodata.str1.100506750686581518081)
                  000096ef    00000009     empty.o (.rodata.str1.137327171989137431971)
                  000096f8    00000009     empty.o (.rodata.str1.142153354471849024531)
                  00009701    00000009     empty.o (.rodata.str1.153654739224135971181)
                  0000970a    00000002     ti_msp_dl_config.o (.rodata.gOLEDClockConfig)
                  0000970c    00000008     ti_msp_dl_config.o (.rodata.gPWM_0Config)
                  00009714    00000008     ti_msp_dl_config.o (.rodata.gPWM_ServoConfig)
                  0000971c    00000008     line.o (.rodata.sensor_weights)
                  00009724    00000008     empty.o (.rodata.str1.101551689291296894221)
                  0000972c    00000008     empty.o (.rodata.str1.39440352113021692311)
                  00009734    00000008     empty.o (.rodata.str1.44079446086377438001)
                  0000973c    00000008     empty.o (.rodata.str1.90710503391206826811)
                  00009744    00000007     empty.o (.rodata.str1.125112656780474407461)
                  0000974b    00000007     empty.o (.rodata.str1.133113263403893284811)
                  00009752    00000007     empty.o (.rodata.str1.97405340958288740431)
                  00009759    00000006     empty.o (.rodata.str1.103941685948440004921)
                  0000975f    00000006     empty.o (.rodata.str1.326727997541712681)
                  00009765    00000006     empty.o (.rodata.str1.93211106246379990581)
                  0000976b    00000005     empty.o (.rodata.str1.105702349773989624431)
                  00009770    00000005     empty.o (.rodata.str1.181099149860726468451)
                  00009775    00000005     empty.o (.rodata.str1.77117505940105751891)
                  0000977a    00000004     empty.o (.rodata.str1.158377844875001402571)
                  0000977e    00000003     ti_msp_dl_config.o (.rodata.gPWM_0ClockConfig)
                  00009781    00000003     ti_msp_dl_config.o (.rodata.gPWM_ServoClockConfig)
                  00009784    00000003     empty.o (.rodata.str1.125283908264104141431)
                  00009787    00000003     empty.o (.rodata.str1.136988308404829035831)
                  0000978a    00000003     empty.o (.rodata.str1.180626513791128047271)
                  0000978d    00000002     ti_msp_dl_config.o (.rodata.gUART_CamClockConfig)
                  0000978f    00000001     --HOLE-- [fill = 0]

.init_array 
*          0    00000000    00000000     UNINITIALIZED

.binit     0    00009898    00000010     
                  00009898    00000010     (.binit)

.bss       0    20200000    00000688     UNINITIALIZED
                  20200000    00000480     (.common:OLED_GRAM)
                  20200480    000000bc     (.common:gPWM_ServoBackup)
                  2020053c    000000a0     (.common:gPWM_0Backup)
                  202005dc    00000030     (.common:gUART_CamBackup)
                  2020060c    00000028     PID.o (.bss.speed_pid_left)
                  20200634    00000028     PID.o (.bss.speed_pid_right)
                  2020065c    00000018     uart.o (.bss.buf)
                  20200674    00000014     empty.o (.bss.display_buf)

.data      0    20200688    00000126     UNINITIALIZED
                  20200688    0000006c     empty.o (.data.menu)
                  202006f4    0000000c     mpu6050.o (.data.mahony_i)
                  20200700    0000000c     mpu6050.o (.data.s_calib)
                  2020070c    00000008     uart.o (.data.g_rx)
                  20200714    00000004     libc.a : aeabi_portable.c.obj (.data.__aeabi_errno)
                  20200718    00000004     line.o (.data.balance_i)
                  2020071c    00000004     mpu6050.o (.data.cached_pitch)
                  20200720    00000004     mpu6050.o (.data.cached_roll)
                  20200724    00000004     mpu6050.o (.data.cached_yaw)
                  20200728    00000004     line.o (.data.enc_last_l)
                  2020072c    00000004     line.o (.data.enc_last_r)
                  20200730    00000004     encoder.o (.data.encoder_left_count)
                  20200734    00000004     encoder.o (.data.encoder_right_count)
                  20200738    00000004     gimbal.o (.data.g_fms)
                  2020073c    00000004     gimbal.o (.data.g_last)
                  20200740    00000004     gimbal.o (.data.g_ms)
                  20200744    00000004     mpu6050.o (.data.mahony_ki)
                  20200748    00000004     mpu6050.o (.data.mahony_kp)
                  2020074c    00000004     mpu6050.o (.data.q0)
                  20200750    00000004     mpu6050.o (.data.q1)
                  20200754    00000004     mpu6050.o (.data.q2)
                  20200758    00000004     mpu6050.o (.data.q3)
                  2020075c    00000004     mpu6050.o (.data.s_accel_sens)
                  20200760    00000004     mpu6050.o (.data.s_gyro_sens)
                  20200764    00000004     PID.o (.data.s_speed_target_left)
                  20200768    00000004     PID.o (.data.s_speed_target_right)
                  2020076c    00000004     PID.o (.data.speed_current_left)
                  20200770    00000004     PID.o (.data.speed_current_right)
                  20200774    00000004     PID.o (.data.speed_last_left_count)
                  20200778    00000004     PID.o (.data.speed_last_right_count)
                  2020077c    00000004     mpu6050.o (.data.yaw_offset)
                  20200780    00000002     line.o (.data.filtered_error)
                  20200782    00000002     gimbal.o (.data.g_h)
                  20200784    00000002     line.o (.data.g_line_base_speed)
                  20200786    00000002     line.o (.data.g_line_kd)
                  20200788    00000002     line.o (.data.g_line_kp)
                  2020078a    00000002     line.o (.data.g_line_lost_gain)
                  2020078c    00000002     line.o (.data.g_line_pivot_speed)
                  2020078e    00000002     line.o (.data.g_line_pivot_time)
                  20200790    00000002     gimbal.o (.data.g_total)
                  20200792    00000002     gimbal.o (.data.g_v)
                  20200794    00000002     empty.o (.data.main.idle_ms)
                  20200796    00000002     empty.o (.data.main.last_cnt)
                  20200798    00000002     empty.o (.data.main.track_refresh)
                  2020079a    00000002     line.o (.data.pid_last_error)
                  2020079c    00000002     line.o (.data.pid_last_valid_error)
                  2020079e    00000002     line.o (.data.pivot_dir)
                  202007a0    00000001     line.o (.data.balance_tick)
                  202007a1    00000001     line.o (.data.block_opposite)
                  202007a2    00000001     uart.o (.data.esc)
                  202007a3    00000001     gimbal.o (.data.g_fcnt)
                  202007a4    00000001     gimbal.o (.data.g_fps)
                  202007a5    00000001     gimbal.o (.data.g_lost)
                  202007a6    00000001     empty.o (.data.g_mode)
                  202007a7    00000001     empty.o (.data.g_mpu_show)
                  202007a8    00000001     uart.o (.data.idx)
                  202007a9    00000001     empty.o (.data.main.mpu_tick)
                  202007aa    00000001     empty.o (.data.main.oled_tick)
                  202007ab    00000001     line.o (.data.pivot_active)
                  202007ac    00000001     line.o (.data.pivot_timer)
                  202007ad    00000001     PID.o (.data.s_speed_pid_enabled)

.stack     0    20207e00    00000200     UNINITIALIZED
                  20207e00    00000004     libc.a : boot_cortex_m.c.obj (.stack)
                  20207e04    000001fc     --HOLE--

__llvm_prf_cnts 
*          0    20200000    00000000     UNINITIALIZED

__llvm_prf_bits 
*          0    20200000    00000000     UNINITIALIZED

MODULE SUMMARY

       Module                         code    ro data   rw data
       ------                         ----    -------   -------
    .\
       ti_msp_dl_config.o             3326    101       396    
       empty.o                        3060    396       138    
       startup_mspm0g350x_ticlang.o   8       192       0      
    +--+------------------------------+-------+---------+---------+
       Total:                         6394    689       534    
                                                               
    .\BSP\src\
       oled.o                         1516    6080      1152   
       mpu6050.o                      4842    0         72     
       line.o                         1676    8         36     
       uart.o                         982     0         34     
       gimbal.o                       980     0         21     
       param_store.o                  972     0         0      
       key.o                          920     0         0      
       PID.o                          570     0         105    
       encoder.o                      574     0         8      
       bsp_tb6612.o                   348     66        0      
    +--+------------------------------+-------+---------+---------+
       Total:                         13380   6154      1428   
                                                               
    .\Board\
       board.o                        34      0         0      
    +--+------------------------------+-------+---------+---------+
       Total:                         34      0         0      
                                                               
    D:/ti/CCS_SDK/mspm0_sdk_2_10_00_04/source/ti/driverlib/lib/ticlang/m0p/mspm0g1x0x_g3x0x/driverlib.a
       dl_flashctl.o                  792     0         0      
       dl_timer.o                     608     0         0      
       dl_sysctl_mspm0g1x0x_g3x0x.o   416     0         0      
       dl_i2c.o                       132     0         0      
       dl_uart.o                      90      0         0      
       dl_common.o                    10      0         0      
    +--+------------------------------+-------+---------+---------+
       Total:                         2048    0         0      
                                                               
    D:\ti\ccs1281\ccs\tools\compiler\ti-cgt-armllvm_4.0.0.LTS\lib\armv6m-ti-none-eabi/c/libc.a
       _printfi.c.obj                 4510    34        0      
       s_atanf.c.obj                  466     32        0      
       e_sqrt.c.obj                   368     0         0      
       e_asinf.c.obj                  358     0         0      
       e_atan2f.c.obj                 280     0         0      
       aeabi_ctype.S.obj              0       257       0      
       s_scalbn.c.obj                 216     0         0      
       copy_decompress_lzss.c.obj     124     0         0      
       s_frexp.c.obj                  92      0         0      
       sprintf.c.obj                  90      0         0      
       _ltoa.c.obj                    88      0         0      
       autoinit.c.obj                 76      0         0      
       cpy_tbl.c.obj                  76      0         0      
       atoi.c.obj                     64      0         0      
       boot_cortex_m.c.obj            56      0         0      
       memccpy.c.obj                  34      0         0      
       copy_decompress_none.c.obj     18      0         0      
       memcpy16.S.obj                 18      0         0      
       copy_zero_init.c.obj           16      0         0      
       wcslen.c.obj                   16      0         0      
       memset16.S.obj                 14      0         0      
       aeabi_portable.c.obj           8       0         4      
       exit.c.obj                     4       0         0      
       pre_init.c.obj                 4       0         0      
    +--+------------------------------+-------+---------+---------+
       Total:                         6996    323       4      
                                                               
    D:\ti\ccs1281\ccs\tools\compiler\ti-cgt-armllvm_4.0.0.LTS\lib\armv6m-ti-none-eabi/libclang_rt.builtins.a
       adddf3.S.obj                   418     0         0      
       divdf3.S.obj                   268     0         0      
       addsf3.S.obj                   232     0         0      
       muldf3.S.obj                   228     0         0      
       comparedf2.c.obj               220     0         0      
       udivmoddi4.S.obj               162     0         0      
       mulsf3.S.obj                   156     0         0      
       divsf3.S.obj                   146     0         0      
       comparesf2.S.obj               118     0         0      
       truncdfsf2.S.obj               116     0         0      
       aeabi_dcmp.S.obj               98      0         0      
       aeabi_fcmp.S.obj               98      0         0      
       aeabi_idivmod.S.obj            86      0         0      
       fixdfsi.S.obj                  74      0         0      
       aeabi_uidivmod.S.obj           64      0         0      
       extendsfdf2.S.obj              64      0         0      
       floatsisf.S.obj                60      0         0      
       muldsi3.S.obj                  58      0         0      
       fixsfsi.S.obj                  56      0         0      
       floatsidf.S.obj                44      0         0      
       floatunsidf.S.obj              36      0         0      
       muldi3.S.obj                   36      0         0      
       ashldi3.S.obj                  30      0         0      
       aeabi_memset.S.obj             26      0         0      
       aeabi_uldivmod.S.obj           20      0         0      
       aeabi_memcpy.S.obj             8       0         0      
       aeabi_div0.c.obj               4       0         0      
    +--+------------------------------+-------+---------+---------+
       Total:                         2926    0         0      
                                                               
       Stack:                         0       0         512    
       Linker Generated:              0       181       0      
    +--+------------------------------+-------+---------+---------+
       Grand Total:                   31778   7347      2478   


LINKER GENERATED COPY TABLES

__TI_cinit_table @ 00009888 records: 2, size/record: 8, table size: 16
	.data: load addr=000097f0, load size=00000081 bytes, run addr=20200688, run size=00000126 bytes, compression=lzss
	.bss: load addr=00009880, load size=00000008 bytes, run addr=20200000, run size=00000688 bytes, compression=zero_init
binit @ 00009898 records: 1, size/record: 12, table size: 16
	.TI.ramfunc: load addr=00009790, load size=00000060, run addr=202007b0, run size=00000060, compression=none


LINKER GENERATED HANDLER TABLE

__TI_handler_table @ 00009874 records: 3, size/record: 4, table size: 12
	index: 0, handler: __TI_decompress_lzss
	index: 1, handler: __TI_decompress_none
	index: 2, handler: __TI_zero_init


FAR CALL TRAMPOLINES

callee name               trampoline name
   callee addr  tramp addr   call addr  call info
--------------  -----------  ---------  ----------------
__aeabi_dsub              $Tramp$TT$L$PI$$__aeabi_dsub
   00002bfd     00007b80     00007b7e   libc.a : _printfi.c.obj (.text.OUTLINED_FUNCTION_0)
__aeabi_fmul              $Tramp$TT$L$PI$$__aeabi_fmul
   000054e1     00007bd8     00007bd4   libc.a : e_asinf.c.obj (.text.OUTLINED_FUNCTION_0)
__aeabi_fdiv              $Tramp$TT$L$PI$$__aeabi_fdiv
   00005785     00007bf0     00007bec   libc.a : s_atanf.c.obj (.text.OUTLINED_FUNCTION_0)
__aeabi_fadd              $Tramp$TT$L$PI$$__aeabi_fadd
   00004a2f     00007c08     00007c06   libc.a : s_atanf.c.obj (.text.OUTLINED_FUNCTION_1)
_c_int00_noargs           $Tramp$TT$L$PI$$_c_int00_noargs
   00007189     00007c1c     00007c18   startup_mspm0g350x_ticlang.o (.text.Reset_Handler)
DL_FlashCTL_executeCommandFromRAM  $Tramp$TT$L$PI$$DL_FlashCTL_executeCommandFromRAM
   202007b1     00007c34     000058e8   driverlib.a : dl_flashctl.o (.text.DL_FlashCTL_programMemoryBlockingFromRAM64WithECCGenerated)
                             00007576               : dl_flashctl.o (.text.DL_FlashCTL_eraseMemoryFromRAM)

[6 trampolines]
[7 trampoline calls]


GLOBAL SYMBOLS: SORTED ALPHABETICALLY BY Name 

address   name                                                      
-------   ----                                                      
00007c01  ADC0_IRQHandler                                           
00007c01  ADC1_IRQHandler                                           
00007c01  AES_IRQHandler                                            
00005809  AO_Control                                                
00005bf1  BO_Control                                                
00007c30  C$$EXIT                                                   
00007c01  CANFD0_IRQHandler                                         
00006103  Car_SetMotors                                             
00007baf  Car_Stop                                                  
00007c01  DAC0_IRQHandler                                           
00007b59  DL_Common_delayCycles                                     
00007569  DL_FlashCTL_eraseMemoryFromRAM                            
00005889  DL_FlashCTL_programMemoryBlockingFromRAM64WithECCGenerated
0000479d  DL_FlashCTL_protectSector                                 
00004875  DL_FlashCTL_unprotectSector                               
00006225  DL_I2C_fillControllerTXFIFO                               
000071d7  DL_I2C_setClockConfig                                     
00007451  DL_SYSCTL_configFCC                                       
000046c1  DL_SYSCTL_configSYSPLL                                    
00005f75  DL_SYSCTL_setHFCLKSourceHFXTParams                        
00006a09  DL_SYSCTL_switchMCLKfromSYSOSCtoHSCLK                     
00003e35  DL_Timer_initFourCCPWMMode                                
00004039  DL_Timer_initTimerMode                                    
000074dd  DL_Timer_setCaptCompUpdateMethod                          
00007761  DL_Timer_setCaptureCompareOutCtl                          
00007a85  DL_Timer_setCaptureCompareValue                           
000074f9  DL_Timer_setClockConfig                                   
00006931  DL_UART_init                                              
00007a1d  DL_UART_setClockConfig                                    
00007c01  DMA_IRQHandler                                            
00007c01  Default_Handler                                           
00004325  Encoder_GPIO_IRQHandler                                   
00007af9  Encoder_GetLeft                                           
00007b05  Encoder_GetRight                                          
000062e1  Encoder_Init                                              
00007955  Encoder_Reset                                             
00007c01  GROUP0_IRQHandler                                         
00007bb7  GROUP1_IRQHandler                                         
00007b11  Gimbal_GetFPS                                             
00007b1d  Gimbal_GetFrameCnt                                        
00007531  Gimbal_GetRelH                                            
000072f1  Gimbal_GetRelV                                            
00007b29  Gimbal_GetTargetH                                         
00007b35  Gimbal_GetTargetV                                         
00006165  Gimbal_Init                                               
00007b41  Gimbal_IsLost                                             
0000567d  Gimbal_MoveH                                              
00005455  Gimbal_MoveV                                              
00002d8f  Gimbal_NextPage                                           
00003c1d  Gimbal_Process                                            
00007c01  HardFault_Handler                                         
00007c01  I2C0_IRQHandler                                           
00007c01  I2C1_IRQHandler                                           
00004c91  KEY1_ScanShortLong                                        
00004d4b  KEY2_ScanShortLong                                        
00004e05  KEY3_ScanShortLong                                        
00004ebf  KEY4_ScanShortLong                                        
00004037  KEY_Init                                                  
00005205  KEY_IsPressed                                             
0000556d  Line_GetPosition                                          
00004135  Line_ReadSensors                                          
00001e31  Line_Run                                                  
00007969  Line_SetBaseSpeed                                         
0000797d  Line_SetKD                                                
00007991  Line_SetKP                                                
000079a5  Line_SetLostGain                                          
00007b63  Line_SetMpuMode                                           
000079b9  Line_SetPivotSpeed                                        
000079cd  Line_SetPivotTime                                         
000071fd  Line_Tracking_Init                                        
00003631  MPU6050_Calibrate                                         
00006c8d  MPU6050_GetEuler                                          
000055f5  MPU6050_Init                                              
00006a4d  MPU6050_QuaternionReset                                   
00001261  MPU6050_QuaternionUpdate                                  
00001995  MPU6050_QuaternionUpdateFast                              
00006a91  MPU6050_ReadAccelRaw                                      
000038ad  MPU6050_ReadDataCalibrated                                
00006ad1  MPU6050_ReadGyroRaw                                       
000050c5  MPU6050_ReadReg                                           
00007311  MPU6050_ReadTempRaw                                       
00007b6d  MPU6050_ReadWhoAmI                                        
00005e35  MPU6050_WriteReg                                          
00007c01  NMI_Handler                                               
000061c5  OLED_Clear                                                
00005fd9  OLED_ClearPoint                                           
00006e99  OLED_ColorTurn                                            
00006979  OLED_DisplayTurn                                          
000069c1  OLED_DrawPoint                                            
20200000  OLED_GRAM                                                 
0000422d  OLED_Init                                                 
00005a09  OLED_Refresh                                              
000034d9  OLED_ShowChar                                             
0000529d  OLED_ShowString                                           
00005c65  OLED_WR_Byte                                              
00003f39  PID_Calculate                                             
00002d91  Param_Load                                                
00002671  Param_Save                                                
00007c01  PendSV_Handler                                            
00007c01  RTC_IRQHandler                                            
00007c19  Reset_Handler                                             
00007c01  SPI0_IRQHandler                                           
00007c01  SPI1_IRQHandler                                           
00007c01  SVC_Handler                                               
00002219  SYSCFG_DL_GPIO_init                                       
00006339  SYSCFG_DL_MPU6050_init                                    
00006391  SYSCFG_DL_OLED_init                                       
00006ecd  SYSCFG_DL_PID_TIMER_init                                  
00005335  SYSCFG_DL_PWM_0_init                                      
000053c5  SYSCFG_DL_PWM_Servo_init                                  
0000754d  SYSCFG_DL_SYSCTL_CLK_init                                 
00004411  SYSCFG_DL_SYSCTL_SYSPLL_init                              
00005909  SYSCFG_DL_SYSCTL_init                                     
00006b11  SYSCFG_DL_UART_Cam_init                                   
00006721  SYSCFG_DL_init                                            
00005165  SYSCFG_DL_initPower                                       
00006b51  Speed_PID_Calculate                                       
0000676d  Speed_PID_Update                                          
00007c01  SysTick_Handler                                           
00006cc9  TB6612_Motor_Stop                                         
00007c01  TIMA0_IRQHandler                                          
00007c01  TIMA1_IRQHandler                                          
00005989  TIMG0_IRQHandler                                          
00007c01  TIMG12_IRQHandler                                         
00007c01  TIMG6_IRQHandler                                          
00007c01  TIMG7_IRQHandler                                          
00007c01  TIMG8_IRQHandler                                          
00007a2f  TI_memcpy_small                                           
00007ad1  TI_memset_small                                           
00007c01  UART0_IRQHandler                                          
00007c01  UART1_IRQHandler                                          
00007c01  UART2_IRQHandler                                          
000079e1  UART3_IRQHandler                                          
00006f01  UART_Init                                                 
00007221  UART_Poll                                                 
20208000  __STACK_END                                               
00000200  __STACK_SIZE                                              
00000000  __TI_ATRegion0_region_sz                                  
00000000  __TI_ATRegion0_src_addr                                   
00000000  __TI_ATRegion0_trg_addr                                   
00000000  __TI_ATRegion1_region_sz                                  
00000000  __TI_ATRegion1_src_addr                                   
00000000  __TI_ATRegion1_trg_addr                                   
00000000  __TI_ATRegion2_region_sz                                  
00000000  __TI_ATRegion2_src_addr                                   
00000000  __TI_ATRegion2_trg_addr                                   
00009888  __TI_CINIT_Base                                           
00009898  __TI_CINIT_Limit                                          
00009898  __TI_CINIT_Warm                                           
00009874  __TI_Handler_Table_Base                                   
00009880  __TI_Handler_Table_Limit                                  
00006851  __TI_auto_init_nopinit                                    
00005a85  __TI_decompress_lzss                                      
00007a41  __TI_decompress_none                                      
000063e9  __TI_ltoa                                                 
ffffffff  __TI_pprof_out_hndl                                       
000000c1  __TI_printfi                                              
ffffffff  __TI_prof_data_size                                       
ffffffff  __TI_prof_data_start                                      
00000000  __TI_static_base__                                        
00009898  __TI_table_binit                                          
00007aa5  __TI_zero_init                                            
00002c07  __adddf3                                                  
00004a2f  __addsf3                                                  
00009410  __aeabi_ctype_table_                                      
00009410  __aeabi_ctype_table_C                                     
00005dc1  __aeabi_d2f                                               
0000689d  __aeabi_d2iz                                              
00002c07  __aeabi_dadd                                              
0000603d  __aeabi_dcmpeq                                            
00006079  __aeabi_dcmpge                                            
0000608d  __aeabi_dcmpgt                                            
00006065  __aeabi_dcmple                                            
00006051  __aeabi_dcmplt                                            
00003d29  __aeabi_ddiv                                              
000044fd  __aeabi_dmul                                              
00002bfd  __aeabi_dsub                                              
20200714  __aeabi_errno                                             
00007bc1  __aeabi_errno_addr                                        
00006bd1  __aeabi_f2d                                               
00006df5  __aeabi_f2iz                                              
00004a2f  __aeabi_fadd                                              
000060a1  __aeabi_fcmpeq                                            
000060dd  __aeabi_fcmpge                                            
000060f1  __aeabi_fcmpgt                                            
000060c9  __aeabi_fcmple                                            
000060b5  __aeabi_fcmplt                                            
00005785  __aeabi_fdiv                                              
000054e1  __aeabi_fmul                                              
00004a25  __aeabi_fsub                                              
00007045  __aeabi_i2d                                               
00006d05  __aeabi_i2f                                               
00006499  __aeabi_idiv                                              
000046bf  __aeabi_idiv0                                             
00006499  __aeabi_idivmod                                           
000050c3  __aeabi_ldiv0                                             
00007351  __aeabi_llsl                                              
00007269  __aeabi_lmul                                              
00007b4d  __aeabi_memclr                                            
00007b4d  __aeabi_memclr4                                           
00007b4d  __aeabi_memclr8                                           
00007bc9  __aeabi_memcpy                                            
00007bc9  __aeabi_memcpy4                                           
00007bc9  __aeabi_memcpy8                                           
00007ab5  __aeabi_memset                                            
00007ab5  __aeabi_memset4                                           
00007ab5  __aeabi_memset8                                           
00007245  __aeabi_ui2d                                              
00006b91  __aeabi_uidiv                                             
00006b91  __aeabi_uidivmod                                          
000079f5  __aeabi_uldivmod                                          
00007351  __ashldi3                                                 
00009898  __binit__                                                 
00005ea5  __cmpdf2                                                  
00006d7d  __cmpsf2                                                  
00003d29  __divdf3                                                  
00005785  __divsf3                                                  
00005ea5  __eqdf2                                                   
00006d7d  __eqsf2                                                   
00006bd1  __extendsfdf2                                             
0000689d  __fixdfsi                                                 
00006df5  __fixsfsi                                                 
00007045  __floatsidf                                               
00006d05  __floatsisf                                               
00007245  __floatunsidf                                             
00005d4d  __gedf2                                                   
00006d41  __gesf2                                                   
00005d4d  __gtdf2                                                   
00006d41  __gtsf2                                                   
00005ea5  __ledf2                                                   
00006d7d  __lesf2                                                   
00005ea5  __ltdf2                                                   
00006d7d  __ltsf2                                                   
UNDEFED   __mpu_init                                                
000044fd  __muldf3                                                  
00007269  __muldi3                                                  
00006db9  __muldsi3                                                 
000054e1  __mulsf3                                                  
00005ea5  __nedf2                                                   
00006d7d  __nesf2                                                   
20207e00  __stack                                                   
20200000  __start___llvm_prf_bits                                   
20200000  __start___llvm_prf_cnts                                   
20200000  __stop___llvm_prf_bits                                    
20200000  __stop___llvm_prf_cnts                                    
00002bfd  __subdf3                                                  
00004a25  __subsf3                                                  
00005dc1  __truncdfsf2                                              
00005021  __udivmoddi4                                              
00007189  _c_int00_noargs                                           
UNDEFED   _system_post_cinit                                        
00007c2d  _system_pre_init                                          
00007c31  abort                                                     
00008f9c  asc2_1206                                                 
000089ac  asc2_1608                                                 
00007c50  asc2_2412                                                 
00003379  asinf                                                     
00003b05  atan2f                                                    
00002a35  atanf                                                     
00006c11  atoi                                                      
00009898  binit                                                     
00006805  copy_in                                                   
00007809  delay_ms                                                  
00006285  frexp                                                     
00006285  frexpl                                                    
2020053c  gPWM_0Backup                                              
20200480  gPWM_ServoBackup                                          
202005dc  gUART_CamBackup                                           
2020070c  g_rx                                                      
00000000  interruptVectors                                          
00007ba5  lc_printf                                                 
0000494d  ldexp                                                     
0000494d  ldexpl                                                    
00000a91  main                                                      
0000728d  memccpy                                                   
0000494d  scalbn                                                    
0000494d  scalbnl                                                   
00006e2d  sprintf                                                   
00003209  sqrt                                                      
00003209  sqrtl                                                     
00007a95  wcslen                                                    


GLOBAL SYMBOLS: SORTED BY Symbol Address 

address   name                                                      
-------   ----                                                      
00000000  __TI_ATRegion0_region_sz                                  
00000000  __TI_ATRegion0_src_addr                                   
00000000  __TI_ATRegion0_trg_addr                                   
00000000  __TI_ATRegion1_region_sz                                  
00000000  __TI_ATRegion1_src_addr                                   
00000000  __TI_ATRegion1_trg_addr                                   
00000000  __TI_ATRegion2_region_sz                                  
00000000  __TI_ATRegion2_src_addr                                   
00000000  __TI_ATRegion2_trg_addr                                   
00000000  __TI_static_base__                                        
00000000  interruptVectors                                          
000000c1  __TI_printfi                                              
00000200  __STACK_SIZE                                              
00000a91  main                                                      
00001261  MPU6050_QuaternionUpdate                                  
00001995  MPU6050_QuaternionUpdateFast                              
00001e31  Line_Run                                                  
00002219  SYSCFG_DL_GPIO_init                                       
00002671  Param_Save                                                
00002a35  atanf                                                     
00002bfd  __aeabi_dsub                                              
00002bfd  __subdf3                                                  
00002c07  __adddf3                                                  
00002c07  __aeabi_dadd                                              
00002d8f  Gimbal_NextPage                                           
00002d91  Param_Load                                                
00003209  sqrt                                                      
00003209  sqrtl                                                     
00003379  asinf                                                     
000034d9  OLED_ShowChar                                             
00003631  MPU6050_Calibrate                                         
000038ad  MPU6050_ReadDataCalibrated                                
00003b05  atan2f                                                    
00003c1d  Gimbal_Process                                            
00003d29  __aeabi_ddiv                                              
00003d29  __divdf3                                                  
00003e35  DL_Timer_initFourCCPWMMode                                
00003f39  PID_Calculate                                             
00004037  KEY_Init                                                  
00004039  DL_Timer_initTimerMode                                    
00004135  Line_ReadSensors                                          
0000422d  OLED_Init                                                 
00004325  Encoder_GPIO_IRQHandler                                   
00004411  SYSCFG_DL_SYSCTL_SYSPLL_init                              
000044fd  __aeabi_dmul                                              
000044fd  __muldf3                                                  
000046bf  __aeabi_idiv0                                             
000046c1  DL_SYSCTL_configSYSPLL                                    
0000479d  DL_FlashCTL_protectSector                                 
00004875  DL_FlashCTL_unprotectSector                               
0000494d  ldexp                                                     
0000494d  ldexpl                                                    
0000494d  scalbn                                                    
0000494d  scalbnl                                                   
00004a25  __aeabi_fsub                                              
00004a25  __subsf3                                                  
00004a2f  __addsf3                                                  
00004a2f  __aeabi_fadd                                              
00004c91  KEY1_ScanShortLong                                        
00004d4b  KEY2_ScanShortLong                                        
00004e05  KEY3_ScanShortLong                                        
00004ebf  KEY4_ScanShortLong                                        
00005021  __udivmoddi4                                              
000050c3  __aeabi_ldiv0                                             
000050c5  MPU6050_ReadReg                                           
00005165  SYSCFG_DL_initPower                                       
00005205  KEY_IsPressed                                             
0000529d  OLED_ShowString                                           
00005335  SYSCFG_DL_PWM_0_init                                      
000053c5  SYSCFG_DL_PWM_Servo_init                                  
00005455  Gimbal_MoveV                                              
000054e1  __aeabi_fmul                                              
000054e1  __mulsf3                                                  
0000556d  Line_GetPosition                                          
000055f5  MPU6050_Init                                              
0000567d  Gimbal_MoveH                                              
00005785  __aeabi_fdiv                                              
00005785  __divsf3                                                  
00005809  AO_Control                                                
00005889  DL_FlashCTL_programMemoryBlockingFromRAM64WithECCGenerated
00005909  SYSCFG_DL_SYSCTL_init                                     
00005989  TIMG0_IRQHandler                                          
00005a09  OLED_Refresh                                              
00005a85  __TI_decompress_lzss                                      
00005bf1  BO_Control                                                
00005c65  OLED_WR_Byte                                              
00005d4d  __gedf2                                                   
00005d4d  __gtdf2                                                   
00005dc1  __aeabi_d2f                                               
00005dc1  __truncdfsf2                                              
00005e35  MPU6050_WriteReg                                          
00005ea5  __cmpdf2                                                  
00005ea5  __eqdf2                                                   
00005ea5  __ledf2                                                   
00005ea5  __ltdf2                                                   
00005ea5  __nedf2                                                   
00005f75  DL_SYSCTL_setHFCLKSourceHFXTParams                        
00005fd9  OLED_ClearPoint                                           
0000603d  __aeabi_dcmpeq                                            
00006051  __aeabi_dcmplt                                            
00006065  __aeabi_dcmple                                            
00006079  __aeabi_dcmpge                                            
0000608d  __aeabi_dcmpgt                                            
000060a1  __aeabi_fcmpeq                                            
000060b5  __aeabi_fcmplt                                            
000060c9  __aeabi_fcmple                                            
000060dd  __aeabi_fcmpge                                            
000060f1  __aeabi_fcmpgt                                            
00006103  Car_SetMotors                                             
00006165  Gimbal_Init                                               
000061c5  OLED_Clear                                                
00006225  DL_I2C_fillControllerTXFIFO                               
00006285  frexp                                                     
00006285  frexpl                                                    
000062e1  Encoder_Init                                              
00006339  SYSCFG_DL_MPU6050_init                                    
00006391  SYSCFG_DL_OLED_init                                       
000063e9  __TI_ltoa                                                 
00006499  __aeabi_idiv                                              
00006499  __aeabi_idivmod                                           
00006721  SYSCFG_DL_init                                            
0000676d  Speed_PID_Update                                          
00006805  copy_in                                                   
00006851  __TI_auto_init_nopinit                                    
0000689d  __aeabi_d2iz                                              
0000689d  __fixdfsi                                                 
00006931  DL_UART_init                                              
00006979  OLED_DisplayTurn                                          
000069c1  OLED_DrawPoint                                            
00006a09  DL_SYSCTL_switchMCLKfromSYSOSCtoHSCLK                     
00006a4d  MPU6050_QuaternionReset                                   
00006a91  MPU6050_ReadAccelRaw                                      
00006ad1  MPU6050_ReadGyroRaw                                       
00006b11  SYSCFG_DL_UART_Cam_init                                   
00006b51  Speed_PID_Calculate                                       
00006b91  __aeabi_uidiv                                             
00006b91  __aeabi_uidivmod                                          
00006bd1  __aeabi_f2d                                               
00006bd1  __extendsfdf2                                             
00006c11  atoi                                                      
00006c8d  MPU6050_GetEuler                                          
00006cc9  TB6612_Motor_Stop                                         
00006d05  __aeabi_i2f                                               
00006d05  __floatsisf                                               
00006d41  __gesf2                                                   
00006d41  __gtsf2                                                   
00006d7d  __cmpsf2                                                  
00006d7d  __eqsf2                                                   
00006d7d  __lesf2                                                   
00006d7d  __ltsf2                                                   
00006d7d  __nesf2                                                   
00006db9  __muldsi3                                                 
00006df5  __aeabi_f2iz                                              
00006df5  __fixsfsi                                                 
00006e2d  sprintf                                                   
00006e99  OLED_ColorTurn                                            
00006ecd  SYSCFG_DL_PID_TIMER_init                                  
00006f01  UART_Init                                                 
00007045  __aeabi_i2d                                               
00007045  __floatsidf                                               
00007189  _c_int00_noargs                                           
000071d7  DL_I2C_setClockConfig                                     
000071fd  Line_Tracking_Init                                        
00007221  UART_Poll                                                 
00007245  __aeabi_ui2d                                              
00007245  __floatunsidf                                             
00007269  __aeabi_lmul                                              
00007269  __muldi3                                                  
0000728d  memccpy                                                   
000072f1  Gimbal_GetRelV                                            
00007311  MPU6050_ReadTempRaw                                       
00007351  __aeabi_llsl                                              
00007351  __ashldi3                                                 
00007451  DL_SYSCTL_configFCC                                       
000074dd  DL_Timer_setCaptCompUpdateMethod                          
000074f9  DL_Timer_setClockConfig                                   
00007531  Gimbal_GetRelH                                            
0000754d  SYSCFG_DL_SYSCTL_CLK_init                                 
00007569  DL_FlashCTL_eraseMemoryFromRAM                            
00007761  DL_Timer_setCaptureCompareOutCtl                          
00007809  delay_ms                                                  
00007955  Encoder_Reset                                             
00007969  Line_SetBaseSpeed                                         
0000797d  Line_SetKD                                                
00007991  Line_SetKP                                                
000079a5  Line_SetLostGain                                          
000079b9  Line_SetPivotSpeed                                        
000079cd  Line_SetPivotTime                                         
000079e1  UART3_IRQHandler                                          
000079f5  __aeabi_uldivmod                                          
00007a1d  DL_UART_setClockConfig                                    
00007a2f  TI_memcpy_small                                           
00007a41  __TI_decompress_none                                      
00007a85  DL_Timer_setCaptureCompareValue                           
00007a95  wcslen                                                    
00007aa5  __TI_zero_init                                            
00007ab5  __aeabi_memset                                            
00007ab5  __aeabi_memset4                                           
00007ab5  __aeabi_memset8                                           
00007ad1  TI_memset_small                                           
00007af9  Encoder_GetLeft                                           
00007b05  Encoder_GetRight                                          
00007b11  Gimbal_GetFPS                                             
00007b1d  Gimbal_GetFrameCnt                                        
00007b29  Gimbal_GetTargetH                                         
00007b35  Gimbal_GetTargetV                                         
00007b41  Gimbal_IsLost                                             
00007b4d  __aeabi_memclr                                            
00007b4d  __aeabi_memclr4                                           
00007b4d  __aeabi_memclr8                                           
00007b59  DL_Common_delayCycles                                     
00007b63  Line_SetMpuMode                                           
00007b6d  MPU6050_ReadWhoAmI                                        
00007ba5  lc_printf                                                 
00007baf  Car_Stop                                                  
00007bb7  GROUP1_IRQHandler                                         
00007bc1  __aeabi_errno_addr                                        
00007bc9  __aeabi_memcpy                                            
00007bc9  __aeabi_memcpy4                                           
00007bc9  __aeabi_memcpy8                                           
00007c01  ADC0_IRQHandler                                           
00007c01  ADC1_IRQHandler                                           
00007c01  AES_IRQHandler                                            
00007c01  CANFD0_IRQHandler                                         
00007c01  DAC0_IRQHandler                                           
00007c01  DMA_IRQHandler                                            
00007c01  Default_Handler                                           
00007c01  GROUP0_IRQHandler                                         
00007c01  HardFault_Handler                                         
00007c01  I2C0_IRQHandler                                           
00007c01  I2C1_IRQHandler                                           
00007c01  NMI_Handler                                               
00007c01  PendSV_Handler                                            
00007c01  RTC_IRQHandler                                            
00007c01  SPI0_IRQHandler                                           
00007c01  SPI1_IRQHandler                                           
00007c01  SVC_Handler                                               
00007c01  SysTick_Handler                                           
00007c01  TIMA0_IRQHandler                                          
00007c01  TIMA1_IRQHandler                                          
00007c01  TIMG12_IRQHandler                                         
00007c01  TIMG6_IRQHandler                                          
00007c01  TIMG7_IRQHandler                                          
00007c01  TIMG8_IRQHandler                                          
00007c01  UART0_IRQHandler                                          
00007c01  UART1_IRQHandler                                          
00007c01  UART2_IRQHandler                                          
00007c19  Reset_Handler                                             
00007c2d  _system_pre_init                                          
00007c30  C$$EXIT                                                   
00007c31  abort                                                     
00007c50  asc2_2412                                                 
000089ac  asc2_1608                                                 
00008f9c  asc2_1206                                                 
00009410  __aeabi_ctype_table_                                      
00009410  __aeabi_ctype_table_C                                     
00009874  __TI_Handler_Table_Base                                   
00009880  __TI_Handler_Table_Limit                                  
00009888  __TI_CINIT_Base                                           
00009898  __TI_CINIT_Limit                                          
00009898  __TI_CINIT_Warm                                           
00009898  __TI_table_binit                                          
00009898  __binit__                                                 
00009898  binit                                                     
20200000  OLED_GRAM                                                 
20200000  __start___llvm_prf_bits                                   
20200000  __start___llvm_prf_cnts                                   
20200000  __stop___llvm_prf_bits                                    
20200000  __stop___llvm_prf_cnts                                    
20200480  gPWM_ServoBackup                                          
2020053c  gPWM_0Backup                                              
202005dc  gUART_CamBackup                                           
2020070c  g_rx                                                      
20200714  __aeabi_errno                                             
20207e00  __stack                                                   
20208000  __STACK_END                                               
ffffffff  __TI_pprof_out_hndl                                       
ffffffff  __TI_prof_data_size                                       
ffffffff  __TI_prof_data_start                                      
UNDEFED   __mpu_init                                                
UNDEFED   _system_post_cinit                                        

[281 symbols]
