<?xml version="1.0" encoding="ISO-8859-1" ?>
<link_info>
   <banner>TI ARM Clang Linker PC v4.0.0.LTS</banner>
   <copyright>Copyright (c) 1996-2018 Texas Instruments Incorporated</copyright>
   <command_line>D:\ti\ccs1281\ccs\tools\compiler\ti-cgt-armllvm_4.0.0.LTS\bin\tiarmlnk -ID:\ti\ccs1281\ccs\tools\compiler\ti-cgt-armllvm_4.0.0.LTS\lib -o MYCode_v5.out -mMYCode_v5.map -iD:/ti/CCS_SDK/mspm0_sdk_2_10_00_04/source -iD:/CCS/workspace_v12/MYCode_v5 -iD:/CCS/workspace_v12/MYCode_v5/Debug/syscfg -iD:/ti/ccs1281/ccs/tools/compiler/ti-cgt-armllvm_4.0.0.LTS/lib --diag_wrap=off --display_error_number --warn_sections --xml_link_info=MYCode_v5_linkInfo.xml --rom_model ./empty.o ./ti_msp_dl_config.o ./startup_mspm0g350x_ticlang.o ./BSP/src/PID.o ./BSP/src/bsp_tb6612.o ./BSP/src/encoder.o ./BSP/src/gimbal.o ./BSP/src/kalman_filter.o ./BSP/src/key.o ./BSP/src/line.o ./BSP/src/location.o ./BSP/src/mpu6050.o ./BSP/src/oled.o ./BSP/src/param_store.o ./BSP/src/uart.o ./Board/board.o -l./device_linker.cmd -ldevice.cmd.genlibs -llibc.a --start-group -llibc++.a -llibc++abi.a -llibc.a -llibsys.a -llibsysbm.a -llibclang_rt.builtins.a -llibclang_rt.profile.a --end-group --cg_opt_level=0</command_line>
   <link_time>0x6a60e752</link_time>
   <link_errors>0x0</link_errors>
   <output_file>D:\CCS\workspace_v12\MYCode_v5\Debug\MYCode_v5.out</output_file>
   <entry_point>
      <name>_c_int00_noargs</name>
      <address>0x7049</address>
   </entry_point>
   <input_file_list>
      <input_file id="fl-1">
         <path>D:\CCS\workspace_v12\MYCode_v5\Debug\.\</path>
         <kind>object</kind>
         <file>empty.o</file>
         <name>empty.o</name>
      </input_file>
      <input_file id="fl-2">
         <path>D:\CCS\workspace_v12\MYCode_v5\Debug\.\</path>
         <kind>object</kind>
         <file>ti_msp_dl_config.o</file>
         <name>ti_msp_dl_config.o</name>
      </input_file>
      <input_file id="fl-3">
         <path>D:\CCS\workspace_v12\MYCode_v5\Debug\.\</path>
         <kind>object</kind>
         <file>startup_mspm0g350x_ticlang.o</file>
         <name>startup_mspm0g350x_ticlang.o</name>
      </input_file>
      <input_file id="fl-4">
         <path>D:\CCS\workspace_v12\MYCode_v5\Debug\.\BSP\src\</path>
         <kind>object</kind>
         <file>PID.o</file>
         <name>PID.o</name>
      </input_file>
      <input_file id="fl-5">
         <path>D:\CCS\workspace_v12\MYCode_v5\Debug\.\BSP\src\</path>
         <kind>object</kind>
         <file>bsp_tb6612.o</file>
         <name>bsp_tb6612.o</name>
      </input_file>
      <input_file id="fl-6">
         <path>D:\CCS\workspace_v12\MYCode_v5\Debug\.\BSP\src\</path>
         <kind>object</kind>
         <file>encoder.o</file>
         <name>encoder.o</name>
      </input_file>
      <input_file id="fl-7">
         <path>D:\CCS\workspace_v12\MYCode_v5\Debug\.\BSP\src\</path>
         <kind>object</kind>
         <file>gimbal.o</file>
         <name>gimbal.o</name>
      </input_file>
      <input_file id="fl-8">
         <path>D:\CCS\workspace_v12\MYCode_v5\Debug\.\BSP\src\</path>
         <kind>object</kind>
         <file>kalman_filter.o</file>
         <name>kalman_filter.o</name>
      </input_file>
      <input_file id="fl-9">
         <path>D:\CCS\workspace_v12\MYCode_v5\Debug\.\BSP\src\</path>
         <kind>object</kind>
         <file>key.o</file>
         <name>key.o</name>
      </input_file>
      <input_file id="fl-a">
         <path>D:\CCS\workspace_v12\MYCode_v5\Debug\.\BSP\src\</path>
         <kind>object</kind>
         <file>line.o</file>
         <name>line.o</name>
      </input_file>
      <input_file id="fl-b">
         <path>D:\CCS\workspace_v12\MYCode_v5\Debug\.\BSP\src\</path>
         <kind>object</kind>
         <file>location.o</file>
         <name>location.o</name>
      </input_file>
      <input_file id="fl-c">
         <path>D:\CCS\workspace_v12\MYCode_v5\Debug\.\BSP\src\</path>
         <kind>object</kind>
         <file>mpu6050.o</file>
         <name>mpu6050.o</name>
      </input_file>
      <input_file id="fl-d">
         <path>D:\CCS\workspace_v12\MYCode_v5\Debug\.\BSP\src\</path>
         <kind>object</kind>
         <file>oled.o</file>
         <name>oled.o</name>
      </input_file>
      <input_file id="fl-e">
         <path>D:\CCS\workspace_v12\MYCode_v5\Debug\.\BSP\src\</path>
         <kind>object</kind>
         <file>param_store.o</file>
         <name>param_store.o</name>
      </input_file>
      <input_file id="fl-f">
         <path>D:\CCS\workspace_v12\MYCode_v5\Debug\.\BSP\src\</path>
         <kind>object</kind>
         <file>uart.o</file>
         <name>uart.o</name>
      </input_file>
      <input_file id="fl-10">
         <path>D:\CCS\workspace_v12\MYCode_v5\Debug\.\Board\</path>
         <kind>object</kind>
         <file>board.o</file>
         <name>board.o</name>
      </input_file>
      <input_file id="fl-1d">
         <path>D:\CCS\workspace_v12\MYCode_v5\Debug\</path>
         <kind>object</kind>
         <file>&lt;internal&gt;</file>
         <name>&lt;internal&gt;</name>
      </input_file>
      <input_file id="fl-1e">
         <path>D:\ti\CCS_SDK\mspm0_sdk_2_10_00_04\source\ti\driverlib\lib\ticlang\m0p\mspm0g1x0x_g3x0x\</path>
         <kind>archive</kind>
         <file>driverlib.a</file>
         <name>dl_common.o</name>
      </input_file>
      <input_file id="fl-1f">
         <path>D:\ti\CCS_SDK\mspm0_sdk_2_10_00_04\source\ti\driverlib\lib\ticlang\m0p\mspm0g1x0x_g3x0x\</path>
         <kind>archive</kind>
         <file>driverlib.a</file>
         <name>dl_flashctl.o</name>
      </input_file>
      <input_file id="fl-20">
         <path>D:\ti\CCS_SDK\mspm0_sdk_2_10_00_04\source\ti\driverlib\lib\ticlang\m0p\mspm0g1x0x_g3x0x\</path>
         <kind>archive</kind>
         <file>driverlib.a</file>
         <name>dl_i2c.o</name>
      </input_file>
      <input_file id="fl-21">
         <path>D:\ti\CCS_SDK\mspm0_sdk_2_10_00_04\source\ti\driverlib\lib\ticlang\m0p\mspm0g1x0x_g3x0x\</path>
         <kind>archive</kind>
         <file>driverlib.a</file>
         <name>dl_timer.o</name>
      </input_file>
      <input_file id="fl-22">
         <path>D:\ti\CCS_SDK\mspm0_sdk_2_10_00_04\source\ti\driverlib\lib\ticlang\m0p\mspm0g1x0x_g3x0x\</path>
         <kind>archive</kind>
         <file>driverlib.a</file>
         <name>dl_uart.o</name>
      </input_file>
      <input_file id="fl-23">
         <path>D:\ti\CCS_SDK\mspm0_sdk_2_10_00_04\source\ti\driverlib\lib\ticlang\m0p\mspm0g1x0x_g3x0x\</path>
         <kind>archive</kind>
         <file>driverlib.a</file>
         <name>dl_sysctl_mspm0g1x0x_g3x0x.o</name>
      </input_file>
      <input_file id="fl-38">
         <path>D:\ti\ccs1281\ccs\tools\compiler\ti-cgt-armllvm_4.0.0.LTS\lib\armv6m-ti-none-eabi\c\</path>
         <kind>archive</kind>
         <file>libc.a</file>
         <name>e_asinf.c.obj</name>
      </input_file>
      <input_file id="fl-39">
         <path>D:\ti\ccs1281\ccs\tools\compiler\ti-cgt-armllvm_4.0.0.LTS\lib\armv6m-ti-none-eabi\c\</path>
         <kind>archive</kind>
         <file>libc.a</file>
         <name>e_atan2f.c.obj</name>
      </input_file>
      <input_file id="fl-3a">
         <path>D:\ti\ccs1281\ccs\tools\compiler\ti-cgt-armllvm_4.0.0.LTS\lib\armv6m-ti-none-eabi\c\</path>
         <kind>archive</kind>
         <file>libc.a</file>
         <name>e_sqrtf.c.obj</name>
      </input_file>
      <input_file id="fl-3b">
         <path>D:\ti\ccs1281\ccs\tools\compiler\ti-cgt-armllvm_4.0.0.LTS\lib\armv6m-ti-none-eabi\c\</path>
         <kind>archive</kind>
         <file>libc.a</file>
         <name>s_atanf.c.obj</name>
      </input_file>
      <input_file id="fl-3c">
         <path>D:\ti\ccs1281\ccs\tools\compiler\ti-cgt-armllvm_4.0.0.LTS\lib\armv6m-ti-none-eabi\c\</path>
         <kind>archive</kind>
         <file>libc.a</file>
         <name>s_cosf.c.obj</name>
      </input_file>
      <input_file id="fl-3d">
         <path>D:\ti\ccs1281\ccs\tools\compiler\ti-cgt-armllvm_4.0.0.LTS\lib\armv6m-ti-none-eabi\c\</path>
         <kind>archive</kind>
         <file>libc.a</file>
         <name>s_sinf.c.obj</name>
      </input_file>
      <input_file id="fl-3e">
         <path>D:\ti\ccs1281\ccs\tools\compiler\ti-cgt-armllvm_4.0.0.LTS\lib\armv6m-ti-none-eabi\c\</path>
         <kind>archive</kind>
         <file>libc.a</file>
         <name>s_tanf.c.obj</name>
      </input_file>
      <input_file id="fl-3f">
         <path>D:\ti\ccs1281\ccs\tools\compiler\ti-cgt-armllvm_4.0.0.LTS\lib\armv6m-ti-none-eabi\c\</path>
         <kind>archive</kind>
         <file>libc.a</file>
         <name>sprintf.c.obj</name>
      </input_file>
      <input_file id="fl-40">
         <path>D:\ti\ccs1281\ccs\tools\compiler\ti-cgt-armllvm_4.0.0.LTS\lib\armv6m-ti-none-eabi\c\</path>
         <kind>archive</kind>
         <file>libc.a</file>
         <name>e_sqrt.c.obj</name>
      </input_file>
      <input_file id="fl-41">
         <path>D:\ti\ccs1281\ccs\tools\compiler\ti-cgt-armllvm_4.0.0.LTS\lib\armv6m-ti-none-eabi\c\</path>
         <kind>archive</kind>
         <file>libc.a</file>
         <name>aeabi_portable.c.obj</name>
      </input_file>
      <input_file id="fl-42">
         <path>D:\ti\ccs1281\ccs\tools\compiler\ti-cgt-armllvm_4.0.0.LTS\lib\armv6m-ti-none-eabi\c\</path>
         <kind>archive</kind>
         <file>libc.a</file>
         <name>k_rem_pio2.c.obj</name>
      </input_file>
      <input_file id="fl-43">
         <path>D:\ti\ccs1281\ccs\tools\compiler\ti-cgt-armllvm_4.0.0.LTS\lib\armv6m-ti-none-eabi\c\</path>
         <kind>archive</kind>
         <file>libc.a</file>
         <name>assert.c.obj</name>
      </input_file>
      <input_file id="fl-44">
         <path>D:\ti\ccs1281\ccs\tools\compiler\ti-cgt-armllvm_4.0.0.LTS\lib\armv6m-ti-none-eabi\c\</path>
         <kind>archive</kind>
         <file>libc.a</file>
         <name>defs.c.obj</name>
      </input_file>
      <input_file id="fl-45">
         <path>D:\ti\ccs1281\ccs\tools\compiler\ti-cgt-armllvm_4.0.0.LTS\lib\armv6m-ti-none-eabi\c\</path>
         <kind>archive</kind>
         <file>libc.a</file>
         <name>memory.c.obj</name>
      </input_file>
      <input_file id="fl-46">
         <path>D:\ti\ccs1281\ccs\tools\compiler\ti-cgt-armllvm_4.0.0.LTS\lib\armv6m-ti-none-eabi\c\</path>
         <kind>archive</kind>
         <file>libc.a</file>
         <name>boot_cortex_m.c.obj</name>
      </input_file>
      <input_file id="fl-47">
         <path>D:\ti\ccs1281\ccs\tools\compiler\ti-cgt-armllvm_4.0.0.LTS\lib\armv6m-ti-none-eabi\c\</path>
         <kind>archive</kind>
         <file>libc.a</file>
         <name>mathacl_init.c.obj</name>
      </input_file>
      <input_file id="fl-48">
         <path>D:\ti\ccs1281\ccs\tools\compiler\ti-cgt-armllvm_4.0.0.LTS\lib\armv6m-ti-none-eabi\c\</path>
         <kind>archive</kind>
         <file>libc.a</file>
         <name>autoinit.c.obj</name>
      </input_file>
      <input_file id="fl-49">
         <path>D:\ti\ccs1281\ccs\tools\compiler\ti-cgt-armllvm_4.0.0.LTS\lib\armv6m-ti-none-eabi\c\</path>
         <kind>archive</kind>
         <file>libc.a</file>
         <name>pre_init.c.obj</name>
      </input_file>
      <input_file id="fl-4a">
         <path>D:\ti\ccs1281\ccs\tools\compiler\ti-cgt-armllvm_4.0.0.LTS\lib\armv6m-ti-none-eabi\c\</path>
         <kind>archive</kind>
         <file>libc.a</file>
         <name>cpy_tbl.c.obj</name>
      </input_file>
      <input_file id="fl-4b">
         <path>D:\ti\ccs1281\ccs\tools\compiler\ti-cgt-armllvm_4.0.0.LTS\lib\armv6m-ti-none-eabi\c\</path>
         <kind>archive</kind>
         <file>libc.a</file>
         <name>copy_zero_init.c.obj</name>
      </input_file>
      <input_file id="fl-4c">
         <path>D:\ti\ccs1281\ccs\tools\compiler\ti-cgt-armllvm_4.0.0.LTS\lib\armv6m-ti-none-eabi\c\</path>
         <kind>archive</kind>
         <file>libc.a</file>
         <name>copy_decompress_none.c.obj</name>
      </input_file>
      <input_file id="fl-4d">
         <path>D:\ti\ccs1281\ccs\tools\compiler\ti-cgt-armllvm_4.0.0.LTS\lib\armv6m-ti-none-eabi\c\</path>
         <kind>archive</kind>
         <file>libc.a</file>
         <name>copy_decompress_lzss.c.obj</name>
      </input_file>
      <input_file id="fl-4e">
         <path>D:\ti\ccs1281\ccs\tools\compiler\ti-cgt-armllvm_4.0.0.LTS\lib\armv6m-ti-none-eabi\c\</path>
         <kind>archive</kind>
         <file>libc.a</file>
         <name>_printfi.c.obj</name>
      </input_file>
      <input_file id="fl-4f">
         <path>D:\ti\ccs1281\ccs\tools\compiler\ti-cgt-armllvm_4.0.0.LTS\lib\armv6m-ti-none-eabi\c\</path>
         <kind>archive</kind>
         <file>libc.a</file>
         <name>fflush.c.obj</name>
      </input_file>
      <input_file id="fl-50">
         <path>D:\ti\ccs1281\ccs\tools\compiler\ti-cgt-armllvm_4.0.0.LTS\lib\armv6m-ti-none-eabi\c\</path>
         <kind>archive</kind>
         <file>libc.a</file>
         <name>fputs.c.obj</name>
      </input_file>
      <input_file id="fl-51">
         <path>D:\ti\ccs1281\ccs\tools\compiler\ti-cgt-armllvm_4.0.0.LTS\lib\armv6m-ti-none-eabi\c\</path>
         <kind>archive</kind>
         <file>libc.a</file>
         <name>_io_perm.c.obj</name>
      </input_file>
      <input_file id="fl-52">
         <path>D:\ti\ccs1281\ccs\tools\compiler\ti-cgt-armllvm_4.0.0.LTS\lib\armv6m-ti-none-eabi\c\</path>
         <kind>archive</kind>
         <file>libc.a</file>
         <name>setvbuf.c.obj</name>
      </input_file>
      <input_file id="fl-53">
         <path>D:\ti\ccs1281\ccs\tools\compiler\ti-cgt-armllvm_4.0.0.LTS\lib\armv6m-ti-none-eabi\c\</path>
         <kind>archive</kind>
         <file>libc.a</file>
         <name>wcslen.c.obj</name>
      </input_file>
      <input_file id="fl-54">
         <path>D:\ti\ccs1281\ccs\tools\compiler\ti-cgt-armllvm_4.0.0.LTS\lib\armv6m-ti-none-eabi\c\</path>
         <kind>archive</kind>
         <file>libc.a</file>
         <name>s_floor.c.obj</name>
      </input_file>
      <input_file id="fl-55">
         <path>D:\ti\ccs1281\ccs\tools\compiler\ti-cgt-armllvm_4.0.0.LTS\lib\armv6m-ti-none-eabi\c\</path>
         <kind>archive</kind>
         <file>libc.a</file>
         <name>s_frexp.c.obj</name>
      </input_file>
      <input_file id="fl-56">
         <path>D:\ti\ccs1281\ccs\tools\compiler\ti-cgt-armllvm_4.0.0.LTS\lib\armv6m-ti-none-eabi\c\</path>
         <kind>archive</kind>
         <file>libc.a</file>
         <name>s_scalbn.c.obj</name>
      </input_file>
      <input_file id="fl-57">
         <path>D:\ti\ccs1281\ccs\tools\compiler\ti-cgt-armllvm_4.0.0.LTS\lib\armv6m-ti-none-eabi\c\</path>
         <kind>archive</kind>
         <file>libc.a</file>
         <name>exit.c.obj</name>
      </input_file>
      <input_file id="fl-58">
         <path>D:\ti\ccs1281\ccs\tools\compiler\ti-cgt-armllvm_4.0.0.LTS\lib\armv6m-ti-none-eabi\c\</path>
         <kind>archive</kind>
         <file>libc.a</file>
         <name>_lock.c.obj</name>
      </input_file>
      <input_file id="fl-59">
         <path>D:\ti\ccs1281\ccs\tools\compiler\ti-cgt-armllvm_4.0.0.LTS\lib\armv6m-ti-none-eabi\c\</path>
         <kind>archive</kind>
         <file>libc.a</file>
         <name>_ltoa.c.obj</name>
      </input_file>
      <input_file id="fl-5a">
         <path>D:\ti\ccs1281\ccs\tools\compiler\ti-cgt-armllvm_4.0.0.LTS\lib\armv6m-ti-none-eabi\c\</path>
         <kind>archive</kind>
         <file>libc.a</file>
         <name>args_main.c.obj</name>
      </input_file>
      <input_file id="fl-5b">
         <path>D:\ti\ccs1281\ccs\tools\compiler\ti-cgt-armllvm_4.0.0.LTS\lib\armv6m-ti-none-eabi\c\</path>
         <kind>archive</kind>
         <file>libc.a</file>
         <name>atoi.c.obj</name>
      </input_file>
      <input_file id="fl-5c">
         <path>D:\ti\ccs1281\ccs\tools\compiler\ti-cgt-armllvm_4.0.0.LTS\lib\armv6m-ti-none-eabi\c\</path>
         <kind>archive</kind>
         <file>libc.a</file>
         <name>memccpy.c.obj</name>
      </input_file>
      <input_file id="fl-5d">
         <path>D:\ti\ccs1281\ccs\tools\compiler\ti-cgt-armllvm_4.0.0.LTS\lib\armv6m-ti-none-eabi\c\</path>
         <kind>archive</kind>
         <file>libc.a</file>
         <name>fopen.c.obj</name>
      </input_file>
      <input_file id="fl-5e">
         <path>D:\ti\ccs1281\ccs\tools\compiler\ti-cgt-armllvm_4.0.0.LTS\lib\armv6m-ti-none-eabi\c\</path>
         <kind>archive</kind>
         <file>libc.a</file>
         <name>fseek.c.obj</name>
      </input_file>
      <input_file id="fl-5f">
         <path>D:\ti\ccs1281\ccs\tools\compiler\ti-cgt-armllvm_4.0.0.LTS\lib\armv6m-ti-none-eabi\c\</path>
         <kind>archive</kind>
         <file>libc.a</file>
         <name>aeabi_ctype.S.obj</name>
      </input_file>
      <input_file id="fl-60">
         <path>D:\ti\ccs1281\ccs\tools\compiler\ti-cgt-armllvm_4.0.0.LTS\lib\armv6m-ti-none-eabi\c\</path>
         <kind>archive</kind>
         <file>libc.a</file>
         <name>fclose.c.obj</name>
      </input_file>
      <input_file id="fl-f6">
         <path>D:\ti\ccs1281\ccs\tools\compiler\ti-cgt-armllvm_4.0.0.LTS\lib\armv6m-ti-none-eabi\c\</path>
         <kind>archive</kind>
         <file>libsysbm.a</file>
         <name>write.c.obj</name>
      </input_file>
      <input_file id="fl-f7">
         <path>D:\ti\ccs1281\ccs\tools\compiler\ti-cgt-armllvm_4.0.0.LTS\lib\armv6m-ti-none-eabi\c\</path>
         <kind>archive</kind>
         <file>libsysbm.a</file>
         <name>host_device.c.obj</name>
      </input_file>
      <input_file id="fl-f8">
         <path>D:\ti\ccs1281\ccs\tools\compiler\ti-cgt-armllvm_4.0.0.LTS\lib\armv6m-ti-none-eabi\c\</path>
         <kind>archive</kind>
         <file>libsysbm.a</file>
         <name>remove.c.obj</name>
      </input_file>
      <input_file id="fl-f9">
         <path>D:\ti\ccs1281\ccs\tools\compiler\ti-cgt-armllvm_4.0.0.LTS\lib\armv6m-ti-none-eabi\c\</path>
         <kind>archive</kind>
         <file>libsysbm.a</file>
         <name>open.c.obj</name>
      </input_file>
      <input_file id="fl-fa">
         <path>D:\ti\ccs1281\ccs\tools\compiler\ti-cgt-armllvm_4.0.0.LTS\lib\armv6m-ti-none-eabi\c\</path>
         <kind>archive</kind>
         <file>libsysbm.a</file>
         <name>lseek.c.obj</name>
      </input_file>
      <input_file id="fl-fb">
         <path>D:\ti\ccs1281\ccs\tools\compiler\ti-cgt-armllvm_4.0.0.LTS\lib\armv6m-ti-none-eabi\c\</path>
         <kind>archive</kind>
         <file>libsysbm.a</file>
         <name>close.c.obj</name>
      </input_file>
      <input_file id="fl-fc">
         <path>D:\ti\ccs1281\ccs\tools\compiler\ti-cgt-armllvm_4.0.0.LTS\lib\armv6m-ti-none-eabi\c\</path>
         <kind>archive</kind>
         <file>libsysbm.a</file>
         <name>unlink.c.obj</name>
      </input_file>
      <input_file id="fl-fd">
         <path>D:\ti\ccs1281\ccs\tools\compiler\ti-cgt-armllvm_4.0.0.LTS\lib\armv6m-ti-none-eabi\c\</path>
         <kind>archive</kind>
         <file>libsysbm.a</file>
         <name>hostclose.c.obj</name>
      </input_file>
      <input_file id="fl-fe">
         <path>D:\ti\ccs1281\ccs\tools\compiler\ti-cgt-armllvm_4.0.0.LTS\lib\armv6m-ti-none-eabi\c\</path>
         <kind>archive</kind>
         <file>libsysbm.a</file>
         <name>hostlseek.c.obj</name>
      </input_file>
      <input_file id="fl-ff">
         <path>D:\ti\ccs1281\ccs\tools\compiler\ti-cgt-armllvm_4.0.0.LTS\lib\armv6m-ti-none-eabi\c\</path>
         <kind>archive</kind>
         <file>libsysbm.a</file>
         <name>hostopen.c.obj</name>
      </input_file>
      <input_file id="fl-100">
         <path>D:\ti\ccs1281\ccs\tools\compiler\ti-cgt-armllvm_4.0.0.LTS\lib\armv6m-ti-none-eabi\c\</path>
         <kind>archive</kind>
         <file>libsysbm.a</file>
         <name>hostread.c.obj</name>
      </input_file>
      <input_file id="fl-101">
         <path>D:\ti\ccs1281\ccs\tools\compiler\ti-cgt-armllvm_4.0.0.LTS\lib\armv6m-ti-none-eabi\c\</path>
         <kind>archive</kind>
         <file>libsysbm.a</file>
         <name>hostrename.c.obj</name>
      </input_file>
      <input_file id="fl-102">
         <path>D:\ti\ccs1281\ccs\tools\compiler\ti-cgt-armllvm_4.0.0.LTS\lib\armv6m-ti-none-eabi\c\</path>
         <kind>archive</kind>
         <file>libsysbm.a</file>
         <name>hostunlink.c.obj</name>
      </input_file>
      <input_file id="fl-103">
         <path>D:\ti\ccs1281\ccs\tools\compiler\ti-cgt-armllvm_4.0.0.LTS\lib\armv6m-ti-none-eabi\c\</path>
         <kind>archive</kind>
         <file>libsysbm.a</file>
         <name>hostwrite.c.obj</name>
      </input_file>
      <input_file id="fl-104">
         <path>D:\ti\ccs1281\ccs\tools\compiler\ti-cgt-armllvm_4.0.0.LTS\lib\armv6m-ti-none-eabi\c\</path>
         <kind>archive</kind>
         <file>libsysbm.a</file>
         <name>trgmsg.c.obj</name>
      </input_file>
      <input_file id="fl-105">
         <path>D:\ti\ccs1281\ccs\tools\compiler\ti-cgt-armllvm_4.0.0.LTS\lib\armv6m-ti-none-eabi\</path>
         <kind>archive</kind>
         <file>libclang_rt.builtins.a</file>
         <name>addsf3.S.obj</name>
      </input_file>
      <input_file id="fl-106">
         <path>D:\ti\ccs1281\ccs\tools\compiler\ti-cgt-armllvm_4.0.0.LTS\lib\armv6m-ti-none-eabi\</path>
         <kind>archive</kind>
         <file>libclang_rt.builtins.a</file>
         <name>adddf3.S.obj</name>
      </input_file>
      <input_file id="fl-107">
         <path>D:\ti\ccs1281\ccs\tools\compiler\ti-cgt-armllvm_4.0.0.LTS\lib\armv6m-ti-none-eabi\</path>
         <kind>archive</kind>
         <file>libclang_rt.builtins.a</file>
         <name>muldf3.S.obj</name>
      </input_file>
      <input_file id="fl-108">
         <path>D:\ti\ccs1281\ccs\tools\compiler\ti-cgt-armllvm_4.0.0.LTS\lib\armv6m-ti-none-eabi\</path>
         <kind>archive</kind>
         <file>libclang_rt.builtins.a</file>
         <name>muldsi3.S.obj</name>
      </input_file>
      <input_file id="fl-109">
         <path>D:\ti\ccs1281\ccs\tools\compiler\ti-cgt-armllvm_4.0.0.LTS\lib\armv6m-ti-none-eabi\</path>
         <kind>archive</kind>
         <file>libclang_rt.builtins.a</file>
         <name>mulsf3.S.obj</name>
      </input_file>
      <input_file id="fl-10a">
         <path>D:\ti\ccs1281\ccs\tools\compiler\ti-cgt-armllvm_4.0.0.LTS\lib\armv6m-ti-none-eabi\</path>
         <kind>archive</kind>
         <file>libclang_rt.builtins.a</file>
         <name>divsf3.S.obj</name>
      </input_file>
      <input_file id="fl-10b">
         <path>D:\ti\ccs1281\ccs\tools\compiler\ti-cgt-armllvm_4.0.0.LTS\lib\armv6m-ti-none-eabi\</path>
         <kind>archive</kind>
         <file>libclang_rt.builtins.a</file>
         <name>divdf3.S.obj</name>
      </input_file>
      <input_file id="fl-10c">
         <path>D:\ti\ccs1281\ccs\tools\compiler\ti-cgt-armllvm_4.0.0.LTS\lib\armv6m-ti-none-eabi\</path>
         <kind>archive</kind>
         <file>libclang_rt.builtins.a</file>
         <name>extendsfdf2.S.obj</name>
      </input_file>
      <input_file id="fl-10d">
         <path>D:\ti\ccs1281\ccs\tools\compiler\ti-cgt-armllvm_4.0.0.LTS\lib\armv6m-ti-none-eabi\</path>
         <kind>archive</kind>
         <file>libclang_rt.builtins.a</file>
         <name>fixdfsi.S.obj</name>
      </input_file>
      <input_file id="fl-10e">
         <path>D:\ti\ccs1281\ccs\tools\compiler\ti-cgt-armllvm_4.0.0.LTS\lib\armv6m-ti-none-eabi\</path>
         <kind>archive</kind>
         <file>libclang_rt.builtins.a</file>
         <name>fixsfsi.S.obj</name>
      </input_file>
      <input_file id="fl-10f">
         <path>D:\ti\ccs1281\ccs\tools\compiler\ti-cgt-armllvm_4.0.0.LTS\lib\armv6m-ti-none-eabi\</path>
         <kind>archive</kind>
         <file>libclang_rt.builtins.a</file>
         <name>floatsidf.S.obj</name>
      </input_file>
      <input_file id="fl-110">
         <path>D:\ti\ccs1281\ccs\tools\compiler\ti-cgt-armllvm_4.0.0.LTS\lib\armv6m-ti-none-eabi\</path>
         <kind>archive</kind>
         <file>libclang_rt.builtins.a</file>
         <name>floatsisf.S.obj</name>
      </input_file>
      <input_file id="fl-111">
         <path>D:\ti\ccs1281\ccs\tools\compiler\ti-cgt-armllvm_4.0.0.LTS\lib\armv6m-ti-none-eabi\</path>
         <kind>archive</kind>
         <file>libclang_rt.builtins.a</file>
         <name>floatunsidf.S.obj</name>
      </input_file>
      <input_file id="fl-112">
         <path>D:\ti\ccs1281\ccs\tools\compiler\ti-cgt-armllvm_4.0.0.LTS\lib\armv6m-ti-none-eabi\</path>
         <kind>archive</kind>
         <file>libclang_rt.builtins.a</file>
         <name>floatunsisf.S.obj</name>
      </input_file>
      <input_file id="fl-113">
         <path>D:\ti\ccs1281\ccs\tools\compiler\ti-cgt-armllvm_4.0.0.LTS\lib\armv6m-ti-none-eabi\</path>
         <kind>archive</kind>
         <file>libclang_rt.builtins.a</file>
         <name>muldi3.S.obj</name>
      </input_file>
      <input_file id="fl-114">
         <path>D:\ti\ccs1281\ccs\tools\compiler\ti-cgt-armllvm_4.0.0.LTS\lib\armv6m-ti-none-eabi\</path>
         <kind>archive</kind>
         <file>libclang_rt.builtins.a</file>
         <name>truncdfsf2.S.obj</name>
      </input_file>
      <input_file id="fl-115">
         <path>D:\ti\ccs1281\ccs\tools\compiler\ti-cgt-armllvm_4.0.0.LTS\lib\armv6m-ti-none-eabi\</path>
         <kind>archive</kind>
         <file>libclang_rt.builtins.a</file>
         <name>aeabi_dcmp.S.obj</name>
      </input_file>
      <input_file id="fl-116">
         <path>D:\ti\ccs1281\ccs\tools\compiler\ti-cgt-armllvm_4.0.0.LTS\lib\armv6m-ti-none-eabi\</path>
         <kind>archive</kind>
         <file>libclang_rt.builtins.a</file>
         <name>aeabi_fcmp.S.obj</name>
      </input_file>
      <input_file id="fl-117">
         <path>D:\ti\ccs1281\ccs\tools\compiler\ti-cgt-armllvm_4.0.0.LTS\lib\armv6m-ti-none-eabi\</path>
         <kind>archive</kind>
         <file>libclang_rt.builtins.a</file>
         <name>aeabi_idivmod.S.obj</name>
      </input_file>
      <input_file id="fl-118">
         <path>D:\ti\ccs1281\ccs\tools\compiler\ti-cgt-armllvm_4.0.0.LTS\lib\armv6m-ti-none-eabi\</path>
         <kind>archive</kind>
         <file>libclang_rt.builtins.a</file>
         <name>aeabi_memcpy.S.obj</name>
      </input_file>
      <input_file id="fl-119">
         <path>D:\ti\ccs1281\ccs\tools\compiler\ti-cgt-armllvm_4.0.0.LTS\lib\armv6m-ti-none-eabi\</path>
         <kind>archive</kind>
         <file>libclang_rt.builtins.a</file>
         <name>aeabi_memset.S.obj</name>
      </input_file>
      <input_file id="fl-11a">
         <path>D:\ti\ccs1281\ccs\tools\compiler\ti-cgt-armllvm_4.0.0.LTS\lib\armv6m-ti-none-eabi\</path>
         <kind>archive</kind>
         <file>libclang_rt.builtins.a</file>
         <name>aeabi_uidivmod.S.obj</name>
      </input_file>
      <input_file id="fl-11b">
         <path>D:\ti\ccs1281\ccs\tools\compiler\ti-cgt-armllvm_4.0.0.LTS\lib\armv6m-ti-none-eabi\</path>
         <kind>archive</kind>
         <file>libclang_rt.builtins.a</file>
         <name>aeabi_uldivmod.S.obj</name>
      </input_file>
      <input_file id="fl-11c">
         <path>D:\ti\ccs1281\ccs\tools\compiler\ti-cgt-armllvm_4.0.0.LTS\lib\armv6m-ti-none-eabi\</path>
         <kind>archive</kind>
         <file>libclang_rt.builtins.a</file>
         <name>comparesf2.S.obj</name>
      </input_file>
      <input_file id="fl-11d">
         <path>D:\ti\ccs1281\ccs\tools\compiler\ti-cgt-armllvm_4.0.0.LTS\lib\armv6m-ti-none-eabi\</path>
         <kind>archive</kind>
         <file>libclang_rt.builtins.a</file>
         <name>udivmoddi4.S.obj</name>
      </input_file>
      <input_file id="fl-11e">
         <path>D:\ti\ccs1281\ccs\tools\compiler\ti-cgt-armllvm_4.0.0.LTS\lib\armv6m-ti-none-eabi\</path>
         <kind>archive</kind>
         <file>libclang_rt.builtins.a</file>
         <name>ashldi3.S.obj</name>
      </input_file>
      <input_file id="fl-11f">
         <path>D:\ti\ccs1281\ccs\tools\compiler\ti-cgt-armllvm_4.0.0.LTS\lib\armv6m-ti-none-eabi\</path>
         <kind>archive</kind>
         <file>libclang_rt.builtins.a</file>
         <name>comparedf2.c.obj</name>
      </input_file>
      <input_file id="fl-120">
         <path>D:\ti\ccs1281\ccs\tools\compiler\ti-cgt-armllvm_4.0.0.LTS\lib\armv6m-ti-none-eabi\</path>
         <kind>archive</kind>
         <file>libclang_rt.builtins.a</file>
         <name>aeabi_div0.c.obj</name>
      </input_file>
      <input_file id="fl-121">
         <path>D:\ti\ccs1281\ccs\tools\compiler\ti-cgt-armllvm_4.0.0.LTS\lib\armv6m-ti-none-eabi\c\</path>
         <kind>archive</kind>
         <file>libc.a</file>
         <name>getdevice.c.obj</name>
      </input_file>
      <input_file id="fl-122">
         <path>D:\ti\ccs1281\ccs\tools\compiler\ti-cgt-armllvm_4.0.0.LTS\lib\armv6m-ti-none-eabi\c\</path>
         <kind>archive</kind>
         <file>libc.a</file>
         <name>memcpy16.S.obj</name>
      </input_file>
      <input_file id="fl-123">
         <path>D:\ti\ccs1281\ccs\tools\compiler\ti-cgt-armllvm_4.0.0.LTS\lib\armv6m-ti-none-eabi\c\</path>
         <kind>archive</kind>
         <file>libc.a</file>
         <name>memset16.S.obj</name>
      </input_file>
      <input_file id="fl-124">
         <path>D:\ti\ccs1281\ccs\tools\compiler\ti-cgt-armllvm_4.0.0.LTS\lib\armv6m-ti-none-eabi\c\</path>
         <kind>archive</kind>
         <file>libc.a</file>
         <name>strcmp-armv6m.S.obj</name>
      </input_file>
   </input_file_list>
   <object_component_list>
      <object_component id="oc-18">
         <name>.intvecs</name>
         <load_address>0x0</load_address>
         <readonly>true</readonly>
         <run_address>0x0</run_address>
         <size>0xc0</size>
         <alignment>0x4</alignment>
         <input_file_ref idref="fl-3"/>
      </object_component>
      <object_component id="oc-2c1">
         <name>.text:__TI_printfi_nofloat</name>
         <load_address>0xc0</load_address>
         <readonly>true</readonly>
         <executable>true</executable>
         <run_address>0xc0</run_address>
         <size>0x868</size>
         <alignment>0x4</alignment>
         <input_file_ref idref="fl-4e"/>
      </object_component>
      <object_component id="oc-250">
         <name>.text.MPU6050_QuaternionUpdateDt</name>
         <load_address>0x928</load_address>
         <readonly>true</readonly>
         <executable>true</executable>
         <run_address>0x928</run_address>
         <size>0x7a0</size>
         <alignment>0x4</alignment>
         <input_file_ref idref="fl-c"/>
      </object_component>
      <object_component id="oc-f2">
         <name>.text.Line_Run</name>
         <load_address>0x10c8</load_address>
         <readonly>true</readonly>
         <executable>true</executable>
         <run_address>0x10c8</run_address>
         <size>0x788</size>
         <alignment>0x4</alignment>
         <input_file_ref idref="fl-a"/>
      </object_component>
      <object_component id="oc-284">
         <name>.text.__kernel_rem_pio2</name>
         <load_address>0x1850</load_address>
         <readonly>true</readonly>
         <executable>true</executable>
         <run_address>0x1850</run_address>
         <size>0x644</size>
         <alignment>0x4</alignment>
         <input_file_ref idref="fl-42"/>
      </object_component>
      <object_component id="oc-95">
         <name>.text.main</name>
         <load_address>0x1e94</load_address>
         <readonly>true</readonly>
         <executable>true</executable>
         <run_address>0x1e94</run_address>
         <size>0x2c0</size>
         <alignment>0x4</alignment>
         <input_file_ref idref="fl-1"/>
      </object_component>
      <object_component id="oc-138">
         <name>.text.SYSCFG_DL_GPIO_init</name>
         <load_address>0x2154</load_address>
         <readonly>true</readonly>
         <executable>true</executable>
         <run_address>0x2154</run_address>
         <size>0x248</size>
         <alignment>0x4</alignment>
         <input_file_ref idref="fl-2"/>
      </object_component>
      <object_component id="oc-195">
         <name>.text.Param_Save</name>
         <load_address>0x239c</load_address>
         <readonly>true</readonly>
         <executable>true</executable>
         <run_address>0x239c</run_address>
         <size>0x1e8</size>
         <alignment>0x4</alignment>
         <input_file_ref idref="fl-e"/>
      </object_component>
      <object_component id="oc-e6">
         <name>.text.Run_MpuTest</name>
         <load_address>0x2584</load_address>
         <readonly>true</readonly>
         <executable>true</executable>
         <run_address>0x2584</run_address>
         <size>0x1dc</size>
         <alignment>0x4</alignment>
         <input_file_ref idref="fl-1"/>
      </object_component>
      <object_component id="oc-322">
         <name>.text.atanf</name>
         <load_address>0x2760</load_address>
         <readonly>true</readonly>
         <executable>true</executable>
         <run_address>0x2760</run_address>
         <size>0x1c8</size>
         <alignment>0x4</alignment>
         <input_file_ref idref="fl-3b"/>
      </object_component>
      <object_component id="oc-1b1">
         <name>.text.sinf</name>
         <load_address>0x2928</load_address>
         <readonly>true</readonly>
         <executable>true</executable>
         <run_address>0x2928</run_address>
         <size>0x1c8</size>
         <alignment>0x4</alignment>
         <input_file_ref idref="fl-3d"/>
      </object_component>
      <object_component id="oc-271">
         <name>.text.adddf3_subdf3</name>
         <load_address>0x2af0</load_address>
         <readonly>true</readonly>
         <executable>true</executable>
         <run_address>0x2af0</run_address>
         <size>0x192</size>
         <alignment>0x4</alignment>
         <input_file_ref idref="fl-106"/>
      </object_component>
      <object_component id="oc-d3">
         <name>.text.KEY_Init</name>
         <load_address>0x2c82</load_address>
         <readonly>true</readonly>
         <executable>true</executable>
         <run_address>0x2c82</run_address>
         <size>0x2</size>
         <alignment>0x2</alignment>
         <input_file_ref idref="fl-9"/>
      </object_component>
      <object_component id="oc-16b">
         <name>.text.Param_Load</name>
         <load_address>0x2c84</load_address>
         <readonly>true</readonly>
         <executable>true</executable>
         <run_address>0x2c84</run_address>
         <size>0x184</size>
         <alignment>0x4</alignment>
         <input_file_ref idref="fl-e"/>
      </object_component>
      <object_component id="oc-71">
         <name>.text.proc</name>
         <load_address>0x2e08</load_address>
         <readonly>true</readonly>
         <executable>true</executable>
         <run_address>0x2e08</run_address>
         <size>0x184</size>
         <alignment>0x4</alignment>
         <input_file_ref idref="fl-f"/>
      </object_component>
      <object_component id="oc-32c">
         <name>.text.sqrt</name>
         <load_address>0x2f8c</load_address>
         <readonly>true</readonly>
         <executable>true</executable>
         <run_address>0x2f8c</run_address>
         <size>0x170</size>
         <alignment>0x4</alignment>
         <input_file_ref idref="fl-40"/>
      </object_component>
      <object_component id="oc-2ca">
         <name>.text.asinf</name>
         <load_address>0x30fc</load_address>
         <readonly>true</readonly>
         <executable>true</executable>
         <run_address>0x30fc</run_address>
         <size>0x160</size>
         <alignment>0x4</alignment>
         <input_file_ref idref="fl-38"/>
      </object_component>
      <object_component id="oc-1c2">
         <name>.text.OLED_ShowChar</name>
         <load_address>0x325c</load_address>
         <readonly>true</readonly>
         <executable>true</executable>
         <run_address>0x325c</run_address>
         <size>0x158</size>
         <alignment>0x4</alignment>
         <input_file_ref idref="fl-d"/>
      </object_component>
      <object_component id="oc-18a">
         <name>.text.uart_printf</name>
         <load_address>0x33b4</load_address>
         <readonly>true</readonly>
         <executable>true</executable>
         <run_address>0x33b4</run_address>
         <size>0x158</size>
         <alignment>0x4</alignment>
         <input_file_ref idref="fl-10"/>
      </object_component>
      <object_component id="oc-e4">
         <name>.text.Show_Menu</name>
         <load_address>0x350c</load_address>
         <readonly>true</readonly>
         <executable>true</executable>
         <run_address>0x350c</run_address>
         <size>0x14c</size>
         <alignment>0x4</alignment>
         <input_file_ref idref="fl-1"/>
      </object_component>
      <object_component id="oc-2e8">
         <name>.text.floor</name>
         <load_address>0x3658</load_address>
         <readonly>true</readonly>
         <executable>true</executable>
         <run_address>0x3658</run_address>
         <size>0x144</size>
         <alignment>0x4</alignment>
         <input_file_ref idref="fl-54"/>
      </object_component>
      <object_component id="oc-15d">
         <name>.text.MPU6050_Calibrate</name>
         <load_address>0x379c</load_address>
         <readonly>true</readonly>
         <executable>true</executable>
         <run_address>0x379c</run_address>
         <size>0x140</size>
         <alignment>0x4</alignment>
         <input_file_ref idref="fl-c"/>
      </object_component>
      <object_component id="oc-2c3">
         <name>.text.MPU6050_ReadDataCalibrated</name>
         <load_address>0x38dc</load_address>
         <readonly>true</readonly>
         <executable>true</executable>
         <run_address>0x38dc</run_address>
         <size>0x138</size>
         <alignment>0x4</alignment>
         <input_file_ref idref="fl-c"/>
      </object_component>
      <object_component id="oc-e0">
         <name>.text.MPU_BootDiagnosticInit</name>
         <load_address>0x3a14</load_address>
         <readonly>true</readonly>
         <executable>true</executable>
         <run_address>0x3a14</run_address>
         <size>0x11c</size>
         <alignment>0x4</alignment>
         <input_file_ref idref="fl-1"/>
      </object_component>
      <object_component id="oc-2c6">
         <name>.text.atan2f</name>
         <load_address>0x3b30</load_address>
         <readonly>true</readonly>
         <executable>true</executable>
         <run_address>0x3b30</run_address>
         <size>0x118</size>
         <alignment>0x4</alignment>
         <input_file_ref idref="fl-39"/>
      </object_component>
      <object_component id="oc-18b">
         <name>.text.OLED_RefreshPages</name>
         <load_address>0x3c48</load_address>
         <readonly>true</readonly>
         <executable>true</executable>
         <run_address>0x3c48</run_address>
         <size>0x10c</size>
         <alignment>0x4</alignment>
         <input_file_ref idref="fl-d"/>
      </object_component>
      <object_component id="oc-210">
         <name>.text.DL_Timer_initFourCCPWMMode</name>
         <load_address>0x3d54</load_address>
         <readonly>true</readonly>
         <executable>true</executable>
         <run_address>0x3d54</run_address>
         <size>0x104</size>
         <alignment>0x4</alignment>
         <input_file_ref idref="fl-21"/>
      </object_component>
      <object_component id="oc-b6">
         <name>.text.PID_Calculate</name>
         <load_address>0x3e58</load_address>
         <readonly>true</readonly>
         <executable>true</executable>
         <run_address>0x3e58</run_address>
         <size>0xfe</size>
         <alignment>0x2</alignment>
         <input_file_ref idref="fl-4"/>
      </object_component>
      <object_component id="oc-251">
         <name>.text.__aeabi_idiv0</name>
         <load_address>0x3f56</load_address>
         <readonly>true</readonly>
         <executable>true</executable>
         <run_address>0x3f56</run_address>
         <size>0x2</size>
         <alignment>0x2</alignment>
         <input_file_ref idref="fl-120"/>
      </object_component>
      <object_component id="oc-21a">
         <name>.text.DL_Timer_initTimerMode</name>
         <load_address>0x3f58</load_address>
         <readonly>true</readonly>
         <executable>true</executable>
         <run_address>0x3f58</run_address>
         <size>0xfc</size>
         <alignment>0x4</alignment>
         <input_file_ref idref="fl-21"/>
      </object_component>
      <object_component id="oc-1a3">
         <name>.text.Line_ReadSensors</name>
         <load_address>0x4054</load_address>
         <readonly>true</readonly>
         <executable>true</executable>
         <run_address>0x4054</run_address>
         <size>0xf8</size>
         <alignment>0x4</alignment>
         <input_file_ref idref="fl-a"/>
      </object_component>
      <object_component id="oc-d8">
         <name>.text.OLED_Init</name>
         <load_address>0x414c</load_address>
         <readonly>true</readonly>
         <executable>true</executable>
         <run_address>0x414c</run_address>
         <size>0xf8</size>
         <alignment>0x2</alignment>
         <input_file_ref idref="fl-d"/>
      </object_component>
      <object_component id="oc-e1">
         <name>.text.Menu_Load</name>
         <load_address>0x4244</load_address>
         <readonly>true</readonly>
         <executable>true</executable>
         <run_address>0x4244</run_address>
         <size>0xf0</size>
         <alignment>0x4</alignment>
         <input_file_ref idref="fl-1"/>
      </object_component>
      <object_component id="oc-6d">
         <name>.text.Encoder_GPIO_IRQHandler</name>
         <load_address>0x4334</load_address>
         <readonly>true</readonly>
         <executable>true</executable>
         <run_address>0x4334</run_address>
         <size>0xec</size>
         <alignment>0x4</alignment>
         <input_file_ref idref="fl-6"/>
      </object_component>
      <object_component id="oc-208">
         <name>.text.SYSCFG_DL_SYSCTL_SYSPLL_init</name>
         <load_address>0x4420</load_address>
         <readonly>true</readonly>
         <executable>true</executable>
         <run_address>0x4420</run_address>
         <size>0xec</size>
         <alignment>0x4</alignment>
         <input_file_ref idref="fl-2"/>
      </object_component>
      <object_component id="oc-275">
         <name>.text.__muldf3</name>
         <load_address>0x450c</load_address>
         <readonly>true</readonly>
         <executable>true</executable>
         <run_address>0x450c</run_address>
         <size>0xe4</size>
         <alignment>0x4</alignment>
         <input_file_ref idref="fl-107"/>
      </object_component>
      <object_component id="oc-a9">
         <name>.text.atoi2</name>
         <load_address>0x45f0</load_address>
         <readonly>true</readonly>
         <executable>true</executable>
         <run_address>0x45f0</run_address>
         <size>0xde</size>
         <alignment>0x2</alignment>
         <input_file_ref idref="fl-f"/>
      </object_component>
      <object_component id="oc-36a">
         <name>.text.__aeabi_ldiv0</name>
         <load_address>0x46ce</load_address>
         <readonly>true</readonly>
         <executable>true</executable>
         <run_address>0x46ce</run_address>
         <size>0x2</size>
         <alignment>0x2</alignment>
         <input_file_ref idref="fl-120"/>
      </object_component>
      <object_component id="oc-207">
         <name>.text.DL_SYSCTL_configSYSPLL</name>
         <load_address>0x46d0</load_address>
         <readonly>true</readonly>
         <executable>true</executable>
         <run_address>0x46d0</run_address>
         <size>0xdc</size>
         <alignment>0x4</alignment>
         <input_file_ref idref="fl-23"/>
      </object_component>
      <object_component id="oc-26a">
         <name>.text.DL_FlashCTL_protectSector</name>
         <load_address>0x47ac</load_address>
         <readonly>true</readonly>
         <executable>true</executable>
         <run_address>0x47ac</run_address>
         <size>0xd8</size>
         <alignment>0x4</alignment>
         <input_file_ref idref="fl-1f"/>
      </object_component>
      <object_component id="oc-263">
         <name>.text.DL_FlashCTL_unprotectSector</name>
         <load_address>0x4884</load_address>
         <readonly>true</readonly>
         <executable>true</executable>
         <run_address>0x4884</run_address>
         <size>0xd8</size>
         <alignment>0x4</alignment>
         <input_file_ref idref="fl-1f"/>
      </object_component>
      <object_component id="oc-2e4">
         <name>.text.scalbn</name>
         <load_address>0x495c</load_address>
         <readonly>true</readonly>
         <executable>true</executable>
         <run_address>0x495c</run_address>
         <size>0xd8</size>
         <alignment>0x4</alignment>
         <input_file_ref idref="fl-56"/>
      </object_component>
      <object_component id="oc-1ac">
         <name>.text.yaw_pid_compute</name>
         <load_address>0x4a34</load_address>
         <readonly>true</readonly>
         <executable>true</executable>
         <run_address>0x4a34</run_address>
         <size>0xd8</size>
         <alignment>0x4</alignment>
         <input_file_ref idref="fl-a"/>
      </object_component>
      <object_component id="oc-117">
         <name>.text</name>
         <load_address>0x4b0c</load_address>
         <readonly>true</readonly>
         <executable>true</executable>
         <run_address>0x4b0c</run_address>
         <size>0xd8</size>
         <alignment>0x4</alignment>
         <input_file_ref idref="fl-105"/>
      </object_component>
      <object_component id="oc-2ba">
         <name>.text.MPU6050_ReadRegs</name>
         <load_address>0x4be4</load_address>
         <readonly>true</readonly>
         <executable>true</executable>
         <run_address>0x4be4</run_address>
         <size>0xc8</size>
         <alignment>0x4</alignment>
         <input_file_ref idref="fl-c"/>
      </object_component>
      <object_component id="oc-e8">
         <name>.text.KEY1_ScanShortLong</name>
         <load_address>0x4cac</load_address>
         <readonly>true</readonly>
         <executable>true</executable>
         <run_address>0x4cac</run_address>
         <size>0xba</size>
         <alignment>0x2</alignment>
         <input_file_ref idref="fl-9"/>
      </object_component>
      <object_component id="oc-e9">
         <name>.text.KEY2_ScanShortLong</name>
         <load_address>0x4d66</load_address>
         <readonly>true</readonly>
         <executable>true</executable>
         <run_address>0x4d66</run_address>
         <size>0xba</size>
         <alignment>0x2</alignment>
         <input_file_ref idref="fl-9"/>
      </object_component>
      <object_component id="oc-e5">
         <name>.text.KEY3_ScanShortLong</name>
         <load_address>0x4e20</load_address>
         <readonly>true</readonly>
         <executable>true</executable>
         <run_address>0x4e20</run_address>
         <size>0xba</size>
         <alignment>0x2</alignment>
         <input_file_ref idref="fl-9"/>
      </object_component>
      <object_component id="oc-e3">
         <name>.text.KEY4_ScanShortLong</name>
         <load_address>0x4eda</load_address>
         <readonly>true</readonly>
         <executable>true</executable>
         <run_address>0x4eda</run_address>
         <size>0xba</size>
         <alignment>0x2</alignment>
         <input_file_ref idref="fl-9"/>
      </object_component>
      <object_component id="oc-25e">
         <name>.text.OLED_WR_DataBurst</name>
         <load_address>0x4f94</load_address>
         <readonly>true</readonly>
         <executable>true</executable>
         <run_address>0x4f94</run_address>
         <size>0xb4</size>
         <alignment>0x4</alignment>
         <input_file_ref idref="fl-d"/>
      </object_component>
      <object_component id="oc-137">
         <name>.text.SYSCFG_DL_initPower</name>
         <load_address>0x5048</load_address>
         <readonly>true</readonly>
         <executable>true</executable>
         <run_address>0x5048</run_address>
         <size>0xb0</size>
         <alignment>0x4</alignment>
         <input_file_ref idref="fl-2"/>
      </object_component>
      <object_component id="oc-27f">
         <name>.text.__kernel_sindf</name>
         <load_address>0x50f8</load_address>
         <readonly>true</readonly>
         <executable>true</executable>
         <run_address>0x50f8</run_address>
         <size>0xac</size>
         <alignment>0x4</alignment>
         <input_file_ref idref="fl-3d"/>
      </object_component>
      <object_component id="oc-ea">
         <name>.text.Menu_Save</name>
         <load_address>0x51a4</load_address>
         <readonly>true</readonly>
         <executable>true</executable>
         <run_address>0x51a4</run_address>
         <size>0xa8</size>
         <alignment>0x4</alignment>
         <input_file_ref idref="fl-1"/>
      </object_component>
      <object_component id="oc-34a">
         <name>.text</name>
         <load_address>0x524c</load_address>
         <readonly>true</readonly>
         <executable>true</executable>
         <run_address>0x524c</run_address>
         <size>0xa2</size>
         <alignment>0x4</alignment>
         <input_file_ref idref="fl-11d"/>
      </object_component>
      <object_component id="oc-243">
         <name>.text.MPU6050_ReadReg</name>
         <load_address>0x52f0</load_address>
         <readonly>true</readonly>
         <executable>true</executable>
         <run_address>0x52f0</run_address>
         <size>0xa0</size>
         <alignment>0x4</alignment>
         <input_file_ref idref="fl-c"/>
      </object_component>
      <object_component id="oc-27e">
         <name>.text.__kernel_cosdf</name>
         <load_address>0x5390</load_address>
         <readonly>true</readonly>
         <executable>true</executable>
         <run_address>0x5390</run_address>
         <size>0x9c</size>
         <alignment>0x4</alignment>
         <input_file_ref idref="fl-3d"/>
      </object_component>
      <object_component id="oc-179">
         <name>.text.KEY_IsPressed</name>
         <load_address>0x542c</load_address>
         <readonly>true</readonly>
         <executable>true</executable>
         <run_address>0x542c</run_address>
         <size>0x98</size>
         <alignment>0x4</alignment>
         <input_file_ref idref="fl-9"/>
      </object_component>
      <object_component id="oc-f4">
         <name>.text.OLED_ShowString</name>
         <load_address>0x54c4</load_address>
         <readonly>true</readonly>
         <executable>true</executable>
         <run_address>0x54c4</run_address>
         <size>0x98</size>
         <alignment>0x2</alignment>
         <input_file_ref idref="fl-d"/>
      </object_component>
      <object_component id="oc-1b7">
         <name>.text.Line_GetPosition</name>
         <load_address>0x555c</load_address>
         <readonly>true</readonly>
         <executable>true</executable>
         <run_address>0x555c</run_address>
         <size>0x90</size>
         <alignment>0x4</alignment>
         <input_file_ref idref="fl-a"/>
      </object_component>
      <object_component id="oc-13a">
         <name>.text.SYSCFG_DL_PWM_0_init</name>
         <load_address>0x55ec</load_address>
         <readonly>true</readonly>
         <executable>true</executable>
         <run_address>0x55ec</run_address>
         <size>0x90</size>
         <alignment>0x4</alignment>
         <input_file_ref idref="fl-2"/>
      </object_component>
      <object_component id="oc-13b">
         <name>.text.SYSCFG_DL_PWM_Servo_init</name>
         <load_address>0x567c</load_address>
         <readonly>true</readonly>
         <executable>true</executable>
         <run_address>0x567c</run_address>
         <size>0x90</size>
         <alignment>0x4</alignment>
         <input_file_ref idref="fl-2"/>
      </object_component>
      <object_component id="oc-11b">
         <name>.text.__mulsf3</name>
         <load_address>0x570c</load_address>
         <readonly>true</readonly>
         <executable>true</executable>
         <run_address>0x570c</run_address>
         <size>0x8c</size>
         <alignment>0x4</alignment>
         <input_file_ref idref="fl-109"/>
      </object_component>
      <object_component id="oc-15b">
         <name>.text.MPU6050_Init</name>
         <load_address>0x5798</load_address>
         <readonly>true</readonly>
         <executable>true</executable>
         <run_address>0x5798</run_address>
         <size>0x88</size>
         <alignment>0x4</alignment>
         <input_file_ref idref="fl-c"/>
      </object_component>
      <object_component id="oc-23c">
         <name>.text.__NVIC_SetPriority</name>
         <load_address>0x5820</load_address>
         <readonly>true</readonly>
         <executable>true</executable>
         <run_address>0x5820</run_address>
         <size>0x84</size>
         <alignment>0x4</alignment>
         <input_file_ref idref="fl-10"/>
      </object_component>
      <object_component id="oc-20d">
         <name>.text.__NVIC_SetPriority</name>
         <load_address>0x58a4</load_address>
         <readonly>true</readonly>
         <executable>true</executable>
         <run_address>0x58a4</run_address>
         <size>0x84</size>
         <alignment>0x4</alignment>
         <input_file_ref idref="fl-2"/>
      </object_component>
      <object_component id="oc-1b8">
         <name>.text.__divsf3</name>
         <load_address>0x5928</load_address>
         <readonly>true</readonly>
         <executable>true</executable>
         <run_address>0x5928</run_address>
         <size>0x82</size>
         <alignment>0x4</alignment>
         <input_file_ref idref="fl-10a"/>
      </object_component>
      <object_component id="oc-257">
         <name>.text.uart_putnum</name>
         <load_address>0x59aa</load_address>
         <readonly>true</readonly>
         <executable>true</executable>
         <run_address>0x59aa</run_address>
         <size>0x82</size>
         <alignment>0x2</alignment>
         <input_file_ref idref="fl-10"/>
      </object_component>
      <object_component id="oc-ba">
         <name>.text.AO_Control</name>
         <load_address>0x5a2c</load_address>
         <readonly>true</readonly>
         <executable>true</executable>
         <run_address>0x5a2c</run_address>
         <size>0x80</size>
         <alignment>0x4</alignment>
         <input_file_ref idref="fl-5"/>
      </object_component>
      <object_component id="oc-26c">
         <name>.text.DL_FlashCTL_programMemoryBlockingFromRAM64WithECCGenerated</name>
         <load_address>0x5aac</load_address>
         <readonly>true</readonly>
         <executable>true</executable>
         <run_address>0x5aac</run_address>
         <size>0x80</size>
         <alignment>0x4</alignment>
         <input_file_ref idref="fl-1f"/>
      </object_component>
      <object_component id="oc-139">
         <name>.text.SYSCFG_DL_SYSCTL_init</name>
         <load_address>0x5b2c</load_address>
         <readonly>true</readonly>
         <executable>true</executable>
         <run_address>0x5b2c</run_address>
         <size>0x80</size>
         <alignment>0x4</alignment>
         <input_file_ref idref="fl-2"/>
      </object_component>
      <object_component id="oc-43">
         <name>.text.TIMG0_IRQHandler</name>
         <load_address>0x5bac</load_address>
         <readonly>true</readonly>
         <executable>true</executable>
         <run_address>0x5bac</run_address>
         <size>0x80</size>
         <alignment>0x4</alignment>
         <input_file_ref idref="fl-4"/>
      </object_component>
      <object_component id="oc-1c">
         <name>.text:decompress:lzss</name>
         <load_address>0x5c2c</load_address>
         <readonly>true</readonly>
         <executable>true</executable>
         <run_address>0x5c2c</run_address>
         <size>0x7c</size>
         <alignment>0x4</alignment>
         <input_file_ref idref="fl-4d"/>
      </object_component>
      <object_component id="oc-2c4">
         <name>.text.invSqrt</name>
         <load_address>0x5ca8</load_address>
         <readonly>true</readonly>
         <executable>true</executable>
         <run_address>0x5ca8</run_address>
         <size>0x78</size>
         <alignment>0x4</alignment>
         <input_file_ref idref="fl-c"/>
      </object_component>
      <object_component id="oc-bf">
         <name>.text.BO_Control</name>
         <load_address>0x5d20</load_address>
         <readonly>true</readonly>
         <executable>true</executable>
         <run_address>0x5d20</run_address>
         <size>0x74</size>
         <alignment>0x4</alignment>
         <input_file_ref idref="fl-5"/>
      </object_component>
      <object_component id="oc-d2">
         <name>.text.Line_Tracking_Init</name>
         <load_address>0x5d94</load_address>
         <readonly>true</readonly>
         <executable>true</executable>
         <run_address>0x5d94</run_address>
         <size>0x74</size>
         <alignment>0x4</alignment>
         <input_file_ref idref="fl-a"/>
      </object_component>
      <object_component id="oc-157">
         <name>.text.OLED_WR_Byte</name>
         <load_address>0x5e08</load_address>
         <readonly>true</readonly>
         <executable>true</executable>
         <run_address>0x5e08</run_address>
         <size>0x74</size>
         <alignment>0x4</alignment>
         <input_file_ref idref="fl-d"/>
      </object_component>
      <object_component id="oc-2fb">
         <name>.text.__gedf2</name>
         <load_address>0x5e7c</load_address>
         <readonly>true</readonly>
         <executable>true</executable>
         <run_address>0x5e7c</run_address>
         <size>0x74</size>
         <alignment>0x4</alignment>
         <input_file_ref idref="fl-11f"/>
      </object_component>
      <object_component id="oc-258">
         <name>.text.__truncdfsf2</name>
         <load_address>0x5ef0</load_address>
         <readonly>true</readonly>
         <executable>true</executable>
         <run_address>0x5ef0</run_address>
         <size>0x74</size>
         <alignment>0x10</alignment>
         <input_file_ref idref="fl-114"/>
      </object_component>
      <object_component id="oc-240">
         <name>.text.MPU6050_WriteReg</name>
         <load_address>0x5f64</load_address>
         <readonly>true</readonly>
         <executable>true</executable>
         <run_address>0x5f64</run_address>
         <size>0x70</size>
         <alignment>0x4</alignment>
         <input_file_ref idref="fl-c"/>
      </object_component>
      <object_component id="oc-2f5">
         <name>.text.__ledf2</name>
         <load_address>0x5fd4</load_address>
         <readonly>true</readonly>
         <executable>true</executable>
         <run_address>0x5fd4</run_address>
         <size>0x68</size>
         <alignment>0x4</alignment>
         <input_file_ref idref="fl-11f"/>
      </object_component>
      <object_component id="oc-201">
         <name>.text.DL_SYSCTL_setHFCLKSourceHFXTParams</name>
         <load_address>0x603c</load_address>
         <readonly>true</readonly>
         <executable>true</executable>
         <run_address>0x603c</run_address>
         <size>0x64</size>
         <alignment>0x4</alignment>
         <input_file_ref idref="fl-23"/>
      </object_component>
      <object_component id="oc-175">
         <name>.text.Line_SetMpuMode</name>
         <load_address>0x60a0</load_address>
         <readonly>true</readonly>
         <executable>true</executable>
         <run_address>0x60a0</run_address>
         <size>0x64</size>
         <alignment>0x4</alignment>
         <input_file_ref idref="fl-a"/>
      </object_component>
      <object_component id="oc-28f">
         <name>.text.OLED_ClearPoint</name>
         <load_address>0x6104</load_address>
         <readonly>true</readonly>
         <executable>true</executable>
         <run_address>0x6104</run_address>
         <size>0x64</size>
         <alignment>0x4</alignment>
         <input_file_ref idref="fl-d"/>
      </object_component>
      <object_component id="oc-2ae">
         <name>.text.__aeabi_dcmp</name>
         <load_address>0x6168</load_address>
         <readonly>true</readonly>
         <executable>true</executable>
         <run_address>0x6168</run_address>
         <size>0x62</size>
         <alignment>0x4</alignment>
         <input_file_ref idref="fl-115"/>
      </object_component>
      <object_component id="oc-11f">
         <name>.text.__aeabi_fcmp</name>
         <load_address>0x61cc</load_address>
         <readonly>true</readonly>
         <executable>true</executable>
         <run_address>0x61cc</run_address>
         <size>0x62</size>
         <alignment>0x4</alignment>
         <input_file_ref idref="fl-116"/>
      </object_component>
      <object_component id="oc-7e">
         <name>.text.Car_SetMotors</name>
         <load_address>0x622e</load_address>
         <readonly>true</readonly>
         <executable>true</executable>
         <run_address>0x622e</run_address>
         <size>0x60</size>
         <alignment>0x2</alignment>
         <input_file_ref idref="fl-a"/>
      </object_component>
      <object_component id="oc-df">
         <name>.text.OLED_Clear</name>
         <load_address>0x6290</load_address>
         <readonly>true</readonly>
         <executable>true</executable>
         <run_address>0x6290</run_address>
         <size>0x60</size>
         <alignment>0x4</alignment>
         <input_file_ref idref="fl-d"/>
      </object_component>
      <object_component id="oc-1ab">
         <name>.text.yaw_error_wrap</name>
         <load_address>0x62f0</load_address>
         <readonly>true</readonly>
         <executable>true</executable>
         <run_address>0x62f0</run_address>
         <size>0x60</size>
         <alignment>0x4</alignment>
         <input_file_ref idref="fl-a"/>
      </object_component>
      <object_component id="oc-23e">
         <name>.text.DL_I2C_fillControllerTXFIFO</name>
         <load_address>0x6350</load_address>
         <readonly>true</readonly>
         <executable>true</executable>
         <run_address>0x6350</run_address>
         <size>0x5e</size>
         <alignment>0x2</alignment>
         <input_file_ref idref="fl-20"/>
      </object_component>
      <object_component id="oc-ec">
         <name>.text.MPU6050_QuaternionReset</name>
         <load_address>0x63b0</load_address>
         <readonly>true</readonly>
         <executable>true</executable>
         <run_address>0x63b0</run_address>
         <size>0x5c</size>
         <alignment>0x4</alignment>
         <input_file_ref idref="fl-c"/>
      </object_component>
      <object_component id="oc-13e">
         <name>.text.SYSCFG_DL_MPU6050_init</name>
         <load_address>0x640c</load_address>
         <readonly>true</readonly>
         <executable>true</executable>
         <run_address>0x640c</run_address>
         <size>0x58</size>
         <alignment>0x4</alignment>
         <input_file_ref idref="fl-2"/>
      </object_component>
      <object_component id="oc-13d">
         <name>.text.SYSCFG_DL_OLED_init</name>
         <load_address>0x6464</load_address>
         <readonly>true</readonly>
         <executable>true</executable>
         <run_address>0x6464</run_address>
         <size>0x58</size>
         <alignment>0x4</alignment>
         <input_file_ref idref="fl-2"/>
      </object_component>
      <object_component id="oc-186">
         <name>.text.__aeabi_idivmod</name>
         <load_address>0x64bc</load_address>
         <readonly>true</readonly>
         <executable>true</executable>
         <run_address>0x64bc</run_address>
         <size>0x56</size>
         <alignment>0x4</alignment>
         <input_file_ref idref="fl-117"/>
      </object_component>
      <object_component id="oc-24f">
         <name>.text.MPU6050_GetAutoDt</name>
         <load_address>0x6514</load_address>
         <readonly>true</readonly>
         <executable>true</executable>
         <run_address>0x6514</run_address>
         <size>0x54</size>
         <alignment>0x4</alignment>
         <input_file_ref idref="fl-c"/>
      </object_component>
      <object_component id="oc-1f2">
         <name>.text.DL_GPIO_initPeripheralInputFunctionFeatures</name>
         <load_address>0x6568</load_address>
         <readonly>true</readonly>
         <executable>true</executable>
         <run_address>0x6568</run_address>
         <size>0x50</size>
         <alignment>0x4</alignment>
         <input_file_ref idref="fl-2"/>
      </object_component>
      <object_component id="oc-2b8">
         <name>.text.DL_I2C_startControllerTransfer</name>
         <load_address>0x65b8</load_address>
         <readonly>true</readonly>
         <executable>true</executable>
         <run_address>0x65b8</run_address>
         <size>0x50</size>
         <alignment>0x4</alignment>
         <input_file_ref idref="fl-c"/>
      </object_component>
      <object_component id="oc-23f">
         <name>.text.DL_I2C_startControllerTransfer</name>
         <load_address>0x6608</load_address>
         <readonly>true</readonly>
         <executable>true</executable>
         <run_address>0x6608</run_address>
         <size>0x50</size>
         <alignment>0x4</alignment>
         <input_file_ref idref="fl-d"/>
      </object_component>
      <object_component id="oc-cc">
         <name>.text.SYSCFG_DL_init</name>
         <load_address>0x6658</load_address>
         <readonly>true</readonly>
         <executable>true</executable>
         <run_address>0x6658</run_address>
         <size>0x50</size>
         <alignment>0x4</alignment>
         <input_file_ref idref="fl-2"/>
      </object_component>
      <object_component id="oc-147">
         <name>.text.SysTick_Config</name>
         <load_address>0x66a8</load_address>
         <readonly>true</readonly>
         <executable>true</executable>
         <run_address>0x66a8</run_address>
         <size>0x50</size>
         <alignment>0x4</alignment>
         <input_file_ref idref="fl-10"/>
      </object_component>
      <object_component id="oc-1f6">
         <name>.text.DL_GPIO_initDigitalInputFeatures</name>
         <load_address>0x66f8</load_address>
         <readonly>true</readonly>
         <executable>true</executable>
         <run_address>0x66f8</run_address>
         <size>0x4c</size>
         <alignment>0x4</alignment>
         <input_file_ref idref="fl-2"/>
      </object_component>
      <object_component id="oc-236">
         <name>.text.DL_UART_setBaudRateDivisor</name>
         <load_address>0x6744</load_address>
         <readonly>true</readonly>
         <executable>true</executable>
         <run_address>0x6744</run_address>
         <size>0x4c</size>
         <alignment>0x4</alignment>
         <input_file_ref idref="fl-2"/>
      </object_component>
      <object_component id="oc-78">
         <name>.text.Speed_PID_Update</name>
         <load_address>0x6790</load_address>
         <readonly>true</readonly>
         <executable>true</executable>
         <run_address>0x6790</run_address>
         <size>0x4c</size>
         <alignment>0x4</alignment>
         <input_file_ref idref="fl-4"/>
      </object_component>
      <object_component id="oc-1d3">
         <name>.text.copy_in</name>
         <load_address>0x67dc</load_address>
         <readonly>true</readonly>
         <executable>true</executable>
         <run_address>0x67dc</run_address>
         <size>0x4c</size>
         <alignment>0x4</alignment>
         <input_file_ref idref="fl-4a"/>
      </object_component>
      <object_component id="oc-10b">
         <name>.text:__TI_auto_init_nopinit</name>
         <load_address>0x6828</load_address>
         <readonly>true</readonly>
         <executable>true</executable>
         <run_address>0x6828</run_address>
         <size>0x4c</size>
         <alignment>0x4</alignment>
         <input_file_ref idref="fl-48"/>
      </object_component>
      <object_component id="oc-279">
         <name>.text.__fixdfsi</name>
         <load_address>0x6874</load_address>
         <readonly>true</readonly>
         <executable>true</executable>
         <run_address>0x6874</run_address>
         <size>0x4a</size>
         <alignment>0x4</alignment>
         <input_file_ref idref="fl-10d"/>
      </object_component>
      <object_component id="oc-234">
         <name>.text.DL_UART_init</name>
         <load_address>0x68c0</load_address>
         <readonly>true</readonly>
         <executable>true</executable>
         <run_address>0x68c0</run_address>
         <size>0x48</size>
         <alignment>0x4</alignment>
         <input_file_ref idref="fl-22"/>
      </object_component>
      <object_component id="oc-de">
         <name>.text.OLED_DisplayTurn</name>
         <load_address>0x6908</load_address>
         <readonly>true</readonly>
         <executable>true</executable>
         <run_address>0x6908</run_address>
         <size>0x48</size>
         <alignment>0x2</alignment>
         <input_file_ref idref="fl-d"/>
      </object_component>
      <object_component id="oc-28e">
         <name>.text.OLED_DrawPoint</name>
         <load_address>0x6950</load_address>
         <readonly>true</readonly>
         <executable>true</executable>
         <run_address>0x6950</run_address>
         <size>0x48</size>
         <alignment>0x4</alignment>
         <input_file_ref idref="fl-d"/>
      </object_component>
      <object_component id="oc-20c">
         <name>.text.DL_SYSCTL_switchMCLKfromSYSOSCtoHSCLK</name>
         <load_address>0x6998</load_address>
         <readonly>true</readonly>
         <executable>true</executable>
         <run_address>0x6998</run_address>
         <size>0x44</size>
         <alignment>0x4</alignment>
         <input_file_ref idref="fl-23"/>
      </object_component>
      <object_component id="oc-e2">
         <name>.text.Show_Home</name>
         <load_address>0x69dc</load_address>
         <readonly>true</readonly>
         <executable>true</executable>
         <run_address>0x69dc</run_address>
         <size>0x44</size>
         <alignment>0x4</alignment>
         <input_file_ref idref="fl-1"/>
      </object_component>
      <object_component id="oc-244">
         <name>.text.MPU6050_ReadAccelRaw</name>
         <load_address>0x6a20</load_address>
         <readonly>true</readonly>
         <executable>true</executable>
         <run_address>0x6a20</run_address>
         <size>0x40</size>
         <alignment>0x2</alignment>
         <input_file_ref idref="fl-c"/>
      </object_component>
      <object_component id="oc-245">
         <name>.text.MPU6050_ReadGyroRaw</name>
         <load_address>0x6a60</load_address>
         <readonly>true</readonly>
         <executable>true</executable>
         <run_address>0x6a60</run_address>
         <size>0x40</size>
         <alignment>0x2</alignment>
         <input_file_ref idref="fl-c"/>
      </object_component>
      <object_component id="oc-140">
         <name>.text.SYSCFG_DL_UART_0_init</name>
         <load_address>0x6aa0</load_address>
         <readonly>true</readonly>
         <executable>true</executable>
         <run_address>0x6aa0</run_address>
         <size>0x40</size>
         <alignment>0x4</alignment>
         <input_file_ref idref="fl-2"/>
      </object_component>
      <object_component id="oc-13f">
         <name>.text.SYSCFG_DL_UART_Cam_init</name>
         <load_address>0x6ae0</load_address>
         <readonly>true</readonly>
         <executable>true</executable>
         <run_address>0x6ae0</run_address>
         <size>0x40</size>
         <alignment>0x4</alignment>
         <input_file_ref idref="fl-2"/>
      </object_component>
      <object_component id="oc-79">
         <name>.text.Speed_PID_Calculate</name>
         <load_address>0x6b20</load_address>
         <readonly>true</readonly>
         <executable>true</executable>
         <run_address>0x6b20</run_address>
         <size>0x40</size>
         <alignment>0x4</alignment>
         <input_file_ref idref="fl-4"/>
      </object_component>
      <object_component id="oc-2a6">
         <name>.text.__aeabi_uidivmod</name>
         <load_address>0x6b60</load_address>
         <readonly>true</readonly>
         <executable>true</executable>
         <run_address>0x6b60</run_address>
         <size>0x40</size>
         <alignment>0x4</alignment>
         <input_file_ref idref="fl-11a"/>
      </object_component>
      <object_component id="oc-280">
         <name>.text.__extendsfdf2</name>
         <load_address>0x6ba0</load_address>
         <readonly>true</readonly>
         <executable>true</executable>
         <run_address>0x6ba0</run_address>
         <size>0x40</size>
         <alignment>0x4</alignment>
         <input_file_ref idref="fl-10c"/>
      </object_component>
      <object_component id="oc-307">
         <name>.text.atoi</name>
         <load_address>0x6be0</load_address>
         <readonly>true</readonly>
         <executable>true</executable>
         <run_address>0x6be0</run_address>
         <size>0x40</size>
         <alignment>0x4</alignment>
         <input_file_ref idref="fl-5b"/>
      </object_component>
      <object_component id="oc-211">
         <name>.text.DL_Timer_setCounterControl</name>
         <load_address>0x6c20</load_address>
         <readonly>true</readonly>
         <executable>true</executable>
         <run_address>0x6c20</run_address>
         <size>0x3c</size>
         <alignment>0x4</alignment>
         <input_file_ref idref="fl-2"/>
      </object_component>
      <object_component id="oc-185">
         <name>.text.MPU6050_GetEuler</name>
         <load_address>0x6c5c</load_address>
         <readonly>true</readonly>
         <executable>true</executable>
         <run_address>0x6c5c</run_address>
         <size>0x3c</size>
         <alignment>0x4</alignment>
         <input_file_ref idref="fl-c"/>
      </object_component>
      <object_component id="oc-1c1">
         <name>.text.TB6612_Motor_Stop</name>
         <load_address>0x6c98</load_address>
         <readonly>true</readonly>
         <executable>true</executable>
         <run_address>0x6c98</run_address>
         <size>0x3c</size>
         <alignment>0x4</alignment>
         <input_file_ref idref="fl-5"/>
      </object_component>
      <object_component id="oc-ae">
         <name>.text.__floatsisf</name>
         <load_address>0x6cd4</load_address>
         <readonly>true</readonly>
         <executable>true</executable>
         <run_address>0x6cd4</run_address>
         <size>0x3c</size>
         <alignment>0x4</alignment>
         <input_file_ref idref="fl-110"/>
      </object_component>
      <object_component id="oc-1e2">
         <name>.text.__gtsf2</name>
         <load_address>0x6d10</load_address>
         <readonly>true</readonly>
         <executable>true</executable>
         <run_address>0x6d10</run_address>
         <size>0x3c</size>
         <alignment>0x4</alignment>
         <input_file_ref idref="fl-11c"/>
      </object_component>
      <object_component id="oc-1dd">
         <name>.text.__eqsf2</name>
         <load_address>0x6d4c</load_address>
         <readonly>true</readonly>
         <executable>true</executable>
         <run_address>0x6d4c</run_address>
         <size>0x3a</size>
         <alignment>0x4</alignment>
         <input_file_ref idref="fl-11c"/>
      </object_component>
      <object_component id="oc-1d8">
         <name>.text.__muldsi3</name>
         <load_address>0x6d88</load_address>
         <readonly>true</readonly>
         <executable>true</executable>
         <run_address>0x6d88</run_address>
         <size>0x3a</size>
         <alignment>0x4</alignment>
         <input_file_ref idref="fl-108"/>
      </object_component>
      <object_component id="oc-7a">
         <name>.text.__fixsfsi</name>
         <load_address>0x6dc4</load_address>
         <readonly>true</readonly>
         <executable>true</executable>
         <run_address>0x6dc4</run_address>
         <size>0x38</size>
         <alignment>0x4</alignment>
         <input_file_ref idref="fl-10e"/>
      </object_component>
      <object_component id="oc-15e">
         <name>.text.sprintf</name>
         <load_address>0x6dfc</load_address>
         <readonly>true</readonly>
         <executable>true</executable>
         <run_address>0x6dfc</run_address>
         <size>0x38</size>
         <alignment>0x4</alignment>
         <input_file_ref idref="fl-3f"/>
      </object_component>
      <object_component id="oc-262">
         <name>.text.DL_FlashCTL_executeClearStatus</name>
         <load_address>0x6e34</load_address>
         <readonly>true</readonly>
         <executable>true</executable>
         <run_address>0x6e34</run_address>
         <size>0x34</size>
         <alignment>0x4</alignment>
         <input_file_ref idref="fl-e"/>
      </object_component>
      <object_component id="oc-dd">
         <name>.text.OLED_ColorTurn</name>
         <load_address>0x6e68</load_address>
         <readonly>true</readonly>
         <executable>true</executable>
         <run_address>0x6e68</run_address>
         <size>0x34</size>
         <alignment>0x2</alignment>
         <input_file_ref idref="fl-d"/>
      </object_component>
      <object_component id="oc-13c">
         <name>.text.SYSCFG_DL_PID_TIMER_init</name>
         <load_address>0x6e9c</load_address>
         <readonly>true</readonly>
         <executable>true</executable>
         <run_address>0x6e9c</run_address>
         <size>0x34</size>
         <alignment>0x4</alignment>
         <input_file_ref idref="fl-2"/>
      </object_component>
      <object_component id="oc-2d5">
         <name>.text.DL_UART_transmitDataBlocking</name>
         <load_address>0x6ed0</load_address>
         <readonly>true</readonly>
         <executable>true</executable>
         <run_address>0x6ed0</run_address>
         <size>0x30</size>
         <alignment>0x4</alignment>
         <input_file_ref idref="fl-22"/>
      </object_component>
      <object_component id="oc-26b">
         <name>.text.DL_FlashCTL_waitForCmdDone</name>
         <load_address>0x6f00</load_address>
         <readonly>true</readonly>
         <executable>true</executable>
         <run_address>0x6f00</run_address>
         <size>0x2c</size>
         <alignment>0x4</alignment>
         <input_file_ref idref="fl-e"/>
      </object_component>
      <object_component id="oc-2df">
         <name>.text.__floatsidf</name>
         <load_address>0x6f2c</load_address>
         <readonly>true</readonly>
         <executable>true</executable>
         <run_address>0x6f2c</run_address>
         <size>0x2c</size>
         <alignment>0x4</alignment>
         <input_file_ref idref="fl-10f"/>
      </object_component>
      <object_component id="oc-2fd">
         <name>.text.DL_Common_updateReg</name>
         <load_address>0x6f58</load_address>
         <readonly>true</readonly>
         <executable>true</executable>
         <run_address>0x6f58</run_address>
         <size>0x28</size>
         <alignment>0x2</alignment>
         <input_file_ref idref="fl-c"/>
      </object_component>
      <object_component id="oc-2b6">
         <name>.text.DL_Common_updateReg</name>
         <load_address>0x6f80</load_address>
         <readonly>true</readonly>
         <executable>true</executable>
         <run_address>0x6f80</run_address>
         <size>0x28</size>
         <alignment>0x2</alignment>
         <input_file_ref idref="fl-d"/>
      </object_component>
      <object_component id="oc-29e">
         <name>.text.DL_Common_updateReg</name>
         <load_address>0x6fa8</load_address>
         <readonly>true</readonly>
[...]
      </symbol>
      <symbol id="sm-41e">
         <name>DL_I2C_fillControllerTXFIFO</name>
         <value>0x6351</value>
         <object_component_ref idref="oc-23e"/>
      </symbol>
      <symbol id="sm-43a">
         <name>DL_Timer_setClockConfig</name>
         <value>0x7361</value>
         <object_component_ref idref="oc-20f"/>
      </symbol>
      <symbol id="sm-43b">
         <name>DL_Timer_initTimerMode</name>
         <value>0x3f59</value>
         <object_component_ref idref="oc-21a"/>
      </symbol>
      <symbol id="sm-43c">
         <name>DL_Timer_setCaptureCompareValue</name>
         <value>0x7875</value>
         <object_component_ref idref="oc-126"/>
      </symbol>
      <symbol id="sm-43d">
         <name>DL_Timer_setCaptCompUpdateMethod</name>
         <value>0x7345</value>
         <object_component_ref idref="oc-213"/>
      </symbol>
      <symbol id="sm-43e">
         <name>DL_Timer_setCaptureCompareOutCtl</name>
         <value>0x75ad</value>
         <object_component_ref idref="oc-212"/>
      </symbol>
      <symbol id="sm-43f">
         <name>DL_Timer_initFourCCPWMMode</name>
         <value>0x3d55</value>
         <object_component_ref idref="oc-210"/>
      </symbol>
      <symbol id="sm-44f">
         <name>DL_UART_init</name>
         <value>0x68c1</value>
         <object_component_ref idref="oc-234"/>
      </symbol>
      <symbol id="sm-450">
         <name>DL_UART_setClockConfig</name>
         <value>0x780d</value>
         <object_component_ref idref="oc-22e"/>
      </symbol>
      <symbol id="sm-451">
         <name>DL_UART_transmitDataBlocking</name>
         <value>0x6ed1</value>
         <object_component_ref idref="oc-2d5"/>
      </symbol>
      <symbol id="sm-465">
         <name>DL_SYSCTL_configSYSPLL</name>
         <value>0x46d1</value>
         <object_component_ref idref="oc-207"/>
      </symbol>
      <symbol id="sm-466">
         <name>DL_SYSCTL_switchMCLKfromSYSOSCtoHSCLK</name>
         <value>0x6999</value>
         <object_component_ref idref="oc-20c"/>
      </symbol>
      <symbol id="sm-467">
         <name>DL_SYSCTL_setHFCLKSourceHFXTParams</name>
         <value>0x603d</value>
         <object_component_ref idref="oc-201"/>
      </symbol>
      <symbol id="sm-468">
         <name>DL_SYSCTL_configFCC</name>
         <value>0x72b9</value>
         <object_component_ref idref="oc-2a2"/>
      </symbol>
      <symbol id="sm-476">
         <name>asinf</name>
         <value>0x30fd</value>
         <object_component_ref idref="oc-2ca"/>
      </symbol>
      <symbol id="sm-484">
         <name>atan2f</name>
         <value>0x3b31</value>
         <object_component_ref idref="oc-2c6"/>
      </symbol>
      <symbol id="sm-499">
         <name>atanf</name>
         <value>0x2761</value>
         <object_component_ref idref="oc-322"/>
      </symbol>
      <symbol id="sm-4b9">
         <name>sinf</name>
         <value>0x2929</value>
         <object_component_ref idref="oc-1b1"/>
      </symbol>
      <symbol id="sm-4cb">
         <name>sprintf</name>
         <value>0x6dfd</value>
         <object_component_ref idref="oc-15e"/>
      </symbol>
      <symbol id="sm-4d5">
         <name>sqrt</name>
         <value>0x2f8d</value>
         <object_component_ref idref="oc-32c"/>
      </symbol>
      <symbol id="sm-4d6">
         <name>sqrtl</name>
         <value>0x2f8d</value>
         <object_component_ref idref="oc-32c"/>
      </symbol>
      <symbol id="sm-4e1">
         <name>__aeabi_errno_addr</name>
         <value>0x79b9</value>
         <object_component_ref idref="oc-30f"/>
      </symbol>
      <symbol id="sm-4e2">
         <name>__aeabi_errno</name>
         <value>0x20200728</value>
         <object_component_ref idref="oc-345"/>
      </symbol>
      <symbol id="sm-4fe">
         <name>__kernel_rem_pio2</name>
         <value>0x1851</value>
         <object_component_ref idref="oc-284"/>
      </symbol>
      <symbol id="sm-50c">
         <name>_c_int00_noargs</name>
         <value>0x7049</value>
         <object_component_ref idref="oc-63"/>
      </symbol>
      <symbol id="sm-50d">
         <name>__stack</name>
         <value>0x20207e00</value>
         <object_component_ref idref="oc-1a"/>
      </symbol>
      <symbol id="sm-51c">
         <name>__TI_auto_init_nopinit</name>
         <value>0x6829</value>
         <object_component_ref idref="oc-10b"/>
      </symbol>
      <symbol id="sm-524">
         <name>_system_pre_init</name>
         <value>0x7a59</value>
         <object_component_ref idref="oc-91"/>
      </symbol>
      <symbol id="sm-52e">
         <name>copy_in</name>
         <value>0x67dd</value>
         <object_component_ref idref="oc-1d3"/>
      </symbol>
      <symbol id="sm-538">
         <name>__TI_zero_init</name>
         <value>0x78c5</value>
         <object_component_ref idref="oc-60"/>
      </symbol>
      <symbol id="sm-541">
         <name>__TI_decompress_none</name>
         <value>0x7831</value>
         <object_component_ref idref="oc-20"/>
      </symbol>
      <symbol id="sm-54c">
         <name>__TI_decompress_lzss</name>
         <value>0x5c2d</value>
         <object_component_ref idref="oc-1c"/>
      </symbol>
      <symbol id="sm-56e">
         <name>__TI_printfi_nofloat</name>
         <value>0xc1</value>
         <object_component_ref idref="oc-2c1"/>
      </symbol>
      <symbol id="sm-57b">
         <name>wcslen</name>
         <value>0x78b5</value>
         <object_component_ref idref="oc-30b"/>
      </symbol>
      <symbol id="sm-585">
         <name>floor</name>
         <value>0x3659</value>
         <object_component_ref idref="oc-2e8"/>
      </symbol>
      <symbol id="sm-586">
         <name>floorl</name>
         <value>0x3659</value>
         <object_component_ref idref="oc-2e8"/>
      </symbol>
      <symbol id="sm-591">
         <name>scalbn</name>
         <value>0x495d</value>
         <object_component_ref idref="oc-2e4"/>
      </symbol>
      <symbol id="sm-592">
         <name>ldexp</name>
         <value>0x495d</value>
         <object_component_ref idref="oc-2e4"/>
      </symbol>
      <symbol id="sm-593">
         <name>scalbnl</name>
         <value>0x495d</value>
         <object_component_ref idref="oc-2e4"/>
      </symbol>
      <symbol id="sm-594">
         <name>ldexpl</name>
         <value>0x495d</value>
         <object_component_ref idref="oc-2e4"/>
      </symbol>
      <symbol id="sm-59e">
         <name>abort</name>
         <value>0x7a5d</value>
         <object_component_ref idref="oc-fd"/>
      </symbol>
      <symbol id="sm-59f">
         <name>C$$EXIT</name>
         <value>0x7a5c</value>
         <object_component_ref idref="oc-fd"/>
      </symbol>
      <symbol id="sm-5ac">
         <name>atoi</name>
         <value>0x6be1</value>
         <object_component_ref idref="oc-307"/>
      </symbol>
      <symbol id="sm-5b5">
         <name>memccpy</name>
         <value>0x714d</value>
         <object_component_ref idref="oc-300"/>
      </symbol>
      <symbol id="sm-5b8">
         <name>__aeabi_ctype_table_</name>
         <value>0x9340</value>
         <object_component_ref idref="oc-33e"/>
      </symbol>
      <symbol id="sm-5b9">
         <name>__aeabi_ctype_table_C</name>
         <value>0x9340</value>
         <object_component_ref idref="oc-33e"/>
      </symbol>
      <symbol id="sm-5cf">
         <name>__aeabi_fadd</name>
         <value>0x4b17</value>
         <object_component_ref idref="oc-117"/>
      </symbol>
      <symbol id="sm-5d0">
         <name>__addsf3</name>
         <value>0x4b17</value>
         <object_component_ref idref="oc-117"/>
      </symbol>
      <symbol id="sm-5d1">
         <name>__aeabi_fsub</name>
         <value>0x4b0d</value>
         <object_component_ref idref="oc-117"/>
      </symbol>
      <symbol id="sm-5d2">
         <name>__subsf3</name>
         <value>0x4b0d</value>
         <object_component_ref idref="oc-117"/>
      </symbol>
      <symbol id="sm-5db">
         <name>__aeabi_dadd</name>
         <value>0x2afb</value>
         <object_component_ref idref="oc-271"/>
      </symbol>
      <symbol id="sm-5dc">
         <name>__adddf3</name>
         <value>0x2afb</value>
         <object_component_ref idref="oc-271"/>
      </symbol>
      <symbol id="sm-5dd">
         <name>__aeabi_dsub</name>
         <value>0x2af1</value>
         <object_component_ref idref="oc-271"/>
      </symbol>
      <symbol id="sm-5de">
         <name>__subdf3</name>
         <value>0x2af1</value>
         <object_component_ref idref="oc-271"/>
      </symbol>
      <symbol id="sm-5e7">
         <name>__aeabi_dmul</name>
         <value>0x450d</value>
         <object_component_ref idref="oc-275"/>
      </symbol>
      <symbol id="sm-5e8">
         <name>__muldf3</name>
         <value>0x450d</value>
         <object_component_ref idref="oc-275"/>
      </symbol>
      <symbol id="sm-5f1">
         <name>__muldsi3</name>
         <value>0x6d89</value>
         <object_component_ref idref="oc-1d8"/>
      </symbol>
      <symbol id="sm-5f7">
         <name>__aeabi_fmul</name>
         <value>0x570d</value>
         <object_component_ref idref="oc-11b"/>
      </symbol>
      <symbol id="sm-5f8">
         <name>__mulsf3</name>
         <value>0x570d</value>
         <object_component_ref idref="oc-11b"/>
      </symbol>
      <symbol id="sm-601">
         <name>__aeabi_fdiv</name>
         <value>0x5929</value>
         <object_component_ref idref="oc-1b8"/>
      </symbol>
      <symbol id="sm-602">
         <name>__divsf3</name>
         <value>0x5929</value>
         <object_component_ref idref="oc-1b8"/>
      </symbol>
      <symbol id="sm-60b">
         <name>__aeabi_f2d</name>
         <value>0x6ba1</value>
         <object_component_ref idref="oc-280"/>
      </symbol>
      <symbol id="sm-60c">
         <name>__extendsfdf2</name>
         <value>0x6ba1</value>
         <object_component_ref idref="oc-280"/>
      </symbol>
      <symbol id="sm-615">
         <name>__aeabi_d2iz</name>
         <value>0x6875</value>
         <object_component_ref idref="oc-279"/>
      </symbol>
      <symbol id="sm-616">
         <name>__fixdfsi</name>
         <value>0x6875</value>
         <object_component_ref idref="oc-279"/>
      </symbol>
      <symbol id="sm-61c">
         <name>__aeabi_f2iz</name>
         <value>0x6dc5</value>
         <object_component_ref idref="oc-7a"/>
      </symbol>
      <symbol id="sm-61d">
         <name>__fixsfsi</name>
         <value>0x6dc5</value>
         <object_component_ref idref="oc-7a"/>
      </symbol>
      <symbol id="sm-623">
         <name>__aeabi_i2d</name>
         <value>0x6f2d</value>
         <object_component_ref idref="oc-2df"/>
      </symbol>
      <symbol id="sm-624">
         <name>__floatsidf</name>
         <value>0x6f2d</value>
         <object_component_ref idref="oc-2df"/>
      </symbol>
      <symbol id="sm-62a">
         <name>__aeabi_i2f</name>
         <value>0x6cd5</value>
         <object_component_ref idref="oc-ae"/>
      </symbol>
      <symbol id="sm-62b">
         <name>__floatsisf</name>
         <value>0x6cd5</value>
         <object_component_ref idref="oc-ae"/>
      </symbol>
      <symbol id="sm-631">
         <name>__aeabi_ui2d</name>
         <value>0x70e1</value>
         <object_component_ref idref="oc-2aa"/>
      </symbol>
      <symbol id="sm-632">
         <name>__floatunsidf</name>
         <value>0x70e1</value>
         <object_component_ref idref="oc-2aa"/>
      </symbol>
      <symbol id="sm-638">
         <name>__aeabi_ui2f</name>
         <value>0x7021</value>
         <object_component_ref idref="oc-1ad"/>
      </symbol>
      <symbol id="sm-639">
         <name>__floatunsisf</name>
         <value>0x7021</value>
         <object_component_ref idref="oc-1ad"/>
      </symbol>
      <symbol id="sm-63f">
         <name>__aeabi_lmul</name>
         <value>0x7105</value>
         <object_component_ref idref="oc-314"/>
      </symbol>
      <symbol id="sm-640">
         <name>__muldi3</name>
         <value>0x7105</value>
         <object_component_ref idref="oc-314"/>
      </symbol>
      <symbol id="sm-647">
         <name>__aeabi_d2f</name>
         <value>0x5ef1</value>
         <object_component_ref idref="oc-258"/>
      </symbol>
      <symbol id="sm-648">
         <name>__truncdfsf2</name>
         <value>0x5ef1</value>
         <object_component_ref idref="oc-258"/>
      </symbol>
      <symbol id="sm-64e">
         <name>__aeabi_dcmpeq</name>
         <value>0x6169</value>
         <object_component_ref idref="oc-2ae"/>
      </symbol>
      <symbol id="sm-64f">
         <name>__aeabi_dcmplt</name>
         <value>0x617d</value>
         <object_component_ref idref="oc-2ae"/>
      </symbol>
      <symbol id="sm-650">
         <name>__aeabi_dcmple</name>
         <value>0x6191</value>
         <object_component_ref idref="oc-2ae"/>
      </symbol>
      <symbol id="sm-651">
         <name>__aeabi_dcmpge</name>
         <value>0x61a5</value>
         <object_component_ref idref="oc-2ae"/>
      </symbol>
      <symbol id="sm-652">
         <name>__aeabi_dcmpgt</name>
         <value>0x61b9</value>
         <object_component_ref idref="oc-2ae"/>
      </symbol>
      <symbol id="sm-658">
         <name>__aeabi_fcmpeq</name>
         <value>0x61cd</value>
         <object_component_ref idref="oc-11f"/>
      </symbol>
      <symbol id="sm-659">
         <name>__aeabi_fcmplt</name>
         <value>0x61e1</value>
         <object_component_ref idref="oc-11f"/>
      </symbol>
      <symbol id="sm-65a">
         <name>__aeabi_fcmple</name>
         <value>0x61f5</value>
         <object_component_ref idref="oc-11f"/>
      </symbol>
      <symbol id="sm-65b">
         <name>__aeabi_fcmpge</name>
         <value>0x6209</value>
         <object_component_ref idref="oc-11f"/>
      </symbol>
      <symbol id="sm-65c">
         <name>__aeabi_fcmpgt</name>
         <value>0x621d</value>
         <object_component_ref idref="oc-11f"/>
      </symbol>
      <symbol id="sm-662">
         <name>__aeabi_idiv</name>
         <value>0x64bd</value>
         <object_component_ref idref="oc-186"/>
      </symbol>
      <symbol id="sm-663">
         <name>__aeabi_idivmod</name>
         <value>0x64bd</value>
         <object_component_ref idref="oc-186"/>
      </symbol>
      <symbol id="sm-669">
         <name>__aeabi_memcpy</name>
         <value>0x79c1</value>
         <object_component_ref idref="oc-53"/>
      </symbol>
      <symbol id="sm-66a">
         <name>__aeabi_memcpy4</name>
         <value>0x79c1</value>
         <object_component_ref idref="oc-53"/>
      </symbol>
      <symbol id="sm-66b">
         <name>__aeabi_memcpy8</name>
         <value>0x79c1</value>
         <object_component_ref idref="oc-53"/>
      </symbol>
      <symbol id="sm-674">
         <name>__aeabi_memset</name>
         <value>0x78d5</value>
         <object_component_ref idref="oc-2ff"/>
      </symbol>
      <symbol id="sm-675">
         <name>__aeabi_memset4</name>
         <value>0x78d5</value>
         <object_component_ref idref="oc-2ff"/>
      </symbol>
      <symbol id="sm-676">
         <name>__aeabi_memset8</name>
         <value>0x78d5</value>
         <object_component_ref idref="oc-2ff"/>
      </symbol>
      <symbol id="sm-677">
         <name>__aeabi_memclr</name>
         <value>0x7961</value>
         <object_component_ref idref="oc-8c"/>
      </symbol>
      <symbol id="sm-678">
         <name>__aeabi_memclr4</name>
         <value>0x7961</value>
         <object_component_ref idref="oc-8c"/>
      </symbol>
      <symbol id="sm-679">
         <name>__aeabi_memclr8</name>
         <value>0x7961</value>
         <object_component_ref idref="oc-8c"/>
      </symbol>
      <symbol id="sm-67f">
         <name>__aeabi_uidiv</name>
         <value>0x6b61</value>
         <object_component_ref idref="oc-2a6"/>
      </symbol>
      <symbol id="sm-680">
         <name>__aeabi_uidivmod</name>
         <value>0x6b61</value>
         <object_component_ref idref="oc-2a6"/>
      </symbol>
      <symbol id="sm-686">
         <name>__aeabi_uldivmod</name>
         <value>0x77f9</value>
         <object_component_ref idref="oc-319"/>
      </symbol>
      <symbol id="sm-68f">
         <name>__eqsf2</name>
         <value>0x6d4d</value>
         <object_component_ref idref="oc-1dd"/>
      </symbol>
      <symbol id="sm-690">
         <name>__lesf2</name>
         <value>0x6d4d</value>
         <object_component_ref idref="oc-1dd"/>
      </symbol>
      <symbol id="sm-691">
         <name>__ltsf2</name>
         <value>0x6d4d</value>
         <object_component_ref idref="oc-1dd"/>
      </symbol>
      <symbol id="sm-692">
         <name>__nesf2</name>
         <value>0x6d4d</value>
         <object_component_ref idref="oc-1dd"/>
      </symbol>
      <symbol id="sm-693">
         <name>__cmpsf2</name>
         <value>0x6d4d</value>
         <object_component_ref idref="oc-1dd"/>
      </symbol>
      <symbol id="sm-694">
         <name>__gtsf2</name>
         <value>0x6d11</value>
         <object_component_ref idref="oc-1e2"/>
      </symbol>
      <symbol id="sm-695">
         <name>__gesf2</name>
         <value>0x6d11</value>
         <object_component_ref idref="oc-1e2"/>
      </symbol>
      <symbol id="sm-69b">
         <name>__udivmoddi4</name>
         <value>0x524d</value>
         <object_component_ref idref="oc-34a"/>
      </symbol>
      <symbol id="sm-6a1">
         <name>__aeabi_llsl</name>
         <value>0x71f1</value>
         <object_component_ref idref="oc-36b"/>
      </symbol>
      <symbol id="sm-6a2">
         <name>__ashldi3</name>
         <value>0x71f1</value>
         <object_component_ref idref="oc-36b"/>
      </symbol>
      <symbol id="sm-6b0">
         <name>__ledf2</name>
         <value>0x5fd5</value>
         <object_component_ref idref="oc-2f5"/>
      </symbol>
      <symbol id="sm-6b1">
         <name>__gedf2</name>
         <value>0x5e7d</value>
         <object_component_ref idref="oc-2fb"/>
      </symbol>
      <symbol id="sm-6b2">
         <name>__cmpdf2</name>
         <value>0x5fd5</value>
         <object_component_ref idref="oc-2f5"/>
      </symbol>
      <symbol id="sm-6b3">
         <name>__eqdf2</name>
         <value>0x5fd5</value>
         <object_component_ref idref="oc-2f5"/>
      </symbol>
      <symbol id="sm-6b4">
         <name>__ltdf2</name>
         <value>0x5fd5</value>
         <object_component_ref idref="oc-2f5"/>
      </symbol>
      <symbol id="sm-6b5">
         <name>__nedf2</name>
         <value>0x5fd5</value>
         <object_component_ref idref="oc-2f5"/>
      </symbol>
      <symbol id="sm-6b6">
         <name>__gtdf2</name>
         <value>0x5e7d</value>
         <object_component_ref idref="oc-2fb"/>
      </symbol>
      <symbol id="sm-6c2">
         <name>__aeabi_idiv0</name>
         <value>0x3f57</value>
         <object_component_ref idref="oc-251"/>
      </symbol>
      <symbol id="sm-6c3">
         <name>__aeabi_ldiv0</name>
         <value>0x46cf</value>
         <object_component_ref idref="oc-36a"/>
      </symbol>
      <symbol id="sm-6cd">
         <name>TI_memcpy_small</name>
         <value>0x781f</value>
         <object_component_ref idref="oc-c2"/>
      </symbol>
      <symbol id="sm-6d6">
         <name>TI_memset_small</name>
         <value>0x78f1</value>
         <object_component_ref idref="oc-131"/>
      </symbol>
      <symbol id="sm-6d7">
         <name>__TI_static_base__</name>
         <value>0x0</value>
      </symbol>
      <symbol id="sm-6db">
         <name>__mpu_init</name>
         <value>0x0</value>
      </symbol>
      <symbol id="sm-6dc">
         <name>_system_post_cinit</name>
         <value>0x0</value>
      </symbol>
   </symbol_table>
   <title>Link successful</title>
</link_info>
