******************************************************************************
            TI ARM Clang Linker PC v4.0.0                      
******************************************************************************
>> Linked Tue Jul  7 21:40:14 2026

OUTPUT FILE NAME:   <TMX_MSPM0G3507_ProjectTemplate.out>
ENTRY POINT SYMBOL: "_c_int00_noargs"  address: 000066d9


MEMORY CONFIGURATION

         name            origin    length      used     unused   attr    fill
----------------------  --------  ---------  --------  --------  ----  --------
  FLASH                 00000000   00020000  00008d60  000172a0  R  X
  SRAM                  20200000   00008000  000008e5  0000771b  RW X
  BCR_CONFIG            41c00000   000000ff  00000000  000000ff  R   
  BSL_CONFIG            41c00100   00000080  00000000  00000080  R   


SEGMENT ALLOCATION MAP

run origin  load origin   length   init length attrs members
----------  ----------- ---------- ----------- ----- -------
00000000    00000000    00008c60   00008c60    r-x
  00000000    00000000    000000c0   000000c0    r-- .intvecs
  000000c0    000000c0    00006fc0   00006fc0    r-x .text
  00007080    00007080    00001be0   00001be0    r-- .rodata
00008cc0    00008cc0    000000a0   000000a0    r--
  00008cc0    00008cc0    00000090   00000090    r-- .cinit
  00008d50    00008d50    00000010   00000010    r-- .binit
20200000    20200000    00000685   00000000    rw-
  20200000    20200000    000005a0   00000000    rw- .bss
  202005a0    202005a0    000000e5   00000000    rw- .data
20200688    00008c60    00000060   00000060    r-x
  20200688    00008c60    00000060   00000060    r-x .TI.ramfunc
20207e00    20207e00    00000200   00000000    rw-
  20207e00    20207e00    00000200   00000000    rw- .stack


SECTION ALLOCATION MAP

 output                                  attributes/
section   page    origin      length       input sections
--------  ----  ----------  ----------   ----------------
.intvecs   0    00000000    000000c0     
                  00000000    000000c0     startup_mspm0g350x_ticlang.o (.intvecs)

.text      0    000000c0    00006fc0     
                  000000c0    000009d0     libc.a : _printfi.c.obj (.text:__TI_printfi)
                  00000a90    00000644            : k_rem_pio2.c.obj (.text.__kernel_rem_pio2)
                  000010d4    00000484     line.o (.text.Line_Run)
                  00001558    0000042c     mpu6050.o (.text.MPU6050_QuaternionUpdate)
                  00001984    00000408     empty.o (.text.main)
                  00001d8c    00000220     libc.a : _printfi.c.obj (.text._pconv_a)
                  00001fac    000001ec     ti_msp_dl_config.o (.text.SYSCFG_DL_GPIO_init)
                  00002198    000001dc     libc.a : _printfi.c.obj (.text._pconv_g)
                  00002374    000001c8            : s_atanf.c.obj (.text.atanf)
                  0000253c    000001c8            : s_sinf.c.obj (.text.sinf)
                  00002704    000001ac     param_store.o (.text.Param_Save)
                  000028b0    00000192     libclang_rt.builtins.a : adddf3.S.obj (.text.adddf3_subdf3)
                  00002a42    00000002     key.o (.text.KEY_Init)
                  00002a44    00000190     empty.o (.text.Menu_Display)
                  00002bd4    00000174     mpu6050.o (.text.MPU6050_GetEuler)
                  00002d48    00000170     libc.a : e_sqrt.c.obj (.text.sqrt)
                  00002eb8    00000160            : e_asinf.c.obj (.text.asinf)
                  00003018    00000158     oled.o (.text.OLED_ShowChar)
                  00003170    00000144     param_store.o (.text.Param_Load)
                  000032b4    00000144     libc.a : s_floor.c.obj (.text.floor)
                  000033f8    00000140     mpu6050.o (.text.MPU6050_Calibrate)
                  00003538    0000013c     libc.a : _printfi.c.obj (.text.fcvt)
                  00003674    00000138     mpu6050.o (.text.MPU6050_ReadDataCalibrated)
                  000037ac    00000120     libc.a : _printfi.c.obj (.text._pconv_e)
                  000038cc    00000118            : e_atan2f.c.obj (.text.atan2f)
                  000039e4    0000010c     libclang_rt.builtins.a : divdf3.S.obj (.text.__divdf3)
                  00003af0    00000104     driverlib.a : dl_timer.o (.text.DL_Timer_initFourCCPWMMode)
                  00003bf4    000000fe     PID.o (.text.PID_Calculate)
                  00003cf2    00000002     libclang_rt.builtins.a : aeabi_div0.c.obj (.text.__aeabi_idiv0)
                  00003cf4    000000fc     driverlib.a : dl_timer.o (.text.DL_Timer_initTimerMode)
                  00003df0    000000fc     line.o (.text.Line_ReadSensors)
                  00003eec    000000f8     oled.o (.text.OLED_Init)
                  00003fe4    000000ec     encoder.o (.text.Encoder_GPIO_IRQHandler)
                  000040d0    000000ec     ti_msp_dl_config.o (.text.SYSCFG_DL_SYSCTL_SYSPLL_init)
                  000041bc    000000e4     libclang_rt.builtins.a : muldf3.S.obj (.text.__muldf3)
                  000042a0    000000dc     driverlib.a : dl_sysctl_mspm0g1x0x_g3x0x.o (.text.DL_SYSCTL_configSYSPLL)
                  0000437c    000000d8                 : dl_flashctl.o (.text.DL_FlashCTL_protectSector)
                  00004454    000000d8                 : dl_flashctl.o (.text.DL_FlashCTL_unprotectSector)
                  0000452c    000000d8     libc.a : s_scalbn.c.obj (.text.scalbn)
                  00004604    000000d8     line.o (.text.yaw_pid_compute)
                  000046dc    000000d8     libclang_rt.builtins.a : addsf3.S.obj (.text)
                  000047b4    000000c8     mpu6050.o (.text.MPU6050_ReadRegs)
                  0000487c    000000ba     key.o (.text.KEY1_ScanShortLong)
                  00004936    000000ba     key.o (.text.KEY2_ScanShortLong)
                  000049f0    000000ac     libc.a : s_sinf.c.obj (.text.__kernel_sindf)
                  00004a9c    000000a2     libclang_rt.builtins.a : udivmoddi4.S.obj (.text)
                  00004b3e    00000002                            : aeabi_div0.c.obj (.text.__aeabi_ldiv0)
                  00004b40    000000a0     mpu6050.o (.text.MPU6050_ReadReg)
                  00004be0    0000009c     libc.a : s_sinf.c.obj (.text.__kernel_cosdf)
                  00004c7c    00000098     oled.o (.text.OLED_ShowString)
                  00004d14    00000090     line.o (.text.Line_GetPosition)
                  00004da4    00000090     ti_msp_dl_config.o (.text.SYSCFG_DL_PWM_0_init)
                  00004e34    0000008c     libclang_rt.builtins.a : mulsf3.S.obj (.text.__mulsf3)
                  00004ec0    00000084     ti_msp_dl_config.o (.text.__NVIC_SetPriority)
                  00004f44    00000082     libclang_rt.builtins.a : divsf3.S.obj (.text.__divsf3)
                  00004fc6    00000002     --HOLE-- [fill = 0]
                  00004fc8    00000080     bsp_tb6612.o (.text.AO_Control)
                  00005048    00000080     driverlib.a : dl_flashctl.o (.text.DL_FlashCTL_programMemoryBlockingFromRAM64WithECCGenerated)
                  000050c8    00000080     empty.o (.text.Menu_SaveValues)
                  00005148    00000080     ti_msp_dl_config.o (.text.SYSCFG_DL_SYSCTL_init)
                  000051c8    00000080     PID.o (.text.TIMG0_IRQHandler)
                  00005248    0000007c     bsp_tb6612.o (.text.BO_Control)
                  000052c4    0000007c     mpu6050.o (.text.MPU6050_Init)
                  00005340    0000007c     oled.o (.text.OLED_Refresh)
                  000053bc    0000007c     ti_msp_dl_config.o (.text.SYSCFG_DL_initPower)
                  00005438    0000007c     libc.a : copy_decompress_lzss.c.obj (.text:decompress:lzss)
                  000054b4    00000074     oled.o (.text.OLED_WR_Byte)
                  00005528    00000074     libclang_rt.builtins.a : comparedf2.c.obj (.text.__gedf2)
                  0000559c    00000004     startup_mspm0g350x_ticlang.o (.text.Default_Handler)
                  000055a0    00000074     libclang_rt.builtins.a : truncdfsf2.S.obj (.text.__truncdfsf2)
                  00005614    00000070     mpu6050.o (.text.MPU6050_WriteReg)
                  00005684    00000068     libclang_rt.builtins.a : comparedf2.c.obj (.text.__ledf2)
                  000056ec    00000066     libc.a : _printfi.c.obj (.text._mcpy)
                  00005752    00000002     --HOLE-- [fill = 0]
                  00005754    00000064     driverlib.a : dl_sysctl_mspm0g1x0x_g3x0x.o (.text.DL_SYSCTL_setHFCLKSourceHFXTParams)
                  000057b8    00000064     oled.o (.text.OLED_ClearPoint)
                  0000581c    00000062     libclang_rt.builtins.a : aeabi_dcmp.S.obj (.text.__aeabi_dcmp)
                  0000587e    00000002     --HOLE-- [fill = 0]
                  00005880    00000062                            : aeabi_fcmp.S.obj (.text.__aeabi_fcmp)
                  000058e2    00000060     line.o (.text.Car_SetMotors)
                  00005942    00000002     --HOLE-- [fill = 0]
                  00005944    00000060     oled.o (.text.OLED_Clear)
                  000059a4    00000060     line.o (.text.yaw_error_wrap)
                  00005a04    0000005e     driverlib.a : dl_i2c.o (.text.DL_I2C_fillControllerTXFIFO)
                  00005a62    00000002     --HOLE-- [fill = 0]
                  00005a64    0000005c     libc.a : s_frexp.c.obj (.text.frexp)
                  00005ac0    00000058     encoder.o (.text.Encoder_Init)
                  00005b18    00000058     key.o (.text.KEY_IsPressed)
                  00005b70    00000058     ti_msp_dl_config.o (.text.SYSCFG_DL_MPU6050_init)
                  00005bc8    00000058     ti_msp_dl_config.o (.text.SYSCFG_DL_OLED_init)
                  00005c20    00000058     libc.a : _ltoa.c.obj (.text.__TI_ltoa)
                  00005c78    00000058            : _printfi.c.obj (.text._pconv_f)
                  00005cd0    00000058     mpu6050.o (.text.invSqrt)
                  00005d28    00000056     libclang_rt.builtins.a : aeabi_idivmod.S.obj (.text.__aeabi_idivmod)
                  00005d7e    00000052     libc.a : _printfi.c.obj (.text._ecpy)
                  00005dd0    00000050     ti_msp_dl_config.o (.text.DL_GPIO_initPeripheralInputFunctionFeatures)
                  00005e20    00000050     mpu6050.o (.text.DL_I2C_startControllerTransfer)
                  00005e70    00000050     oled.o (.text.DL_I2C_startControllerTransfer)
                  00005ec0    0000004c     ti_msp_dl_config.o (.text.DL_GPIO_initDigitalInputFeatures)
                  00005f0c    0000004c     PID.o (.text.Speed_PID_Update)
                  00005f58    0000004c     libc.a : cpy_tbl.c.obj (.text.copy_in)
                  00005fa4    0000004c            : autoinit.c.obj (.text:__TI_auto_init_nopinit)
                  00005ff0    0000004a     libclang_rt.builtins.a : fixdfsi.S.obj (.text.__fixdfsi)
                  0000603a    00000048     oled.o (.text.OLED_DisplayTurn)
                  00006082    00000002     --HOLE-- [fill = 0]
                  00006084    00000048     oled.o (.text.OLED_DrawPoint)
                  000060cc    00000044     driverlib.a : dl_sysctl_mspm0g1x0x_g3x0x.o (.text.DL_SYSCTL_switchMCLKfromSYSOSCtoHSCLK)
                  00006110    00000040     mpu6050.o (.text.MPU6050_ReadAccelRaw)
                  00006150    00000040     mpu6050.o (.text.MPU6050_ReadGyroRaw)
                  00006190    00000040     PID.o (.text.Speed_PID_Calculate)
                  000061d0    00000040     libclang_rt.builtins.a : aeabi_uidivmod.S.obj (.text.__aeabi_uidivmod)
                  00006210    00000040                            : extendsfdf2.S.obj (.text.__extendsfdf2)
                  00006250    00000040     libc.a : atoi.c.obj (.text.atoi)
                  00006290    0000003c     ti_msp_dl_config.o (.text.DL_Timer_setCounterControl)
                  000062cc    0000003c     bsp_tb6612.o (.text.TB6612_Motor_Stop)
                  00006308    0000003c     libclang_rt.builtins.a : floatsisf.S.obj (.text.__floatsisf)
                  00006344    0000003c                            : comparesf2.S.obj (.text.__gtsf2)
                  00006380    0000003a                            : comparesf2.S.obj (.text.__eqsf2)
                  000063ba    00000002     --HOLE-- [fill = 0]
                  000063bc    0000003a                            : muldsi3.S.obj (.text.__muldsi3)
                  000063f6    00000002     --HOLE-- [fill = 0]
                  000063f8    00000038                            : fixsfsi.S.obj (.text.__fixsfsi)
                  00006430    00000038     libc.a : sprintf.c.obj (.text.sprintf)
                  00006468    00000034     param_store.o (.text.DL_FlashCTL_executeClearStatus)
                  0000649c    00000034     oled.o (.text.OLED_ColorTurn)
                  000064d0    00000034     ti_msp_dl_config.o (.text.SYSCFG_DL_PID_TIMER_init)
                  00006504    00000030     ti_msp_dl_config.o (.text.SYSCFG_DL_init)
                  00006534    00000030     libc.a : _printfi.c.obj (.text._fcpy)
                  00006564    0000002c     param_store.o (.text.DL_FlashCTL_waitForCmdDone)
                  00006590    0000002c     encoder.o (.text.__NVIC_EnableIRQ)
                  000065bc    0000002c     libclang_rt.builtins.a : floatsidf.S.obj (.text.__floatsidf)
                  000065e8    00000028     mpu6050.o (.text.DL_Common_updateReg)
                  00006610    00000028     oled.o (.text.DL_Common_updateReg)
                  00006638    00000028     ti_msp_dl_config.o (.text.DL_Common_updateReg)
                  00006660    00000028     ti_msp_dl_config.o (.text.DL_I2C_setControllerRXFIFOThreshold)
                  00006688    00000028     ti_msp_dl_config.o (.text.DL_I2C_setControllerTXFIFOThreshold)
                  000066b0    00000028     libclang_rt.builtins.a : floatunsisf.S.obj (.text.__floatunsisf)
                  000066d8    00000028     libc.a : boot_cortex_m.c.obj (.text:_c_int00_noargs)
                  00006700    00000026     ti_msp_dl_config.o (.text.DL_I2C_setAnalogGlitchFilterPulseWidth)
                  00006726    00000026     driverlib.a : dl_i2c.o (.text.DL_I2C_setClockConfig)
                  0000674c    00000024     line.o (.text.Line_Tracking_Init)
                  00006770    00000024     mpu6050.o (.text.MPU6050_QuaternionReset)
                  00006794    00000024     libclang_rt.builtins.a : floatunsidf.S.obj (.text.__floatunsidf)
                  000067b8    00000024                            : muldi3.S.obj (.text.__muldi3)
                  000067dc    00000022     libc.a : memccpy.c.obj (.text.memccpy)
                  000067fe    00000002     --HOLE-- [fill = 0]
                  00006800    00000020     ti_msp_dl_config.o (.text.DL_SYSCTL_setFlashWaitState)
                  00006820    00000020     mpu6050.o (.text.MPU6050_ReadTempRaw)
                  00006840    0000001e     libclang_rt.builtins.a : ashldi3.S.obj (.text.__ashldi3)
                  0000685e    00000002     --HOLE-- [fill = 0]
                  00006860    0000001c     encoder.o (.text.DL_GPIO_clearInterruptStatus)
                  0000687c    0000001c     ti_msp_dl_config.o (.text.DL_GPIO_clearInterruptStatus)
                  00006898    0000001c     ti_msp_dl_config.o (.text.DL_GPIO_enableHiZ)
                  000068b4    0000001c     encoder.o (.text.DL_GPIO_enableInterrupt)
                  000068d0    0000001c     ti_msp_dl_config.o (.text.DL_GPIO_enableInterrupt)
                  000068ec    0000001c     ti_msp_dl_config.o (.text.DL_GPIO_initPeripheralOutputFunction)
                  00006908    0000001c     encoder.o (.text.DL_GPIO_setLowerPinsPolarity)
                  00006924    0000001c     ti_msp_dl_config.o (.text.DL_GPIO_setLowerPinsPolarity)
                  00006940    0000001c     driverlib.a : dl_sysctl_mspm0g1x0x_g3x0x.o (.text.DL_SYSCTL_configFCC)
                  0000695c    0000001c     ti_msp_dl_config.o (.text.DL_SYSCTL_setFCCPeriods)
                  00006978    0000001c     ti_msp_dl_config.o (.text.DL_SYSCTL_setSYSOSCFreq)
                  00006994    0000001c     ti_msp_dl_config.o (.text.DL_SYSCTL_setULPCLKDivider)
                  000069b0    0000001c     ti_msp_dl_config.o (.text.DL_Timer_enableInterrupt)
                  000069cc    0000001c     driverlib.a : dl_timer.o (.text.DL_Timer_setCaptCompUpdateMethod)
                  000069e8    0000001c                 : dl_timer.o (.text.DL_Timer_setClockConfig)
                  00006a04    0000001c     ti_msp_dl_config.o (.text.SYSCFG_DL_SYSCTL_CLK_init)
                  00006a20    00000018     driverlib.a : dl_flashctl.o (.text.DL_FlashCTL_eraseMemoryFromRAM)
                  00006a38    00000018     ti_msp_dl_config.o (.text.DL_GPIO_enableOutput)
                  00006a50    00000018     ti_msp_dl_config.o (.text.DL_GPIO_enablePower)
                  00006a68    00000018     encoder.o (.text.DL_GPIO_getEnabledInterruptStatus)
                  00006a80    00000018     ti_msp_dl_config.o (.text.DL_GPIO_initDigitalOutput)
                  00006a98    00000018     ti_msp_dl_config.o (.text.DL_GPIO_initPeripheralAnalogFunction)
                  00006ab0    00000018     ti_msp_dl_config.o (.text.DL_GPIO_reset)
                  00006ac8    00000018     bsp_tb6612.o (.text.DL_GPIO_setPins)
                  00006ae0    00000018     encoder.o (.text.DL_GPIO_setUpperPinsPolarity)
                  00006af8    00000018     ti_msp_dl_config.o (.text.DL_GPIO_setUpperPinsPolarity)
                  00006b10    00000018     ti_msp_dl_config.o (.text.DL_I2C_enableAnalogGlitchFilter)
                  00006b28    00000018     ti_msp_dl_config.o (.text.DL_I2C_enableController)
                  00006b40    00000018     ti_msp_dl_config.o (.text.DL_I2C_enableControllerClockStretching)
                  00006b58    00000018     ti_msp_dl_config.o (.text.DL_I2C_enablePower)
                  00006b70    00000018     ti_msp_dl_config.o (.text.DL_I2C_reset)
                  00006b88    00000018     ti_msp_dl_config.o (.text.DL_I2C_setTimerPeriod)
                  00006ba0    00000018     ti_msp_dl_config.o (.text.DL_SYSCTL_setBORThreshold)
                  00006bb8    00000018     PID.o (.text.DL_Timer_clearInterruptStatus)
                  00006bd0    00000018     ti_msp_dl_config.o (.text.DL_Timer_enablePower)
                  00006be8    00000018     PID.o (.text.DL_Timer_getRawInterruptStatus)
                  00006c00    00000018     ti_msp_dl_config.o (.text.DL_Timer_reset)
                  00006c18    00000018     driverlib.a : dl_timer.o (.text.DL_Timer_setCaptureCompareOutCtl)
                  00006c30    00000018     libc.a : sprintf.c.obj (.text._outs)
                  00006c48    00000018     board.o (.text.delay_ms)
                  00006c60    00000016     encoder.o (.text.DL_GPIO_readPins)
                  00006c76    00000016     key.o (.text.DL_GPIO_readPins)
                  00006c8c    00000016     line.o (.text.DL_GPIO_readPins)
                  00006ca2    00000016     libc.a : k_rem_pio2.c.obj (.text.OUTLINED_FUNCTION_0)
                  00006cb8    00000010     libclang_rt.builtins.a : adddf3.S.obj (.tramp.__aeabi_dadd.1)
                  00006cc8    00000014     bsp_tb6612.o (.text.DL_GPIO_clearPins)
                  00006cdc    00000014     ti_msp_dl_config.o (.text.DL_GPIO_clearPins)
                  00006cf0    00000014     mpu6050.o (.text.DL_I2C_getControllerStatus)
                  00006d04    00000014     oled.o (.text.DL_I2C_getControllerStatus)
                  00006d18    00000014     mpu6050.o (.text.DL_I2C_receiveControllerData)
                  00006d2c    00000014     ti_msp_dl_config.o (.text.DL_I2C_resetControllerTransfer)
                  00006d40    00000014     ti_msp_dl_config.o (.text.DL_SYSCTL_disableSYSPLL)
                  00006d54    00000014     ti_msp_dl_config.o (.text.DL_SYSCTL_enableSYSPLL)
                  00006d68    00000014     ti_msp_dl_config.o (.text.DL_Timer_enableClock)
                  00006d7c    00000014     ti_msp_dl_config.o (.text.DL_Timer_setCCPDirection)
                  00006d90    00000014     encoder.o (.text.Encoder_Reset)
                  00006da4    00000014     line.o (.text.Line_SetBaseSpeed)
                  00006db8    00000014     line.o (.text.Line_SetKD)
                  00006dcc    00000014     line.o (.text.Line_SetKP)
                  00006de0    00000014     line.o (.text.Line_SetLostGain)
                  00006df4    00000014     line.o (.text.Line_SetMpuMode)
                  00006e08    00000014     line.o (.text.Line_SetPivotTime)
                  00006e1c    00000014     libclang_rt.builtins.a : aeabi_uldivmod.S.obj (.text.__aeabi_uldivmod)
                  00006e30    00000014     libc.a : _printfi.c.obj (.text.strchr)
                  00006e44    00000012            : memcpy16.S.obj (.text:TI_memcpy_small)
                  00006e56    00000012            : copy_decompress_none.c.obj (.text:decompress:none)
                  00006e68    00000010     ti_msp_dl_config.o (.text.DL_SYSCTL_disableHFXT)
                  00006e78    00000010     ti_msp_dl_config.o (.text.DL_SYSCTL_isFCCDone)
                  00006e88    00000010     ti_msp_dl_config.o (.text.DL_SYSCTL_startFCC)
                  00006e98    00000010     driverlib.a : dl_timer.o (.text.DL_Timer_setCaptureCompareValue)
                  00006ea8    00000010     libc.a : k_rem_pio2.c.obj (.text.OUTLINED_FUNCTION_2)
                  00006eb8    00000010            : wcslen.c.obj (.text.wcslen)
                  00006ec8    00000010            : copy_zero_init.c.obj (.text:decompress:ZI)
                  00006ed8    0000000e     libclang_rt.builtins.a : aeabi_memset.S.obj (.text.__aeabi_memset)
                  00006ee6    0000000e     libc.a : _printfi.c.obj (.text.strlen)
                  00006ef4    0000000e            : memset16.S.obj (.text:TI_memset_small)
                  00006f02    00000002     --HOLE-- [fill = 0]
                  00006f04    0000000c     ti_msp_dl_config.o (.text.DL_SYSCTL_getClockStatus)
                  00006f10    0000000c     ti_msp_dl_config.o (.text.DL_SYSCTL_readFCC)
                  00006f1c    0000000c     encoder.o (.text.Encoder_GetLeft)
                  00006f28    0000000c     encoder.o (.text.Encoder_GetRight)
                  00006f34    0000000c     line.o (.text.Line_GetMpuMode)
                  00006f40    0000000c     libclang_rt.builtins.a : aeabi_memset.S.obj (.text.__aeabi_memclr)
                  00006f4c    0000000a     driverlib.a : dl_common.o (.text.DL_Common_delayCycles)
                  00006f56    0000000a     mpu6050.o (.text.MPU6050_ReadWhoAmI)
                  00006f60    0000000a     libc.a : _printfi.c.obj (.text.OUTLINED_FUNCTION_0)
                  00006f6a    00000002     --HOLE-- [fill = 0]
                  00006f6c    00000010     libclang_rt.builtins.a : adddf3.S.obj (.tramp.__aeabi_dsub.1)
                  00006f7c    0000000a     libc.a : _printfi.c.obj (.text.OUTLINED_FUNCTION_1)
                  00006f86    0000000a            : k_rem_pio2.c.obj (.text.OUTLINED_FUNCTION_1)
                  00006f90    0000000a            : s_sinf.c.obj (.text.OUTLINED_FUNCTION_3)
                  00006f9a    0000000a            : sprintf.c.obj (.text._outc)
                  00006fa4    0000000a     board.o (.text.lc_printf)
                  00006fae    00000008     line.o (.text.Car_Stop)
                  00006fb6    00000008     encoder.o (.text.GROUP1_IRQHandler)
                  00006fbe    00000002     --HOLE-- [fill = 0]
                  00006fc0    00000008     libc.a : aeabi_portable.c.obj (.text.__aeabi_errno_addr)
                  00006fc8    00000008     libclang_rt.builtins.a : aeabi_memcpy.S.obj (.text.__aeabi_memcpy)
                  00006fd0    00000006     libc.a : e_asinf.c.obj (.text.OUTLINED_FUNCTION_0)
                  00006fd6    00000002     --HOLE-- [fill = 0]
                  00006fd8    00000010     libclang_rt.builtins.a : mulsf3.S.obj (.tramp.__aeabi_fmul.1)
                  00006fe8    00000006     libc.a : s_atanf.c.obj (.text.OUTLINED_FUNCTION_0)
                  00006fee    00000002     --HOLE-- [fill = 0]
                  00006ff0    00000010     libclang_rt.builtins.a : divsf3.S.obj (.tramp.__aeabi_fdiv.1)
                  00007000    00000006     libc.a : s_sinf.c.obj (.text.OUTLINED_FUNCTION_0)
                  00007006    00000002     --HOLE-- [fill = 0]
                  00007008    00000010     libclang_rt.builtins.a : muldf3.S.obj (.tramp.__aeabi_dmul.1)
                  00007018    00000006     libc.a : s_sinf.c.obj (.text.OUTLINED_FUNCTION_1)
                  0000701e    00000004            : s_atanf.c.obj (.text.OUTLINED_FUNCTION_1)
                  00007022    00000002     --HOLE-- [fill = 0]
                  00007024    00000010     libclang_rt.builtins.a : addsf3.S.obj (.tramp.__aeabi_fadd.1)
                  00007034    00000004     libc.a : s_sinf.c.obj (.text.OUTLINED_FUNCTION_2)
                  00007038    00000010     libclang_rt.builtins.a : extendsfdf2.S.obj (.tramp.__aeabi_f2d.1)
                  00007048    00000004     startup_mspm0g350x_ticlang.o (.text.Reset_Handler)
                  0000704c    00000010     libc.a : boot_cortex_m.c.obj (.tramp._c_int00_noargs.1)
                  0000705c    00000004            : pre_init.c.obj (.text._system_pre_init)
                  00007060    00000004            : exit.c.obj (.text:abort)
                  00007064    00000010     driverlib.a : dl_flashctl.o (.tramp.DL_FlashCTL_executeCommandFromRAM.1)
                  00007074    0000000c     --HOLE-- [fill = 0]

.TI.ramfunc 
*          0    00008c60    00000060     RUN ADDR = 20200688
                  00008c60    00000060     driverlib.a : dl_flashctl.o (.TI.ramfunc)

.cinit     0    00008cc0    00000090     
                  00008cc0    00000069     (.cinit..data.load) [load image, compression = lzss]
                  00008d29    00000003     --HOLE-- [fill = 0]
                  00008d2c    0000000c     (__TI_handler_table)
                  00008d38    00000008     (.cinit..bss.load) [load image, compression = zero_init]
                  00008d40    00000010     (__TI_cinit_table)

.rodata    0    00007080    00001be0     
                  00007080    00000d5c     oled.o (.rodata.asc2_2412)
                  00007ddc    000005f0     oled.o (.rodata.asc2_1608)
                  000083cc    00000474     oled.o (.rodata.asc2_1206)
                  00008840    00000108     libc.a : k_rem_pio2.c.obj (.rodata.ipio2)
                  00008948    00000008     ti_msp_dl_config.o (.rodata.gPWM_0Config)
                  00008950    00000101     libc.a : aeabi_ctype.S.obj (.rodata:__aeabi_ctype_table_)
                  00008a51    00000007     empty.o (.rodata.str1.153654739224135971181)
                  00008a58    00000040     libc.a : k_rem_pio2.c.obj (.rodata.PIo2)
                  00008a98    00000028     ti_msp_dl_config.o (.rodata.gSYSPLLConfig)
                  00008ac0    00000021     bsp_tb6612.o (.rodata.str1.25206509042912780941)
                  00008ae1    00000021     bsp_tb6612.o (.rodata.str1.47174019820924287251)
                  00008b02    00000002     ti_msp_dl_config.o (.rodata.gMPU6050ClockConfig)
                  00008b04    00000020     libc.a : s_atanf.c.obj (.rodata.cst16)
                  00008b24    00000014     ti_msp_dl_config.o (.rodata.gPID_TIMERTimerConfig)
                  00008b38    00000011     libc.a : _printfi.c.obj (.rodata.str1.103488685894817597201)
                  00008b49    00000011            : _printfi.c.obj (.rodata.str1.153638888446227384661)
                  00008b5a    00000002     ti_msp_dl_config.o (.rodata.gOLEDClockConfig)
                  00008b5c    00000010     libc.a : k_rem_pio2.c.obj (.rodata.cst16)
                  00008b6c    0000000e     empty.o (.rodata.str1.142855731982211788051)
                  00008b7a    0000000e     empty.o (.rodata.str1.83517970924161040711)
                  00008b88    0000000d     empty.o (.rodata.str1.100506750686581518081)
                  00008b95    0000000d     empty.o (.rodata.str1.181099149860726468451)
                  00008ba2    0000000b     empty.o (.rodata.str1.133113263403893284811)
                  00008bad    0000000b     empty.o (.rodata.str1.176633223477948356601)
                  00008bb8    0000000b     empty.o (.rodata.str1.62820283825621705761)
                  00008bc3    0000000a     empty.o (.rodata.str1.49063181006733768771)
                  00008bcd    0000000a     empty.o (.rodata.str1.8167968867256355221)
                  00008bd7    00000009     empty.o (.rodata.str1.147958455504881313061)
                  00008be0    00000009     empty.o (.rodata.str1.49473557476592623701)
                  00008be9    00000009     empty.o (.rodata.str1.90710503391206826811)
                  00008bf2    00000008     line.o (.rodata.sensor_weights)
                  00008bfa    00000008     empty.o (.rodata.str1.108956306765861451671)
                  00008c02    00000008     empty.o (.rodata.str1.125933269983091595701)
                  00008c0a    00000008     empty.o (.rodata.str1.158377844875001402571)
                  00008c12    00000008     empty.o (.rodata.str1.83095914786087747971)
                  00008c1a    00000007     empty.o (.rodata.str1.172590679877072080401)
                  00008c21    00000007     empty.o (.rodata.str1.50884420347285092081)
                  00008c28    00000006     empty.o (.rodata.str1.125112656780474407461)
                  00008c2e    00000006     empty.o (.rodata.str1.125283908264104141431)
                  00008c34    00000005     empty.o (.rodata.str1.180626513791128047271)
                  00008c39    00000005     empty.o (.rodata.str1.39440352113021692311)
                  00008c3e    00000004     empty.o (.rodata.str1.103941685948440004921)
                  00008c42    00000003     ti_msp_dl_config.o (.rodata.gPID_TIMERClockConfig)
                  00008c45    00000003     ti_msp_dl_config.o (.rodata.gPWM_0ClockConfig)
                  00008c48    00000003     empty.o (.rodata.str1.105702349773989624431)
                  00008c4b    00000003     empty.o (.rodata.str1.80363438803373045681)
                  00008c4e    00000003     empty.o (.rodata.str1.93211106246379990581)
                  00008c51    0000000f     --HOLE-- [fill = 0]

.init_array 
*          0    00000000    00000000     UNINITIALIZED

.binit     0    00008d50    00000010     
                  00008d50    00000010     (.binit)

.bss       0    20200000    000005a0     UNINITIALIZED
                  20200000    00000480     (.common:OLED_GRAM)
                  20200480    000000bc     (.common:gPWM_0Backup)
                  2020053c    00000028     PID.o (.bss.speed_pid_left)
                  20200564    00000028     PID.o (.bss.speed_pid_right)
                  2020058c    00000014     empty.o (.bss.display_buf)

.data      0    202005a0    000000e5     UNINITIALIZED
                  202005a0    00000060     empty.o (.data.menu)
                  20200600    00000010     mpu6050.o (.data.s_quat)
                  20200610    0000000c     mpu6050.o (.data.s_calib)
                  2020061c    0000000c     mpu6050.o (.data.s_mahony_i)
                  20200628    00000004     libc.a : aeabi_portable.c.obj (.data.__aeabi_errno)
                  2020062c    00000004     encoder.o (.data.encoder_left_count)
                  20200630    00000004     encoder.o (.data.encoder_right_count)
                  20200634    00000004     mpu6050.o (.data.s_accel_sens)
                  20200638    00000004     mpu6050.o (.data.s_gyro_sens)
                  2020063c    00000004     mpu6050.o (.data.s_mahony_ki)
                  20200640    00000004     mpu6050.o (.data.s_mahony_kp)
                  20200644    00000004     PID.o (.data.s_speed_target_left)
                  20200648    00000004     PID.o (.data.s_speed_target_right)
                  2020064c    00000004     PID.o (.data.speed_current_left)
                  20200650    00000004     PID.o (.data.speed_current_right)
                  20200654    00000004     PID.o (.data.speed_last_left_count)
                  20200658    00000004     PID.o (.data.speed_last_right_count)
                  2020065c    00000004     line.o (.data.yaw_i)
                  20200660    00000004     line.o (.data.yaw_last_err)
                  20200664    00000004     line.o (.data.yaw_target)
                  20200668    00000002     line.o (.data.filtered_error)
                  2020066a    00000002     line.o (.data.g_line_base_speed)
                  2020066c    00000002     line.o (.data.g_line_kd)
                  2020066e    00000002     line.o (.data.g_line_kp)
                  20200670    00000002     line.o (.data.g_line_lost_gain)
                  20200672    00000002     line.o (.data.g_line_pivot_time)
                  20200674    00000002     line.o (.data.lost_search_phase)
                  20200676    00000002     empty.o (.data.main.refresh_cnt)
                  20200678    00000002     line.o (.data.pid_last_error)
                  2020067a    00000002     line.o (.data.pid_last_valid_error)
                  2020067c    00000002     line.o (.data.pivot_dir)
                  2020067e    00000001     line.o (.data.block_opposite)
                  2020067f    00000001     line.o (.data.center_cnt)
                  20200680    00000001     line.o (.data.g_mpu_mode)
                  20200681    00000001     line.o (.data.pivot_active)
                  20200682    00000001     line.o (.data.pivot_timer)
                  20200683    00000001     PID.o (.data.s_speed_pid_enabled)
                  20200684    00000001     line.o (.data.yaw_locked)

.stack     0    20207e00    00000200     UNINITIALIZED
                  20207e00    00000004     libc.a : boot_cortex_m.c.obj (.stack)
                  20207e04    000001fc     --HOLE--

__llvm_prf_cnts 
*          0    20200000    00000000     UNINITIALIZED

__llvm_prf_bits 
*          0    20200000    00000000     UNINITIALIZED

MODULE SUMMARY

       Module                         code    ro data   rw data
       ------                         ----    -------   -------
    .\
       ti_msp_dl_config.o             2770    78        188    
       empty.o                        1560    222       118    
       startup_mspm0g350x_ticlang.o   8       192       0      
    +--+------------------------------+-------+---------+---------+
       Total:                         4338    492       306    
                                                               
    .\BSP\src\
       oled.o                         1516    6080      1152   
       mpu6050.o                      3122    0         56     
       line.o                         2158    8         38     
       param_store.o                  848     0         0      
       PID.o                          570     0         105    
       encoder.o                      574     0         8      
       key.o                          484     0         0      
       bsp_tb6612.o                   356     66        0      
    +--+------------------------------+-------+---------+---------+
       Total:                         9628    6154      1359   
                                                               
    .\Board\
       board.o                        34      0         0      
    +--+------------------------------+-------+---------+---------+
       Total:                         34      0         0      
                                                               
    D:/ti/CCS_SDK/mspm0_sdk_2_10_00_04/source/ti/driverlib/lib/ticlang/m0p/mspm0g1x0x_g3x0x/driverlib.a
       dl_flashctl.o                  792     0         0      
       dl_timer.o                     608     0         0      
       dl_sysctl_mspm0g1x0x_g3x0x.o   416     0         0      
       dl_i2c.o                       132     0         0      
       dl_common.o                    10      0         0      
    +--+------------------------------+-------+---------+---------+
       Total:                         1958    0         0      
                                                               
    D:\ti\ccs1281\ccs\tools\compiler\ti-cgt-armllvm_4.0.0.LTS\lib\armv6m-ti-none-eabi/c/libc.a
       _printfi.c.obj                 4510    34        0      
       k_rem_pio2.c.obj               1652    344       0      
       s_sinf.c.obj                   810     0         0      
       s_atanf.c.obj                  466     32        0      
       e_sqrt.c.obj                   368     0         0      
       e_asinf.c.obj                  358     0         0      
       s_floor.c.obj                  324     0         0      
       e_atan2f.c.obj                 280     0         0      
       aeabi_ctype.S.obj              0       257       0      
       s_scalbn.c.obj                 216     0         0      
       copy_decompress_lzss.c.obj     124     0         0      
       s_frexp.c.obj                  92      0         0      
       sprintf.c.obj                  90      0         0      
       _ltoa.c.obj                    88      0         0      
       autoinit.c.obj                 76      0         0      
       cpy_tbl.c.obj                  76      0         0      
       atoi.c.obj                     64      0         0      
       boot_cortex_m.c.obj            56      0         0      
       memccpy.c.obj                  34      0         0      
       copy_decompress_none.c.obj     18      0         0      
       memcpy16.S.obj                 18      0         0      
       copy_zero_init.c.obj           16      0         0      
       wcslen.c.obj                   16      0         0      
       memset16.S.obj                 14      0         0      
       aeabi_portable.c.obj           8       0         4      
       exit.c.obj                     4       0         0      
       pre_init.c.obj                 4       0         0      
    +--+------------------------------+-------+---------+---------+
       Total:                         9782    667       4      
                                                               
    D:\ti\ccs1281\ccs\tools\compiler\ti-cgt-armllvm_4.0.0.LTS\lib\armv6m-ti-none-eabi/libclang_rt.builtins.a
       adddf3.S.obj                   434     0         0      
       divdf3.S.obj                   268     0         0      
       muldf3.S.obj                   244     0         0      
       addsf3.S.obj                   232     0         0      
       comparedf2.c.obj               220     0         0      
       udivmoddi4.S.obj               162     0         0      
       mulsf3.S.obj                   156     0         0      
       divsf3.S.obj                   146     0         0      
       comparesf2.S.obj               118     0         0      
       truncdfsf2.S.obj               116     0         0      
       aeabi_dcmp.S.obj               98      0         0      
       aeabi_fcmp.S.obj               98      0         0      
       aeabi_idivmod.S.obj            86      0         0      
       extendsfdf2.S.obj              80      0         0      
       fixdfsi.S.obj                  74      0         0      
       aeabi_uidivmod.S.obj           64      0         0      
       floatsisf.S.obj                60      0         0      
       muldsi3.S.obj                  58      0         0      
       fixsfsi.S.obj                  56      0         0      
       floatsidf.S.obj                44      0         0      
       floatunsisf.S.obj              40      0         0      
       floatunsidf.S.obj              36      0         0      
       muldi3.S.obj                   36      0         0      
       ashldi3.S.obj                  30      0         0      
       aeabi_memset.S.obj             26      0         0      
       aeabi_uldivmod.S.obj           20      0         0      
       aeabi_memcpy.S.obj             8       0         0      
       aeabi_div0.c.obj               4       0         0      
    +--+------------------------------+-------+---------+---------+
       Total:                         3014    0         0      
                                                               
       Stack:                         0       0         512    
       Linker Generated:              0       157       0      
    +--+------------------------------+-------+---------+---------+
       Grand Total:                   28754   7470      2181   


LINKER GENERATED COPY TABLES

__TI_cinit_table @ 00008d40 records: 2, size/record: 8, table size: 16
	.data: load addr=00008cc0, load size=00000069 bytes, run addr=202005a0, run size=000000e5 bytes, compression=lzss
	.bss: load addr=00008d38, load size=00000008 bytes, run addr=20200000, run size=000005a0 bytes, compression=zero_init
binit @ 00008d50 records: 1, size/record: 12, table size: 16
	.TI.ramfunc: load addr=00008c60, load size=00000060, run addr=20200688, run size=00000060, compression=none


LINKER GENERATED HANDLER TABLE

__TI_handler_table @ 00008d2c records: 3, size/record: 4, table size: 12
	index: 0, handler: __TI_decompress_lzss
	index: 1, handler: __TI_decompress_none
	index: 2, handler: __TI_zero_init


FAR CALL TRAMPOLINES

callee name               trampoline name
   callee addr  tramp addr   call addr  call info
--------------  -----------  ---------  ----------------
__aeabi_dadd              $Tramp$TT$L$PI$$__aeabi_dadd
   000028bb     00006cb8     00006cb6   libc.a : k_rem_pio2.c.obj (.text.OUTLINED_FUNCTION_0)
                             00006f8e          : k_rem_pio2.c.obj (.text.OUTLINED_FUNCTION_1)
                             00006f98          : s_sinf.c.obj (.text.OUTLINED_FUNCTION_3)
__aeabi_dsub              $Tramp$TT$L$PI$$__aeabi_dsub
   000028b1     00006f6c     00006f68   libc.a : _printfi.c.obj (.text.OUTLINED_FUNCTION_0)
__aeabi_fmul              $Tramp$TT$L$PI$$__aeabi_fmul
   00004e35     00006fd8     00006fd4   libc.a : e_asinf.c.obj (.text.OUTLINED_FUNCTION_0)
__aeabi_fdiv              $Tramp$TT$L$PI$$__aeabi_fdiv
   00004f45     00006ff0     00006fec   libc.a : s_atanf.c.obj (.text.OUTLINED_FUNCTION_0)
__aeabi_dmul              $Tramp$TT$L$PI$$__aeabi_dmul
   000041bd     00007008     00007004   libc.a : s_sinf.c.obj (.text.OUTLINED_FUNCTION_0)
                             0000701c          : s_sinf.c.obj (.text.OUTLINED_FUNCTION_1)
__aeabi_fadd              $Tramp$TT$L$PI$$__aeabi_fadd
   000046e7     00007024     00007020   libc.a : s_atanf.c.obj (.text.OUTLINED_FUNCTION_1)
__aeabi_f2d               $Tramp$TT$L$PI$$__aeabi_f2d
   00006211     00007038     00007036   libc.a : s_sinf.c.obj (.text.OUTLINED_FUNCTION_2)
_c_int00_noargs           $Tramp$TT$L$PI$$_c_int00_noargs
   000066d9     0000704c     00007048   startup_mspm0g350x_ticlang.o (.text.Reset_Handler)
DL_FlashCTL_executeCommandFromRAM  $Tramp$TT$L$PI$$DL_FlashCTL_executeCommandFromRAM
   20200689     00007064     000050a8   driverlib.a : dl_flashctl.o (.text.DL_FlashCTL_programMemoryBlockingFromRAM64WithECCGenerated)
                             00006a2e               : dl_flashctl.o (.text.DL_FlashCTL_eraseMemoryFromRAM)

[9 trampolines]
[13 trampoline calls]


GLOBAL SYMBOLS: SORTED ALPHABETICALLY BY Name 

address   name                                                      
-------   ----                                                      
0000559d  ADC0_IRQHandler                                           
0000559d  ADC1_IRQHandler                                           
0000559d  AES_IRQHandler                                            
00004fc9  AO_Control                                                
00005249  BO_Control                                                
00007060  C$$EXIT                                                   
0000559d  CANFD0_IRQHandler                                         
000058e3  Car_SetMotors                                             
00006faf  Car_Stop                                                  
0000559d  DAC0_IRQHandler                                           
00006f4d  DL_Common_delayCycles                                     
00006a21  DL_FlashCTL_eraseMemoryFromRAM                            
00005049  DL_FlashCTL_programMemoryBlockingFromRAM64WithECCGenerated
0000437d  DL_FlashCTL_protectSector                                 
00004455  DL_FlashCTL_unprotectSector                               
00005a05  DL_I2C_fillControllerTXFIFO                               
00006727  DL_I2C_setClockConfig                                     
00006941  DL_SYSCTL_configFCC                                       
000042a1  DL_SYSCTL_configSYSPLL                                    
00005755  DL_SYSCTL_setHFCLKSourceHFXTParams                        
000060cd  DL_SYSCTL_switchMCLKfromSYSOSCtoHSCLK                     
00003af1  DL_Timer_initFourCCPWMMode                                
00003cf5  DL_Timer_initTimerMode                                    
000069cd  DL_Timer_setCaptCompUpdateMethod                          
00006c19  DL_Timer_setCaptureCompareOutCtl                          
00006e99  DL_Timer_setCaptureCompareValue                           
000069e9  DL_Timer_setClockConfig                                   
0000559d  DMA_IRQHandler                                            
0000559d  Default_Handler                                           
00003fe5  Encoder_GPIO_IRQHandler                                   
00006f1d  Encoder_GetLeft                                           
00006f29  Encoder_GetRight                                          
00005ac1  Encoder_Init                                              
00006d91  Encoder_Reset                                             
0000559d  GROUP0_IRQHandler                                         
00006fb7  GROUP1_IRQHandler                                         
0000559d  HardFault_Handler                                         
0000559d  I2C0_IRQHandler                                           
0000559d  I2C1_IRQHandler                                           
0000487d  KEY1_ScanShortLong                                        
00004937  KEY2_ScanShortLong                                        
00002a43  KEY_Init                                                  
00005b19  KEY_IsPressed                                             
00006f35  Line_GetMpuMode                                           
00004d15  Line_GetPosition                                          
00003df1  Line_ReadSensors                                          
000010d5  Line_Run                                                  
00006da5  Line_SetBaseSpeed                                         
00006db9  Line_SetKD                                                
00006dcd  Line_SetKP                                                
00006de1  Line_SetLostGain                                          
00006df5  Line_SetMpuMode                                           
00006e09  Line_SetPivotTime                                         
0000674d  Line_Tracking_Init                                        
000033f9  MPU6050_Calibrate                                         
00002bd5  MPU6050_GetEuler                                          
000052c5  MPU6050_Init                                              
00006771  MPU6050_QuaternionReset                                   
00001559  MPU6050_QuaternionUpdate                                  
00006111  MPU6050_ReadAccelRaw                                      
00003675  MPU6050_ReadDataCalibrated                                
00006151  MPU6050_ReadGyroRaw                                       
00004b41  MPU6050_ReadReg                                           
00006821  MPU6050_ReadTempRaw                                       
00006f57  MPU6050_ReadWhoAmI                                        
00005615  MPU6050_WriteReg                                          
0000559d  NMI_Handler                                               
00005945  OLED_Clear                                                
000057b9  OLED_ClearPoint                                           
0000649d  OLED_ColorTurn                                            
0000603b  OLED_DisplayTurn                                          
00006085  OLED_DrawPoint                                            
20200000  OLED_GRAM                                                 
00003eed  OLED_Init                                                 
00005341  OLED_Refresh                                              
00003019  OLED_ShowChar                                             
00004c7d  OLED_ShowString                                           
000054b5  OLED_WR_Byte                                              
00003bf5  PID_Calculate                                             
00003171  Param_Load                                                
00002705  Param_Save                                                
0000559d  PendSV_Handler                                            
0000559d  RTC_IRQHandler                                            
00007049  Reset_Handler                                             
0000559d  SPI0_IRQHandler                                           
0000559d  SPI1_IRQHandler                                           
0000559d  SVC_Handler                                               
00001fad  SYSCFG_DL_GPIO_init                                       
00005b71  SYSCFG_DL_MPU6050_init                                    
00005bc9  SYSCFG_DL_OLED_init                                       
000064d1  SYSCFG_DL_PID_TIMER_init                                  
00004da5  SYSCFG_DL_PWM_0_init                                      
00006a05  SYSCFG_DL_SYSCTL_CLK_init                                 
000040d1  SYSCFG_DL_SYSCTL_SYSPLL_init                              
00005149  SYSCFG_DL_SYSCTL_init                                     
00006505  SYSCFG_DL_init                                            
000053bd  SYSCFG_DL_initPower                                       
00006191  Speed_PID_Calculate                                       
00005f0d  Speed_PID_Update                                          
0000559d  SysTick_Handler                                           
000062cd  TB6612_Motor_Stop                                         
0000559d  TIMA0_IRQHandler                                          
0000559d  TIMA1_IRQHandler                                          
000051c9  TIMG0_IRQHandler                                          
0000559d  TIMG12_IRQHandler                                         
0000559d  TIMG6_IRQHandler                                          
0000559d  TIMG7_IRQHandler                                          
0000559d  TIMG8_IRQHandler                                          
00006e45  TI_memcpy_small                                           
00006ef5  TI_memset_small                                           
0000559d  UART0_IRQHandler                                          
0000559d  UART1_IRQHandler                                          
0000559d  UART2_IRQHandler                                          
0000559d  UART3_IRQHandler                                          
20208000  __STACK_END                                               
00000200  __STACK_SIZE                                              
00000000  __TI_ATRegion0_region_sz                                  
00000000  __TI_ATRegion0_src_addr                                   
00000000  __TI_ATRegion0_trg_addr                                   
00000000  __TI_ATRegion1_region_sz                                  
00000000  __TI_ATRegion1_src_addr                                   
00000000  __TI_ATRegion1_trg_addr                                   
00000000  __TI_ATRegion2_region_sz                                  
00000000  __TI_ATRegion2_src_addr                                   
00000000  __TI_ATRegion2_trg_addr                                   
00008d40  __TI_CINIT_Base                                           
00008d50  __TI_CINIT_Limit                                          
00008d50  __TI_CINIT_Warm                                           
00008d2c  __TI_Handler_Table_Base                                   
00008d38  __TI_Handler_Table_Limit                                  
00005fa5  __TI_auto_init_nopinit                                    
00005439  __TI_decompress_lzss                                      
00006e57  __TI_decompress_none                                      
00005c21  __TI_ltoa                                                 
ffffffff  __TI_pprof_out_hndl                                       
000000c1  __TI_printfi                                              
ffffffff  __TI_prof_data_size                                       
ffffffff  __TI_prof_data_start                                      
00000000  __TI_static_base__                                        
00008d50  __TI_table_binit                                          
00006ec9  __TI_zero_init                                            
000028bb  __adddf3                                                  
000046e7  __addsf3                                                  
00008950  __aeabi_ctype_table_                                      
00008950  __aeabi_ctype_table_C                                     
000055a1  __aeabi_d2f                                               
00005ff1  __aeabi_d2iz                                              
000028bb  __aeabi_dadd                                              
0000581d  __aeabi_dcmpeq                                            
00005859  __aeabi_dcmpge                                            
0000586d  __aeabi_dcmpgt                                            
00005845  __aeabi_dcmple                                            
00005831  __aeabi_dcmplt                                            
000039e5  __aeabi_ddiv                                              
000041bd  __aeabi_dmul                                              
000028b1  __aeabi_dsub                                              
20200628  __aeabi_errno                                             
00006fc1  __aeabi_errno_addr                                        
00006211  __aeabi_f2d                                               
000063f9  __aeabi_f2iz                                              
000046e7  __aeabi_fadd                                              
00005881  __aeabi_fcmpeq                                            
000058bd  __aeabi_fcmpge                                            
000058d1  __aeabi_fcmpgt                                            
000058a9  __aeabi_fcmple                                            
00005895  __aeabi_fcmplt                                            
00004f45  __aeabi_fdiv                                              
00004e35  __aeabi_fmul                                              
000046dd  __aeabi_fsub                                              
000065bd  __aeabi_i2d                                               
00006309  __aeabi_i2f                                               
00005d29  __aeabi_idiv                                              
00003cf3  __aeabi_idiv0                                             
00005d29  __aeabi_idivmod                                           
00004b3f  __aeabi_ldiv0                                             
00006841  __aeabi_llsl                                              
000067b9  __aeabi_lmul                                              
00006f41  __aeabi_memclr                                            
00006f41  __aeabi_memclr4                                           
00006f41  __aeabi_memclr8                                           
00006fc9  __aeabi_memcpy                                            
00006fc9  __aeabi_memcpy4                                           
00006fc9  __aeabi_memcpy8                                           
00006ed9  __aeabi_memset                                            
00006ed9  __aeabi_memset4                                           
00006ed9  __aeabi_memset8                                           
00006795  __aeabi_ui2d                                              
000066b1  __aeabi_ui2f                                              
000061d1  __aeabi_uidiv                                             
000061d1  __aeabi_uidivmod                                          
00006e1d  __aeabi_uldivmod                                          
00006841  __ashldi3                                                 
00008d50  __binit__                                                 
00005685  __cmpdf2                                                  
00006381  __cmpsf2                                                  
000039e5  __divdf3                                                  
00004f45  __divsf3                                                  
00005685  __eqdf2                                                   
00006381  __eqsf2                                                   
00006211  __extendsfdf2                                             
00005ff1  __fixdfsi                                                 
000063f9  __fixsfsi                                                 
000065bd  __floatsidf                                               
00006309  __floatsisf                                               
00006795  __floatunsidf                                             
000066b1  __floatunsisf                                             
00005529  __gedf2                                                   
00006345  __gesf2                                                   
00005529  __gtdf2                                                   
00006345  __gtsf2                                                   
00000a91  __kernel_rem_pio2                                         
00005685  __ledf2                                                   
00006381  __lesf2                                                   
00005685  __ltdf2                                                   
00006381  __ltsf2                                                   
UNDEFED   __mpu_init                                                
000041bd  __muldf3                                                  
000067b9  __muldi3                                                  
000063bd  __muldsi3                                                 
00004e35  __mulsf3                                                  
00005685  __nedf2                                                   
00006381  __nesf2                                                   
20207e00  __stack                                                   
20200000  __start___llvm_prf_bits                                   
20200000  __start___llvm_prf_cnts                                   
20200000  __stop___llvm_prf_bits                                    
20200000  __stop___llvm_prf_cnts                                    
000028b1  __subdf3                                                  
000046dd  __subsf3                                                  
000055a1  __truncdfsf2                                              
00004a9d  __udivmoddi4                                              
000066d9  _c_int00_noargs                                           
UNDEFED   _system_post_cinit                                        
0000705d  _system_pre_init                                          
00007061  abort                                                     
000083cc  asc2_1206                                                 
00007ddc  asc2_1608                                                 
00007080  asc2_2412                                                 
00002eb9  asinf                                                     
000038cd  atan2f                                                    
00002375  atanf                                                     
00006251  atoi                                                      
00008d50  binit                                                     
00005f59  copy_in                                                   
00006c49  delay_ms                                                  
000032b5  floor                                                     
000032b5  floorl                                                    
00005a65  frexp                                                     
00005a65  frexpl                                                    
20200480  gPWM_0Backup                                              
00000000  interruptVectors                                          
00006fa5  lc_printf                                                 
0000452d  ldexp                                                     
0000452d  ldexpl                                                    
00001985  main                                                      
000067dd  memccpy                                                   
0000452d  scalbn                                                    
0000452d  scalbnl                                                   
0000253d  sinf                                                      
00006431  sprintf                                                   
00002d49  sqrt                                                      
00002d49  sqrtl                                                     
00006eb9  wcslen                                                    


GLOBAL SYMBOLS: SORTED BY Symbol Address 

address   name                                                      
-------   ----                                                      
00000000  __TI_ATRegion0_region_sz                                  
00000000  __TI_ATRegion0_src_addr                                   
00000000  __TI_ATRegion0_trg_addr                                   
00000000  __TI_ATRegion1_region_sz                                  
00000000  __TI_ATRegion1_src_addr                                   
00000000  __TI_ATRegion1_trg_addr                                   
00000000  __TI_ATRegion2_region_sz                                  
00000000  __TI_ATRegion2_src_addr                                   
00000000  __TI_ATRegion2_trg_addr                                   
00000000  __TI_static_base__                                        
00000000  interruptVectors                                          
000000c1  __TI_printfi                                              
00000200  __STACK_SIZE                                              
00000a91  __kernel_rem_pio2                                         
000010d5  Line_Run                                                  
00001559  MPU6050_QuaternionUpdate                                  
00001985  main                                                      
00001fad  SYSCFG_DL_GPIO_init                                       
00002375  atanf                                                     
0000253d  sinf                                                      
00002705  Param_Save                                                
000028b1  __aeabi_dsub                                              
000028b1  __subdf3                                                  
000028bb  __adddf3                                                  
000028bb  __aeabi_dadd                                              
00002a43  KEY_Init                                                  
00002bd5  MPU6050_GetEuler                                          
00002d49  sqrt                                                      
00002d49  sqrtl                                                     
00002eb9  asinf                                                     
00003019  OLED_ShowChar                                             
00003171  Param_Load                                                
000032b5  floor                                                     
000032b5  floorl                                                    
000033f9  MPU6050_Calibrate                                         
00003675  MPU6050_ReadDataCalibrated                                
000038cd  atan2f                                                    
000039e5  __aeabi_ddiv                                              
000039e5  __divdf3                                                  
00003af1  DL_Timer_initFourCCPWMMode                                
00003bf5  PID_Calculate                                             
00003cf3  __aeabi_idiv0                                             
00003cf5  DL_Timer_initTimerMode                                    
00003df1  Line_ReadSensors                                          
00003eed  OLED_Init                                                 
00003fe5  Encoder_GPIO_IRQHandler                                   
000040d1  SYSCFG_DL_SYSCTL_SYSPLL_init                              
000041bd  __aeabi_dmul                                              
000041bd  __muldf3                                                  
000042a1  DL_SYSCTL_configSYSPLL                                    
0000437d  DL_FlashCTL_protectSector                                 
00004455  DL_FlashCTL_unprotectSector                               
0000452d  ldexp                                                     
0000452d  ldexpl                                                    
0000452d  scalbn                                                    
0000452d  scalbnl                                                   
000046dd  __aeabi_fsub                                              
000046dd  __subsf3                                                  
000046e7  __addsf3                                                  
000046e7  __aeabi_fadd                                              
0000487d  KEY1_ScanShortLong                                        
00004937  KEY2_ScanShortLong                                        
00004a9d  __udivmoddi4                                              
00004b3f  __aeabi_ldiv0                                             
00004b41  MPU6050_ReadReg                                           
00004c7d  OLED_ShowString                                           
00004d15  Line_GetPosition                                          
00004da5  SYSCFG_DL_PWM_0_init                                      
00004e35  __aeabi_fmul                                              
00004e35  __mulsf3                                                  
00004f45  __aeabi_fdiv                                              
00004f45  __divsf3                                                  
00004fc9  AO_Control                                                
00005049  DL_FlashCTL_programMemoryBlockingFromRAM64WithECCGenerated
00005149  SYSCFG_DL_SYSCTL_init                                     
000051c9  TIMG0_IRQHandler                                          
00005249  BO_Control                                                
000052c5  MPU6050_Init                                              
00005341  OLED_Refresh                                              
000053bd  SYSCFG_DL_initPower                                       
00005439  __TI_decompress_lzss                                      
000054b5  OLED_WR_Byte                                              
00005529  __gedf2                                                   
00005529  __gtdf2                                                   
0000559d  ADC0_IRQHandler                                           
0000559d  ADC1_IRQHandler                                           
0000559d  AES_IRQHandler                                            
0000559d  CANFD0_IRQHandler                                         
0000559d  DAC0_IRQHandler                                           
0000559d  DMA_IRQHandler                                            
0000559d  Default_Handler                                           
0000559d  GROUP0_IRQHandler                                         
0000559d  HardFault_Handler                                         
0000559d  I2C0_IRQHandler                                           
0000559d  I2C1_IRQHandler                                           
0000559d  NMI_Handler                                               
0000559d  PendSV_Handler                                            
0000559d  RTC_IRQHandler                                            
0000559d  SPI0_IRQHandler                                           
0000559d  SPI1_IRQHandler                                           
0000559d  SVC_Handler                                               
0000559d  SysTick_Handler                                           
0000559d  TIMA0_IRQHandler                                          
0000559d  TIMA1_IRQHandler                                          
0000559d  TIMG12_IRQHandler                                         
0000559d  TIMG6_IRQHandler                                          
0000559d  TIMG7_IRQHandler                                          
0000559d  TIMG8_IRQHandler                                          
0000559d  UART0_IRQHandler                                          
0000559d  UART1_IRQHandler                                          
0000559d  UART2_IRQHandler                                          
0000559d  UART3_IRQHandler                                          
000055a1  __aeabi_d2f                                               
000055a1  __truncdfsf2                                              
00005615  MPU6050_WriteReg                                          
00005685  __cmpdf2                                                  
00005685  __eqdf2                                                   
00005685  __ledf2                                                   
00005685  __ltdf2                                                   
00005685  __nedf2                                                   
00005755  DL_SYSCTL_setHFCLKSourceHFXTParams                        
000057b9  OLED_ClearPoint                                           
0000581d  __aeabi_dcmpeq                                            
00005831  __aeabi_dcmplt                                            
00005845  __aeabi_dcmple                                            
00005859  __aeabi_dcmpge                                            
0000586d  __aeabi_dcmpgt                                            
00005881  __aeabi_fcmpeq                                            
00005895  __aeabi_fcmplt                                            
000058a9  __aeabi_fcmple                                            
000058bd  __aeabi_fcmpge                                            
000058d1  __aeabi_fcmpgt                                            
000058e3  Car_SetMotors                                             
00005945  OLED_Clear                                                
00005a05  DL_I2C_fillControllerTXFIFO                               
00005a65  frexp                                                     
00005a65  frexpl                                                    
00005ac1  Encoder_Init                                              
00005b19  KEY_IsPressed                                             
00005b71  SYSCFG_DL_MPU6050_init                                    
00005bc9  SYSCFG_DL_OLED_init                                       
00005c21  __TI_ltoa                                                 
00005d29  __aeabi_idiv                                              
00005d29  __aeabi_idivmod                                           
00005f0d  Speed_PID_Update                                          
00005f59  copy_in                                                   
00005fa5  __TI_auto_init_nopinit                                    
00005ff1  __aeabi_d2iz                                              
00005ff1  __fixdfsi                                                 
0000603b  OLED_DisplayTurn                                          
00006085  OLED_DrawPoint                                            
000060cd  DL_SYSCTL_switchMCLKfromSYSOSCtoHSCLK                     
00006111  MPU6050_ReadAccelRaw                                      
00006151  MPU6050_ReadGyroRaw                                       
00006191  Speed_PID_Calculate                                       
000061d1  __aeabi_uidiv                                             
000061d1  __aeabi_uidivmod                                          
00006211  __aeabi_f2d                                               
00006211  __extendsfdf2                                             
00006251  atoi                                                      
000062cd  TB6612_Motor_Stop                                         
00006309  __aeabi_i2f                                               
00006309  __floatsisf                                               
00006345  __gesf2                                                   
00006345  __gtsf2                                                   
00006381  __cmpsf2                                                  
00006381  __eqsf2                                                   
00006381  __lesf2                                                   
00006381  __ltsf2                                                   
00006381  __nesf2                                                   
000063bd  __muldsi3                                                 
000063f9  __aeabi_f2iz                                              
000063f9  __fixsfsi                                                 
00006431  sprintf                                                   
0000649d  OLED_ColorTurn                                            
000064d1  SYSCFG_DL_PID_TIMER_init                                  
00006505  SYSCFG_DL_init                                            
000065bd  __aeabi_i2d                                               
000065bd  __floatsidf                                               
000066b1  __aeabi_ui2f                                              
000066b1  __floatunsisf                                             
000066d9  _c_int00_noargs                                           
00006727  DL_I2C_setClockConfig                                     
0000674d  Line_Tracking_Init                                        
00006771  MPU6050_QuaternionReset                                   
00006795  __aeabi_ui2d                                              
00006795  __floatunsidf                                             
000067b9  __aeabi_lmul                                              
000067b9  __muldi3                                                  
000067dd  memccpy                                                   
00006821  MPU6050_ReadTempRaw                                       
00006841  __aeabi_llsl                                              
00006841  __ashldi3                                                 
00006941  DL_SYSCTL_configFCC                                       
000069cd  DL_Timer_setCaptCompUpdateMethod                          
000069e9  DL_Timer_setClockConfig                                   
00006a05  SYSCFG_DL_SYSCTL_CLK_init                                 
00006a21  DL_FlashCTL_eraseMemoryFromRAM                            
00006c19  DL_Timer_setCaptureCompareOutCtl                          
00006c49  delay_ms                                                  
00006d91  Encoder_Reset                                             
00006da5  Line_SetBaseSpeed                                         
00006db9  Line_SetKD                                                
00006dcd  Line_SetKP                                                
00006de1  Line_SetLostGain                                          
00006df5  Line_SetMpuMode                                           
00006e09  Line_SetPivotTime                                         
00006e1d  __aeabi_uldivmod                                          
00006e45  TI_memcpy_small                                           
00006e57  __TI_decompress_none                                      
00006e99  DL_Timer_setCaptureCompareValue                           
00006eb9  wcslen                                                    
00006ec9  __TI_zero_init                                            
00006ed9  __aeabi_memset                                            
00006ed9  __aeabi_memset4                                           
00006ed9  __aeabi_memset8                                           
00006ef5  TI_memset_small                                           
00006f1d  Encoder_GetLeft                                           
00006f29  Encoder_GetRight                                          
00006f35  Line_GetMpuMode                                           
00006f41  __aeabi_memclr                                            
00006f41  __aeabi_memclr4                                           
00006f41  __aeabi_memclr8                                           
00006f4d  DL_Common_delayCycles                                     
00006f57  MPU6050_ReadWhoAmI                                        
00006fa5  lc_printf                                                 
00006faf  Car_Stop                                                  
00006fb7  GROUP1_IRQHandler                                         
00006fc1  __aeabi_errno_addr                                        
00006fc9  __aeabi_memcpy                                            
00006fc9  __aeabi_memcpy4                                           
00006fc9  __aeabi_memcpy8                                           
00007049  Reset_Handler                                             
0000705d  _system_pre_init                                          
00007060  C$$EXIT                                                   
00007061  abort                                                     
00007080  asc2_2412                                                 
00007ddc  asc2_1608                                                 
000083cc  asc2_1206                                                 
00008950  __aeabi_ctype_table_                                      
00008950  __aeabi_ctype_table_C                                     
00008d2c  __TI_Handler_Table_Base                                   
00008d38  __TI_Handler_Table_Limit                                  
00008d40  __TI_CINIT_Base                                           
00008d50  __TI_CINIT_Limit                                          
00008d50  __TI_CINIT_Warm                                           
00008d50  __TI_table_binit                                          
00008d50  __binit__                                                 
00008d50  binit                                                     
20200000  OLED_GRAM                                                 
20200000  __start___llvm_prf_bits                                   
20200000  __start___llvm_prf_cnts                                   
20200000  __stop___llvm_prf_bits                                    
20200000  __stop___llvm_prf_cnts                                    
20200480  gPWM_0Backup                                              
20200628  __aeabi_errno                                             
20207e00  __stack                                                   
20208000  __STACK_END                                               
ffffffff  __TI_pprof_out_hndl                                       
ffffffff  __TI_prof_data_size                                       
ffffffff  __TI_prof_data_start                                      
UNDEFED   __mpu_init                                                
UNDEFED   _system_post_cinit                                        

[263 symbols]
